OpenJDK 64-Bit Server VM (25.342-b07) for linux-amd64 JRE (1.8.0_342-b07), built on Jul 19 2022 17:11:55 by "mockbuild" with gcc 4.8.5 20150623 (Red Hat 4.8.5-44)
Memory: 4k page, physical 73679744k(16353520k free), swap 33554428k(33554428k free)
CommandLine flags: -XX:+HeapDumpOnOutOfMemoryError -XX:HeapDumpPath=/apps/jakarta7/core5-fa30/logs/ -XX:InitialHeapSize=12884901888 -XX:+ManagementServer -XX:MaxHeapSize=21474836480 -XX:+PrintGC -XX:+PrintGCTimeStamps -XX:+UseCompressedClassPointers -XX:+UseCompressedOops -XX:+UseG1GC -XX:+UseLargePages 
8.931: [GC pause (Metadata GC Threshold) (young) (initial-mark) 248M->26979K(12288M), 0.0281438 secs]
8.959: [GC concurrent-root-region-scan-start]
8.977: [GC concurrent-root-region-scan-end, 0.0176188 secs]
8.977: [GC concurrent-mark-start]
8.979: [GC concurrent-mark-end, 0.0023031 secs]
8.979: [GC remark, 0.0065666 secs]
8.986: [GC cleanup 34740K->34740K(12288M), 0.0047495 secs]
12.114: [GC pause (Metadata GC Threshold) (young) (initial-mark) 350M->46042K(12288M), 0.0280847 secs]
12.143: [GC concurrent-root-region-scan-start]
12.202: [GC concurrent-root-region-scan-end, 0.0594978 secs]
12.202: [GC concurrent-mark-start]
12.247: [GC concurrent-mark-end, 0.0446858 secs]
12.266: [GC remark, 0.0262651 secs]
12.293: [GC cleanup 87002K->87002K(12288M), 0.0052272 secs]
14.024: [GC pause (G1 Evacuation Pause) (young) (initial-mark) 604M->49151K(12288M), 0.0440707 secs]
14.068: [GC concurrent-root-region-scan-start]
14.137: [GC concurrent-root-region-scan-end, 0.0690275 secs]
14.137: [GC concurrent-mark-start]
14.148: [GC concurrent-mark-end, 0.0107194 secs]
14.168: [GC remark, 0.0335640 secs]
14.221: [GC cleanup 65535K->65535K(12288M), 0.0090835 secs]
17.291: [GC pause (G1 Evacuation Pause) (young) 607M->77823K(12288M), 0.0785512 secs]
18.623: [GC pause (G1 Evacuation Pause) (young) 603M->161M(12288M), 0.1364379 secs]
21.092: [GC pause (G1 Evacuation Pause) (young) 689M->208M(12288M), 0.1028308 secs]
22.004: [GC pause (Metadata GC Threshold) (young) (initial-mark) 376M->220M(12288M), 0.0876652 secs]
22.091: [GC concurrent-root-region-scan-start]
22.144: [GC concurrent-root-region-scan-end, 0.0522673 secs]
22.144: [GC concurrent-mark-start]
22.393: [GC concurrent-mark-end, 0.2489978 secs]
22.395: [GC remark, 0.0273754 secs]
22.424: [GC cleanup 276M->223M(12288M), 0.0049169 secs]
22.429: [GC concurrent-cleanup-start]
22.429: [GC concurrent-cleanup-end, 0.0000342 secs]
24.729: [GC pause (G1 Evacuation Pause) (young) (initial-mark) 727M->191M(12288M), 0.0429498 secs]
24.772: [GC concurrent-root-region-scan-start]
24.859: [GC concurrent-root-region-scan-end, 0.0870077 secs]
24.859: [GC concurrent-mark-start]
25.123: [GC concurrent-mark-end, 0.2642624 secs]
25.124: [GC remark, 0.0503152 secs]
25.175: [GC cleanup 308M->308M(12288M), 0.0076230 secs]
26.694: [GC pause (G1 Evacuation Pause) (young) 727M->203M(12288M), 0.0668734 secs]
30.103: [GC pause (G1 Evacuation Pause) (young) 739M->283M(12288M), 0.1040095 secs]
33.171: [GC pause (G1 Evacuation Pause) (young) 811M->324M(12288M), 0.1193934 secs]
34.706: [GC pause (G1 Evacuation Pause) (young) 892M->432M(12288M), 0.0957115 secs]
36.692: [GC pause (G1 Evacuation Pause) (young) 960M->488M(12288M), 0.1111718 secs]
38.404: [GC pause (G1 Evacuation Pause) (young) 1112M->512M(12288M), 0.0436719 secs]
41.169: [GC pause (G1 Evacuation Pause) (young) 1320M->584M(12288M), 0.0857702 secs]
52.855: [GC pause (G1 Evacuation Pause) (young) 1432M->788M(12288M), 0.1647552 secs]
54.753: [GC pause (G1 Evacuation Pause) (young) 1276M->840M(12288M), 0.1620447 secs]
57.167: [GC pause (G1 Evacuation Pause) (young) 1824M->892M(12288M), 0.0749391 secs]
68.696: [GC pause (G1 Evacuation Pause) (young) 1460M->996M(12288M), 0.0929139 secs]
70.590: [GC pause (G1 Evacuation Pause) (young) 1796M->1124M(12288M), 0.1313244 secs]
72.419: [GC pause (G1 Evacuation Pause) (young) 1620M->1176M(12288M), 0.1297891 secs]
81.964: [GC pause (G1 Evacuation Pause) (young) 2736M->1340M(12288M), 0.1203818 secs]
83.665: [GC pause (Metadata GC Threshold) (young) (initial-mark) 2032M->1448M(12288M), 0.1416814 secs]
83.807: [GC concurrent-root-region-scan-start]
83.910: [GC concurrent-root-region-scan-end, 0.1037034 secs]
83.910: [GC concurrent-mark-start]
85.346: [GC concurrent-mark-end, 1.4357210 secs]
85.347: [GC remark, 0.0467635 secs]
85.400: [GC cleanup 1856M->1592M(12288M), 0.0126001 secs]
85.413: [GC concurrent-cleanup-start]
85.413: [GC concurrent-cleanup-end, 0.0001215 secs]
86.776: [GC pause (G1 Evacuation Pause) (young) (initial-mark) 2264M->1196M(12288M), 0.1929654 secs]
86.969: [GC concurrent-root-region-scan-start]
87.093: [GC concurrent-root-region-scan-end, 0.1238741 secs]
87.093: [GC concurrent-mark-start]
88.504: [GC concurrent-mark-end, 1.4113382 secs]
88.505: [GC remark, 0.0633755 secs]
88.569: [GC cleanup 1660M->1652M(12288M), 0.0100423 secs]
88.579: [GC concurrent-cleanup-start]
88.579: [GC concurrent-cleanup-end, 0.0000114 secs]
88.590: [GC pause (G1 Evacuation Pause) (young) 1660M->1244M(12288M), 0.1425239 secs]
100.834: [GC pause (G1 Evacuation Pause) (young) 2356M->1436M(12288M), 0.1253663 secs]
102.731: [GC pause (G1 Evacuation Pause) (young) 2100M->1504M(12288M), 0.1216394 secs]
108.518: [GC pause (G1 Evacuation Pause) (young) 3336M->1760M(12288M), 0.1690782 secs]
111.503: [GC pause (G1 Evacuation Pause) (young) 2912M->1820M(12288M), 0.1828371 secs]
122.343: [GC pause (G1 Evacuation Pause) (young) 3844M->2084M(12288M), 0.2959986 secs]
123.694: [GC pause (G1 Evacuation Pause) (young) 2628M->2100M(12288M), 0.1991660 secs]
129.981: [GC pause (G1 Evacuation Pause) (young) 4036M->2372M(12288M), 0.1974167 secs]
131.781: [GC pause (G1 Evacuation Pause) (young) 3140M->2388M(12288M), 0.2115812 secs]
148.990: [GC pause (G1 Evacuation Pause) (young) 4132M->2636M(12288M), 0.2204888 secs]
150.532: [GC pause (G1 Evacuation Pause) (young) 3268M->2668M(12288M), 0.1795167 secs]
172.372: [GC pause (G1 Evacuation Pause) (young) 4532M->2924M(12288M), 0.1802092 secs]
175.063: [GC pause (G1 Evacuation Pause) (young) 3868M->2964M(12288M), 0.1889391 secs]
187.823: [GC pause (G1 Evacuation Pause) (young) 4956M->3228M(12288M), 0.2616227 secs]
190.196: [GC pause (G1 Evacuation Pause) (young) 4028M->3260M(12288M), 0.1834005 secs]
200.957: [GC pause (G1 Evacuation Pause) (young) 4372M->3436M(12288M), 0.1250872 secs]
203.699: [GC pause (G1 Evacuation Pause) (young) 4268M->3568M(12288M), 0.1896183 secs]
206.495: [GC pause (G1 Evacuation Pause) (young) 4632M->3604M(12288M), 0.1302045 secs]
214.377: [GC pause (G1 Evacuation Pause) (young) 4668M->3804M(12288M), 0.2068034 secs]
217.425: [GC pause (G1 Evacuation Pause) (young) 4700M->3844M(12288M), 0.1597198 secs]
222.326: [GC pause (G1 Evacuation Pause) (young) 5132M->3976M(12288M), 0.1068693 secs]
225.685: [GC pause (G1 Evacuation Pause) (young) 5168M->4136M(12288M), 0.1885928 secs]
236.058: [GC pause (G1 Evacuation Pause) (young) 5384M->4220M(12288M), 0.1362987 secs]
239.778: [GC pause (G1 Evacuation Pause) (young) 5468M->4396M(12288M), 0.2450561 secs]
242.256: [GC pause (G1 Evacuation Pause) (young) 5308M->4500M(12288M), 0.2619055 secs]
252.547: [GC pause (G1 Evacuation Pause) (young) 5364M->4660M(12288M), 0.1230667 secs]
255.821: [GC pause (G1 Evacuation Pause) (young) 5708M->4712M(12288M), 0.1152763 secs]
267.753: [GC pause (G1 Evacuation Pause) (young) 5832M->4784M(12288M), 0.1084674 secs]
272.142: [GC pause (G1 Evacuation Pause) (young) 6368M->4976M(12288M), 0.2704930 secs]
273.882: [GC pause (G1 Evacuation Pause) (young) 5576M->5060M(12288M), 0.2053303 secs]
284.360: [GC pause (G1 Evacuation Pause) (young) 6300M->5268M(12288M), 0.1580127 secs]
287.611: [GC pause (G1 Evacuation Pause) (young) 6388M->5364M(12288M), 0.1732890 secs]
296.987: [GC pause (G1 Humongous Allocation) (young) (initial-mark) 6055M->5412M(12288M), 0.1127696 secs]
297.100: [GC concurrent-root-region-scan-start]
297.289: [GC concurrent-root-region-scan-end, 0.1888756 secs]
297.289: [GC concurrent-mark-start]
303.682: [GC concurrent-mark-end, 6.3931376 secs]
303.682: [GC remark, 0.1127132 secs]
303.796: [GC cleanup 6724M->5452M(12288M), 0.0526657 secs]
303.849: [GC concurrent-cleanup-start]
303.850: [GC concurrent-cleanup-end, 0.0006950 secs]
305.712: [GC pause (G1 Evacuation Pause) (young) 5932M->4752M(12288M), 0.2448343 secs]
307.058: [GC pause (G1 Evacuation Pause) (mixed) 5160M->4528M(12288M), 0.1657732 secs]
308.635: [GC pause (G1 Evacuation Pause) (mixed) 5088M->4244M(12288M), 0.1478729 secs]
318.524: [GC pause (G1 Evacuation Pause) (mixed) 4820M->4244M(12288M), 0.1670758 secs]
322.492: [GC pause (G1 Evacuation Pause) (young) 5604M->4396M(12288M), 0.1383424 secs]
330.201: [GC pause (G1 Evacuation Pause) (young) 5444M->4508M(12288M), 0.1514375 secs]
334.943: [GC pause (G1 Evacuation Pause) (young) 5884M->4676M(12288M), 0.1858244 secs]
337.810: [GC pause (G1 Evacuation Pause) (young) 5828M->4840M(12288M), 0.1948525 secs]
347.611: [GC pause (G1 Evacuation Pause) (young) 6208M->4992M(12288M), 0.1997933 secs]
349.867: [GC pause (G1 Evacuation Pause) (young) 5880M->5072M(12288M), 0.1563998 secs]
364.987: [GC pause (G1 Evacuation Pause) (young) 6768M->5312M(12288M), 0.1711976 secs]
368.123: [GC pause (G1 Evacuation Pause) (young) 6536M->5404M(12288M), 0.2234144 secs]
376.778: [GC pause (G1 Humongous Allocation) (young) (initial-mark) 5565M->5417M(12288M), 0.0935903 secs]
376.872: [GC concurrent-root-region-scan-start]
376.898: [GC concurrent-root-region-scan-end, 0.0257228 secs]
376.898: [GC concurrent-mark-start]
384.358: [GC pause (G1 Evacuation Pause) (young) 7841M->5724M(12288M), 0.2010711 secs]
385.310: [GC concurrent-mark-end, 8.4126018 secs]
385.311: [GC remark, 0.1071817 secs]
385.419: [GC cleanup 5892M->4900M(12288M), 0.0371078 secs]
385.457: [GC concurrent-cleanup-start]
385.457: [GC concurrent-cleanup-end, 0.0005422 secs]
391.565: [GC pause (GCLocker Initiated GC) (young) 5420M->4744M(12288M), 0.1263254 secs]
392.991: [GC pause (G1 Evacuation Pause) (mixed) 5240M->4548M(12288M), 0.2812066 secs]
395.204: [GC pause (G1 Evacuation Pause) (mixed) 5084M->4428M(12288M), 0.1764427 secs]
396.652: [GC pause (G1 Evacuation Pause) (mixed) 4956M->4368M(12288M), 0.1515094 secs]
411.547: [GC pause (G1 Evacuation Pause) (young) 6104M->4636M(12288M), 0.1667941 secs]
414.722: [GC pause (G1 Evacuation Pause) (young) 5852M->4740M(12288M), 0.1843477 secs]
421.377: [GC pause (G1 Evacuation Pause) (young) 6644M->4940M(12288M), 0.2165343 secs]
424.086: [GC pause (G1 Evacuation Pause) (young) 5972M->5000M(12288M), 0.1914073 secs]
435.712: [GC pause (G1 Evacuation Pause) (young) 6392M->5216M(12288M), 0.1549126 secs]
438.909: [GC pause (G1 Evacuation Pause) (young) 6320M->5308M(12288M), 0.1864456 secs]
448.720: [GC pause (G1 Evacuation Pause) (young) 7140M->5548M(12288M), 0.1663047 secs]
451.889: [GC pause (G1 Evacuation Pause) (young) 6724M->5596M(12288M), 0.1688439 secs]
459.785: [GC pause (G1 Humongous Allocation) (young) (initial-mark) 6203M->5648M(12288M), 0.1037089 secs]
459.889: [GC concurrent-root-region-scan-start]
460.079: [GC concurrent-root-region-scan-end, 0.1900232 secs]
460.079: [GC concurrent-mark-start]
467.113: [GC pause (G1 Evacuation Pause) (young) 7832M->5932M(12288M), 0.2255423 secs]
469.508: [GC pause (G1 Evacuation Pause) (young) 6604M->6064M(12288M), 0.2264369 secs]
470.417: [GC concurrent-mark-end, 10.3382247 secs]
470.418: [GC remark, 0.0752757 secs]
470.495: [GC cleanup 6092M->5444M(12288M), 0.0297241 secs]
470.525: [GC concurrent-cleanup-start]
470.525: [GC concurrent-cleanup-end, 0.0003211 secs]
480.733: [GC pause (G1 Evacuation Pause) (young) 6672M->5560M(12288M), 0.2044810 secs]
482.251: [GC pause (G1 Evacuation Pause) (mixed) 6000M->5388M(12288M), 0.1677756 secs]
483.815: [GC pause (G1 Evacuation Pause) (mixed) 5948M->5280M(12288M), 0.1447558 secs]
485.606: [GC pause (G1 Evacuation Pause) (mixed) 5816M->5316M(12288M), 0.1201387 secs]
500.820: [GC pause (G1 Evacuation Pause) (young) 7476M->5592M(12288M), 0.2664400 secs]
501.923: [GC pause (G1 Evacuation Pause) (young) 5920M->5584M(12288M), 0.1535273 secs]
512.891: [GC pause (G1 Humongous Allocation) (young) (initial-mark) 6005M->5612M(12288M), 0.0734449 secs]
512.964: [GC concurrent-root-region-scan-start]
513.067: [GC concurrent-root-region-scan-end, 0.1026022 secs]
513.067: [GC concurrent-mark-start]
518.415: [GC pause (G1 Evacuation Pause) (young) 7052M->5820M(12288M), 0.1404134 secs]
520.346: [GC pause (G1 Evacuation Pause) (young) 6628M->5852M(12288M), 0.1234046 secs]
524.361: [GC concurrent-mark-end, 11.2938758 secs]
524.363: [GC remark, 0.0761329 secs]
524.441: [GC cleanup 6820M->6428M(12288M), 0.0233226 secs]
524.464: [GC concurrent-cleanup-start]
524.465: [GC concurrent-cleanup-end, 0.0001785 secs]
527.261: [GC pause (G1 Evacuation Pause) (young) 7340M->5720M(12288M), 0.1643926 secs]
528.257: [GC pause (G1 Evacuation Pause) (mixed) 6088M->5584M(12288M), 0.1991291 secs]
529.902: [GC pause (G1 Evacuation Pause) (mixed) 6144M->5552M(12288M), 0.1554806 secs]
537.044: [GC pause (G1 Humongous Allocation) (young) (initial-mark) 5935M->5592M(12288M), 0.1096258 secs]
537.154: [GC concurrent-root-region-scan-start]
537.309: [GC concurrent-root-region-scan-end, 0.1557173 secs]
537.309: [GC concurrent-mark-start]
540.856: [GC pause (G1 Evacuation Pause) (young) 6576M->5796M(12288M), 0.1529719 secs]
544.063: [GC pause (G1 Evacuation Pause) (young) 6804M->5856M(12288M), 0.1381345 secs]
549.015: [GC concurrent-mark-end, 11.7057688 secs]
549.016: [GC remark, 0.0740881 secs]
549.091: [GC cleanup 6924M->6652M(12288M), 0.0203142 secs]
549.111: [GC concurrent-cleanup-start]
549.111: [GC concurrent-cleanup-end, 0.0001310 secs]
558.441: [GC pause (G1 Evacuation Pause) (young) 7184M->5820M(12288M), 0.1582887 secs]
559.600: [GC pause (G1 Evacuation Pause) (mixed) 6220M->5804M(12288M), 0.2162612 secs]
564.001: [GC pause (G1 Evacuation Pause) (young) 7268M->5852M(12288M), 0.1020698 secs]
569.614: [GC pause (G1 Humongous Allocation) (young) (initial-mark) 6417M->5908M(12288M), 0.1031791 secs]
569.717: [GC concurrent-root-region-scan-start]
569.944: [GC concurrent-root-region-scan-end, 0.2271112 secs]
569.944: [GC concurrent-mark-start]
575.617: [GC pause (G1 Evacuation Pause) (young) 7484M->6179M(12288M), 0.2418168 secs]
578.005: [GC pause (G1 Evacuation Pause) (young) 7131M->6244M(12288M), 0.1743646 secs]
582.775: [GC concurrent-mark-end, 12.8301949 secs]
582.775: [GC remark, 0.0753783 secs]
582.852: [GC cleanup 6648M->6376M(12288M), 0.0223379 secs]
582.874: [GC concurrent-cleanup-start]
582.874: [GC concurrent-cleanup-end, 0.0001286 secs]
588.756: [GC pause (G1 Evacuation Pause) (young) 7908M->6224M(12288M), 0.1757595 secs]
589.711: [GC pause (G1 Evacuation Pause) (mixed) 6584M->6084M(12288M), 0.2078887 secs]
591.398: [GC pause (G1 Evacuation Pause) (mixed) 6644M->6112M(12288M), 0.0916540 secs]
598.153: [GC pause (G1 Humongous Allocation) (young) (initial-mark) 6528M->6156M(12288M), 0.1095395 secs]
598.263: [GC concurrent-root-region-scan-start]
598.432: [GC concurrent-root-region-scan-end, 0.1697662 secs]
598.432: [GC concurrent-mark-start]
604.080: [GC pause (G1 Evacuation Pause) (young) 7236M->6356M(12288M), 0.2047368 secs]
607.266: [GC pause (G1 Evacuation Pause) (young) 7260M->6420M(12288M), 0.1574354 secs]
612.189: [GC concurrent-mark-end, 13.7569917 secs]
612.190: [GC remark, 0.0803430 secs]
612.271: [GC cleanup 7423M->7239M(12288M), 0.0233550 secs]
612.295: [GC concurrent-cleanup-start]
612.295: [GC concurrent-cleanup-end, 0.0000830 secs]
626.744: [GC pause (G1 Evacuation Pause) (young) 7604M->6376M(12288M), 0.1099940 secs]
627.755: [GC pause (G1 Evacuation Pause) (mixed) 6816M->6312M(12288M), 0.2349845 secs]
630.002: [GC pause (G1 Evacuation Pause) (mixed) 6840M->6316M(12288M), 0.0911742 secs]
635.469: [GC pause (G1 Humongous Allocation) (young) (initial-mark) 7916M->6436M(12288M), 0.1241651 secs]
635.593: [GC concurrent-root-region-scan-start]
635.781: [GC concurrent-root-region-scan-end, 0.1876450 secs]
635.781: [GC concurrent-mark-start]
649.331: [GC pause (G1 Evacuation Pause) (young) 7780M->6656M(12288M), 0.2395680 secs]
649.943: [GC concurrent-mark-end, 14.1625636 secs]
649.944: [GC remark, 0.0900991 secs]
650.036: [GC cleanup 6712M->6504M(12288M), 0.0241101 secs]
650.060: [GC concurrent-cleanup-start]
650.060: [GC concurrent-cleanup-end, 0.0000941 secs]
652.564: [GC pause (G1 Evacuation Pause) (young) 7504M->6460M(12288M), 0.1278405 secs]
654.150: [GC pause (G1 Evacuation Pause) (mixed) 6980M->6368M(12288M), 0.1822646 secs]
660.930: [GC pause (G1 Humongous Allocation) (young) (initial-mark) 6566M->6376M(12288M), 0.0808530 secs]
661.011: [GC concurrent-root-region-scan-start]
661.135: [GC concurrent-root-region-scan-end, 0.1239434 secs]
661.135: [GC concurrent-mark-start]
668.892: [GC pause (G1 Evacuation Pause) (young) 8160M->6620M(12288M), 0.1642770 secs]
675.313: [GC concurrent-mark-end, 14.1786453 secs]
675.314: [GC remark, 0.0794023 secs]
675.394: [GC cleanup 7746M->7554M(12288M), 0.0215415 secs]
675.416: [GC concurrent-cleanup-start]
675.416: [GC concurrent-cleanup-end, 0.0000967 secs]
678.216: [GC pause (G1 Evacuation Pause) (young) 7692M->6480M(12288M), 0.1412714 secs]
679.354: [GC pause (G1 Evacuation Pause) (mixed) 6968M->6460M(12288M), 0.1980769 secs]
684.289: [GC pause (G1 Evacuation Pause) (young) 8156M->6556M(12288M), 0.1213115 secs]
691.857: [GC pause (G1 Humongous Allocation) (young) (initial-mark) 7175M->6608M(12288M), 0.1317486 secs]
691.989: [GC concurrent-root-region-scan-start]
692.193: [GC concurrent-root-region-scan-end, 0.2041542 secs]
692.193: [GC concurrent-mark-start]
699.083: [GC pause (G1 Evacuation Pause) (young) 8544M->6868M(12288M), 0.2142779 secs]
706.834: [GC concurrent-mark-end, 14.6413843 secs]
706.835: [GC remark, 0.0867186 secs]
706.922: [GC cleanup 7832M->7584M(12288M), 0.0248740 secs]
706.948: [GC concurrent-cleanup-start]
706.948: [GC concurrent-cleanup-end, 0.0001718 secs]
713.064: [GC pause (G1 Evacuation Pause) (young) 8388M->6780M(12288M), 0.2248975 secs]
714.638: [GC pause (G1 Evacuation Pause) (mixed) 7156M->6644M(12288M), 0.1996513 secs]
719.524: [GC pause (G1 Humongous Allocation) (young) (initial-mark) 8264M->6760M(12288M), 0.1201536 secs]
719.644: [GC concurrent-root-region-scan-start]
719.817: [GC concurrent-root-region-scan-end, 0.1723167 secs]
719.817: [GC concurrent-mark-start]
732.177: [GC pause (G1 Evacuation Pause) (young) 8352M->6968M(12288M), 0.2068570 secs]
735.030: [GC concurrent-mark-end, 15.2131647 secs]
735.031: [GC remark, 0.0850467 secs]
735.117: [GC cleanup 7996M->7900M(12288M), 0.0249062 secs]
735.142: [GC concurrent-cleanup-start]
735.142: [GC concurrent-cleanup-end, 0.0000608 secs]
743.670: [GC pause (G1 Evacuation Pause) (young) 8288M->6912M(12288M), 0.1568938 secs]
746.821: [GC pause (GCLocker Initiated GC) (mixed) 7368M->6872M(12288M), 0.1605600 secs]
751.518: [GC pause (G1 Evacuation Pause) (young) 8496M->7008M(12288M), 0.1372169 secs]
753.885: [GC pause (G1 Humongous Allocation) (young) (initial-mark) 7884M->7036M(12288M), 0.1313896 secs]
754.020: [GC concurrent-root-region-scan-start]
754.262: [GC concurrent-root-region-scan-end, 0.2420221 secs]
754.262: [GC concurrent-mark-start]
767.002: [GC pause (G1 Evacuation Pause) (young) 8588M->7268M(12288M), 0.2331792 secs]
770.059: [GC concurrent-mark-end, 15.7968196 secs]
770.060: [GC remark, 0.0840071 secs]
770.145: [GC cleanup 8456M->8392M(12288M), 0.0258125 secs]
770.171: [GC concurrent-cleanup-start]
770.171: [GC concurrent-cleanup-end, 0.0000454 secs]
770.325: [GC pause (G1 Evacuation Pause) (young) 8428M->7296M(12288M), 0.1928889 secs]
783.291: [GC pause (G1 Evacuation Pause) (mixed) 7824M->7272M(12288M), 0.1681908 secs]
788.762: [GC pause (G1 Evacuation Pause) (young) 9288M->7480M(12288M), 0.1755420 secs]
796.952: [GC pause (G1 Humongous Allocation) (young) (initial-mark) 8242M->7476M(12288M), 0.1467560 secs]
797.099: [GC concurrent-root-region-scan-start]
797.317: [GC concurrent-root-region-scan-end, 0.2186604 secs]
797.317: [GC concurrent-mark-start]
804.487: [GC pause (G1 Evacuation Pause) (young) 9332M->7724M(12288M), 0.2352539 secs]
806.799: [GC pause (G1 Evacuation Pause) (young) 8460M->7764M(12288M), 0.2383536 secs]
814.746: [GC concurrent-mark-end, 17.4285582 secs]
814.747: [GC remark, 0.0903320 secs]
814.838: [GC cleanup 8076M->7972M(12288M), 0.0295875 secs]
814.868: [GC concurrent-cleanup-start]
814.868: [GC concurrent-cleanup-end, 0.0000516 secs]
819.349: [GC pause (G1 Evacuation Pause) (young) 9044M->7864M(12288M), 0.1577408 secs]
820.855: [GC pause (G1 Evacuation Pause) (mixed) 8288M->7752M(12288M), 0.1712089 secs]
824.274: [GC pause (G1 Humongous Allocation) (young) (initial-mark) 9028M->7840M(12288M), 0.1114191 secs]
824.386: [GC concurrent-root-region-scan-start]
824.566: [GC concurrent-root-region-scan-end, 0.1801189 secs]
824.566: [GC concurrent-mark-start]
835.809: [GC pause (G1 Evacuation Pause) (young) 9192M->8056M(12288M), 0.1759041 secs]
839.139: [GC pause (G1 Evacuation Pause) (young) 9192M->8072M(12288M), 0.1641317 secs]
841.970: [GC concurrent-mark-end, 17.4035972 secs]
841.971: [GC remark, 0.1163227 secs]
842.088: [GC cleanup 8481M->8169M(12288M), 0.0301735 secs]
842.119: [GC concurrent-cleanup-start]
842.119: [GC concurrent-cleanup-end, 0.0002069 secs]
853.852: [GC pause (G1 Evacuation Pause) (young) 9168M->7996M(12288M), 0.1604107 secs]
855.647: [GC pause (G1 Evacuation Pause) (mixed) 8420M->7928M(12288M), 0.2280057 secs]
859.923: [GC pause (G1 Evacuation Pause) (young) 9432M->8032M(12288M), 0.1263973 secs]
867.964: [GC pause (G1 Humongous Allocation) (young) (initial-mark) 8170M->8040M(12288M), 0.0872173 secs]
868.052: [GC concurrent-root-region-scan-start]
868.080: [GC concurrent-root-region-scan-end, 0.0282079 secs]
868.080: [GC concurrent-mark-start]
875.927: [GC pause (G1 Evacuation Pause) (young) 10000M->8308M(12288M), 0.1536401 secs]
886.521: [GC concurrent-mark-end, 18.4416840 secs]
886.522: [GC remark, 0.0888310 secs]
886.612: [GC cleanup 9448M->9208M(12288M), 0.0286622 secs]
886.641: [GC concurrent-cleanup-start]
886.642: [GC concurrent-cleanup-end, 0.0000998 secs]
887.291: [GC pause (G1 Evacuation Pause) (young) 9444M->8116M(12288M), 0.1495888 secs]
888.442: [GC pause (G1 Evacuation Pause) (mixed) 8580M->8096M(12288M), 0.2661180 secs]
892.711: [GC pause (G1 Evacuation Pause) (young) 9504M->8160M(12288M), 0.1103170 secs]
894.573: [GC pause (G1 Humongous Allocation) (young) (initial-mark) 8772M->8212M(12288M), 0.1150749 secs]
894.689: [GC concurrent-root-region-scan-start]
894.952: [GC concurrent-root-region-scan-end, 0.2631833 secs]
894.952: [GC concurrent-mark-start]
915.508: [GC concurrent-mark-end, 20.5557147 secs]
915.516: [GC remark, 0.1017510 secs]
915.622: [GC cleanup 9888M->9800M(12288M), 0.0328839 secs]
915.656: [GC concurrent-cleanup-start]
915.656: [GC concurrent-cleanup-end, 0.0000532 secs]
916.360: [GC pause (G1 Evacuation Pause) (young) 10036M->8396M(12288M), 0.2194671 secs]
917.507: [GC pause (G1 Evacuation Pause) (mixed) 8748M->8316M(12288M), 0.3172392 secs]
931.535: [GC pause (G1 Humongous Allocation) (young) (initial-mark) 9255M->8396M(12288M), 0.1045902 secs]
931.640: [GC concurrent-root-region-scan-start]
931.806: [GC concurrent-root-region-scan-end, 0.1660949 secs]
931.806: [GC concurrent-mark-start]
940.437: [GC pause (G1 Evacuation Pause) (young) 9908M->8636M(12288M), 0.1740582 secs]
944.588: [GC pause (G1 Evacuation Pause) (young) 10076M->8820M(12288M), 0.2108519 secs]
950.959: [GC concurrent-mark-end, 19.1522997 secs]
950.962: [GC remark, 0.0982551 secs]
951.062: [GC cleanup 8908M->8788M(12288M), 0.0305037 secs]
951.093: [GC concurrent-cleanup-start]
951.093: [GC concurrent-cleanup-end, 0.0000628 secs]
956.691: [GC pause (G1 Evacuation Pause) (young) 10156M->8888M(12288M), 0.2225222 secs]
957.973: [GC pause (G1 Evacuation Pause) (mixed) 9312M->8728M(12288M), 0.1865615 secs]
963.220: [GC pause (G1 Humongous Allocation) (young) (initial-mark) 9687M->8804M(12288M), 0.1093528 secs]
963.329: [GC concurrent-root-region-scan-start]
963.509: [GC concurrent-root-region-scan-end, 0.1796789 secs]
963.509: [GC concurrent-mark-start]
971.064: [GC pause (G1 Evacuation Pause) (young) 10204M->9020M(12288M), 0.1656326 secs]
974.284: [GC pause (G1 Evacuation Pause) (young) 10244M->9112M(12288M), 0.1984313 secs]
984.397: [GC concurrent-mark-end, 20.8884329 secs]
984.398: [GC remark, 0.1200773 secs]
984.519: [GC cleanup 9388M->9100M(12288M), 0.0353267 secs]
984.555: [GC concurrent-cleanup-start]
984.555: [GC concurrent-cleanup-end, 0.0001713 secs]
987.489: [GC pause (G1 Evacuation Pause) (young) 9296M->8920M(12288M), 0.1434365 secs]
988.878: [GC pause (G1 Evacuation Pause) (mixed) 9480M->8852M(12288M), 0.2027485 secs]
990.959: [GC pause (G1 Evacuation Pause) (mixed) 9380M->8864M(12288M), 0.1421116 secs]
994.426: [GC pause (G1 Humongous Allocation) (young) (initial-mark) 10204M->8944M(12288M), 0.1037697 secs]
994.530: [GC concurrent-root-region-scan-start]
994.684: [GC concurrent-root-region-scan-end, 0.1548384 secs]
994.684: [GC concurrent-mark-start]
1001.378: [GC pause (G1 Evacuation Pause) (young) 10544M->9188M(12288M), 0.1738809 secs]
1004.480: [GC pause (G1 Evacuation Pause) (young) 10340M->9300M(12288M), 0.2068094 secs]
1015.816: [GC concurrent-mark-end, 21.1312453 secs]
1015.817: [GC remark, 0.0959520 secs]
1015.914: [GC cleanup 9592M->9376M(12288M), 0.0336017 secs]
1015.948: [GC concurrent-cleanup-start]
1015.948: [GC concurrent-cleanup-end, 0.0001535 secs]
1019.803: [GC pause (G1 Evacuation Pause) (young) 10604M->9312M(12288M), 0.1697679 secs]
1021.046: [GC pause (G1 Evacuation Pause) (mixed) 9720M->9224M(12288M), 0.3013932 secs]
1022.573: [GC pause (G1 Evacuation Pause) (mixed) 9776M->9236M(12288M), 0.1848659 secs]
1031.236: [GC pause (G1 Evacuation Pause) (young) 10060M->9320M(12288M), 0.1166878 secs]
1031.389: [GC pause (G1 Humongous Allocation) (young) (initial-mark) 9328M->9340M(12288M), 0.0976156 secs]
1031.487: [GC concurrent-root-region-scan-start]
1031.498: [GC concurrent-root-region-scan-end, 0.0106573 secs]
1031.498: [GC concurrent-mark-start]
1038.820: [GC pause (G1 Evacuation Pause) (young) 10780M->9544M(12288M), 0.1164110 secs]
1041.182: [GC pause (G1 Evacuation Pause) (young) 10488M->9536M(12288M), 0.0922085 secs]
1050.792: [GC pause (G1 Evacuation Pause) (young) 10816M->9772M(12288M), 0.1574024 secs]
1053.780: [GC concurrent-mark-end, 22.2826368 secs]
1053.781: [GC remark, 0.0999011 secs]
1053.882: [GC cleanup 10632M->10288M(12288M), 0.0359717 secs]
1053.919: [GC concurrent-cleanup-start]
1053.919: [GC concurrent-cleanup-end, 0.0001806 secs]
1054.135: [GC pause (G1 Evacuation Pause) (young) 10380M->9500M(12288M), 0.1612943 secs]
1055.491: [GC pause (G1 Evacuation Pause) (mixed) 10036M->9336M(12288M), 0.1763667 secs]
1062.391: [GC pause (G1 Evacuation Pause) (mixed) 9920M->9436M(12288M), 0.1329950 secs]
1066.203: [GC pause (G1 Evacuation Pause) (young) 10772M->9604M(12288M), 0.1860834 secs]
1068.185: [GC pause (G1 Evacuation Pause) (young) (initial-mark) 10412M->9656M(12288M), 0.1364122 secs]
1068.322: [GC concurrent-root-region-scan-start]
1068.447: [GC concurrent-root-region-scan-end, 0.1256948 secs]
1068.447: [GC concurrent-mark-start]
1079.974: [GC pause (GCLocker Initiated GC) (young) 10856M->9840M(12288M), 0.1339013 secs]
1083.075: [GC pause (G1 Evacuation Pause) (young) 10752M->9944M(12288M), 0.1563252 secs]
1085.312: [GC pause (G1 Evacuation Pause) (young) 10816M->9952M(12288M), 0.0855708 secs]
1091.134: [GC concurrent-mark-end, 22.6865080 secs]
1091.135: [GC remark, 0.1268750 secs]
1091.263: [GC cleanup 10501M->10269M(12288M), 0.0500516 secs]
1091.313: [GC concurrent-cleanup-start]
1091.313: [GC concurrent-cleanup-end, 0.0001750 secs]
1102.765: [GC pause (G1 Evacuation Pause) (young) 10624M->9856M(12288M), 0.1197759 secs]
1103.839: [GC pause (G1 Evacuation Pause) (mixed) 10344M->9832M(12288M), 0.2298170 secs]
1105.965: [GC pause (G1 Evacuation Pause) (mixed) 10360M->9792M(12288M), 0.1476100 secs]
1108.515: [GC pause (G1 Evacuation Pause) (young) 10792M->9844M(12288M), 0.0682560 secs]
1110.042: [GC pause (G1 Humongous Allocation) (young) (initial-mark) 10336M->9908M(12288M), 0.0865658 secs]
1110.129: [GC concurrent-root-region-scan-start]
1110.311: [GC concurrent-root-region-scan-end, 0.1817640 secs]
1110.311: [GC concurrent-mark-start]
1120.921: [GC pause (G1 Evacuation Pause) (young) 10820M->10090M(12288M), 0.1823847 secs]
1123.548: [GC pause (G1 Evacuation Pause) (young) 10762M->10140M(12288M), 0.1665711 secs]
1125.459: [GC pause (G1 Evacuation Pause) (young) 10828M->10172M(12288M), 0.0800996 secs]
1127.375: [GC pause (G1 Evacuation Pause) (young) 10820M->10248M(12288M), 0.0865126 secs]
1133.895: [GC concurrent-mark-end, 23.5840444 secs]
1133.896: [GC remark, 0.1012453 secs]
1133.998: [GC cleanup 10448M->10216M(12288M), 0.0355800 secs]
1134.034: [GC concurrent-cleanup-start]
1134.034: [GC concurrent-cleanup-end, 0.0001170 secs]
1139.553: [GC pause (G1 Evacuation Pause) (young) 10624M->10140M(12288M), 0.0962227 secs]
1140.917: [GC pause (G1 Evacuation Pause) (mixed) 10668M->10100M(12288M), 0.1850620 secs]
1143.464: [GC pause (G1 Evacuation Pause) (young) 10812M->10120M(12288M), 0.0867862 secs]
1144.967: [GC pause (G1 Evacuation Pause) (young) (initial-mark) 10784M->10152M(12288M), 0.0694817 secs]
1145.037: [GC concurrent-root-region-scan-start]
1145.128: [GC concurrent-root-region-scan-end, 0.0916768 secs]
1145.128: [GC concurrent-mark-start]
1151.723: [GC pause (G1 Evacuation Pause) (young) 10856M->10264M(12288M), 0.0911444 secs]
1152.885: [GC pause (G1 Evacuation Pause) (young) 10784M->10384M(12288M), 0.1342665 secs]
1154.819: [GC pause (G1 Evacuation Pause) (young) 10912M->10412M(12288M), 0.0848931 secs]
1156.643: [GC pause (G1 Evacuation Pause) (young) 10980M->10436M(12288M), 0.0590652 secs]
1157.961: [GC pause (G1 Evacuation Pause) (young) 10980M->10468M(12288M), 0.0494245 secs]
1163.423: [GC pause (G1 Evacuation Pause) (young) 11004M->10530M(12288M), 0.0998859 secs]
1169.739: [GC concurrent-mark-end, 24.6105175 secs]
1169.740: [GC remark, 0.1031676 secs]
1169.844: [GC cleanup 10644M->10412M(12288M), 0.0369650 secs]
1169.881: [GC concurrent-cleanup-start]
1169.881: [GC concurrent-cleanup-end, 0.0001104 secs]
1172.423: [GC pause (G1 Evacuation Pause) (young) 10874M->10456M(12288M), 0.1309878 secs]
1173.595: [GC pause (G1 Evacuation Pause) (mixed) 10984M->10332M(12288M), 0.1975685 secs]
1175.613: [GC pause (G1 Evacuation Pause) (mixed) 10860M->10320M(12288M), 0.1249765 secs]
1176.991: [GC pause (G1 Evacuation Pause) (young) 10888M->10352M(12288M), 0.0565166 secs]
1178.301: [GC pause (G1 Evacuation Pause) (young) (initial-mark) 10888M->10424M(12288M), 0.0750714 secs]
1178.376: [GC concurrent-root-region-scan-start]
1178.513: [GC concurrent-root-region-scan-end, 0.1368846 secs]
1178.513: [GC concurrent-mark-start]
1190.218: [GC pause (G1 Evacuation Pause) (young) 11008M->10520M(12288M), 0.0813600 secs]
1191.432: [GC pause (G1 Evacuation Pause) (young) 11072M->10632M(12288M), 0.1825035 secs]
1193.573: [GC pause (G1 Evacuation Pause) (young) 11160M->10660M(12288M), 0.1098866 secs]
1195.035: [GC pause (G1 Evacuation Pause) (young) 11204M->10700M(12288M), 0.1207976 secs]
1196.704: [GC pause (G1 Evacuation Pause) (young) 11252M->10736M(12288M), 0.0909298 secs]
1203.658: [GC concurrent-mark-end, 25.1451561 secs]
1203.659: [GC remark, 0.1857754 secs]
1203.848: [GC cleanup 11230M->11054M(12288M), 0.1277982 secs]
1203.978: [GC concurrent-cleanup-start]
1203.978: [GC concurrent-cleanup-end, 0.0001375 secs]
1220.045: [GC pause (G1 Evacuation Pause) (young) 11088M->10645M(12288M), 0.0943963 secs]
1241.956: [GC pause (G1 Evacuation Pause) (mixed) 11221M->10556M(12288M), 0.2057163 secs]
1243.625: [GC pause (G1 Evacuation Pause) (mixed) 11084M->10608M(12288M), 0.1631423 secs]
1245.780: [GC pause (G1 Evacuation Pause) (young) 11136M->10604M(12288M), 0.0726614 secs]
1247.227: [GC pause (G1 Evacuation Pause) (young) (initial-mark) 11140M->10652M(12288M), 0.0601368 secs]
1247.287: [GC concurrent-root-region-scan-start]
1247.403: [GC concurrent-root-region-scan-end, 0.1164403 secs]
1247.403: [GC concurrent-mark-start]
1248.794: [GC pause (G1 Evacuation Pause) (young) 11188M->10716M(12288M), 0.0888622 secs]
1268.536: [GC pause (G1 Evacuation Pause) (young) 11300M->10804M(12288M), 0.1163477 secs]
1269.906: [GC pause (G1 Evacuation Pause) (young) 11364M->10920M(12288M), 0.1275511 secs]
1271.917: [GC pause (G1 Evacuation Pause) (young) 11448M->10964M(12288M), 0.1094097 secs]
1273.040: [GC concurrent-mark-end, 25.6371049 secs]
1273.041: [GC remark, 0.1406322 secs]
1273.184: [GC cleanup 11252M->10972M(12288M), 0.0478285 secs]
1273.232: [GC concurrent-cleanup-start]
1273.233: [GC concurrent-cleanup-end, 0.0001517 secs]
1273.915: [GC pause (G1 Evacuation Pause) (young) 11260M->10716M(12288M), 0.0567322 secs]
1275.211: [GC pause (G1 Evacuation Pause) (mixed) 11260M->10504M(12288M), 0.1937248 secs]
1298.789: [GC pause (G1 Evacuation Pause) (mixed) 11040M->10548M(12288M), 0.1657368 secs]
1298.985: [GC pause (G1 Humongous Allocation) (young) (initial-mark) 10552M->10572M(12288M), 0.1349193 secs]
1299.120: [GC concurrent-root-region-scan-start]
1299.150: [GC concurrent-root-region-scan-end, 0.0299357 secs]
1299.150: [GC concurrent-mark-start]
1305.604: [GC pause (G1 Evacuation Pause) (young) 11212M->10732M(12288M), 0.0882824 secs]
1307.397: [GC pause (G1 Evacuation Pause) (young) 11260M->10780M(12288M), 0.0777755 secs]
1309.151: [GC pause (G1 Evacuation Pause) (young) 11340M->10800M(12288M), 0.0755346 secs]
1310.410: [GC pause (G1 Evacuation Pause) (young) 11344M->10824M(12288M), 0.0507439 secs]
1319.946: [GC pause (G1 Evacuation Pause) (young) 11416M->10943M(12288M), 0.0915832 secs]
1321.118: [GC pause (GCLocker Initiated GC) (young) 11471M->11064M(12288M), 0.1287706 secs]
1322.907: [GC pause (G1 Evacuation Pause) (young) 11592M->11104M(12288M), 0.0852304 secs]
1325.184: [GC pause (G1 Evacuation Pause) (young) 11656M->11124M(12288M), 0.0613638 secs]
1326.256: [GC concurrent-mark-end, 27.1058870 secs]
1326.256: [GC remark, 0.1075097 secs]
1326.365: [GC cleanup 11576M->11360M(12288M), 0.0397552 secs]
1326.405: [GC concurrent-cleanup-start]
1326.405: [GC concurrent-cleanup-end, 0.0001148 secs]
1326.610: [GC pause (G1 Evacuation Pause) (young) 11436M->10935M(12288M), 0.0527581 secs]
1328.048: [GC pause (G1 Evacuation Pause) (mixed) 11471M->10909M(12288M), 0.2243381 secs]
1340.760: [GC pause (G1 Evacuation Pause) (mixed) 11485M->11060M(12288M), 0.1234299 secs]
1342.361: [GC pause (G1 Evacuation Pause) (young) 11588M->11120M(12288M), 0.1254039 secs]
1344.168: [GC pause (G1 Evacuation Pause) (young) (initial-mark) 11648M->11124M(12288M), 0.0646267 secs]
1344.232: [GC concurrent-root-region-scan-start]
1344.304: [GC concurrent-root-region-scan-end, 0.0717986 secs]
1344.304: [GC concurrent-mark-start]
1345.450: [GC pause (G1 Evacuation Pause) (young) 11652M->11156M(12288M), 0.0530402 secs]
1347.049: [GC pause (G1 Evacuation Pause) (young) 11700M->11220M(12288M), 0.0963102 secs]
1361.923: [GC pause (G1 Evacuation Pause) (young) 11796M->11332M(12288M), 0.1068443 secs]
1363.234: [GC pause (G1 Evacuation Pause) (young) 11876M->11424M(12288M), 0.1597734 secs]
1365.318: [GC pause (G1 Evacuation Pause) (young) 11952M->11472M(12288M), 0.1166590 secs]
1366.771: [GC pause (G1 Evacuation Pause) (young) 12040M->11496M(12288M), 0.0588628 secs]
1368.259: [GC pause (G1 Evacuation Pause) (young) 12040M->11544M(12288M), 0.0685960 secs]
1371.474: [GC concurrent-mark-end, 27.1700669 secs]
1371.475: [GC remark, 0.1194925 secs]
1371.596: [GC cleanup 11876M->11588M(12288M), 0.0450058 secs]
1371.641: [GC concurrent-cleanup-start]
1371.641: [GC concurrent-cleanup-end, 0.0001843 secs]
1380.448: [GC pause (G1 Evacuation Pause) (young) 11832M->11368M(12288M), 0.0928009 secs]
1381.592: [GC pause (G1 Evacuation Pause) (mixed) 11920M->11288M(12288M), 0.2384382 secs]
1383.715: [GC pause (G1 Evacuation Pause) (mixed) 11816M->11220M(12288M), 0.4206721 secs]
1385.755: [GC pause (G1 Evacuation Pause) (mixed) 11796M->11232M(12288M), 0.0954102 secs]
1387.181: [GC pause (G1 Evacuation Pause) (young) 11784M->11268M(12288M), 0.0725414 secs]
1389.842: [GC pause (G1 Humongous Allocation) (young) (initial-mark) 11730M->11324M(12288M), 0.1033131 secs]
1389.947: [GC concurrent-root-region-scan-start]
1390.122: [GC concurrent-root-region-scan-end, 0.1746495 secs]
1390.122: [GC concurrent-mark-start]
1396.820: [GC pause (G1 Evacuation Pause) (young) 11900M->11492M(12288M), 0.1444265 secs]
1398.554: [GC pause (G1 Evacuation Pause) (young) 12020M->11540M(12288M), 0.0923448 secs]
1400.436: [GC pause (G1 Evacuation Pause) (young) 12084M->11552M(12288M), 0.0642645 secs]
1401.691: [GC pause (G1 Evacuation Pause) (young) 12080M->11579M(12304M), 0.0584975 secs]
1408.049: [GC pause (G1 Evacuation Pause) (young) 12163M->11684M(12424M), 0.0920776 secs]
1409.243: [GC pause (GCLocker Initiated GC) (young) 12220M->11804M(12552M), 0.1583722 secs]
1411.271: [GC pause (G1 Evacuation Pause) (young) 12348M->11844M(12600M), 0.1011799 secs]
1413.284: [GC pause (G1 Evacuation Pause) (young) 12412M->11860M(12616M), 0.0601217 secs]
1414.616: [GC pause (G1 Evacuation Pause) (young) 12412M->11879M(12640M), 0.0531905 secs]
1416.755: [GC pause (G1 Evacuation Pause) (young) 12487M->12004M(12784M), 0.1034944 secs]
1418.083: [GC concurrent-mark-end, 27.9613819 secs]
1418.084: [GC remark, 0.1091425 secs]
1418.194: [GC cleanup 12013M->11813M(12784M), 0.0420953 secs]
1418.236: [GC concurrent-cleanup-start]
1418.237: [GC concurrent-cleanup-end, 0.0001129 secs]
1431.098: [GC pause (G1 Evacuation Pause) (young) 12356M->11900M(12784M), 0.1500607 secs]
1432.718: [GC pause (G1 Evacuation Pause) (mixed) 12452M->11744M(12808M), 0.2396446 secs]
1434.886: [GC pause (G1 Evacuation Pause) (mixed) 12304M->11756M(12808M), 0.1237216 secs]
1436.231: [GC pause (G1 Evacuation Pause) (young) 12316M->11784M(12808M), 0.1542908 secs]
1438.136: [GC pause (G1 Evacuation Pause) (young) (initial-mark) 12352M->11844M(12808M), 0.1089972 secs]
1438.246: [GC concurrent-root-region-scan-start]
1438.391: [GC concurrent-root-region-scan-end, 0.1452588 secs]
1438.391: [GC concurrent-mark-start]
1455.953: [GC pause (G1 Evacuation Pause) (young) 12452M->12000M(12808M), 0.1050608 secs]
1457.636: [GC pause (G1 Evacuation Pause) (young) 12560M->12048M(12832M), 0.0914233 secs]
1459.795: [GC pause (G1 Evacuation Pause) (young) 12616M->12064M(12848M), 0.0802145 secs]
1461.120: [GC pause (G1 Evacuation Pause) (young) 12624M->12100M(12888M), 0.0636425 secs]
1462.789: [GC pause (G1 Evacuation Pause) (young) 12660M->12156M(12944M), 0.1159385 secs]
1466.102: [GC concurrent-mark-end, 27.7111595 secs]
1466.103: [GC remark, 0.1163755 secs]
1466.221: [GC cleanup 12309M->12021M(12944M), 0.0443943 secs]
1466.265: [GC concurrent-cleanup-start]
1466.266: [GC concurrent-cleanup-end, 0.0001759 secs]
1477.903: [GC pause (G1 Evacuation Pause) (young) 12476M->11980M(12944M), 0.1277982 secs]
1479.278: [GC pause (G1 Evacuation Pause) (mixed) 12564M->11920M(12960M), 0.2005745 secs]
1481.523: [GC pause (G1 Evacuation Pause) (mixed) 12488M->11904M(12960M), 0.2345896 secs]
1483.239: [GC pause (G1 Evacuation Pause) (young) 12472M->11932M(12960M), 0.0775365 secs]
1484.745: [GC pause (G1 Evacuation Pause) (young) (initial-mark) 12516M->11984M(12960M), 0.0928597 secs]
1484.838: [GC concurrent-root-region-scan-start]
1484.952: [GC concurrent-root-region-scan-end, 0.1134588 secs]
1484.952: [GC concurrent-mark-start]
1497.828: [GC pause (G1 Evacuation Pause) (young) 12592M->12100M(12960M), 0.1039255 secs]
1499.238: [GC pause (G1 Evacuation Pause) (young) 12684M->12212M(13008M), 0.1923957 secs]
1501.533: [GC pause (G1 Evacuation Pause) (young) 12772M->12252M(13048M), 0.1221000 secs]
1503.076: [GC pause (G1 Evacuation Pause) (young) 12860M->12276M(13072M), 0.0586256 secs]
1504.775: [GC pause (G1 Evacuation Pause) (young) 12860M->12340M(13136M), 0.0864095 secs]
1515.541: [GC concurrent-mark-end, 30.5889023 secs]
1515.542: [GC remark, 0.1128478 secs]
1515.657: [GC cleanup 12706M->12490M(13136M), 0.0443955 secs]
1515.702: [GC concurrent-cleanup-start]
1515.702: [GC concurrent-cleanup-end, 0.0001115 secs]
1518.830: [GC pause (G1 Evacuation Pause) (young) 12740M->12252M(13136M), 0.1006022 secs]
1520.278: [GC pause (G1 Evacuation Pause) (mixed) 12828M->12168M(13216M), 0.2001566 secs]
1522.484: [GC pause (G1 Evacuation Pause) (mixed) 12736M->12156M(13216M), 0.1063275 secs]
1523.992: [GC pause (G1 Evacuation Pause) (young) 12772M->12188M(13216M), 0.0687892 secs]
1525.549: [GC pause (G1 Evacuation Pause) (young) (initial-mark) 12772M->12260M(13216M), 0.0893414 secs]
1525.638: [GC concurrent-root-region-scan-start]
1525.856: [GC concurrent-root-region-scan-end, 0.2179786 secs]
1525.856: [GC concurrent-mark-start]
1540.255: [GC pause (G1 Evacuation Pause) (young) 12884M->12364M(13216M), 0.0888489 secs]
1541.606: [GC pause (G1 Evacuation Pause) (young) 12956M->12488M(13288M), 0.1476325 secs]
1543.919: [GC pause (G1 Evacuation Pause) (young) 13064M->12520M(13328M), 0.0905907 secs]
1545.473: [GC pause (G1 Evacuation Pause) (young) 13144M->12544M(13352M), 0.0680369 secs]
1546.984: [GC pause (G1 Evacuation Pause) (young) 13144M->12608M(13416M), 0.0831503 secs]
1555.595: [GC concurrent-mark-end, 29.7390771 secs]
1555.597: [GC remark, 0.1230242 secs]
1555.721: [GC cleanup 13096M->12912M(13416M), 0.0444425 secs]
1555.766: [GC concurrent-cleanup-start]
1555.766: [GC concurrent-cleanup-end, 0.0000919 secs]
1562.174: [GC pause (G1 Evacuation Pause) (young) 13048M->12532M(13416M), 0.0947507 secs]
1563.510: [GC pause (G1 Evacuation Pause) (mixed) 13140M->12452M(13568M), 0.2427670 secs]
1565.966: [GC pause (G1 Evacuation Pause) (mixed) 13036M->12500M(13568M), 0.1233749 secs]
1567.666: [GC pause (G1 Evacuation Pause) (young) 13132M->12524M(13568M), 0.0619086 secs]
1569.307: [GC pause (G1 Evacuation Pause) (young) (initial-mark) 13132M->12596M(13568M), 0.0814667 secs]
1569.389: [GC concurrent-root-region-scan-start]
1569.527: [GC concurrent-root-region-scan-end, 0.1376753 secs]
1569.527: [GC concurrent-mark-start]
1583.108: [GC pause (G1 Evacuation Pause) (young) 13228M->12720M(13568M), 0.1024119 secs]
1584.693: [GC pause (G1 Evacuation Pause) (young) 13320M->12820M(13640M), 0.1458953 secs]
1586.912: [GC pause (G1 Evacuation Pause) (young) 13412M->12828M(13656M), 0.0925588 secs]
1588.538: [GC pause (G1 Evacuation Pause) (young) 13468M->12864M(13688M), 0.0653289 secs]
1590.390: [GC pause (G1 Evacuation Pause) (young) 13472M->12935M(13768M), 0.0898630 secs]
1600.907: [GC concurrent-mark-end, 31.3797816 secs]
1600.908: [GC remark, 0.1194264 secs]
1601.028: [GC cleanup 13149M->12917M(13768M), 0.0466265 secs]
1601.075: [GC concurrent-cleanup-start]
1601.075: [GC concurrent-cleanup-end, 0.0001526 secs]
1609.628: [GC pause (G1 Evacuation Pause) (young) 13367M->12836M(13768M), 0.0982675 secs]
1611.314: [GC pause (G1 Evacuation Pause) (mixed) 13436M->12724M(13816M), 0.2169673 secs]
1613.597: [GC pause (G1 Evacuation Pause) (mixed) 13324M->12740M(13816M), 0.1014338 secs]
1615.038: [GC pause (G1 Evacuation Pause) (young) 13340M->12772M(13816M), 0.0797534 secs]
1616.737: [GC pause (G1 Evacuation Pause) (young) (initial-mark) 13380M->12832M(13816M), 0.1248982 secs]
1616.862: [GC concurrent-root-region-scan-start]
1617.020: [GC concurrent-root-region-scan-end, 0.1574852 secs]
1617.020: [GC concurrent-mark-start]
1635.391: [GC pause (G1 Evacuation Pause) (young) 13480M->12980M(13824M), 0.1160132 secs]
1637.224: [GC pause (G1 Evacuation Pause) (young) 13580M->13024M(13864M), 0.1303000 secs]
1639.381: [GC pause (G1 Evacuation Pause) (young) 13632M->13032M(13872M), 0.0734430 secs]
1640.897: [GC pause (G1 Evacuation Pause) (young) 13632M->13066M(13912M), 0.0707908 secs]
1647.226: [GC concurrent-mark-end, 30.2056686 secs]
1647.227: [GC remark, 0.1257680 secs]
1647.354: [GC cleanup 13523M->13331M(13912M), 0.0460800 secs]
1647.400: [GC concurrent-cleanup-start]
1647.400: [GC concurrent-cleanup-end, 0.0001418 secs]
1648.628: [GC pause (G1 Evacuation Pause) (young) 13530M->12996M(13912M), 0.0941089 secs]
1650.104: [GC pause (G1 Evacuation Pause) (mixed) 13596M->12952M(14040M), 0.2477394 secs]
1652.553: [GC pause (G1 Evacuation Pause) (mixed) 13560M->12940M(14040M), 0.1494430 secs]
1654.316: [GC pause (G1 Evacuation Pause) (young) 13596M->12964M(14040M), 0.0621697 secs]
1656.014: [GC pause (G1 Evacuation Pause) (young) (initial-mark) 13596M->13048M(14040M), 0.0839962 secs]
1656.098: [GC concurrent-root-region-scan-start]
1656.270: [GC concurrent-root-region-scan-end, 0.1721488 secs]
1656.270: [GC concurrent-mark-start]
1668.685: [GC pause (G1 Evacuation Pause) (young) 13712M->13200M(14040M), 0.1088278 secs]
1670.498: [GC pause (G1 Evacuation Pause) (young) 13808M->13260M(14104M), 0.1052785 secs]
1672.813: [GC pause (G1 Evacuation Pause) (young) 13892M->13280M(14128M), 0.0776117 secs]
1674.338: [GC pause (G1 Evacuation Pause) (young) 13896M->13304M(14160M), 0.0662797 secs]
1687.485: [GC concurrent-mark-end, 31.2149649 secs]
1687.486: [GC remark, 0.1200253 secs]
1687.612: [GC cleanup 13922M->13690M(14160M), 0.0463284 secs]
1687.658: [GC concurrent-cleanup-start]
1687.658: [GC concurrent-cleanup-end, 0.0001260 secs]
1691.320: [GC pause (G1 Evacuation Pause) (young) 13752M->13192M(14160M), 0.0922008 secs]
1692.609: [GC pause (G1 Evacuation Pause) (mixed) 13808M->13160M(14256M), 0.2571087 secs]
1695.202: [GC pause (G1 Evacuation Pause) (mixed) 13784M->13180M(14256M), 0.1321706 secs]
1697.059: [GC pause (G1 Evacuation Pause) (young) 13852M->13204M(14256M), 0.0581171 secs]
1698.837: [GC pause (G1 Evacuation Pause) (young) (initial-mark) 13852M->13264M(14256M), 0.0816390 secs]
1698.919: [GC concurrent-root-region-scan-start]
1699.050: [GC concurrent-root-region-scan-end, 0.1307167 secs]
1699.050: [GC concurrent-mark-start]
1712.880: [GC pause (G1 Evacuation Pause) (young) 13928M->13420M(14264M), 0.1150953 secs]
1714.890: [GC pause (G1 Evacuation Pause) (young) 14036M->13464M(14304M), 0.1140147 secs]
1717.037: [GC pause (G1 Evacuation Pause) (young) 14096M->13472M(14312M), 0.0708476 secs]
1718.627: [GC pause (G1 Evacuation Pause) (young) 14096M->13519M(14368M), 0.0787519 secs]
1730.674: [GC concurrent-mark-end, 31.6239861 secs]
1730.676: [GC remark, 0.1242562 secs]
1730.801: [GC cleanup 14032M->13872M(14368M), 0.0530328 secs]
1730.855: [GC concurrent-cleanup-start]
1730.855: [GC concurrent-cleanup-end, 0.0000992 secs]
1735.667: [GC pause (G1 Evacuation Pause) (young) 14023M->13464M(14368M), 0.0963453 secs]
1737.157: [GC pause (G1 Evacuation Pause) (mixed) 14080M->13432M(14584M), 0.3127403 secs]
1739.910: [GC pause (G1 Evacuation Pause) (young) 14064M->13456M(14584M), 0.1355439 secs]
1741.711: [GC pause (G1 Evacuation Pause) (young) (initial-mark) 14144M->13484M(14584M), 0.0993620 secs]
1741.810: [GC concurrent-root-region-scan-start]
1741.881: [GC concurrent-root-region-scan-end, 0.0710717 secs]
1741.881: [GC concurrent-mark-start]
1745.308: [GC pause (G1 Evacuation Pause) (young) 14156M->13576M(14584M), 0.1358114 secs]
1755.064: [GC pause (GCLocker Initiated GC) (young) 14256M->13744M(14616M), 0.1311232 secs]
1757.681: [GC pause (G1 Evacuation Pause) (young) 14376M->13776M(14656M), 0.1069462 secs]
1759.566: [GC pause (G1 Evacuation Pause) (young) 14456M->13800M(14680M), 0.0625523 secs]
1761.526: [GC pause (G1 Evacuation Pause) (young) 14456M->13868M(14744M), 0.0940113 secs]
1774.838: [GC concurrent-mark-end, 32.9563853 secs]
1774.843: [GC remark, 0.1481895 secs]
1774.992: [GC cleanup 14155M->13931M(14744M), 0.0677232 secs]
1775.060: [GC concurrent-cleanup-start]
1775.061: [GC concurrent-cleanup-end, 0.0001301 secs]
1777.511: [GC pause (G1 Evacuation Pause) (young) 14332M->13788M(14744M), 0.1191407 secs]
1779.311: [GC pause (G1 Evacuation Pause) (mixed) 14436M->13724M(14848M), 0.2225239 secs]
1781.578: [GC pause (G1 Evacuation Pause) (young) 14364M->13728M(14848M), 0.0758420 secs]
1783.123: [GC pause (G1 Evacuation Pause) (young) (initial-mark) 14368M->13756M(14848M), 0.0708165 secs]
1783.194: [GC concurrent-root-region-scan-start]
1783.304: [GC concurrent-root-region-scan-end, 0.1100163 secs]
1783.304: [GC concurrent-mark-start]
1800.526: [GC pause (G1 Evacuation Pause) (young) 14468M->13888M(14848M), 0.1008290 secs]
1802.091: [GC pause (G1 Evacuation Pause) (young) 14528M->14040M(14920M), 0.1953406 secs]
1805.067: [GC pause (G1 Evacuation Pause) (young) 14688M->14068M(14960M), 0.0983396 secs]
1807.055: [GC pause (G1 Evacuation Pause) (young) 14772M->14104M(15000M), 0.0712015 secs]
1809.719: [GC pause (GCLocker Initiated GC) (young) 14768M->14172M(15064M), 0.1286210 secs]
1817.258: [GC concurrent-mark-end, 33.9531206 secs]
1817.259: [GC remark, 0.1404878 secs]
1817.401: [GC cleanup 14286M->14062M(15064M), 0.0531880 secs]
1817.454: [GC concurrent-cleanup-start]
1817.454: [GC concurrent-cleanup-end, 0.0001468 secs]
1835.725: [GC pause (G1 Evacuation Pause) (young) 14676M->14100M(15064M), 0.1146677 secs]
1837.633: [GC pause (G1 Evacuation Pause) (mixed) 14756M->13968M(15168M), 0.2306823 secs]
1840.142: [GC pause (G1 Evacuation Pause) (young) 14624M->13972M(15168M), 0.0926399 secs]
1841.750: [GC pause (G1 Evacuation Pause) (young) (initial-mark) 14628M->14000M(15168M), 0.0702109 secs]
1841.820: [GC concurrent-root-region-scan-start]
1841.922: [GC concurrent-root-region-scan-end, 0.1013348 secs]
1841.922: [GC concurrent-mark-start]
1859.468: [GC pause (G1 Evacuation Pause) (young) 14728M->14120M(15168M), 0.0977053 secs]
1861.018: [GC pause (G1 Evacuation Pause) (young) 14776M->14264M(15168M), 0.1500206 secs]
1863.567: [GC pause (G1 Evacuation Pause) (young) 14920M->14284M(15168M), 0.1337662 secs]
1865.504: [GC pause (G1 Evacuation Pause) (young) 14988M->14308M(15192M), 0.0723369 secs]
1877.010: [GC concurrent-mark-end, 35.0885622 secs]
1877.011: [GC remark, 0.1398221 secs]
1877.152: [GC cleanup 15012M->14844M(15192M), 0.0496026 secs]
1877.202: [GC concurrent-cleanup-start]
1877.202: [GC concurrent-cleanup-end, 0.0001108 secs]
1880.621: [GC pause (G1 Evacuation Pause) (young) 14868M->14264M(15192M), 0.0941781 secs]
1882.028: [GC pause (G1 Evacuation Pause) (mixed) 14920M->14240M(15400M), 0.2722907 secs]
1884.776: [GC pause (G1 Evacuation Pause) (mixed) 14912M->14260M(15400M), 0.0977153 secs]
1886.512: [GC pause (G1 Evacuation Pause) (young) 14988M->14288M(15400M), 0.0628908 secs]
1888.333: [GC pause (G1 Humongous Allocation) (young) (initial-mark) 14880M->14352M(15400M), 0.0996335 secs]
1888.443: [GC concurrent-root-region-scan-start]
1888.576: [GC concurrent-root-region-scan-end, 0.1326316 secs]
1888.576: [GC concurrent-mark-start]
1902.814: [GC pause (G1 Evacuation Pause) (young) 15072M->14544M(15456M), 0.1538960 secs]
1905.448: [GC pause (G1 Evacuation Pause) (young) 15216M->14580M(15496M), 0.1093621 secs]
1907.398: [GC pause (G1 Evacuation Pause) (young) 15300M->14608M(15528M), 0.0778238 secs]
1909.459: [GC pause (G1 Evacuation Pause) (young) 15304M->14672M(15592M), 0.1001000 secs]
1924.080: [GC concurrent-mark-end, 35.5040314 secs]
1924.081: [GC remark, 0.1258879 secs]
1924.208: [GC cleanup 14987M->14603M(15592M), 0.0480151 secs]
1924.256: [GC concurrent-cleanup-start]
1924.256: [GC concurrent-cleanup-end, 0.0002014 secs]
1926.847: [GC pause (G1 Evacuation Pause) (young) 15008M->14452M(15592M), 0.1391447 secs]
1928.952: [GC pause (G1 Evacuation Pause) (mixed) 15124M->14336M(15592M), 0.1918847 secs]
1931.231: [GC pause (G1 Evacuation Pause) (mixed) 15032M->14344M(15592M), 0.0889097 secs]
1933.085: [GC pause (G1 Evacuation Pause) (young) 15032M->14412M(15592M), 0.1083477 secs]
1941.499: [GC pause (G1 Humongous Allocation) (young) (initial-mark) 14688M->14444M(15592M), 0.0985704 secs]
1941.609: [GC concurrent-root-region-scan-start]
1941.633: [GC concurrent-root-region-scan-end, 0.0244127 secs]
1941.633: [GC concurrent-mark-start]
1950.759: [GC pause (G1 Evacuation Pause) (young) 15236M->14616M(15592M), 0.1010408 secs]
1953.230: [GC pause (G1 Evacuation Pause) (young) 15288M->14648M(15592M), 0.1152507 secs]
1955.119: [GC pause (G1 Evacuation Pause) (young) 15384M->14676M(15592M), 0.0686555 secs]
1969.444: [GC pause (G1 Evacuation Pause) (young) 15428M->14800M(15688M), 0.1239578 secs]
1971.052: [GC pause (G1 Evacuation Pause) (young) 15480M->14940M(15840M), 0.1799940 secs]
1973.663: [GC pause (G1 Evacuation Pause) (young) 15628M->14984M(15896M), 0.1312984 secs]
1975.419: [GC pause (G1 Evacuation Pause) (young) 15688M->15028M(15936M), 0.0994274 secs]
1978.841: [GC concurrent-mark-end, 37.2075105 secs]
1978.842: [GC remark, 0.1307054 secs]
1978.974: [GC cleanup 15661M->15469M(15936M), 0.0518950 secs]
1979.026: [GC concurrent-cleanup-start]
1979.027: [GC concurrent-cleanup-end, 0.0001121 secs]
1991.259: [GC pause (G1 Evacuation Pause) (young) 15604M->14956M(15936M), 0.1025834 secs]
1993.314: [GC pause (G1 Evacuation Pause) (mixed) 15644M->14972M(16080M), 0.2432400 secs]
1996.094: [GC pause (G1 Evacuation Pause) (young) 15668M->15016M(16080M), 0.1297929 secs]
1997.983: [GC pause (G1 Evacuation Pause) (young) (initial-mark) 15728M->15052M(16080M), 0.1168391 secs]
1998.100: [GC concurrent-root-region-scan-start]
1998.206: [GC concurrent-root-region-scan-end, 0.1062136 secs]
1998.206: [GC concurrent-mark-start]
2011.623: [GC pause (G1 Evacuation Pause) (young) 15828M->15176M(16104M), 0.1037636 secs]
2013.294: [GC pause (G1 Evacuation Pause) (young) 15872M->15320M(16248M), 0.1978492 secs]
2015.881: [GC pause (G1 Evacuation Pause) (young) 16024M->15348M(16288M), 0.0962091 secs]
2017.840: [GC pause (G1 Evacuation Pause) (young) 16100M->15360M(16304M), 0.0685309 secs]
2031.343: [GC pause (G1 Evacuation Pause) (young) 16144M->15508M(16464M), 0.1297721 secs]
2033.331: [GC pause (G1 Evacuation Pause) (young) 16220M->15632M(16592M), 0.1740739 secs]
2034.815: [GC concurrent-mark-end, 36.6094164 secs]
2034.816: [GC remark, 0.1277888 secs]
2034.945: [GC cleanup 15944M->15552M(16592M), 0.0534031 secs]
2034.999: [GC concurrent-cleanup-start]
2034.999: [GC concurrent-cleanup-end, 0.0002068 secs]
2036.109: [GC pause (G1 Evacuation Pause) (young) 15960M->15256M(16592M), 0.0884533 secs]
2038.101: [GC pause (G1 Evacuation Pause) (mixed) 16016M->15112M(16592M), 0.1666579 secs]
2054.578: [GC pause (G1 Evacuation Pause) (mixed) 15880M->15236M(16592M), 0.2335654 secs]
2056.819: [GC pause (G1 Evacuation Pause) (young) 15956M->15308M(16592M), 0.1611938 secs]
2059.378: [GC pause (G1 Evacuation Pause) (young) (initial-mark) 16036M->15320M(16592M), 0.0820712 secs]
2059.461: [GC concurrent-root-region-scan-start]
2059.554: [GC concurrent-root-region-scan-end, 0.0935825 secs]
2059.554: [GC concurrent-mark-start]
2061.367: [GC pause (G1 Evacuation Pause) (young) 16040M->15388M(16592M), 0.1023107 secs]
2077.664: [GC pause (GCLocker Initiated GC) (young) 16156M->15536M(16592M), 0.1293110 secs]
2080.001: [GC pause (G1 Evacuation Pause) (young) 16264M->15596M(16592M), 0.1221282 secs]
2082.405: [GC pause (G1 Evacuation Pause) (young) 16332M->15608M(16592M), 0.0806022 secs]
2084.547: [GC pause (G1 Evacuation Pause) (young) 16328M->15667M(16624M), 0.1033752 secs]
2098.256: [GC concurrent-mark-end, 38.7015207 secs]
2098.258: [GC remark, 0.1569068 secs]
2098.417: [GC cleanup 16205M->16021M(16624M), 0.0584630 secs]
2098.475: [GC concurrent-cleanup-start]
2098.475: [GC concurrent-cleanup-end, 0.0001326 secs]
2100.909: [GC pause (G1 Evacuation Pause) (young) 16251M->15612M(16624M), 0.2142485 secs]
2103.169: [GC pause (G1 Evacuation Pause) (mixed) 16364M->15528M(16792M), 0.2115956 secs]
2105.833: [GC pause (G1 Evacuation Pause) (mixed) 16256M->15524M(16792M), 0.1348824 secs]
2107.995: [GC pause (G1 Evacuation Pause) (young) 16292M->15584M(16792M), 0.0951527 secs]
2108.863: [GC pause (G1 Humongous Allocation) (young) (initial-mark) 15820M->15616M(16792M), 0.0899018 secs]
2108.953: [GC concurrent-root-region-scan-start]
2108.989: [GC concurrent-root-region-scan-end, 0.0354355 secs]
2108.989: [GC concurrent-mark-start]
2134.001: [GC pause (G1 Evacuation Pause) (young) 16464M->15784M(16792M), 0.1069306 secs]
2136.578: [GC pause (G1 Evacuation Pause) (young) 16512M->15852M(16832M), 0.1254254 secs]
2138.599: [GC pause (G1 Evacuation Pause) (young) 16620M->15872M(16864M), 0.0933610 secs]
2145.614: [GC pause (G1 Evacuation Pause) (young) 16616M->15940M(16928M), 0.1100492 secs]
2148.087: [GC concurrent-mark-end, 39.0979395 secs]
2148.088: [GC remark, 0.1334564 secs]
2148.223: [GC cleanup 15945M->15809M(16928M), 0.0550428 secs]
2148.278: [GC concurrent-cleanup-start]
2148.278: [GC concurrent-cleanup-end, 0.0000897 secs]
2159.786: [GC pause (G1 Evacuation Pause) (young) 16580M->16012M(16984M), 0.1759732 secs]
2162.669: [GC pause (G1 Evacuation Pause) (mixed) 16748M->15820M(17120M), 0.1913767 secs]
2164.869: [GC pause (G1 Evacuation Pause) (mixed) 16636M->15852M(17120M), 0.0934121 secs]
2178.769: [GC pause (G1 Humongous Allocation) (young) (initial-mark) 16417M->15916M(17120M), 0.1046443 secs]
2178.873: [GC concurrent-root-region-scan-start]
2179.029: [GC concurrent-root-region-scan-end, 0.1553968 secs]
2179.029: [GC concurrent-mark-start]
2188.626: [GC pause (G1 Evacuation Pause) (young) 16708M->16115M(17120M), 0.1654409 secs]
2191.397: [GC pause (G1 Evacuation Pause) (young) 16859M->16156M(17160M), 0.1106750 secs]
2193.472: [GC pause (G1 Evacuation Pause) (young) 16948M->16180M(17184M), 0.0746395 secs]
2210.254: [GC pause (G1 Evacuation Pause) (young) 16996M->16320M(17336M), 0.1347280 secs]
2212.326: [GC pause (G1 Evacuation Pause) (young) 17072M->16440M(17464M), 0.1821133 secs]
2215.129: [GC pause (G1 Evacuation Pause) (young) 17200M->16448M(17480M), 0.1130938 secs]
2217.348: [GC pause (G1 Evacuation Pause) (young) 17208M->16516M(17552M), 0.1218635 secs]
2219.150: [GC concurrent-mark-end, 40.1211897 secs]
2219.151: [GC remark, 0.1429782 secs]
2219.296: [GC cleanup 16666M->16346M(17552M), 0.0590951 secs]
2219.355: [GC concurrent-cleanup-start]
2219.356: [GC concurrent-cleanup-end, 0.0001678 secs]
2233.377: [GC pause (G1 Evacuation Pause) (young) 17004M->16368M(17552M), 0.1395318 secs]
2236.019: [GC pause (G1 Evacuation Pause) (mixed) 17128M->16232M(17552M), 0.2597333 secs]
2238.387: [GC pause (G1 Evacuation Pause) (mixed) 17032M->16232M(17552M), 0.1460168 secs]
2240.397: [GC pause (G1 Humongous Allocation) (young) (initial-mark) 16885M->16300M(17552M), 0.1162950 secs]
2240.514: [GC concurrent-root-region-scan-start]
2240.717: [GC concurrent-root-region-scan-end, 0.2029918 secs]
2240.717: [GC concurrent-mark-start]
2260.903: [GC pause (G1 Evacuation Pause) (young) 17108M->16504M(17552M), 0.1729142 secs]
2263.780: [GC pause (G1 Evacuation Pause) (young) 17264M->16592M(17600M), 0.1400751 secs]
2265.918: [GC pause (G1 Evacuation Pause) (young) 17384M->16604M(17616M), 0.0837520 secs]
2280.344: [GC concurrent-mark-end, 39.6269110 secs]
2280.345: [GC remark, 0.1530023 secs]
2280.500: [GC cleanup 17393M->17097M(17616M), 0.0577096 secs]
2280.558: [GC concurrent-cleanup-start]
2280.559: [GC concurrent-cleanup-end, 0.0002025 secs]
2286.695: [GC pause (G1 Evacuation Pause) (young) 17140M->16432M(17616M), 0.1086842 secs]
2288.501: [GC pause (G1 Evacuation Pause) (mixed) 17200M->16376M(17680M), 0.2881054 secs]
2291.399: [GC pause (G1 Evacuation Pause) (mixed) 17144M->16384M(17680M), 0.1698609 secs]
2293.563: [GC pause (G1 Evacuation Pause) (young) 17200M->16408M(17680M), 0.0824982 secs]
2294.972: [GC pause (G1 Humongous Allocation) (young) (initial-mark) 16780M->16460M(17680M), 0.0877594 secs]
2295.060: [GC concurrent-root-region-scan-start]
2295.263: [GC concurrent-root-region-scan-end, 0.2030569 secs]
2295.263: [GC concurrent-mark-start]
2318.352: [GC pause (G1 Evacuation Pause) (young) 17284M->16624M(17680M), 0.1411070 secs]
2321.306: [GC pause (G1 Evacuation Pause) (young) 17392M->16696M(17696M), 0.1284547 secs]
2324.250: [GC pause (G1 Evacuation Pause) (young) 17512M->16720M(17720M), 0.0752364 secs]
2336.564: [GC concurrent-mark-end, 41.3007082 secs]
2336.565: [GC remark, 0.1411461 secs]
2336.709: [GC cleanup 17384M->17224M(17720M), 0.0565601 secs]
2336.766: [GC concurrent-cleanup-start]
2336.766: [GC concurrent-cleanup-end, 0.0001297 secs]
2341.517: [GC pause (G1 Evacuation Pause) (young) 17400M->16692M(17720M), 0.1372590 secs]
2373.929: [GC pause (G1 Evacuation Pause) (mixed) 17460M->16536M(17856M), 0.2121083 secs]
2423.972: [GC pause (G1 Evacuation Pause) (young) 17384M->16552M(17856M), 0.0582937 secs]
2465.714: [GC pause (G1 Evacuation Pause) (young) (initial-mark) 17384M->16560M(17856M), 0.0506619 secs]
2465.765: [GC concurrent-root-region-scan-start]
2465.843: [GC concurrent-root-region-scan-end, 0.0782266 secs]
2465.843: [GC concurrent-mark-start]
2506.390: [GC concurrent-mark-end, 40.5469649 secs]
2506.391: [GC remark, 0.1529642 secs]
2506.547: [GC cleanup 17189M->16809M(17856M), 0.0642703 secs]
2506.611: [GC concurrent-cleanup-start]
2506.611: [GC concurrent-cleanup-end, 0.0002184 secs]
2512.833: [GC pause (G1 Evacuation Pause) (young) 17004M->16172M(17856M), 0.0530179 secs]
2548.878: [GC pause (G1 Evacuation Pause) (mixed) 17004M->15994M(17856M), 0.2190275 secs]
2578.347: [GC pause (G1 Evacuation Pause) (mixed) 16818M->16016M(17856M), 0.1407938 secs]
2601.212: [GC pause (G1 Evacuation Pause) (young) 16824M->16056M(17856M), 0.1097264 secs]
2643.098: [GC pause (G1 Evacuation Pause) (young) (initial-mark) 16848M->16048M(17856M), 0.0894656 secs]
2643.187: [GC concurrent-root-region-scan-start]
2643.234: [GC concurrent-root-region-scan-end, 0.0462687 secs]
2643.234: [GC concurrent-mark-start]
2684.655: [GC pause (G1 Evacuation Pause) (young) 16872M->16032M(17856M), 0.0642189 secs]
2686.194: [GC concurrent-mark-end, 42.9606800 secs]
2686.196: [GC remark, 0.1403264 secs]
2686.337: [GC cleanup 16132M->16084M(17856M), 0.0532951 secs]
2686.391: [GC concurrent-cleanup-start]
2686.391: [GC concurrent-cleanup-end, 0.0000406 secs]
2736.665: [GC pause (G1 Evacuation Pause) (young) 16824M->15988M(17856M), 0.0541022 secs]
2788.686: [GC pause (G1 Evacuation Pause) (mixed) 16828M->15950M(17856M), 0.1109884 secs]
2828.715: [GC pause (G1 Evacuation Pause) (young) 16790M->15962M(17856M), 0.0764835 secs]
2872.003: [GC pause (G1 Evacuation Pause) (young) (initial-mark) 16794M->15962M(17856M), 0.0522168 secs]
2872.055: [GC concurrent-root-region-scan-start]
2872.101: [GC concurrent-root-region-scan-end, 0.0461686 secs]
2872.101: [GC concurrent-mark-start]
2912.209: [GC concurrent-mark-end, 40.1075347 secs]
2912.210: [GC remark, 0.1306143 secs]
2912.343: [GC cleanup 16703M->16703M(17856M), 0.0566119 secs]
2913.868: [GC pause (G1 Evacuation Pause) (young) 16794M->15966M(17856M), 0.0519233 secs]
2965.831: [GC pause (G1 Evacuation Pause) (mixed) 16790M->15956M(17856M), 0.0653339 secs]
2997.654: [GC pause (G1 Evacuation Pause) (young) 16788M->15964M(17856M), 0.0573752 secs]
3049.577: [GC pause (G1 Evacuation Pause) (young) (initial-mark) 16788M->15968M(17856M), 0.0614149 secs]
3049.639: [GC concurrent-root-region-scan-start]
3049.737: [GC concurrent-root-region-scan-end, 0.0985865 secs]
3049.737: [GC concurrent-mark-start]
3091.387: [GC pause (G1 Evacuation Pause) (young) 16792M->15970M(17856M), 0.0589625 secs]
3093.060: [GC concurrent-mark-end, 43.3224329 secs]
3093.061: [GC remark, 0.1462168 secs]
3093.209: [GC cleanup 16095M->16095M(17856M), 0.0839803 secs]
3133.087: [GC pause (G1 Evacuation Pause) (young) 16794M->15967M(17856M), 0.0517098 secs]
3174.544: [GC pause (G1 Evacuation Pause) (mixed) 16791M->15962M(17856M), 0.0645779 secs]
3197.155: [GC pause (G1 Evacuation Pause) (young) 16794M->15997M(17856M), 0.0587172 secs]
3226.773: [GC pause (G1 Evacuation Pause) (young) (initial-mark) 16797M->16043M(17856M), 0.0798522 secs]
3226.853: [GC concurrent-root-region-scan-start]
3226.886: [GC concurrent-root-region-scan-end, 0.0324720 secs]
3226.886: [GC concurrent-mark-start]
3258.473: [GC pause (G1 Evacuation Pause) (young) 16819M->16055M(17856M), 0.0602931 secs]
3266.545: [GC concurrent-mark-end, 39.6594071 secs]
3266.550: [GC remark, 0.1994298 secs]
3266.751: [GC cleanup 16071M->16071M(17856M), 0.0711647 secs]
3289.125: [GC pause (G1 Evacuation Pause) (young) 16863M->16031M(17856M), 0.0503363 secs]
3330.755: [GC pause (G1 Evacuation Pause) (mixed) 16863M->16028M(17856M), 0.0958629 secs]
3382.610: [GC pause (G1 Evacuation Pause) (young) 16852M->16012M(17856M), 0.0654170 secs]
3434.453: [GC pause (G1 Evacuation Pause) (young) (initial-mark) 16852M->16020M(17856M), 0.0438856 secs]
3434.497: [GC concurrent-root-region-scan-start]
3434.529: [GC concurrent-root-region-scan-end, 0.0317491 secs]
3434.529: [GC concurrent-mark-start]
3473.949: [GC concurrent-mark-end, 39.4193646 secs]
3473.950: [GC remark, 0.1272858 secs]
3474.079: [GC cleanup 16762M->16762M(17856M), 0.0507687 secs]
3476.202: [GC pause (G1 Evacuation Pause) (young) 16852M->16016M(17856M), 0.0458858 secs]
3510.045: [GC pause (G1 Evacuation Pause) (mixed) 16848M->15969M(17856M), 0.0583073 secs]
3549.069: [GC pause (G1 Evacuation Pause) (young) 16801M->15965M(17856M), 0.0548888 secs]
3580.341: [GC pause (G1 Evacuation Pause) (young) (initial-mark) 16797M->15965M(17856M), 0.0428143 secs]
3580.384: [GC concurrent-root-region-scan-start]
3580.426: [GC concurrent-root-region-scan-end, 0.0420669 secs]
3580.426: [GC concurrent-mark-start]
3621.997: [GC pause (G1 Evacuation Pause) (young) 16797M->15989M(17856M), 0.0576591 secs]
3623.024: [GC concurrent-mark-end, 42.5974365 secs]
3623.025: [GC remark, 0.1317756 secs]
3623.158: [GC cleanup 16028M->16028M(17856M), 0.0550807 secs]
3673.711: [GC pause (G1 Evacuation Pause) (young) 16797M->15956M(17856M), 0.0454701 secs]
3715.584: [GC pause (G1 Evacuation Pause) (mixed) 16804M->15948M(17856M), 0.0525269 secs]
3757.022: [GC pause (G1 Evacuation Pause) (young) 16796M->15956M(17856M), 0.0695193 secs]
3795.455: [GC pause (G1 Evacuation Pause) (young) (initial-mark) 16796M->15960M(17856M), 0.0482634 secs]
3795.503: [GC concurrent-root-region-scan-start]
3795.543: [GC concurrent-root-region-scan-end, 0.0393229 secs]
3795.543: [GC concurrent-mark-start]
3830.150: [GC pause (G1 Evacuation Pause) (young) 16800M->15972M(17856M), 0.0504994 secs]
3836.650: [GC concurrent-mark-end, 41.1071275 secs]
3836.651: [GC remark, 0.1483354 secs]
3836.802: [GC cleanup 16121M->16121M(17856M), 0.0783225 secs]
3861.635: [GC pause (G1 Evacuation Pause) (young) 16796M->15968M(17856M), 0.0488079 secs]
3903.079: [GC pause (G1 Evacuation Pause) (young) 16800M->15976M(17856M), 0.0490069 secs]
3954.867: [GC pause (G1 Evacuation Pause) (young) (initial-mark) 16800M->15968M(17856M), 0.0570602 secs]
3954.924: [GC concurrent-root-region-scan-start]
3954.973: [GC concurrent-root-region-scan-end, 0.0487164 secs]
3954.973: [GC concurrent-mark-start]
3986.401: [GC pause (G1 Evacuation Pause) (young) 16800M->15976M(17856M), 0.0634900 secs]
3995.429: [GC concurrent-mark-end, 40.4560822 secs]
3995.430: [GC remark, 0.1315576 secs]
3995.563: [GC cleanup 16181M->16181M(17856M), 0.0510383 secs]
4017.669: [GC pause (G1 Evacuation Pause) (young) 16800M->15976M(17856M), 0.0470507 secs]
4069.491: [GC pause (G1 Evacuation Pause) (mixed) 16800M->15970M(17856M), 0.0558015 secs]
4101.759: [GC pause (G1 Evacuation Pause) (young) 16794M->15977M(17856M), 0.0710852 secs]
4142.301: [GC pause (G1 Evacuation Pause) (young) (initial-mark) 16801M->15978M(17856M), 0.0529782 secs]
4142.354: [GC concurrent-root-region-scan-start]
4142.409: [GC concurrent-root-region-scan-end, 0.0544257 secs]
4142.409: [GC concurrent-mark-start]
4173.411: [GC pause (G1 Evacuation Pause) (young) 16802M->15974M(17856M), 0.0506288 secs]
4182.700: [GC concurrent-mark-end, 40.2910666 secs]
4182.701: [GC remark, 0.1252123 secs]
4182.828: [GC cleanup 16455M->16455M(17856M), 0.0477755 secs]
4187.447: [GC pause (G1 Evacuation Pause) (young) 16798M->15985M(17856M), 0.0521677 secs]
4225.718: [GC pause (G1 Evacuation Pause) (young) 16817M->16007M(17856M), 0.0631712 secs]
4267.622: [GC pause (G1 Evacuation Pause) (young) (initial-mark) 16831M->16004M(17856M), 0.0733203 secs]
4267.695: [GC concurrent-root-region-scan-start]
4267.752: [GC concurrent-root-region-scan-end, 0.0566451 secs]
4267.752: [GC concurrent-mark-start]
4308.102: [GC concurrent-mark-end, 40.3502607 secs]
4308.103: [GC remark, 0.1299738 secs]
4308.235: [GC cleanup 16774M->16766M(17856M), 0.0511500 secs]
4308.286: [GC concurrent-cleanup-start]
4308.286: [GC concurrent-cleanup-end, 0.0000172 secs]
4309.229: [GC pause (G1 Evacuation Pause) (young) 16828M->16001M(17856M), 0.0574539 secs]
4343.208: [GC pause (G1 Evacuation Pause) (mixed) 16825M->15974M(17856M), 0.0534505 secs]
4392.594: [GC pause (G1 Evacuation Pause) (young) 16806M->15984M(17856M), 0.0610015 secs]
4435.800: [GC pause (G1 Evacuation Pause) (young) (initial-mark) 16808M->15978M(17856M), 0.0553197 secs]
4435.855: [GC concurrent-root-region-scan-start]
4435.911: [GC concurrent-root-region-scan-end, 0.0552699 secs]
4435.911: [GC concurrent-mark-start]
4474.221: [GC pause (G1 Evacuation Pause) (young) 16810M->15991M(17856M), 0.0805144 secs]
4476.810: [GC concurrent-mark-end, 40.8992263 secs]
4476.811: [GC remark, 0.1328347 secs]
4476.945: [GC cleanup 16183M->16183M(17856M), 0.0476729 secs]
4515.137: [GC pause (G1 Evacuation Pause) (young) 16807M->15999M(17856M), 0.0667096 secs]
4548.764: [GC pause (G1 Evacuation Pause) (mixed) 16807M->15975M(17856M), 0.0962998 secs]
4581.856: [GC pause (G1 Evacuation Pause) (young) 16807M->15979M(17856M), 0.0610285 secs]
4621.731: [GC pause (G1 Evacuation Pause) (young) (initial-mark) 16811M->15983M(17856M), 0.0528194 secs]
4621.784: [GC concurrent-root-region-scan-start]
4621.832: [GC concurrent-root-region-scan-end, 0.0473314 secs]
4621.832: [GC concurrent-mark-start]
4661.239: [GC concurrent-mark-end, 39.4070669 secs]
4661.240: [GC remark, 0.1454377 secs]
4661.387: [GC cleanup 16653M->16653M(17856M), 0.0480520 secs]
4663.603: [GC pause (G1 Evacuation Pause) (young) 16807M->15979M(17856M), 0.0533822 secs]
4706.121: [GC pause (G1 Evacuation Pause) (mixed) 16811M->15967M(17856M), 0.0778700 secs]
4746.659: [GC pause (G1 Evacuation Pause) (young) 16799M->15979M(17856M), 0.0664095 secs]
4777.772: [GC pause (G1 Evacuation Pause) (young) (initial-mark) 16803M->15986M(17856M), 0.0544682 secs]
4777.827: [GC concurrent-root-region-scan-start]
4777.872: [GC concurrent-root-region-scan-end, 0.0454005 secs]
4777.872: [GC concurrent-mark-start]
4818.710: [GC concurrent-mark-end, 40.8379062 secs]
4818.711: [GC remark, 0.1656006 secs]
4818.880: [GC cleanup 16704M->16704M(17856M), 0.0524908 secs]
4819.703: [GC pause (G1 Evacuation Pause) (young) 16810M->15993M(17856M), 0.0593577 secs]
4861.337: [GC pause (G1 Evacuation Pause) (mixed) 16809M->15969M(17856M), 0.0643130 secs]
4913.225: [GC pause (G1 Evacuation Pause) (young) 16809M->15995M(17856M), 0.0606250 secs]
4965.129: [GC pause (G1 Evacuation Pause) (young) (initial-mark) 16827M->15986M(17856M), 0.0457821 secs]
4965.175: [GC concurrent-root-region-scan-start]
4965.211: [GC concurrent-root-region-scan-end, 0.0354118 secs]
4965.211: [GC concurrent-mark-start]
5006.810: [GC concurrent-mark-end, 41.5993814 secs]
5006.811: [GC remark, 0.1661315 secs]
5006.979: [GC cleanup 16702M->16702M(17856M), 0.0493511 secs]
5007.342: [GC pause (G1 Evacuation Pause) (young) 16834M->15987M(17856M), 0.0456748 secs]
5059.184: [GC pause (G1 Evacuation Pause) (mixed) 16835M->15969M(17856M), 0.0505332 secs]
5100.698: [GC pause (G1 Evacuation Pause) (young) 16809M->15965M(17856M), 0.0466056 secs]
5152.540: [GC pause (G1 Evacuation Pause) (young) (initial-mark) 16813M->15974M(17856M), 0.0478674 secs]
5152.588: [GC concurrent-root-region-scan-start]
5152.624: [GC concurrent-root-region-scan-end, 0.0360991 secs]
5152.624: [GC concurrent-mark-start]
5193.563: [GC concurrent-mark-end, 40.9389159 secs]
5193.565: [GC remark, 0.1415693 secs]
5193.709: [GC cleanup 16663M->16663M(17856M), 0.0500159 secs]
5194.921: [GC pause (G1 Evacuation Pause) (young) 16814M->15962M(17856M), 0.0462412 secs]
5246.869: [GC pause (G1 Evacuation Pause) (mixed) 16810M->15966M(17856M), 0.0548378 secs]
5298.698: [GC pause (G1 Evacuation Pause) (young) 16806M->15976M(17856M), 0.0646849 secs]
5350.533: [GC pause (G1 Evacuation Pause) (young) (initial-mark) 16816M->15978M(17856M), 0.0501327 secs]
5350.583: [GC concurrent-root-region-scan-start]
5350.615: [GC concurrent-root-region-scan-end, 0.0318330 secs]
5350.615: [GC concurrent-mark-start]
5381.959: [GC pause (G1 Evacuation Pause) (young) 16818M->15979M(17856M), 0.0430655 secs]
5390.646: [GC concurrent-mark-end, 40.0317082 secs]
5390.648: [GC remark, 0.1460954 secs]
5390.795: [GC cleanup 16046M->16046M(17856M), 0.0507796 secs]
5432.858: [GC pause (G1 Evacuation Pause) (young) 16819M->15996M(17856M), 0.0526075 secs]
5475.418: [GC pause (G1 Evacuation Pause) (mixed) 16820M->15967M(17856M), 0.0621229 secs]
5527.367: [GC pause (G1 Evacuation Pause) (young) 16815M->15973M(17856M), 0.0486943 secs]
5579.235: [GC pause (G1 Evacuation Pause) (young) (initial-mark) 16821M->15970M(17856M), 0.0414918 secs]
5579.277: [GC concurrent-root-region-scan-start]
5579.303: [GC concurrent-root-region-scan-end, 0.0264863 secs]
5579.303: [GC concurrent-mark-start]
5619.482: [GC concurrent-mark-end, 40.1786665 secs]
5619.483: [GC remark, 0.1432841 secs]
5619.629: [GC cleanup 16681M->16681M(17856M), 0.0481803 secs]
5621.178: [GC pause (G1 Evacuation Pause) (young) 16818M->15974M(17856M), 0.0396335 secs]
5673.043: [GC pause (G1 Evacuation Pause) (mixed) 16822M->15980M(17856M), 0.0441855 secs]
5706.680: [GC pause (G1 Evacuation Pause) (young) 16812M->15981M(17856M), 0.0465875 secs]
5756.205: [GC pause (G1 Evacuation Pause) (young) (initial-mark) 16813M->15965M(17856M), 0.0412376 secs]
5756.247: [GC concurrent-root-region-scan-start]
5756.273: [GC concurrent-root-region-scan-end, 0.0267703 secs]
5756.273: [GC concurrent-mark-start]
5796.520: [GC concurrent-mark-end, 40.2466338 secs]
5796.521: [GC remark, 0.1396036 secs]
5796.662: [GC cleanup 16614M->16614M(17856M), 0.0504649 secs]
5808.167: [GC pause (G1 Evacuation Pause) (young) 16813M->15965M(17856M), 0.0393447 secs]
5839.531: [GC pause (G1 Evacuation Pause) (mixed) 16813M->15966M(17856M), 0.0402968 secs]
5880.934: [GC pause (G1 Evacuation Pause) (young) 16806M->15971M(17856M), 0.0502023 secs]
5922.747: [GC pause (G1 Evacuation Pause) (young) (initial-mark) 16811M->15975M(17856M), 0.0484807 secs]
5922.796: [GC concurrent-root-region-scan-start]
5922.833: [GC concurrent-root-region-scan-end, 0.0365689 secs]
5922.833: [GC concurrent-mark-start]
5965.510: [GC concurrent-mark-end, 42.6774779 secs]
5965.511: [GC remark, 0.1444816 secs]
5965.658: [GC cleanup 16760M->16760M(17856M), 0.0527237 secs]
5973.020: [GC pause (G1 Evacuation Pause) (young) 16807M->15971M(17856M), 0.0504483 secs]
6006.093: [GC pause (G1 Evacuation Pause) (young) 16811M->15979M(17856M), 0.0492563 secs]
6047.799: [GC pause (G1 Evacuation Pause) (young) (initial-mark) 16811M->15967M(17856M), 0.0466838 secs]
6047.846: [GC concurrent-root-region-scan-start]
6047.878: [GC concurrent-root-region-scan-end, 0.0316475 secs]
6047.878: [GC concurrent-mark-start]
6083.720: [GC pause (G1 Evacuation Pause) (young) 16807M->15975M(17856M), 0.0505260 secs]
6089.187: [GC concurrent-mark-end, 41.3092465 secs]
6089.188: [GC remark, 0.1576950 secs]
6089.359: [GC cleanup 16023M->16023M(17856M), 0.0540826 secs]
6120.957: [GC pause (G1 Evacuation Pause) (young) 16807M->15983M(17856M), 0.0480646 secs]
6172.820: [GC pause (G1 Evacuation Pause) (young) 16807M->15975M(17856M), 0.0470983 secs]
6214.420: [GC pause (G1 Evacuation Pause) (young) (initial-mark) 16807M->15983M(17856M), 0.0506389 secs]
6214.471: [GC concurrent-root-region-scan-start]
6214.513: [GC concurrent-root-region-scan-end, 0.0424277 secs]
6214.513: [GC concurrent-mark-start]
6255.563: [GC concurrent-mark-end, 41.0503179 secs]
6255.565: [GC remark, 0.1788594 secs]
6255.745: [GC cleanup 16645M->16645M(17856M), 0.0878529 secs]
6256.399: [GC pause (G1 Evacuation Pause) (young) 16807M->15971M(17856M), 0.0585474 secs]
6297.987: [GC pause (G1 Evacuation Pause) (mixed) 16811M->15970M(17856M), 0.0613786 secs]
6349.963: [GC pause (G1 Evacuation Pause) (young) 16810M->15975M(17856M), 0.0516949 secs]
6401.966: [GC pause (G1 Evacuation Pause) (young) (initial-mark) 16815M->15976M(17856M), 0.0486042 secs]
6402.015: [GC concurrent-root-region-scan-start]
6402.058: [GC concurrent-root-region-scan-end, 0.0435302 secs]
6402.058: [GC concurrent-mark-start]
6442.340: [GC concurrent-mark-end, 40.2817620 secs]
6442.341: [GC remark, 0.1404179 secs]
6442.483: [GC cleanup 16676M->16676M(17856M), 0.0493146 secs]
6443.986: [GC pause (G1 Evacuation Pause) (young) 16816M->15977M(17856M), 0.0459134 secs]
6495.939: [GC pause (G1 Evacuation Pause) (mixed) 16817M->15973M(17856M), 0.0574537 secs]
6547.764: [GC pause (G1 Evacuation Pause) (young) 16805M->15987M(17856M), 0.0559292 secs]
6577.281: [GC pause (G1 Evacuation Pause) (young) (initial-mark) 16811M->15993M(17856M), 0.0430238 secs]
6577.324: [GC concurrent-root-region-scan-start]
6577.376: [GC concurrent-root-region-scan-end, 0.0515700 secs]
6577.376: [GC concurrent-mark-start]
6618.754: [GC concurrent-mark-end, 41.3784342 secs]
6618.756: [GC remark, 0.1472835 secs]
6618.905: [GC cleanup 16792M->16792M(17856M), 0.0548766 secs]
6620.699: [GC pause (G1 Evacuation Pause) (young) 16817M->15997M(17856M), 0.0558597 secs]
6661.856: [GC pause (G1 Evacuation Pause) (mixed) 16813M->15962M(17856M), 0.0492304 secs]
6693.945: [GC pause (G1 Evacuation Pause) (young) 16810M->15973M(17856M), 0.0511982 secs]
6725.243: [GC pause (G1 Evacuation Pause) (young) (initial-mark) 16813M->15987M(17856M), 0.0625783 secs]
6725.305: [GC concurrent-root-region-scan-start]
6725.357: [GC concurrent-root-region-scan-end, 0.0513915 secs]
6725.357: [GC concurrent-mark-start]
6765.499: [GC concurrent-mark-end, 40.1418756 secs]
6765.500: [GC remark, 0.1424071 secs]
6765.644: [GC cleanup 16538M->16538M(17856M), 0.0499498 secs]
6771.551: [GC pause (G1 Evacuation Pause) (young) 16819M->15983M(17856M), 0.0509060 secs]
6798.202: [GC pause (G1 Evacuation Pause) (mixed) 16815M->16008M(17856M), 0.0526960 secs]
6829.374: [GC pause (G1 Evacuation Pause) (young) 16808M->16062M(17856M), 0.0558589 secs]
6870.954: [GC pause (G1 Evacuation Pause) (young) (initial-mark) 16838M->16051M(17856M), 0.0578213 secs]
6871.012: [GC concurrent-root-region-scan-start]
6871.024: [GC concurrent-root-region-scan-end, 0.0116544 secs]
6871.024: [GC concurrent-mark-start]
6902.274: [GC pause (G1 Evacuation Pause) (young) 17731M->16948M(18312M), 0.0430750 secs]
6912.163: [GC concurrent-mark-end, 41.1393494 secs]
6912.165: [GC remark, 0.1906417 secs]
6912.360: [GC cleanup 18288M->18288M(19320M), 0.0805983 secs]
6912.837: [GC pause (G1 Evacuation Pause) (young) 18364M->18101M(19520M), 0.1102963 secs]
6933.911: [GC pause (G1 Evacuation Pause) (young) 18565M->18132M(19656M), 0.0546433 secs]
6975.262: [GC pause (G1 Evacuation Pause) (young) (initial-mark) 18700M->18131M(19680M), 0.0419574 secs]
6975.305: [GC concurrent-root-region-scan-start]
6975.319: [GC concurrent-root-region-scan-end, 0.0146137 secs]
6975.319: [GC concurrent-mark-start]
7007.034: [GC pause (G1 Evacuation Pause) (young) 18723M->18133M(19704M), 0.0395471 secs]
7017.330: [GC concurrent-mark-end, 42.0105635 secs]
7017.331: [GC remark, 0.1711294 secs]
7017.504: [GC cleanup 18253M->16669M(19704M), 0.0546405 secs]
7017.559: [GC concurrent-cleanup-start]
7017.560: [GC concurrent-cleanup-end, 0.0010025 secs]
7059.446: [GC pause (G1 Evacuation Pause) (young) 17509M->16558M(19704M), 0.0411368 secs]
7121.445: [GC pause (G1 Evacuation Pause) (mixed) 17510M->16344M(19704M), 0.0408073 secs]
7173.898: [GC pause (G1 Evacuation Pause) (young) 17544M->16356M(19704M), 0.0467998 secs]
7236.049: [GC pause (G1 Evacuation Pause) (young) (initial-mark) 17532M->16360M(19704M), 0.0543737 secs]
7236.103: [GC concurrent-root-region-scan-start]
7236.140: [GC concurrent-root-region-scan-end, 0.0367331 secs]
7236.140: [GC concurrent-mark-start]
7276.326: [GC concurrent-mark-end, 40.1859766 secs]
7276.328: [GC remark, 0.1456641 secs]
7276.475: [GC cleanup 16938M->16906M(19704M), 0.0484857 secs]
7276.524: [GC concurrent-cleanup-start]
7276.524: [GC concurrent-cleanup-end, 0.0001129 secs]
7308.577: [GC pause (G1 Evacuation Pause) (young) 17504M->16328M(19704M), 0.0505162 secs]
7360.670: [GC pause (G1 Evacuation Pause) (mixed) 17264M->16297M(19704M), 0.0417594 secs]
7423.186: [GC pause (G1 Evacuation Pause) (young) 17569M->16305M(19704M), 0.0545586 secs]
7474.815: [GC pause (G1 Evacuation Pause) (young) (initial-mark) 17561M->16309M(19704M), 0.0503081 secs]
7474.866: [GC concurrent-root-region-scan-start]
7474.905: [GC concurrent-root-region-scan-end, 0.0387508 secs]
7474.905: [GC concurrent-mark-start]
7505.335: [GC pause (G1 Evacuation Pause) (young) 19357M->18605M(20464M), 0.3094640 secs]
7508.037: [GC pause (G1 Humongous Allocation) (young)-- 19546M->19644M(20480M), 0.6244106 secs]
7508.685: [Full GC (Allocation Failure)  19649M->17283M(20480M), 45.1224654 secs]
7553.814: [GC concurrent-mark-abort]
7554.024: [GC pause (G1 Humongous Allocation) (young) (initial-mark) 17443M->17355M(20480M), 0.0405824 secs]
7554.064: [GC concurrent-root-region-scan-start]
7554.087: [GC concurrent-root-region-scan-end, 0.0224571 secs]
7554.087: [GC concurrent-mark-start]
7566.622: [GC pause (G1 Humongous Allocation) (young)-- 19313M->19393M(20480M), 1.3083634 secs]
7567.940: [Full GC (Allocation Failure)  19393M->17408M(20480M), 43.8411744 secs]
7611.783: [GC concurrent-mark-abort]
7611.793: [GC pause (G1 Humongous Allocation) (young) (initial-mark) 17448M->17456M(20480M), 0.0237510 secs]
7611.816: [GC concurrent-root-region-scan-start]
7611.821: [GC concurrent-root-region-scan-end, 0.0043574 secs]
7611.821: [GC concurrent-mark-start]
7651.584: [GC concurrent-mark-end, 39.7628741 secs]
7651.585: [GC remark, 0.1899151 secs]
7651.779: [GC cleanup 18227M->18227M(20480M), 0.0628134 secs]
7664.030: [GC pause (G1 Evacuation Pause) (young) 18496M->17512M(20480M), 0.0438829 secs]
7724.108: [GC pause (G1 Evacuation Pause) (young) 18496M->17512M(20480M), 0.0398373 secs]
7773.160: [GC pause (G1 Evacuation Pause) (young) (initial-mark) 18496M->17524M(20480M), 0.0454700 secs]
7773.206: [GC concurrent-root-region-scan-start]
7773.286: [GC concurrent-root-region-scan-end, 0.0802130 secs]
7773.286: [GC concurrent-mark-start]
7813.898: [GC concurrent-mark-end, 40.6121053 secs]
7813.899: [GC remark, 0.1444242 secs]
7814.045: [GC cleanup 18384M->16272M(20480M), 0.0473574 secs]
7814.093: [GC concurrent-cleanup-start]
7814.094: [GC concurrent-cleanup-end, 0.0011390 secs]
7819.853: [GC pause (G1 Evacuation Pause) (young) 16380M->15368M(20480M), 0.0439423 secs]
7882.082: [GC pause (G1 Evacuation Pause) (young) 16408M->15380M(20480M), 0.0468692 secs]
7955.912: [GC pause (G1 Evacuation Pause) (young) (initial-mark) 16756M->15380M(20480M), 0.0584837 secs]
7955.970: [GC concurrent-root-region-scan-start]
7956.008: [GC concurrent-root-region-scan-end, 0.0375716 secs]
7956.008: [GC concurrent-mark-start]
7995.304: [GC concurrent-mark-end, 39.2964376 secs]
7995.306: [GC remark, 0.1425693 secs]
7995.450: [GC cleanup 15922M->15922M(20480M), 0.0443135 secs]
8069.337: [GC pause (G1 Evacuation Pause) (young) 17220M->15384M(20480M), 0.0623474 secs]
8193.998: [GC pause (G1 Evacuation Pause) (young) 17888M->15396M(20480M), 0.0776498 secs]
8350.038: [GC pause (G1 Evacuation Pause) (young) (initial-mark) 18100M->15388M(20480M), 0.0854451 secs]
8350.124: [GC concurrent-root-region-scan-start]
8350.238: [GC concurrent-root-region-scan-end, 0.1146777 secs]
8350.238: [GC concurrent-mark-start]
8390.365: [GC concurrent-mark-end, 40.1261515 secs]
8390.366: [GC remark, 0.1445314 secs]
8390.512: [GC cleanup 16174M->16174M(20480M), 0.0453895 secs]
8495.670: [GC pause (G1 Evacuation Pause) (young) 18132M->15388M(20480M), 0.0871422 secs]
8661.773: [GC pause (G1 Evacuation Pause) (young) 18156M->15388M(20480M), 0.0761919 secs]
8807.449: [GC pause (G1 Evacuation Pause) (young) (initial-mark) 18180M->15392M(20480M), 0.0811840 secs]
8807.530: [GC concurrent-root-region-scan-start]
8807.575: [GC concurrent-root-region-scan-end, 0.0448686 secs]
8807.575: [GC concurrent-mark-start]
8847.031: [GC concurrent-mark-end, 39.4558370 secs]
8847.032: [GC remark, 0.1325123 secs]
8847.166: [GC cleanup 15963M->15963M(20480M), 0.0431853 secs]
8973.372: [GC pause (G1 Evacuation Pause) (young) 18200M->15396M(20480M), 0.0798530 secs]
9116.271: [GC pause (G1 Evacuation Pause) (young) 18204M->15400M(20480M), 0.0885567 secs]
9264.698: [GC pause (G1 Evacuation Pause) (young) (initial-mark) 18208M->15388M(20480M), 0.0794783 secs]
9264.778: [GC concurrent-root-region-scan-start]
9264.871: [GC concurrent-root-region-scan-end, 0.0927695 secs]
9264.871: [GC concurrent-mark-start]
9305.572: [GC concurrent-mark-end, 40.7009149 secs]
9305.573: [GC remark, 0.1622454 secs]
9305.737: [GC cleanup 16187M->16187M(20480M), 0.0508110 secs]
9305.788: [GC concurrent-cleanup-start]
9305.788: [GC concurrent-cleanup-end, 0.0000526 secs]
9410.787: [GC pause (G1 Evacuation Pause) (young) 18196M->15393M(20480M), 0.0945566 secs]
9573.852: [GC pause (G1 Evacuation Pause) (young) 18209M->15400M(20480M), 0.0886419 secs]
9721.811: [GC pause (G1 Evacuation Pause) (young) (initial-mark) 18216M->15394M(20480M), 0.0749621 secs]
9721.886: [GC concurrent-root-region-scan-start]
9721.926: [GC concurrent-root-region-scan-end, 0.0394756 secs]
9721.926: [GC concurrent-mark-start]
9761.907: [GC concurrent-mark-end, 39.9811422 secs]
9761.908: [GC remark, 0.1396590 secs]
9762.049: [GC cleanup 16033M->15553M(20480M), 0.0465714 secs]
9762.096: [GC concurrent-cleanup-start]
9762.097: [GC concurrent-cleanup-end, 0.0012218 secs]
9877.804: [GC pause (G1 Evacuation Pause) (young) 17738M->14923M(20480M), 0.0727252 secs]
10065.106: [GC pause (G1 Evacuation Pause) (young) 18339M->14919M(20480M), 0.0957514 secs]
10242.003: [GC pause (G1 Evacuation Pause) (young) (initial-mark) 18351M->14939M(20480M), 0.1023146 secs]
10242.106: [GC concurrent-root-region-scan-start]
10242.161: [GC concurrent-root-region-scan-end, 0.0547115 secs]
10242.161: [GC concurrent-mark-start]
10282.136: [GC concurrent-mark-end, 39.9751197 secs]
10282.137: [GC remark, 0.1387781 secs]
10282.277: [GC cleanup 15615M->15615M(20480M), 0.0431999 secs]
10408.148: [GC pause (G1 Evacuation Pause) (young) 18323M->14971M(20480M), 0.0818238 secs]
10564.398: [GC pause (G1 Evacuation Pause) (young) 18291M->14919M(20480M), 0.0765828 secs]
10751.564: [GC pause (G1 Evacuation Pause) (young) (initial-mark) 18327M->14927M(20480M), 0.0825914 secs]
10751.647: [GC concurrent-root-region-scan-start]
10751.691: [GC concurrent-root-region-scan-end, 0.0440836 secs]
10751.691: [GC concurrent-mark-start]
10793.207: [GC concurrent-mark-end, 41.5166871 secs]
10793.209: [GC remark, 0.1534672 secs]
10793.364: [GC cleanup 15799M->15799M(20480M), 0.0481286 secs]
10938.922: [GC pause (G1 Evacuation Pause) (young) 18327M->14915M(20480M), 0.0797452 secs]
11125.735: [GC pause (G1 Evacuation Pause) (young) 18331M->14923M(20480M), 0.0793712 secs]
11323.379: [GC pause (G1 Evacuation Pause) (young) (initial-mark) 18339M->14923M(20480M), 0.0890918 secs]
11323.468: [GC concurrent-root-region-scan-start]
11323.512: [GC concurrent-root-region-scan-end, 0.0439670 secs]
11323.512: [GC concurrent-mark-start]
11364.568: [GC concurrent-mark-end, 41.0553282 secs]
11364.569: [GC remark, 0.1408165 secs]
11364.711: [GC cleanup 15528M->15528M(20480M), 0.0447520 secs]
11510.464: [GC pause (G1 Evacuation Pause) (young) 18339M->14923M(20480M), 0.0799883 secs]
11697.462: [GC pause (G1 Evacuation Pause) (young) 18339M->14924M(20480M), 0.0889938 secs]
11894.294: [GC pause (G1 Evacuation Pause) (young) (initial-mark) 18340M->14925M(20480M), 0.0866683 secs]
11894.381: [GC concurrent-root-region-scan-start]
11894.425: [GC concurrent-root-region-scan-end, 0.0445765 secs]
11894.425: [GC concurrent-mark-start]
11934.113: [GC concurrent-mark-end, 39.6874453 secs]
11934.114: [GC remark, 0.1389036 secs]
11934.254: [GC cleanup 15628M->15628M(20480M), 0.0438700 secs]
12071.447: [GC pause (G1 Evacuation Pause) (young) 18333M->14921M(20480M), 0.0804867 secs]
12273.591: [GC pause (G1 Evacuation Pause) (young) 18345M->14925M(20480M), 0.0848575 secs]
12465.734: [GC pause (G1 Evacuation Pause) (young) (initial-mark) 18333M->14933M(20480M), 0.0808729 secs]
12465.815: [GC concurrent-root-region-scan-start]
12465.859: [GC concurrent-root-region-scan-end, 0.0439024 secs]
12465.859: [GC concurrent-mark-start]
12505.628: [GC concurrent-mark-end, 39.7685855 secs]
12505.629: [GC remark, 0.1687368 secs]
12505.801: [GC cleanup 15630M->15630M(20480M), 0.0485398 secs]
12642.828: [GC pause (G1 Evacuation Pause) (young) 18325M->14925M(20480M), 0.0841657 secs]
12850.357: [GC pause (G1 Evacuation Pause) (young) 18333M->14921M(20480M), 0.0915450 secs]
13027.232: [GC pause (G1 Evacuation Pause) (young) (initial-mark) 18345M->14925M(20480M), 0.0840068 secs]
13027.316: [GC concurrent-root-region-scan-start]
13027.355: [GC concurrent-root-region-scan-end, 0.0390320 secs]
13027.355: [GC concurrent-mark-start]
13068.028: [GC concurrent-mark-end, 40.6727299 secs]
13068.029: [GC remark, 0.1384030 secs]
13068.168: [GC cleanup 15525M->15525M(20480M), 0.0458441 secs]
13214.352: [GC pause (G1 Evacuation Pause) (young) 18333M->14941M(20480M), 0.0919045 secs]
13411.660: [GC pause (G1 Evacuation Pause) (young) 18317M->14925M(20480M), 0.0809159 secs]
13598.721: [GC pause (G1 Evacuation Pause) (young) (initial-mark) 18333M->14925M(20480M), 0.1005309 secs]
13598.821: [GC concurrent-root-region-scan-start]
13598.870: [GC concurrent-root-region-scan-end, 0.0486270 secs]
13598.870: [GC concurrent-mark-start]
13639.381: [GC concurrent-mark-end, 40.5112292 secs]
13639.383: [GC remark, 0.1803251 secs]
13639.564: [GC cleanup 15532M->15532M(20480M), 0.0445097 secs]
13785.757: [GC pause (G1 Evacuation Pause) (young) 18333M->14930M(20480M), 0.0793285 secs]
13981.276: [GC pause (G1 Evacuation Pause) (young) 18338M->14934M(20480M), 0.0870241 secs]
14096.797: [GC pause (G1 Humongous Allocation) (young) (initial-mark) 17668M->14938M(20480M), 0.0676138 secs]
14096.865: [GC concurrent-root-region-scan-start]
14096.899: [GC concurrent-root-region-scan-end, 0.0341767 secs]
14096.899: [GC concurrent-mark-start]
14137.081: [GC concurrent-mark-end, 40.1820840 secs]
14137.083: [GC remark, 0.1373208 secs]
14137.221: [GC cleanup 17899M->17899M(20480M), 0.0441775 secs]
14232.533: [GC pause (G1 Evacuation Pause) (young)-- 19490M->17568M(20480M), 0.8905285 secs]
14285.657: [GC pause (G1 Evacuation Pause) (young) 18592M->17590M(20480M), 0.0520016 secs]
14347.846: [GC pause (G1 Evacuation Pause) (young) (initial-mark) 18590M->17588M(20480M), 0.0372605 secs]
14347.884: [GC concurrent-root-region-scan-start]
14347.896: [GC concurrent-root-region-scan-end, 0.0120817 secs]
14347.896: [GC concurrent-mark-start]
14388.962: [GC concurrent-mark-end, 41.0660696 secs]
14388.963: [GC remark, 0.1682332 secs]
14389.133: [GC cleanup 18407M->17359M(20480M), 0.0457351 secs]
14389.179: [GC concurrent-cleanup-start]
14389.180: [GC concurrent-cleanup-end, 0.0004762 secs]
14395.179: [GC pause (G1 Evacuation Pause) (young) 17540M->16544M(20480M), 0.0363976 secs]
14451.757: [GC pause (G1 Evacuation Pause) (mixed) 17544M->15702M(20480M), 0.0441814 secs]
14597.384: [GC pause (G1 Evacuation Pause) (young) 18318M->15696M(20480M), 0.0699936 secs]
14697.058: [GC pause (G1 Humongous Allocation) (young) (initial-mark) 17524M->15696M(20480M), 0.0611693 secs]
14697.119: [GC concurrent-root-region-scan-start]
14697.183: [GC concurrent-root-region-scan-end, 0.0635379 secs]
14697.183: [GC concurrent-mark-start]
14706.981: [GC pause (G1 Humongous Allocation) (young)-- 19424M->19480M(20480M), 2.8733537 secs]
14710.198: [GC pause (G1 Humongous Allocation) (young)-- 19655M->19719M(20480M), 1.7355812 secs]
14711.935: [Full GC (Allocation Failure)  19719M->17749M(20480M), 46.3178828 secs]
14758.254: [GC concurrent-mark-abort]
14758.267: [GC pause (G1 Humongous Allocation) (young) (initial-mark) 17789M->17797M(20480M), 0.0243496 secs]
14758.291: [GC concurrent-root-region-scan-start]
14758.295: [GC concurrent-root-region-scan-end, 0.0039720 secs]
14758.295: [GC concurrent-mark-start]
14779.488: [GC pause (G1 Evacuation Pause) (young)-- 19493M->19493M(20480M), 2.1491841 secs]
14781.655: [GC pause (G1 Evacuation Pause) (young) 19493M->19493M(20480M), 0.0673579 secs]
14781.731: [Full GC (Allocation Failure)  19493M->16025M(20480M), 42.3714774 secs]
14824.103: [GC concurrent-mark-abort]
14927.772: [GC pause (G1 Evacuation Pause) (young) 17729M->16043M(20480M), 0.0593111 secs]
15010.967: [GC pause (G1 Evacuation Pause) (young) (initial-mark) 17739M->16078M(20480M), 0.0572567 secs]
15011.025: [GC concurrent-root-region-scan-start]
15011.058: [GC concurrent-root-region-scan-end, 0.0331080 secs]
15011.058: [GC concurrent-mark-start]
15050.770: [GC concurrent-mark-end, 39.7117126 secs]
15050.771: [GC remark, 0.1401984 secs]
15050.914: [GC cleanup 16887M->15703M(20480M), 0.0463951 secs]
15050.960: [GC concurrent-cleanup-start]
15050.961: [GC concurrent-cleanup-end, 0.0005828 secs]
15104.608: [GC pause (G1 Evacuation Pause) (young) 16670M->14901M(20480M), 0.1019477 secs]
15260.727: [GC pause (G1 Evacuation Pause) (young) 17605M->14889M(20480M), 0.0750422 secs]
15427.116: [GC pause (G1 Evacuation Pause) (young) (initial-mark) 18121M->14893M(20480M), 0.0776891 secs]
15427.194: [GC concurrent-root-region-scan-start]
15427.235: [GC concurrent-root-region-scan-end, 0.0416231 secs]
15427.235: [GC concurrent-mark-start]
15467.206: [GC concurrent-mark-end, 39.9709784 secs]
15467.208: [GC remark, 0.1497317 secs]
15467.359: [GC cleanup 15555M->15555M(20480M), 0.1282071 secs]
15603.720: [GC pause (G1 Evacuation Pause) (young) 18157M->14897M(20480M), 0.1020875 secs]
15732.761: [GC pause (G1 Evacuation Pause) (young) 18201M->14897M(20480M), 0.0981572 secs]
15904.865: [GC pause (G1 Evacuation Pause) (young) (initial-mark) 18233M->14901M(20480M), 0.0988527 secs]
15904.964: [GC concurrent-root-region-scan-start]
15905.074: [GC concurrent-root-region-scan-end, 0.1102435 secs]
15905.074: [GC concurrent-mark-start]
15945.163: [GC concurrent-mark-end, 40.0889753 secs]
15945.164: [GC remark, 0.1499700 secs]
15945.316: [GC cleanup 15504M->15504M(20480M), 0.0455588 secs]
16102.521: [GC pause (G1 Evacuation Pause) (young) 18253M->14905M(20480M), 0.0884075 secs]
16267.572: [GC pause (G1 Evacuation Pause) (young) 18281M->14893M(20480M), 0.0771026 secs]
16414.347: [GC pause (G1 Evacuation Pause) (young) (initial-mark) 18285M->14897M(20480M), 0.0737685 secs]
16414.421: [GC concurrent-root-region-scan-start]
16414.465: [GC concurrent-root-region-scan-end, 0.0435728 secs]
16414.465: [GC concurrent-mark-start]
16454.242: [GC concurrent-mark-end, 39.7769919 secs]
16454.243: [GC remark, 0.1381448 secs]
16454.383: [GC cleanup 15497M->15497M(20480M), 0.0454979 secs]
16601.144: [GC pause (G1 Evacuation Pause) (young) 18305M->14889M(20480M), 0.0829157 secs]
16788.084: [GC pause (G1 Evacuation Pause) (young) 18313M->14897M(20480M), 0.0773893 secs]
16985.351: [GC pause (G1 Evacuation Pause) (young) (initial-mark) 18321M->14893M(20480M), 0.0849863 secs]
16985.436: [GC concurrent-root-region-scan-start]
16985.479: [GC concurrent-root-region-scan-end, 0.0423172 secs]
16985.479: [GC concurrent-mark-start]
17025.085: [GC concurrent-mark-end, 39.6064470 secs]
17025.087: [GC remark, 0.1554267 secs]
17025.243: [GC cleanup 15564M->15564M(20480M), 0.0448796 secs]
17172.345: [GC pause (G1 Evacuation Pause) (young) 18317M->14893M(20480M), 0.0823030 secs]
17369.941: [GC pause (G1 Evacuation Pause) (young) 18325M->14893M(20480M), 0.0861213 secs]
17556.843: [GC pause (G1 Evacuation Pause) (young) (initial-mark) 18317M->14886M(20480M), 0.0956446 secs]
17556.939: [GC concurrent-root-region-scan-start]
17556.978: [GC concurrent-root-region-scan-end, 0.0389431 secs]
17556.978: [GC concurrent-mark-start]
17597.136: [GC concurrent-mark-end, 40.1577992 secs]
17597.137: [GC remark, 0.1708867 secs]
17597.310: [GC cleanup 15784M->15688M(20480M), 0.0796742 secs]
17597.390: [GC concurrent-cleanup-start]
17597.390: [GC concurrent-cleanup-end, 0.0000494 secs]
17705.447: [GC pause (G1 Evacuation Pause) (young) 18230M->14818M(20480M), 0.0896519 secs]
17910.281: [GC pause (G1 Evacuation Pause) (young) 18330M->14802M(20480M), 0.0938068 secs]
18097.450: [GC pause (G1 Evacuation Pause) (young) (initial-mark) 18346M->14794M(20480M), 0.0832214 secs]
18097.533: [GC concurrent-root-region-scan-start]
18097.627: [GC concurrent-root-region-scan-end, 0.0932682 secs]
18097.627: [GC concurrent-mark-start]
18137.724: [GC concurrent-mark-end, 40.0974804 secs]
18137.725: [GC remark, 0.1341894 secs]
18137.861: [GC cleanup 15387M->15387M(20480M), 0.0428228 secs]
18295.376: [GC pause (G1 Evacuation Pause) (young) 18346M->14798M(20480M), 0.0856748 secs]
18503.068: [GC pause (G1 Evacuation Pause) (young) 18342M->14798M(20480M), 0.0853094 secs]
18690.285: [GC pause (G1 Evacuation Pause) (young) (initial-mark) 18342M->14803M(20480M), 0.0849854 secs]
18690.370: [GC concurrent-root-region-scan-start]
18690.417: [GC concurrent-root-region-scan-end, 0.0471218 secs]
18690.417: [GC concurrent-mark-start]
18730.148: [GC concurrent-mark-end, 39.7306832 secs]
18730.149: [GC remark, 0.1389295 secs]
18730.290: [GC cleanup 15365M->15365M(20480M), 0.0450835 secs]
18887.668: [GC pause (G1 Evacuation Pause) (young) 18347M->14795M(20480M), 0.0845158 secs]
19095.812: [GC pause (G1 Evacuation Pause) (young) 18355M->14799M(20480M), 0.1009726 secs]
19283.443: [GC pause (G1 Evacuation Pause) (young) (initial-mark) 18343M->14799M(20480M), 0.0892051 secs]
19283.532: [GC concurrent-root-region-scan-start]
19283.571: [GC concurrent-root-region-scan-end, 0.0391605 secs]
19283.572: [GC concurrent-mark-start]
19325.939: [GC concurrent-mark-end, 42.3674011 secs]
19325.940: [GC remark, 0.1473025 secs]
19326.089: [GC cleanup 15576M->15576M(20480M), 0.0470680 secs]
19481.815: [GC pause (G1 Evacuation Pause) (young) 18343M->14799M(20480M), 0.0911414 secs]
19690.077: [GC pause (G1 Evacuation Pause) (young) 18343M->14807M(20480M), 0.0938221 secs]
19877.764: [GC pause (G1 Evacuation Pause) (young) (initial-mark) 18335M->14799M(20480M), 0.0920793 secs]
19877.856: [GC concurrent-root-region-scan-start]
19877.899: [GC concurrent-root-region-scan-end, 0.0427012 secs]
19877.899: [GC concurrent-mark-start]
19918.285: [GC concurrent-mark-end, 40.3854780 secs]
19918.286: [GC remark, 0.1507290 secs]
19918.438: [GC cleanup 15346M->15346M(20480M), 0.0517024 secs]
20075.596: [GC pause (G1 Evacuation Pause) (young) 18343M->14799M(20480M), 0.1212678 secs]
20283.160: [GC pause (G1 Evacuation Pause) (young) 18343M->14803M(20480M), 0.0993040 secs]
20470.327: [GC pause (G1 Evacuation Pause) (young) (initial-mark) 18347M->14795M(20480M), 0.0885888 secs]
20470.416: [GC concurrent-root-region-scan-start]
20470.464: [GC concurrent-root-region-scan-end, 0.0479664 secs]
20470.464: [GC concurrent-mark-start]
20511.760: [GC concurrent-mark-end, 41.2964253 secs]
20511.761: [GC remark, 0.1967081 secs]
20511.960: [GC cleanup 15427M->15427M(20480M), 0.0710359 secs]
20674.165: [GC pause (G1 Evacuation Pause) (young) 18355M->14795M(20480M), 0.0800614 secs]
20875.463: [GC pause (G1 Evacuation Pause) (young) 18355M->14799M(20480M), 0.0894618 secs]
21072.921: [GC pause (G1 Evacuation Pause) (young) (initial-mark) 18343M->14799M(20480M), 0.0821071 secs]
21073.004: [GC concurrent-root-region-scan-start]
21073.041: [GC concurrent-root-region-scan-end, 0.0377862 secs]
21073.041: [GC concurrent-mark-start]
21112.722: [GC concurrent-mark-end, 39.6810730 secs]
21112.724: [GC remark, 0.1381450 secs]
21112.863: [GC cleanup 15495M->15495M(20480M), 0.0437670 secs]
21239.268: [GC pause (G1 Evacuation Pause) (young) 18343M->14903M(20480M), 0.0859923 secs]
21296.867: [GC pause (G1 Humongous Allocation) (young) (initial-mark) 16064M->14796M(20480M), 0.0589016 secs]
21296.926: [GC concurrent-root-region-scan-start]
21296.964: [GC concurrent-root-region-scan-end, 0.0381187 secs]
21296.964: [GC concurrent-mark-start]
21337.293: [GC concurrent-mark-end, 40.3285667 secs]
21337.294: [GC remark, 0.1293482 secs]
21337.425: [GC cleanup 17771M->17771M(20480M), 0.0427236 secs]
21437.137: [GC pause (G1 Evacuation Pause) (young)-- 19500M->17593M(20480M), 0.9267706 secs]
21490.242: [GC pause (G1 Evacuation Pause) (young) 18617M->17615M(20480M), 0.0472141 secs]
21552.354: [GC pause (G1 Evacuation Pause) (young) (initial-mark) 18615M->17614M(20480M), 0.0359874 secs]
21552.390: [GC concurrent-root-region-scan-start]
21552.402: [GC concurrent-root-region-scan-end, 0.0117382 secs]
21552.402: [GC concurrent-mark-start]
21592.195: [GC concurrent-mark-end, 39.7935814 secs]
21592.197: [GC remark, 0.1724502 secs]
21592.370: [GC cleanup 18443M->17619M(20480M), 0.0522251 secs]
21592.423: [GC concurrent-cleanup-start]
21592.423: [GC concurrent-cleanup-end, 0.0003130 secs]
21594.141: [GC pause (G1 Evacuation Pause) (young) 17790M->16799M(20480M), 0.0324303 secs]
21647.284: [GC pause (G1 Evacuation Pause) (mixed) 17791M->15694M(20480M), 0.0499222 secs]
21802.561: [GC pause (G1 Evacuation Pause) (young) 18350M->15709M(20480M), 0.0986510 secs]
21897.078: [GC pause (G1 Humongous Allocation) (young) (initial-mark) 17508M->15701M(20480M), 0.0678313 secs]
21897.146: [GC concurrent-root-region-scan-start]
21897.199: [GC concurrent-root-region-scan-end, 0.0538488 secs]
21897.199: [GC concurrent-mark-start]
21908.457: [GC pause (G1 Humongous Allocation) (young)-- 19672M->19716M(20480M), 5.2366012 secs]
21913.696: [Full GC (Allocation Failure)  19716M->17785M(20480M), 51.9272795 secs]
21965.624: [GC concurrent-mark-abort]
21965.637: [GC pause (G1 Humongous Allocation) (young) (initial-mark) 17821M->17833M(20480M), 0.0228685 secs]
21965.660: [GC concurrent-root-region-scan-start]
21965.665: [GC concurrent-root-region-scan-end, 0.0044974 secs]
21965.665: [GC concurrent-mark-start]
21997.063: [GC pause (G1 Evacuation Pause) (young)-- 19497M->19497M(20480M), 2.0046317 secs]
21999.070: [GC pause (G1 Evacuation Pause) (young) 19497M->19497M(20480M), 0.0788602 secs]
21999.150: [GC pause (G1 Evacuation Pause) (young) 19497M->19497M(20480M), 0.0197086 secs]
21999.171: [GC pause (G1 Evacuation Pause) (young) 19497M->19497M(20480M), 0.0146349 secs]
21999.187: [GC pause (G1 Evacuation Pause) (young) 19497M->19497M(20480M), 0.0123606 secs]
21999.202: [GC pause (G1 Evacuation Pause) (young) 19497M->19497M(20480M), 0.0138388 secs]
21999.217: [GC pause (G1 Evacuation Pause) (young) 19497M->19497M(20480M), 0.0128589 secs]
21999.232: [GC pause (G1 Evacuation Pause) (young) 19497M->19497M(20480M), 0.0156163 secs]
21999.249: [GC pause (G1 Evacuation Pause) (young) 19497M->19497M(20480M), 0.0151850 secs]
21999.267: [GC pause (GCLocker Initiated GC) (young) 19497M->19497M(20480M), 0.0127992 secs]
21999.281: [GC pause (G1 Evacuation Pause) (young) 19497M->19497M(20480M), 0.0133948 secs]
21999.295: [GC pause (G1 Evacuation Pause) (young) 19497M->19497M(20480M), 0.0113678 secs]
21999.307: [GC pause (G1 Evacuation Pause) (young) 19497M->19497M(20480M), 0.0110384 secs]
21999.319: [Full GC (Allocation Failure)  19497M->16094M(20480M), 44.0723616 secs]
22043.392: [GC concurrent-mark-abort]
22095.629: [GC pause (G1 Evacuation Pause) (young) 17118M->16114M(20480M), 0.0418507 secs]
22157.999: [GC pause (G1 Evacuation Pause) (young) (initial-mark) 17114M->16108M(20480M), 0.0365016 secs]
22158.036: [GC concurrent-root-region-scan-start]
22158.048: [GC concurrent-root-region-scan-end, 0.0124818 secs]
22158.048: [GC concurrent-mark-start]
22197.893: [GC concurrent-mark-end, 39.8447085 secs]
22197.894: [GC remark, 0.1351098 secs]
22198.032: [GC cleanup 16985M->15673M(20480M), 0.0471462 secs]
22198.079: [GC concurrent-cleanup-start]
22198.080: [GC concurrent-cleanup-end, 0.0007067 secs]
22199.882: [GC pause (G1 Evacuation Pause) (young) 15804M->14805M(20480M), 0.0350054 secs]
22252.099: [GC pause (G1 Evacuation Pause) (young) 15805M->14826M(20480M), 0.0434388 secs]
22314.279: [GC pause (G1 Evacuation Pause) (young) (initial-mark) 15802M->14826M(20480M), 0.0444076 secs]
22314.324: [GC concurrent-root-region-scan-start]
22314.352: [GC concurrent-root-region-scan-end, 0.0286018 secs]
22314.352: [GC concurrent-mark-start]
22355.528: [GC concurrent-mark-end, 41.1753236 secs]
22355.529: [GC remark, 0.1365187 secs]
22355.667: [GC cleanup 15481M->15481M(20480M), 0.0433349 secs]
22366.683: [GC pause (G1 Evacuation Pause) (young) 15802M->14826M(20480M), 0.0447668 secs]
22428.948: [GC pause (G1 Evacuation Pause) (young) 15802M->14818M(20480M), 0.0443663 secs]
22475.117: [GC pause (G1 Evacuation Pause) (young) (initial-mark) 15802M->14834M(20480M), 0.1207489 secs]
22475.238: [GC concurrent-root-region-scan-start]
22475.337: [GC concurrent-root-region-scan-end, 0.0987663 secs]
22475.337: [GC concurrent-mark-start]
22516.315: [GC concurrent-mark-end, 40.9787543 secs]
22516.317: [GC remark, 0.1378865 secs]
22516.456: [GC cleanup 15700M->15700M(20480M), 0.0459233 secs]
22522.884: [GC pause (G1 Evacuation Pause) (young) 15802M->14878M(20480M), 0.0581230 secs]
22575.021: [GC pause (G1 Evacuation Pause) (young) 15806M->14828M(20480M), 0.0462278 secs]
22637.102: [GC pause (G1 Evacuation Pause) (young) (initial-mark) 15804M->14832M(20480M), 0.0469240 secs]
22637.149: [GC concurrent-root-region-scan-start]
22637.177: [GC concurrent-root-region-scan-end, 0.0278734 secs]
22637.177: [GC concurrent-mark-start]
22679.535: [GC concurrent-mark-end, 42.3575034 secs]
22679.536: [GC remark, 0.1495703 secs]
22679.688: [GC cleanup 15692M->15660M(20480M), 0.0479145 secs]
22679.736: [GC concurrent-cleanup-start]
22679.736: [GC concurrent-cleanup-end, 0.0000250 secs]
22689.470: [GC pause (G1 Evacuation Pause) (young) 15776M->14792M(20480M), 0.0418084 secs]
22877.232: [GC pause (G1 Evacuation Pause) (young) 18336M->14808M(20480M), 0.1082935 secs]
22939.520: [GC pause (G1 Evacuation Pause) (young) (initial-mark) 15776M->14788M(20480M), 0.0472204 secs]
22939.567: [GC concurrent-root-region-scan-start]
22939.637: [GC concurrent-root-region-scan-end, 0.0699863 secs]
22939.637: [GC concurrent-mark-start]
22980.080: [GC concurrent-mark-end, 40.4429301 secs]
22980.081: [GC remark, 0.1438919 secs]
22980.227: [GC cleanup 15407M->15407M(20480M), 0.0456636 secs]
23105.908: [GC pause (G1 Evacuation Pause) (young) 17780M->14804M(20480M), 0.0774864 secs]
23304.051: [GC pause (G1 Evacuation Pause) (young) 18300M->14804M(20480M), 0.0845626 secs]
23501.595: [GC pause (G1 Evacuation Pause) (young) (initial-mark) 18324M->14808M(20480M), 0.1150981 secs]
23501.719: [GC concurrent-root-region-scan-start]
23501.764: [GC concurrent-root-region-scan-end, 0.0449957 secs]
23501.764: [GC concurrent-mark-start]
23542.945: [GC concurrent-mark-end, 41.1817687 secs]
23542.947: [GC remark, 0.1453466 secs]
23543.094: [GC cleanup 15499M->15499M(20480M), 0.0462986 secs]
23689.266: [GC pause (G1 Evacuation Pause) (young) 18336M->14808M(20480M), 0.1778327 secs]
23783.414: [GC pause (G1 Evacuation Pause) (young) 16512M->14796M(20480M), 0.0589837 secs]
23980.510: [GC pause (G1 Evacuation Pause) (young) (initial-mark) 18332M->14804M(20480M), 0.0844974 secs]
23980.595: [GC concurrent-root-region-scan-start]
23980.635: [GC concurrent-root-region-scan-end, 0.0407303 secs]
23980.635: [GC concurrent-mark-start]
24022.916: [GC concurrent-mark-end, 42.2802602 secs]
24022.917: [GC remark, 0.1513087 secs]
24023.071: [GC cleanup 15581M->15581M(20480M), 0.0488976 secs]
24188.350: [GC pause (G1 Evacuation Pause) (young) 18340M->14800M(20480M), 0.0881346 secs]
24385.925: [GC pause (G1 Evacuation Pause) (young) 18352M->14804M(20480M), 0.0984447 secs]
24583.497: [GC pause (G1 Evacuation Pause) (young) (initial-mark) 18356M->14804M(20480M), 0.0880507 secs]
24583.585: [GC concurrent-root-region-scan-start]
24583.631: [GC concurrent-root-region-scan-end, 0.0456902 secs]
24583.631: [GC concurrent-mark-start]
24626.455: [GC concurrent-mark-end, 42.8242553 secs]
24626.456: [GC remark, 0.1499630 secs]
24626.608: [GC cleanup 15681M->15681M(20480M), 0.0617499 secs]
24781.442: [GC pause (G1 Evacuation Pause) (young) 18356M->14812M(20480M), 0.1084674 secs]
24937.552: [GC pause (G1 Evacuation Pause) (young) 18348M->14804M(20480M), 0.0771035 secs]
25145.739: [GC pause (G1 Evacuation Pause) (young) (initial-mark) 18356M->14808M(20480M), 0.0959845 secs]
25145.835: [GC concurrent-root-region-scan-start]
25145.902: [GC concurrent-root-region-scan-end, 0.0671453 secs]
25145.902: [GC concurrent-mark-start]
25186.958: [GC concurrent-mark-end, 41.0562865 secs]
25186.960: [GC remark, 0.1438777 secs]
25187.105: [GC cleanup 15619M->15619M(20480M), 0.0497730 secs]
25333.354: [GC pause (G1 Evacuation Pause) (young) 18360M->14800M(20480M), 0.0835080 secs]
25540.958: [GC pause (G1 Evacuation Pause) (young) 18368M->14800M(20480M), 0.1049275 secs]
25748.994: [GC pause (G1 Evacuation Pause) (young) (initial-mark) 18368M->14808M(20480M), 0.1036359 secs]
25749.098: [GC concurrent-root-region-scan-start]
25749.208: [GC concurrent-root-region-scan-end, 0.1101963 secs]
25749.208: [GC concurrent-mark-start]
25790.251: [GC concurrent-mark-end, 41.0435978 secs]
25790.253: [GC remark, 0.1432684 secs]
25790.398: [GC cleanup 15700M->15700M(20480M), 0.0462995 secs]
25936.524: [GC pause (G1 Evacuation Pause) (young) 18360M->14804M(20480M), 0.0930414 secs]
26092.779: [GC pause (G1 Evacuation Pause) (young) 18356M->14804M(20480M), 0.0748097 secs]
26212.339: [GC pause (G1 Evacuation Pause) (young) (initial-mark) 18356M->14800M(20480M), 0.0776643 secs]
26212.417: [GC concurrent-root-region-scan-start]
26212.465: [GC concurrent-root-region-scan-end, 0.0479107 secs]
26212.465: [GC concurrent-mark-start]
26253.290: [GC concurrent-mark-end, 40.8243396 secs]
26253.291: [GC remark, 0.1501569 secs]
26253.443: [GC cleanup 16415M->16415M(20480M), 0.0481868 secs]
26363.466: [GC pause (G1 Evacuation Pause) (young) 18368M->14812M(20480M), 0.0929701 secs]
26550.938: [GC pause (G1 Evacuation Pause) (young) 18348M->14812M(20480M), 0.1032631 secs]
26748.630: [GC pause (G1 Evacuation Pause) (young) (initial-mark) 18348M->14808M(20480M), 0.0910796 secs]
26748.721: [GC concurrent-root-region-scan-start]
26748.769: [GC concurrent-root-region-scan-end, 0.0480897 secs]
26748.769: [GC concurrent-mark-start]
26790.011: [GC concurrent-mark-end, 41.2419498 secs]
26790.013: [GC remark, 0.1454519 secs]
26790.159: [GC cleanup 15380M->15372M(20480M), 0.0471874 secs]
26790.207: [GC concurrent-cleanup-start]
26790.207: [GC concurrent-cleanup-end, 0.0000508 secs]
26956.990: [GC pause (G1 Evacuation Pause) (young) 18352M->14804M(20480M), 0.0921230 secs]
27160.277: [Full GC (System.gc())  17674M->14613M(20480M), 47.6757329 secs]
27216.409: [GC pause (G1 Humongous Allocation) (young) (initial-mark) 17290M->14905M(20480M), 0.2719038 secs]
27216.681: [GC concurrent-root-region-scan-start]
27216.965: [GC concurrent-root-region-scan-end, 0.2834478 secs]
27216.965: [GC concurrent-mark-start]
27253.479: [GC pause (G1 Evacuation Pause) (young) 15681M->14823M(20480M), 0.1778200 secs]
27257.060: [GC concurrent-mark-end, 40.0953662 secs]
27257.062: [GC remark, 0.1611032 secs]
27257.225: [GC cleanup 15007M->15007M(20480M), 0.0458741 secs]
27347.522: [GC pause (G1 Evacuation Pause) (young) 18271M->14857M(20480M), 0.0713985 secs]
27503.642: [GC pause (G1 Evacuation Pause) (young) 18289M->14869M(20480M), 0.0861627 secs]
27690.823: [GC pause (G1 Evacuation Pause) (young) (initial-mark) 18309M->14857M(20480M), 0.0955604 secs]
27690.918: [GC concurrent-root-region-scan-start]
27690.976: [GC concurrent-root-region-scan-end, 0.0574775 secs]
27690.976: [GC concurrent-mark-start]
27731.980: [GC concurrent-mark-end, 41.0037919 secs]
27731.981: [GC remark, 0.1660907 secs]
27732.149: [GC cleanup 15513M->15513M(20480M), 0.0533609 secs]
27878.449: [GC pause (G1 Evacuation Pause) (young) 18321M->14865M(20480M), 0.0937837 secs]
28086.408: [GC pause (G1 Evacuation Pause) (young) 18337M->14865M(20480M), 0.1043962 secs]
28273.861: [GC pause (G1 Evacuation Pause) (young) (initial-mark) 18337M->14861M(20480M), 0.1177721 secs]
28273.979: [GC concurrent-root-region-scan-start]
28274.040: [GC concurrent-root-region-scan-end, 0.0611728 secs]
28274.040: [GC concurrent-mark-start]
28314.191: [GC concurrent-mark-end, 40.1502081 secs]
28314.192: [GC remark, 0.1487656 secs]
28314.343: [GC cleanup 15488M->15488M(20480M), 0.0487828 secs]
28398.826: [GC pause (G1 Evacuation Pause) (young) 18333M->14905M(20480M), 0.0855302 secs]
28496.832: [GC pause (G1 Humongous Allocation) (young) (initial-mark) 17164M->14869M(20480M), 0.0795343 secs]
28496.912: [GC concurrent-root-region-scan-start]
28496.974: [GC concurrent-root-region-scan-end, 0.0626203 secs]
28496.974: [GC concurrent-mark-start]
28538.718: [GC concurrent-mark-end, 41.7436797 secs]
28538.720: [GC remark, 0.1483341 secs]
28538.870: [GC cleanup 17813M->17813M(20480M), 0.0462566 secs]
28638.449: [GC pause (G1 Evacuation Pause) (young)-- 19501M->17573M(20480M), 0.9860784 secs]
28701.685: [GC pause (G1 Evacuation Pause) (young) 18597M->17593M(20480M), 0.0510715 secs]
28754.019: [GC pause (G1 Evacuation Pause) (young) (initial-mark) 18593M->17591M(20480M), 0.0378450 secs]
28754.057: [GC concurrent-root-region-scan-start]
28754.072: [GC concurrent-root-region-scan-end, 0.0144268 secs]
28754.072: [GC concurrent-mark-start]
28794.742: [GC concurrent-mark-end, 40.6707791 secs]
28794.744: [GC remark, 0.1651560 secs]
28794.919: [GC cleanup 18332M->17188M(20480M), 0.0734146 secs]
28794.993: [GC concurrent-cleanup-start]
28794.993: [GC concurrent-cleanup-end, 0.0004852 secs]
28805.892: [GC pause (G1 Evacuation Pause) (young) 17447M->16464M(20480M), 0.0429854 secs]
28858.074: [GC pause (G1 Evacuation Pause) (mixed) 17448M->15797M(20480M), 0.0906378 secs]
29014.018: [GC pause (G1 Evacuation Pause) (young) 18381M->15805M(20480M), 0.0735415 secs]
29096.942: [GC pause (G1 Humongous Allocation) (young) (initial-mark) 17392M->15805M(20480M), 0.0724870 secs]
29097.020: [GC concurrent-root-region-scan-start]
29097.055: [GC concurrent-root-region-scan-end, 0.0349903 secs]
29097.055: [GC concurrent-mark-start]
29108.687: [GC pause (G1 Humongous Allocation) (young)-- 19481M->19697M(20480M), 3.1013942 secs]
29111.790: [Full GC (Allocation Failure)  19697M->17482M(20480M), 46.4472622 secs]
29158.238: [GC concurrent-mark-abort]
29160.019: [GC pause (G1 Humongous Allocation) (young) (initial-mark) 17712M->17538M(20480M), 0.0351649 secs]
29160.054: [GC concurrent-root-region-scan-start]
29160.068: [GC concurrent-root-region-scan-end, 0.0143043 secs]
29160.068: [GC concurrent-mark-start]
29189.678: [GC pause (G1 Evacuation Pause) (young)-- 19490M->19490M(20480M), 2.7537413 secs]
29192.444: [GC pause (G1 Evacuation Pause) (young) 19490M->19490M(20480M), 0.0916350 secs]
29192.537: [GC pause (G1 Evacuation Pause) (young) 19490M->19490M(20480M), 0.0211261 secs]
29192.560: [Full GC (Allocation Failure)  19490M->16916M(20480M), 42.4380647 secs]
29234.999: [GC concurrent-mark-abort]
29287.328: [GC pause (G1 Evacuation Pause) (young) 17940M->16928M(20480M), 0.0397962 secs]
29349.621: [GC pause (G1 Evacuation Pause) (young) (initial-mark) 17936M->16932M(20480M), 0.0384367 secs]
29349.659: [GC concurrent-root-region-scan-start]
29349.672: [GC concurrent-root-region-scan-end, 0.0126351 secs]
29349.672: [GC concurrent-mark-start]
29390.260: [GC concurrent-mark-end, 40.5886570 secs]
29390.262: [GC remark, 0.1461159 secs]
29390.410: [GC cleanup 17728M->15744M(20480M), 0.0460785 secs]
29390.456: [GC concurrent-cleanup-start]
29390.457: [GC concurrent-cleanup-end, 0.0011825 secs]
29401.500: [GC pause (G1 Evacuation Pause) (young) 15956M->14959M(20480M), 0.0363981 secs]
29578.674: [GC pause (G1 Evacuation Pause) (young) 18143M->14984M(20480M), 0.0879419 secs]
29745.329: [GC pause (G1 Evacuation Pause) (young) (initial-mark) 18184M->15020M(20480M), 0.1108399 secs]
29745.440: [GC concurrent-root-region-scan-start]
29745.495: [GC concurrent-root-region-scan-end, 0.0554770 secs]
29745.495: [GC concurrent-mark-start]
29786.240: [GC concurrent-mark-end, 40.7449912 secs]
29786.242: [GC remark, 0.1436752 secs]
29786.387: [GC cleanup 15617M->15617M(20480M), 0.0475535 secs]
29932.552: [GC pause (G1 Evacuation Pause) (young) 18204M->14988M(20480M), 0.0832814 secs]
30109.341: [GC pause (G1 Evacuation Pause) (young) 18244M->14980M(20480M), 0.0767410 secs]
30296.562: [GC pause (G1 Evacuation Pause) (young) (initial-mark) 18260M->14976M(20480M), 0.0841211 secs]
30296.647: [GC concurrent-root-region-scan-start]
30296.686: [GC concurrent-root-region-scan-end, 0.0390324 secs]
30296.686: [GC concurrent-mark-start]
30337.399: [GC concurrent-mark-end, 40.7134918 secs]
30337.401: [GC remark, 0.1542798 secs]
30337.557: [GC cleanup 15700M->15700M(20480M), 0.0499270 secs]
30484.176: [GC pause (G1 Evacuation Pause) (young) 18280M->14984M(20480M), 0.0813347 secs]
30661.180: [GC pause (G1 Evacuation Pause) (young) 18296M->14976M(20480M), 0.0806253 secs]
30858.778: [GC pause (G1 Evacuation Pause) (young) (initial-mark) 18304M->14984M(20480M), 0.0912866 secs]
30858.870: [GC concurrent-root-region-scan-start]
30858.910: [GC concurrent-root-region-scan-end, 0.0400808 secs]
30858.910: [GC concurrent-mark-start]
30899.759: [GC concurrent-mark-end, 40.8487621 secs]
30899.760: [GC remark, 0.1554117 secs]
30899.917: [GC cleanup 15771M->15771M(20480M), 0.0532193 secs]
31036.095: [GC pause (G1 Evacuation Pause) (young) 18320M->14976M(20480M), 0.0827752 secs]
31223.446: [GC pause (G1 Evacuation Pause) (young) 18320M->14992M(20480M), 0.0980567 secs]
31421.656: [GC pause (G1 Evacuation Pause) (young) (initial-mark) 18320M->14980M(20480M), 0.0898131 secs]
31421.746: [GC concurrent-root-region-scan-start]
31421.796: [GC concurrent-root-region-scan-end, 0.0492721 secs]
31421.796: [GC concurrent-mark-start]
31462.993: [GC concurrent-mark-end, 41.1969993 secs]
31462.994: [GC remark, 0.1462986 secs]
31463.142: [GC cleanup 15668M->15668M(20480M), 0.0466836 secs]
31608.991: [GC pause (G1 Evacuation Pause) (young) 18332M->14988M(20480M), 0.0865099 secs]
31796.235: [GC pause (G1 Evacuation Pause) (young) 18332M->14988M(20480M), 0.0809746 secs]
31981.052: [GC pause (G1 Evacuation Pause) (young) (initial-mark) 18324M->14988M(20480M), 0.0956124 secs]
31981.147: [GC concurrent-root-region-scan-start]
31981.186: [GC concurrent-root-region-scan-end, 0.0385508 secs]
31981.186: [GC concurrent-mark-start]
32022.789: [GC concurrent-mark-end, 41.6028548 secs]
32022.791: [GC remark, 0.1489173 secs]
32022.941: [GC cleanup 16144M->16080M(20480M), 0.0498438 secs]
32022.991: [GC concurrent-cleanup-start]
32022.991: [GC concurrent-cleanup-end, 0.0000445 secs]
32129.622: [GC pause (G1 Evacuation Pause) (young) 18260M->14920M(20480M), 0.0752139 secs]
32327.608: [GC pause (G1 Evacuation Pause) (young) 18336M->14920M(20480M), 0.0862759 secs]
32504.759: [GC pause (G1 Evacuation Pause) (young) (initial-mark) 18336M->14917M(20480M), 0.0852108 secs]
32504.845: [GC concurrent-root-region-scan-start]
32504.890: [GC concurrent-root-region-scan-end, 0.0447975 secs]
32504.890: [GC concurrent-mark-start]
32545.433: [GC concurrent-mark-end, 40.5437143 secs]
32545.435: [GC remark, 0.1443461 secs]
32545.581: [GC cleanup 15585M->15585M(20480M), 0.0464084 secs]
32692.074: [GC pause (G1 Evacuation Pause) (young) 18349M->14921M(20480M), 0.0818301 secs]
32889.995: [GC pause (G1 Evacuation Pause) (young) 18337M->14933M(20480M), 0.0922984 secs]
33077.183: [GC pause (G1 Evacuation Pause) (young) (initial-mark) 18333M->14913M(20480M), 0.0850207 secs]
33077.268: [GC concurrent-root-region-scan-start]
33077.308: [GC concurrent-root-region-scan-end, 0.0400279 secs]
33077.308: [GC concurrent-mark-start]
33118.347: [GC concurrent-mark-end, 41.0386215 secs]
33118.348: [GC remark, 0.1927468 secs]
33118.543: [GC cleanup 15513M->15513M(20480M), 0.0518266 secs]
33274.651: [GC pause (G1 Evacuation Pause) (young) 18345M->14933M(20480M), 0.0857884 secs]
33462.202: [GC pause (G1 Evacuation Pause) (young) 18333M->14921M(20480M), 0.0988561 secs]
33649.535: [GC pause (G1 Evacuation Pause) (young) (initial-mark) 18337M->14917M(20480M), 0.0945668 secs]
33649.630: [GC concurrent-root-region-scan-start]
33649.675: [GC concurrent-root-region-scan-end, 0.0446650 secs]
33649.675: [GC concurrent-mark-start]
33690.841: [GC concurrent-mark-end, 41.1665184 secs]
33690.843: [GC remark, 0.1411096 secs]
33690.986: [GC cleanup 15601M->15601M(20480M), 0.0470505 secs]
33847.535: [GC pause (G1 Evacuation Pause) (young) 18349M->14925M(20480M), 0.1025457 secs]
34035.036: [GC pause (G1 Evacuation Pause) (young) 18341M->14917M(20480M), 0.0782499 secs]
34222.077: [GC pause (G1 Evacuation Pause) (young) (initial-mark) 18349M->14929M(20480M), 0.0884072 secs]
34222.165: [GC concurrent-root-region-scan-start]
34222.215: [GC concurrent-root-region-scan-end, 0.0499016 secs]
34222.215: [GC concurrent-mark-start]
34263.458: [GC concurrent-mark-end, 41.2426766 secs]
34263.459: [GC remark, 0.1372095 secs]
34263.598: [GC cleanup 15546M->15546M(20480M), 0.0433009 secs]
34420.013: [GC pause (G1 Evacuation Pause) (young) 18329M->14921M(20480M), 0.0876450 secs]
34607.291: [GC pause (G1 Evacuation Pause) (young) 18337M->14913M(20480M), 0.0817759 secs]
34795.134: [GC pause (G1 Evacuation Pause) (young) (initial-mark) 18345M->14921M(20480M), 0.0852336 secs]
34795.219: [GC concurrent-root-region-scan-start]
34795.258: [GC concurrent-root-region-scan-end, 0.0388799 secs]
34795.258: [GC concurrent-mark-start]
34838.368: [GC concurrent-mark-end, 43.1097933 secs]
34838.369: [GC remark, 0.1516635 secs]
34838.523: [GC cleanup 15753M->15753M(20480M), 0.0470647 secs]
34992.773: [GC pause (G1 Evacuation Pause) (young) 18337M->14921M(20480M), 0.1161990 secs]
35190.362: [GC pause (G1 Evacuation Pause) (young) 18337M->14921M(20480M), 0.0852398 secs]
35374.931: [GC pause (G1 Evacuation Pause) (young) (initial-mark) 18337M->14933M(20480M), 0.0861702 secs]
35375.017: [GC concurrent-root-region-scan-start]
35375.128: [GC concurrent-root-region-scan-end, 0.1106497 secs]
35375.128: [GC concurrent-mark-start]
35417.278: [GC concurrent-mark-end, 42.1499184 secs]
35417.280: [GC remark, 0.1893764 secs]
35417.471: [GC cleanup 15694M->15694M(20480M), 0.0796915 secs]
35565.515: [GC pause (G1 Evacuation Pause) (young) 18333M->14921M(20480M), 0.1173162 secs]
35696.836: [GC pause (G1 Humongous Allocation) (young) (initial-mark) 17901M->14929M(20480M), 0.0815085 secs]
35696.918: [GC concurrent-root-region-scan-start]
35696.969: [GC concurrent-root-region-scan-end, 0.0507030 secs]
35696.969: [GC concurrent-mark-start]
35739.840: [GC concurrent-mark-end, 42.8712398 secs]
35739.842: [GC remark, 0.1371269 secs]
35739.980: [GC cleanup 17887M->17887M(20480M), 0.0447550 secs]
35836.139: [GC pause (G1 Evacuation Pause) (young)-- 19489M->17580M(20480M), 0.8756260 secs]
35899.491: [GC pause (G1 Evacuation Pause) (young) 18604M->17602M(20480M), 0.0539105 secs]
35951.773: [GC pause (G1 Evacuation Pause) (young) (initial-mark) 18602M->17599M(20480M), 0.0334914 secs]
35951.806: [GC concurrent-root-region-scan-start]
35951.818: [GC concurrent-root-region-scan-end, 0.0121165 secs]
35951.819: [GC concurrent-mark-start]
35991.836: [GC concurrent-mark-end, 40.0179738 secs]
35991.838: [GC remark, 0.1888900 secs]
35992.029: [GC cleanup 18403M->18387M(20480M), 0.0446246 secs]
35992.074: [GC concurrent-cleanup-start]
35992.074: [GC concurrent-cleanup-end, 0.0000240 secs]
36001.180: [GC pause (G1 Evacuation Pause) (young) 18583M->17593M(20480M), 0.0489828 secs]
36055.487: [GC pause (G1 Evacuation Pause) (mixed) 18585M->15760M(20480M), 0.0460679 secs]
36201.426: [GC pause (G1 Evacuation Pause) (young) 18344M->15764M(20480M), 0.0679981 secs]
36297.088: [GC pause (G1 Humongous Allocation) (young) (initial-mark) 17558M->15764M(20480M), 0.0645796 secs]
36297.153: [GC concurrent-root-region-scan-start]
36297.201: [GC concurrent-root-region-scan-end, 0.0477014 secs]
36297.201: [GC concurrent-mark-start]
36306.980: [GC pause (G1 Humongous Allocation) (young)-- 19592M->19720M(20480M), 5.3969441 secs]
36312.379: [Full GC (Allocation Failure)  19720M->17757M(20480M), 44.5586555 secs]
36356.939: [GC concurrent-mark-abort]
36356.974: [GC pause (G1 Humongous Allocation) (young) (initial-mark) 17794M->17805M(20480M), 0.0265827 secs]
36357.000: [GC concurrent-root-region-scan-start]
36357.005: [GC concurrent-root-region-scan-end, 0.0043607 secs]
36357.005: [GC concurrent-mark-start]
36378.123: [GC pause (G1 Evacuation Pause) (young)-- 19501M->19501M(20480M), 2.1812147 secs]
36380.307: [GC pause (G1 Evacuation Pause) (young) 19501M->19501M(20480M), 0.0824784 secs]
36380.391: [GC pause (G1 Evacuation Pause) (young) 19501M->19501M(20480M), 0.0217824 secs]
36380.414: [GC pause (G1 Evacuation Pause) (young) 19501M->19501M(20480M), 0.0211088 secs]
36380.437: [GC pause (G1 Evacuation Pause) (young) 19501M->19501M(20480M), 0.0217043 secs]
36380.460: [GC pause (G1 Evacuation Pause) (young) 19501M->19501M(20480M), 0.0229310 secs]
36380.485: [GC pause (G1 Evacuation Pause) (young) 19501M->19501M(20480M), 0.0217825 secs]
36380.508: [GC pause (G1 Evacuation Pause) (young) 19501M->19501M(20480M), 0.0211180 secs]
36380.531: [GC pause (G1 Evacuation Pause) (young) 19501M->19501M(20480M), 0.0218249 secs]
36380.554: [GC pause (G1 Evacuation Pause) (young) 19501M->19501M(20480M), 0.0220563 secs]
36380.578: [GC pause (G1 Evacuation Pause) (young) 19501M->19501M(20480M), 0.0206872 secs]
36380.600: [GC pause (G1 Evacuation Pause) (young) 19501M->19501M(20480M), 0.0206980 secs]
36380.622: [Full GC (Allocation Failure)  19501M->16508M(20480M), 42.7544024 secs]
36423.377: [GC concurrent-mark-abort]
36475.653: [GC pause (G1 Evacuation Pause) (young) 17532M->16522M(20480M), 0.0391173 secs]
36537.978: [GC pause (G1 Evacuation Pause) (young) (initial-mark) 17530M->16524M(20480M), 0.0359369 secs]
36538.014: [GC concurrent-root-region-scan-start]
36538.028: [GC concurrent-root-region-scan-end, 0.0138521 secs]
36538.028: [GC concurrent-mark-start]
36578.862: [GC concurrent-mark-end, 40.8340049 secs]
36578.863: [GC remark, 0.1411876 secs]
36579.006: [GC cleanup 17324M->15756M(20480M), 0.0439625 secs]
36579.050: [GC concurrent-cleanup-start]
36579.053: [GC concurrent-cleanup-end, 0.0024856 secs]
36589.905: [GC pause (G1 Evacuation Pause) (young) 15964M->14961M(20480M), 0.0326454 secs]
36642.012: [GC pause (G1 Evacuation Pause) (young) 15961M->14986M(20480M), 0.0461437 secs]
36694.362: [GC pause (G1 Evacuation Pause) (young) (initial-mark) 15962M->14972M(20480M), 0.0520207 secs]
36694.414: [GC concurrent-root-region-scan-start]
36694.451: [GC concurrent-root-region-scan-end, 0.0366093 secs]
36694.451: [GC concurrent-mark-start]
36734.954: [GC concurrent-mark-end, 40.5034696 secs]
36734.956: [GC remark, 0.1407934 secs]
36735.098: [GC cleanup 15508M->15508M(20480M), 0.0449226 secs]
36756.762: [GC pause (G1 Evacuation Pause) (young) 15964M->14976M(20480M), 0.0470339 secs]
36818.985: [GC pause (G1 Evacuation Pause) (young) 15960M->14976M(20480M), 0.0443343 secs]
36871.190: [GC pause (G1 Evacuation Pause) (young) (initial-mark) 15960M->14980M(20480M), 0.0428003 secs]
36871.233: [GC concurrent-root-region-scan-start]
36871.261: [GC concurrent-root-region-scan-end, 0.0280033 secs]
36871.261: [GC concurrent-mark-start]
36912.945: [GC pause (G1 Evacuation Pause) (young) 15964M->15032M(20480M), 0.0540946 secs]
36913.113: [GC concurrent-mark-end, 41.8512147 secs]
36913.114: [GC remark, 0.1473024 secs]
36913.263: [GC cleanup 15076M->15076M(20480M), 0.0502175 secs]
36965.208: [GC pause (G1 Evacuation Pause) (young) 15960M->15005M(20480M), 0.0449245 secs]
37162.931: [GC pause (G1 Evacuation Pause) (young) 18261M->14989M(20480M), 0.1000746 secs]
37205.146: [GC pause (G1 Evacuation Pause) (young) (initial-mark) 15965M->14989M(20480M), 0.0461873 secs]
37205.192: [GC concurrent-root-region-scan-start]
37205.223: [GC concurrent-root-region-scan-end, 0.0308584 secs]
37205.223: [GC concurrent-mark-start]
37247.271: [GC concurrent-mark-end, 42.0478109 secs]
37247.273: [GC remark, 0.1449503 secs]
37247.419: [GC cleanup 15875M->15779M(20480M), 0.0444526 secs]
37247.464: [GC concurrent-cleanup-start]
37247.464: [GC concurrent-cleanup-end, 0.0000552 secs]
37392.632: [GC pause (G1 Evacuation Pause) (young) 18205M->14901M(20480M), 0.0942985 secs]
37548.909: [GC pause (G1 Evacuation Pause) (young) 17757M->14893M(20480M), 0.0690535 secs]
37756.596: [GC pause (G1 Evacuation Pause) (young) (initial-mark) 18341M->14901M(20480M), 0.1126537 secs]
37756.709: [GC concurrent-root-region-scan-start]
37756.762: [GC concurrent-root-region-scan-end, 0.0531174 secs]
37756.762: [GC concurrent-mark-start]
37797.893: [GC concurrent-mark-end, 41.1314007 secs]
37797.895: [GC remark, 0.1815485 secs]
37798.078: [GC cleanup 15757M->15757M(20480M), 0.0651746 secs]
37943.795: [GC pause (G1 Evacuation Pause) (young) 18349M->14897M(20480M), 0.1209797 secs]
38120.964: [GC pause (G1 Evacuation Pause) (young) 18345M->14921M(20480M), 0.1720737 secs]
38318.622: [GC pause (G1 Evacuation Pause) (young) (initial-mark) 18321M->14905M(20480M), 0.0906482 secs]
38318.712: [GC concurrent-root-region-scan-start]
38318.756: [GC concurrent-root-region-scan-end, 0.0435098 secs]
38318.756: [GC concurrent-mark-start]
38358.872: [GC concurrent-mark-end, 40.1156436 secs]
38358.873: [GC remark, 0.1363714 secs]
38359.012: [GC cleanup 15507M->15507M(20480M), 0.0478858 secs]
38506.351: [GC pause (G1 Evacuation Pause) (young) 18337M->14901M(20480M), 0.0848832 secs]
38694.304: [GC pause (G1 Evacuation Pause) (young) 18349M->14909M(20480M), 0.1062015 secs]
38901.342: [GC pause (G1 Evacuation Pause) (young) (initial-mark) 18341M->14901M(20480M), 0.0851206 secs]
38901.427: [GC concurrent-root-region-scan-start]
38901.477: [GC concurrent-root-region-scan-end, 0.0499147 secs]
38901.477: [GC concurrent-mark-start]
38942.447: [GC concurrent-mark-end, 40.9700422 secs]
38942.448: [GC remark, 0.1444610 secs]
38942.595: [GC cleanup 15535M->15535M(20480M), 0.0442011 secs]
39088.602: [GC pause (G1 Evacuation Pause) (young) 18349M->14901M(20480M), 0.0813160 secs]
39255.039: [GC pause (G1 Evacuation Pause) (young) 18349M->14961M(20480M), 0.1048894 secs]
39432.158: [GC pause (G1 Evacuation Pause) (young) (initial-mark) 18281M->14901M(20480M), 0.0827942 secs]
39432.241: [GC concurrent-root-region-scan-start]
39432.292: [GC concurrent-root-region-scan-end, 0.0515595 secs]
39432.292: [GC concurrent-mark-start]
39473.348: [GC concurrent-mark-end, 41.0554050 secs]
39473.349: [GC remark, 0.1364257 secs]
39473.487: [GC cleanup 15534M->15534M(20480M), 0.0437353 secs]
39619.315: [GC pause (G1 Evacuation Pause) (young) 18341M->14917M(20480M), 0.0884893 secs]
39817.030: [GC pause (G1 Evacuation Pause) (young) 18333M->14901M(20480M), 0.0843380 secs]
39949.725: [GC pause (G1 Evacuation Pause) (young) (initial-mark) 18349M->14905M(20480M), 0.0760858 secs]
39949.801: [GC concurrent-root-region-scan-start]
39949.857: [GC concurrent-root-region-scan-end, 0.0558890 secs]
39949.857: [GC concurrent-mark-start]
39992.008: [GC concurrent-mark-end, 42.1514418 secs]
39992.010: [GC remark, 0.1720403 secs]
39992.184: [GC cleanup 16103M->16103M(20480M), 0.0924587 secs]
40118.993: [GC pause (G1 Evacuation Pause) (young) 18337M->14913M(20480M), 0.0884476 secs]
40306.446: [GC pause (G1 Evacuation Pause) (young) 18329M->14901M(20480M), 0.0882731 secs]
40493.835: [GC pause (G1 Evacuation Pause) (young) (initial-mark) 18349M->14905M(20480M), 0.0883502 secs]
40493.923: [GC concurrent-root-region-scan-start]
40493.976: [GC concurrent-root-region-scan-end, 0.0522885 secs]
40493.976: [GC concurrent-mark-start]
40537.128: [GC concurrent-mark-end, 43.1518449 secs]
40537.129: [GC remark, 0.1410031 secs]
40537.273: [GC cleanup 15801M->15801M(20480M), 0.0449956 secs]
40692.355: [GC pause (G1 Evacuation Pause) (young) 18337M->14910M(20480M), 0.0859496 secs]
40879.460: [GC pause (G1 Evacuation Pause) (young) 18342M->14900M(20480M), 0.0845968 secs]
41075.167: [GC pause (G1 Evacuation Pause) (young) (initial-mark) 18348M->14913M(20480M), 0.0897174 secs]
41075.257: [GC concurrent-root-region-scan-start]
41075.354: [GC concurrent-root-region-scan-end, 0.0974853 secs]
41075.354: [GC concurrent-mark-start]
41116.129: [GC concurrent-mark-end, 40.7750530 secs]
41116.131: [GC remark, 0.1568510 secs]
41116.290: [GC cleanup 15691M->15691M(20480M), 0.0500121 secs]
41275.052: [GC pause (G1 Evacuation Pause) (young) 18345M->14906M(20480M), 0.0881619 secs]
41462.236: [GC pause (G1 Evacuation Pause) (young) 18354M->14906M(20480M), 0.0844072 secs]
41660.058: [GC pause (G1 Evacuation Pause) (young) (initial-mark) 18354M->14906M(20480M), 0.0874383 secs]
41660.146: [GC concurrent-root-region-scan-start]
41660.192: [GC concurrent-root-region-scan-end, 0.0457578 secs]
41660.192: [GC concurrent-mark-start]
41700.597: [GC concurrent-mark-end, 40.4056361 secs]
41700.599: [GC remark, 0.1441504 secs]
41700.745: [GC cleanup 15711M->15711M(20480M), 0.0458246 secs]
41847.555: [GC pause (G1 Evacuation Pause) (young) 18354M->14906M(20480M), 0.0912047 secs]
42034.775: [GC pause (G1 Evacuation Pause) (young) 18354M->14902M(20480M), 0.0818441 secs]
42232.649: [GC pause (G1 Evacuation Pause) (young) (initial-mark) 18350M->14910M(20480M), 0.0937725 secs]
42232.743: [GC concurrent-root-region-scan-start]
42232.806: [GC concurrent-root-region-scan-end, 0.0632139 secs]
42232.806: [GC concurrent-mark-start]
42273.489: [GC concurrent-mark-end, 40.6827902 secs]
42273.490: [GC remark, 0.1396819 secs]
42273.634: [GC cleanup 15477M->15477M(20480M), 0.0486454 secs]
42419.917: [GC pause (G1 Evacuation Pause) (young) 18342M->14906M(20480M), 0.0829735 secs]
42607.223: [GC pause (G1 Evacuation Pause) (young) 18354M->14914M(20480M), 0.0921824 secs]
42794.458: [GC pause (G1 Evacuation Pause) (young) (initial-mark) 18346M->14923M(20480M), 0.0970735 secs]
42794.556: [GC concurrent-root-region-scan-start]
42794.599: [GC concurrent-root-region-scan-end, 0.0437624 secs]
42794.599: [GC concurrent-mark-start]
42834.769: [GC concurrent-mark-end, 40.1700120 secs]
42834.771: [GC remark, 0.1376539 secs]
42834.911: [GC cleanup 15928M->15926M(20480M), 0.0439184 secs]
42834.956: [GC concurrent-cleanup-start]
42834.956: [GC concurrent-cleanup-end, 0.0000603 secs]
42909.378: [GC pause (G1 Humongous Allocation) (young)-- 19550M->19399M(20480M), 1.1125657 secs]
42910.515: [GC pause (G1 Humongous Allocation) (young) (initial-mark) 19423M->19434M(20480M), 0.0509090 secs]
42910.566: [GC concurrent-root-region-scan-start]
42910.582: [GC concurrent-root-region-scan-end, 0.0152521 secs]
42910.582: [GC concurrent-mark-start]
42910.654: [GC pause (G1 Humongous Allocation) (young) 19489M->19479M(20480M), 0.0308091 secs]
42910.687: [Full GC (Allocation Failure)  19479M->16698M(20480M), 46.6907422 secs]
42957.379: [GC concurrent-mark-abort]
42959.921: [GC pause (G1 Humongous Allocation) (young) (initial-mark) 16917M->16734M(20480M), 0.0327202 secs]
42959.954: [GC concurrent-root-region-scan-start]
42959.963: [GC concurrent-root-region-scan-end, 0.0084399 secs]
42959.963: [GC concurrent-mark-start]
43000.501: [GC concurrent-mark-end, 40.5388159 secs]
43000.503: [GC remark, 0.1421603 secs]
43000.647: [GC cleanup 17582M->17390M(20480M), 0.0781201 secs]
43000.725: [GC concurrent-cleanup-start]
43000.726: [GC concurrent-cleanup-end, 0.0001107 secs]
43019.946: [GC pause (G1 Evacuation Pause) (young) 17606M->16622M(20480M), 0.0444869 secs]
43072.153: [GC pause (G1 Evacuation Pause) (young) 17606M->16554M(20480M), 0.0405181 secs]
43134.510: [GC pause (G1 Evacuation Pause) (young) (initial-mark) 17546M->16554M(20480M), 0.0404275 secs]
43134.550: [GC concurrent-root-region-scan-start]
43134.571: [GC concurrent-root-region-scan-end, 0.0206775 secs]
43134.571: [GC concurrent-mark-start]
43175.034: [GC concurrent-mark-end, 40.4629051 secs]
43175.035: [GC remark, 0.1390079 secs]
43175.176: [GC cleanup 17289M->15993M(20480M), 0.0448292 secs]
43175.221: [GC concurrent-cleanup-start]
43175.222: [GC concurrent-cleanup-end, 0.0007850 secs]
43176.656: [GC pause (G1 Evacuation Pause) (young) 16250M->15261M(20480M), 0.0358080 secs]
43332.714: [GC pause (G1 Evacuation Pause) (young) 17973M->15278M(20480M), 0.0760048 secs]
43488.841: [GC pause (G1 Evacuation Pause) (young) (initial-mark) 18022M->15278M(20480M), 0.0692135 secs]
43488.910: [GC concurrent-root-region-scan-start]
43488.954: [GC concurrent-root-region-scan-end, 0.0438938 secs]
43488.954: [GC concurrent-mark-start]
43509.607: [GC pause (G1 Humongous Allocation) (young)-- 19259M->19495M(20480M), 4.8282113 secs]
43514.448: [Full GC (Allocation Failure)  19495M->17764M(20480M), 43.3519987 secs]
43557.812: [GC concurrent-mark-abort]
43557.834: [GC pause (G1 Humongous Allocation) (young) (initial-mark) 17847M->17852M(20480M), 0.0272173 secs]
43557.861: [GC concurrent-root-region-scan-start]
43557.876: [GC concurrent-root-region-scan-end, 0.0147010 secs]
43557.876: [GC concurrent-mark-start]
43579.025: [GC pause (G1 Evacuation Pause) (young)-- 19508M->19508M(20480M), 2.4580163 secs]
43581.495: [GC pause (G1 Evacuation Pause) (young) 19508M->19508M(20480M), 0.0815765 secs]
43581.589: [GC pause (G1 Evacuation Pause) (young) 19508M->19508M(20480M), 0.0216870 secs]
43581.612: [Full GC (Allocation Failure)  19508M->16377M(20480M), 42.6017266 secs]
43624.214: [GC concurrent-mark-abort]
43686.603: [GC pause (G1 Evacuation Pause) (young) 17401M->16387M(20480M), 0.0494176 secs]
43738.873: [GC pause (G1 Evacuation Pause) (young) (initial-mark) 17395M->16394M(20480M), 0.0401286 secs]
43738.913: [GC concurrent-root-region-scan-start]
43738.925: [GC concurrent-root-region-scan-end, 0.0123718 secs]
43738.925: [GC concurrent-mark-start]
43779.342: [GC concurrent-mark-end, 40.4161252 secs]
43779.344: [GC remark, 0.1441537 secs]
43779.490: [GC cleanup 17153M->15681M(20480M), 0.0431473 secs]
43779.533: [GC concurrent-cleanup-start]
43779.534: [GC concurrent-cleanup-end, 0.0007257 secs]
43790.784: [GC pause (G1 Evacuation Pause) (young) 15922M->14926M(20480M), 0.0320959 secs]
43842.953: [GC pause (G1 Evacuation Pause) (young) 15926M->14956M(20480M), 0.0418649 secs]
43895.140: [GC pause (G1 Evacuation Pause) (young) (initial-mark) 15924M->14941M(20480M), 0.0454669 secs]
43895.186: [GC concurrent-root-region-scan-start]
43895.213: [GC concurrent-root-region-scan-end, 0.0266976 secs]
43895.213: [GC concurrent-mark-start]
43935.799: [GC concurrent-mark-end, 40.5864414 secs]
43935.801: [GC remark, 0.1432302 secs]
43935.945: [GC cleanup 15492M->15492M(20480M), 0.0487838 secs]
43957.515: [GC pause (G1 Evacuation Pause) (young) 15925M->14941M(20480M), 0.0454998 secs]
44030.523: [GC pause (G1 Evacuation Pause) (young) 16197M->14949M(20480M), 0.0664256 secs]
44176.462: [GC pause (G1 Evacuation Pause) (young) (initial-mark) 17821M->14949M(20480M), 0.0937184 secs]
44176.556: [GC concurrent-root-region-scan-start]
44176.595: [GC concurrent-root-region-scan-end, 0.0382387 secs]
44176.595: [GC concurrent-mark-start]
44217.147: [GC concurrent-mark-end, 40.5527623 secs]
44217.149: [GC remark, 0.1382093 secs]
44217.288: [GC cleanup 15490M->15490M(20480M), 0.0460299 secs]
44373.911: [GC pause (G1 Evacuation Pause) (young) 18221M->14961M(20480M), 0.0890182 secs]
44550.869: [GC pause (G1 Evacuation Pause) (young) 18249M->14953M(20480M), 0.0867016 secs]
44738.242: [GC pause (G1 Evacuation Pause) (young) (initial-mark) 18273M->14961M(20480M), 0.0803686 secs]
44738.322: [GC concurrent-root-region-scan-start]
44738.361: [GC concurrent-root-region-scan-end, 0.0383752 secs]
44738.361: [GC concurrent-mark-start]
44778.721: [GC concurrent-mark-end, 40.3598767 secs]
44778.722: [GC remark, 0.1446426 secs]
44778.872: [GC cleanup 15673M->15673M(20480M), 0.0430814 secs]
44915.481: [GC pause (G1 Evacuation Pause) (young) 18289M->14965M(20480M), 0.0903613 secs]
45091.494: [GC pause (G1 Evacuation Pause) (young) 18293M->14961M(20480M), 0.0784431 secs]
45269.876: [GC pause (G1 Evacuation Pause) (young) (initial-mark) 18305M->14961M(20480M), 0.0833324 secs]
45269.959: [GC concurrent-root-region-scan-start]
45269.998: [GC concurrent-root-region-scan-end, 0.0384787 secs]
45269.998: [GC concurrent-mark-start]
45311.666: [GC concurrent-mark-end, 41.6678914 secs]
45311.667: [GC remark, 0.1600853 secs]
45311.829: [GC cleanup 15929M->15929M(20480M), 0.0474382 secs]
45457.155: [GC pause (G1 Evacuation Pause) (young) 18321M->14953M(20480M), 0.0815197 secs]
45634.009: [GC pause (G1 Evacuation Pause) (young) 18321M->14953M(20480M), 0.0961104 secs]
45831.755: [GC pause (G1 Evacuation Pause) (young) (initial-mark) 18321M->14957M(20480M), 0.0844369 secs]
45831.841: [GC concurrent-root-region-scan-start]
45831.881: [GC concurrent-root-region-scan-end, 0.0404172 secs]
45831.881: [GC concurrent-mark-start]
45872.446: [GC concurrent-mark-end, 40.5651212 secs]
45872.448: [GC remark, 0.1389217 secs]
45872.588: [GC cleanup 15538M->15474M(20480M), 0.0451988 secs]
45872.634: [GC concurrent-cleanup-start]
45872.634: [GC concurrent-cleanup-end, 0.0000455 secs]
46019.072: [GC pause (G1 Evacuation Pause) (young) 18261M->14897M(20480M), 0.0796128 secs]
46216.305: [GC pause (G1 Evacuation Pause) (young) 18353M->14909M(20480M), 0.0978353 secs]
46393.717: [GC pause (G1 Evacuation Pause) (young) (initial-mark) 18333M->14917M(20480M), 0.0951573 secs]
46393.812: [GC concurrent-root-region-scan-start]
46393.858: [GC concurrent-root-region-scan-end, 0.0465052 secs]
46393.858: [GC concurrent-mark-start]
46435.163: [GC concurrent-mark-end, 41.3050184 secs]
46435.165: [GC remark, 0.1458551 secs]
46435.313: [GC cleanup 15913M->15913M(20480M), 0.0443077 secs]
46560.766: [GC pause (G1 Evacuation Pause) (young) 18325M->14893M(20480M), 0.0810539 secs]
46758.586: [GC pause (G1 Evacuation Pause) (young) 18349M->14893M(20480M), 0.0827416 secs]
46945.989: [GC pause (G1 Evacuation Pause) (young) (initial-mark) 18349M->14894M(20480M), 0.0829698 secs]
46946.072: [GC concurrent-root-region-scan-start]
46946.109: [GC concurrent-root-region-scan-end, 0.0369792 secs]
46946.109: [GC concurrent-mark-start]
46986.291: [GC concurrent-mark-end, 40.1819350 secs]
46986.293: [GC remark, 0.1431072 secs]
46986.437: [GC cleanup 15478M->15478M(20480M), 0.0430805 secs]
47143.419: [GC pause (G1 Evacuation Pause) (young) 18350M->14890M(20480M), 0.1009561 secs]
47341.281: [GC pause (G1 Evacuation Pause) (young) 18362M->14894M(20480M), 0.0890913 secs]
47528.934: [GC pause (G1 Evacuation Pause) (young) (initial-mark) 18350M->14894M(20480M), 0.0845054 secs]
47529.019: [GC concurrent-root-region-scan-start]
47529.058: [GC concurrent-root-region-scan-end, 0.0390865 secs]
47529.058: [GC concurrent-mark-start]
47569.471: [GC concurrent-mark-end, 40.4128004 secs]
47569.472: [GC remark, 0.1442506 secs]
47569.618: [GC cleanup 15453M->15453M(20480M), 0.0433998 secs]
47715.773: [GC pause (G1 Evacuation Pause) (young) 18350M->14910M(20480M), 0.0919938 secs]
47923.858: [GC pause (G1 Evacuation Pause) (young) 18334M->14890M(20480M), 0.1016662 secs]
48101.117: [GC pause (G1 Evacuation Pause) (young) (initial-mark) 18362M->14890M(20480M), 0.0860184 secs]
48101.204: [GC concurrent-root-region-scan-start]
48101.242: [GC concurrent-root-region-scan-end, 0.0382223 secs]
48101.242: [GC concurrent-mark-start]
48141.864: [GC concurrent-mark-end, 40.6216350 secs]
48141.865: [GC remark, 0.1388198 secs]
48142.005: [GC cleanup 15432M->15432M(20480M), 0.0448358 secs]
48298.844: [GC pause (G1 Evacuation Pause) (young) 18362M->14894M(20480M), 0.0819515 secs]
48506.625: [GC pause (G1 Evacuation Pause) (young) 18350M->14894M(20480M), 0.0861962 secs]
48694.053: [GC pause (G1 Evacuation Pause) (young) (initial-mark) 18350M->14890M(20480M), 0.0813729 secs]
48694.134: [GC concurrent-root-region-scan-start]
48694.172: [GC concurrent-root-region-scan-end, 0.0380636 secs]
48694.172: [GC concurrent-mark-start]
48734.644: [GC concurrent-mark-end, 40.4718893 secs]
48734.646: [GC remark, 0.1479951 secs]
48734.795: [GC cleanup 15563M->15563M(20480M), 0.0452795 secs]
48850.036: [GC pause (G1 Evacuation Pause) (young) 18362M->14902M(20480M), 0.1007440 secs]
49027.341: [GC pause (G1 Evacuation Pause) (young) 18342M->14902M(20480M), 0.0818236 secs]
49216.921: [GC pause (G1 Evacuation Pause) (young) (initial-mark) 18342M->14910M(20480M), 0.0952295 secs]
49217.017: [GC concurrent-root-region-scan-start]
49217.075: [GC concurrent-root-region-scan-end, 0.0580942 secs]
49217.075: [GC concurrent-mark-start]
49258.677: [GC concurrent-mark-end, 41.6026420 secs]
49258.679: [GC remark, 0.1688866 secs]
49258.849: [GC cleanup 15654M->15654M(20480M), 0.0475725 secs]
49412.365: [GC pause (G1 Evacuation Pause) (young) 18334M->14902M(20480M), 0.0885559 secs]
49609.945: [GC pause (G1 Evacuation Pause) (young) 18342M->14902M(20480M), 0.0869229 secs]
49797.173: [GC pause (G1 Evacuation Pause) (young) (initial-mark) 18342M->14898M(20480M), 0.0940961 secs]
49797.267: [GC concurrent-root-region-scan-start]
49797.315: [GC concurrent-root-region-scan-end, 0.0479823 secs]
49797.315: [GC concurrent-mark-start]
49839.866: [GC concurrent-mark-end, 42.5509137 secs]
49839.868: [GC remark, 0.1479434 secs]
49840.018: [GC cleanup 15805M->15805M(20480M), 0.0464734 secs]
49986.910: [GC pause (G1 Evacuation Pause) (young) 18354M->14910M(20480M), 0.0895029 secs]
50096.785: [GC pause (G1 Humongous Allocation) (young) (initial-mark) 17441M->14910M(20480M), 0.0701024 secs]
50096.855: [GC concurrent-root-region-scan-start]
50096.897: [GC concurrent-root-region-scan-end, 0.0415160 secs]
50096.897: [GC concurrent-mark-start]
50139.285: [GC concurrent-mark-end, 42.3882599 secs]
50139.287: [GC remark, 0.2369824 secs]
50139.526: [GC cleanup 17853M->17853M(20480M), 0.0801488 secs]
50234.797: [GC pause (G1 Evacuation Pause) (young)-- 19502M->17593M(20480M), 0.9137314 secs]
50287.842: [GC pause (G1 Evacuation Pause) (young) 18617M->17616M(20480M), 0.0466371 secs]
50331.115: [GC pause (G1 Evacuation Pause) (young) (initial-mark) 18616M->17617M(20480M), 0.0347129 secs]
50331.150: [GC concurrent-root-region-scan-start]
50331.168: [GC concurrent-root-region-scan-end, 0.0180917 secs]
50331.168: [GC concurrent-mark-start]
50371.489: [GC concurrent-mark-end, 40.3212497 secs]
50371.490: [GC remark, 0.2045247 secs]
50371.697: [GC cleanup 18405M->18389M(20480M), 0.0465157 secs]
50371.744: [GC concurrent-cleanup-start]
50371.744: [GC concurrent-cleanup-end, 0.0000293 secs]
50381.167: [GC pause (G1 Evacuation Pause) (young) 18601M->17608M(20480M), 0.0409198 secs]
50433.218: [GC pause (G1 Evacuation Pause) (mixed) 18600M->15793M(20480M), 0.0480051 secs]
50579.281: [GC pause (G1 Evacuation Pause) (young) 18361M->15793M(20480M), 0.0659458 secs]
50696.942: [GC pause (G1 Humongous Allocation) (young) (initial-mark) 17999M->15797M(20480M), 0.0665095 secs]
50697.009: [GC concurrent-root-region-scan-start]
50697.060: [GC concurrent-root-region-scan-end, 0.0510617 secs]
50697.060: [GC concurrent-mark-start]
50706.911: [GC pause (G1 Humongous Allocation) (young)-- 19595M->19721M(20480M), 4.1328454 secs]
50711.046: [Full GC (Allocation Failure)  19721M->17768M(20480M), 46.2413295 secs]
50757.288: [GC concurrent-mark-abort]
50757.301: [GC pause (G1 Humongous Allocation) (young) (initial-mark) 17806M->17814M(20480M), 0.0413531 secs]
50757.343: [GC concurrent-root-region-scan-start]
50757.348: [GC concurrent-root-region-scan-end, 0.0051954 secs]
50757.348: [GC concurrent-mark-start]
50778.298: [GC pause (G1 Evacuation Pause) (young)-- 19486M->19486M(20480M), 2.4741803 secs]
50780.774: [GC pause (G1 Evacuation Pause) (young) 19486M->19486M(20480M), 0.0908271 secs]
50780.867: [Full GC (Allocation Failure)  19486M->16179M(20480M), 42.4188400 secs]
50823.286: [GC concurrent-mark-abort]
50875.582: [GC pause (G1 Evacuation Pause) (young) 17203M->16193M(20480M), 0.0813614 secs]
50938.007: [GC pause (G1 Evacuation Pause) (young) (initial-mark) 17225M->16197M(20480M), 0.0393070 secs]
50938.047: [GC concurrent-root-region-scan-start]
50938.060: [GC concurrent-root-region-scan-end, 0.0132863 secs]
50938.060: [GC concurrent-mark-start]
50978.196: [GC concurrent-mark-end, 40.1359057 secs]
50978.197: [GC remark, 0.1388894 secs]
50978.338: [GC cleanup 16984M->15736M(20480M), 0.0429953 secs]
50978.381: [GC concurrent-cleanup-start]
50978.382: [GC concurrent-cleanup-end, 0.0013119 secs]
51021.180: [GC pause (G1 Evacuation Pause) (young) 16533M->14966M(20480M), 0.0532486 secs]
51156.633: [GC pause (G1 Evacuation Pause) (young) 17350M->14979M(20480M), 0.0778662 secs]
51313.323: [GC pause (G1 Evacuation Pause) (young) (initial-mark) 18019M->15031M(20480M), 0.1159628 secs]
51313.439: [GC concurrent-root-region-scan-start]
51313.492: [GC concurrent-root-region-scan-end, 0.0530373 secs]
51313.492: [GC concurrent-mark-start]
51355.698: [GC concurrent-mark-end, 42.2055544 secs]
51355.699: [GC remark, 0.2051681 secs]
51355.906: [GC cleanup 15819M->15819M(20480M), 0.0620063 secs]
51490.162: [GC pause (G1 Evacuation Pause) (young) 18015M->14979M(20480M), 0.0807248 secs]
51656.756: [GC pause (G1 Evacuation Pause) (young) 18139M->14979M(20480M), 0.0867769 secs]
51843.878: [GC pause (G1 Evacuation Pause) (young) (initial-mark) 18179M->14987M(20480M), 0.0964456 secs]
51843.975: [GC concurrent-root-region-scan-start]
51844.026: [GC concurrent-root-region-scan-end, 0.0513498 secs]
51844.026: [GC concurrent-mark-start]
51884.882: [GC concurrent-mark-end, 40.8560714 secs]
51884.884: [GC remark, 0.1424547 secs]
51885.028: [GC cleanup 15748M->15748M(20480M), 0.0440317 secs]
52031.270: [GC pause (G1 Evacuation Pause) (young) 18219M->14979M(20480M), 0.0850318 secs]
52208.230: [GC pause (G1 Evacuation Pause) (young) 18251M->14991M(20480M), 0.1013994 secs]
52395.593: [GC pause (G1 Evacuation Pause) (young) (initial-mark) 18263M->14983M(20480M), 0.0873813 secs]
52395.681: [GC concurrent-root-region-scan-start]
52395.726: [GC concurrent-root-region-scan-end, 0.0449685 secs]
52395.726: [GC concurrent-mark-start]
52437.677: [GC concurrent-mark-end, 41.9508159 secs]
52437.678: [GC remark, 0.1889502 secs]
52437.869: [GC cleanup 15767M->15767M(20480M), 0.0890837 secs]
52572.753: [GC pause (G1 Evacuation Pause) (young) 18279M->14979M(20480M), 0.1531606 secs]
52770.391: [GC pause (G1 Evacuation Pause) (young) 18299M->14987M(20480M), 0.0960295 secs]
52947.726: [GC pause (G1 Evacuation Pause) (young) (initial-mark) 18315M->14979M(20480M), 0.0988327 secs]
52947.825: [GC concurrent-root-region-scan-start]
52947.864: [GC concurrent-root-region-scan-end, 0.0388255 secs]
52947.864: [GC concurrent-mark-start]
52989.051: [GC concurrent-mark-end, 41.1872511 secs]
52989.053: [GC remark, 0.1402287 secs]
52989.195: [GC cleanup 15625M->15625M(20480M), 0.0435404 secs]
53135.559: [GC pause (G1 Evacuation Pause) (young) 18315M->14979M(20480M), 0.0891339 secs]
53333.364: [GC pause (G1 Evacuation Pause) (young) 18331M->14984M(20480M), 0.0944527 secs]
53510.614: [GC pause (G1 Evacuation Pause) (young) (initial-mark) 18328M->14980M(20480M), 0.0839405 secs]
53510.698: [GC concurrent-root-region-scan-start]
53510.738: [GC concurrent-root-region-scan-end, 0.0404575 secs]
53510.738: [GC concurrent-mark-start]
53552.065: [GC concurrent-mark-end, 41.3265005 secs]
53552.066: [GC remark, 0.1442215 secs]
53552.212: [GC cleanup 15609M->15513M(20480M), 0.0434457 secs]
53552.256: [GC concurrent-cleanup-start]
53552.256: [GC concurrent-cleanup-end, 0.0001916 secs]
53667.001: [GC pause (G1 Evacuation Pause) (young) 18236M->14928M(20480M), 0.0986570 secs]
53854.087: [GC pause (G1 Evacuation Pause) (young) 18312M->14884M(20480M), 0.0832450 secs]
54041.321: [GC pause (G1 Evacuation Pause) (young) (initial-mark) 18348M->14888M(20480M), 0.0889738 secs]
54041.410: [GC concurrent-root-region-scan-start]
54041.457: [GC concurrent-root-region-scan-end, 0.0473083 secs]
54041.457: [GC concurrent-mark-start]
54082.643: [GC concurrent-mark-end, 41.1859394 secs]
54082.645: [GC remark, 0.1383761 secs]
54082.785: [GC cleanup 15532M->15532M(20480M), 0.0442743 secs]
54249.164: [GC pause (G1 Evacuation Pause) (young) 18344M->14892M(20480M), 0.0918804 secs]
54436.681: [GC pause (G1 Evacuation Pause) (young) 18356M->14888M(20480M), 0.1019561 secs]
54623.829: [GC pause (G1 Evacuation Pause) (young) (initial-mark) 18352M->14904M(20480M), 0.1095865 secs]
54623.939: [GC concurrent-root-region-scan-start]
54623.997: [GC concurrent-root-region-scan-end, 0.0581246 secs]
54623.997: [GC concurrent-mark-start]
54665.704: [GC concurrent-mark-end, 41.7073538 secs]
54665.706: [GC remark, 0.1434010 secs]
54665.851: [GC cleanup 15676M->15676M(20480M), 0.0447461 secs]
54811.233: [GC pause (G1 Evacuation Pause) (young) 18336M->14892M(20480M), 0.0799173 secs]
54998.243: [GC pause (G1 Evacuation Pause) (young) 18356M->14880M(20480M), 0.0839611 secs]
55185.643: [GC pause (G1 Evacuation Pause) (young) (initial-mark) 18360M->14884M(20480M), 0.1018378 secs]
55185.745: [GC concurrent-root-region-scan-start]
55185.793: [GC concurrent-root-region-scan-end, 0.0477053 secs]
55185.793: [GC concurrent-mark-start]
55229.227: [GC concurrent-mark-end, 43.4342419 secs]
55229.229: [GC remark, 0.1818865 secs]
55229.414: [GC cleanup 15718M->15718M(20480M), 0.0843742 secs]
55383.500: [GC pause (G1 Evacuation Pause) (young) 18364M->14888M(20480M), 0.0860217 secs]
55581.020: [GC pause (G1 Evacuation Pause) (young) 18352M->14888M(20480M), 0.0819859 secs]
55775.730: [GC pause (G1 Evacuation Pause) (young) (initial-mark) 18352M->14892M(20480M), 0.0838576 secs]
55775.814: [GC concurrent-root-region-scan-start]
55775.909: [GC concurrent-root-region-scan-end, 0.0945978 secs]
55775.909: [GC concurrent-mark-start]
55818.080: [GC concurrent-mark-end, 42.1715323 secs]
55818.082: [GC remark, 0.1536498 secs]
55818.237: [GC cleanup 15673M->15673M(20480M), 0.0450869 secs]
55976.559: [GC pause (G1 Evacuation Pause) (young) 18356M->14888M(20480M), 0.0841762 secs]
56153.689: [GC pause (G1 Evacuation Pause) (young) 18352M->14888M(20480M), 0.0801016 secs]
56361.690: [GC pause (G1 Evacuation Pause) (young) (initial-mark) 18352M->14889M(20480M), 0.0909111 secs]
56361.781: [GC concurrent-root-region-scan-start]
56361.821: [GC concurrent-root-region-scan-end, 0.0395526 secs]
56361.821: [GC concurrent-mark-start]
56402.067: [GC concurrent-mark-end, 40.2464939 secs]
56402.069: [GC remark, 0.1452571 secs]
56402.216: [GC cleanup 15702M->15702M(20480M), 0.0478247 secs]
56549.009: [GC pause (G1 Evacuation Pause) (young) 18353M->14885M(20480M), 0.0782492 secs]
56736.246: [GC pause (G1 Evacuation Pause) (young) 18365M->14889M(20480M), 0.0830208 secs]
56943.935: [GC pause (G1 Evacuation Pause) (young) (initial-mark) 18353M->14893M(20480M), 0.0933517 secs]
56944.028: [GC concurrent-root-region-scan-start]
56944.074: [GC concurrent-root-region-scan-end, 0.0453074 secs]
56944.074: [GC concurrent-mark-start]
56984.147: [GC concurrent-mark-end, 40.0732353 secs]
56984.148: [GC remark, 0.1382621 secs]
56984.289: [GC cleanup 15715M->15715M(20480M), 0.0428402 secs]
57131.770: [GC pause (G1 Evacuation Pause) (young) 18357M->14889M(20480M), 0.0852190 secs]
57287.888: [GC pause (G1 Evacuation Pause) (young) 18353M->14917M(20480M), 0.0766096 secs]
57296.857: [GC pause (G1 Humongous Allocation) (young) (initial-mark) 14996M->14893M(20480M), 0.0421296 secs]
57296.900: [GC concurrent-root-region-scan-start]
57296.944: [GC concurrent-root-region-scan-end, 0.0447856 secs]
57296.944: [GC concurrent-mark-start]
57339.767: [GC concurrent-mark-end, 42.8227091 secs]
57339.769: [GC remark, 0.1418237 secs]
57339.912: [GC cleanup 17837M->17837M(20480M), 0.0440576 secs]
57433.648: [GC pause (G1 Evacuation Pause) (young)-- 19509M->17603M(20480M), 1.0307438 secs]
57496.990: [GC pause (G1 Evacuation Pause) (young) 18627M->17630M(20480M), 0.0621467 secs]
57549.268: [GC pause (G1 Evacuation Pause) (young) (initial-mark) 18622M->17621M(20480M), 0.0371244 secs]
57549.305: [GC concurrent-root-region-scan-start]
57549.321: [GC concurrent-root-region-scan-end, 0.0157251 secs]
57549.321: [GC concurrent-mark-start]
57589.526: [GC concurrent-mark-end, 40.2046207 secs]
57589.528: [GC remark, 0.1978483 secs]
57589.729: [GC cleanup 18367M->17623M(20480M), 0.0438591 secs]
57589.773: [GC concurrent-cleanup-start]
57589.774: [GC concurrent-cleanup-end, 0.0003537 secs]
57601.151: [GC pause (G1 Evacuation Pause) (young) 17877M->16888M(20480M), 0.0745925 secs]
57653.268: [GC pause (G1 Evacuation Pause) (mixed) 17880M->15755M(20480M), 0.0513900 secs]
57809.089: [GC pause (G1 Evacuation Pause) (young) 18347M->15751M(20480M), 0.0691986 secs]
57897.093: [GC pause (G1 Humongous Allocation) (young) (initial-mark) 17507M->15755M(20480M), 0.0792000 secs]
57897.173: [GC concurrent-root-region-scan-start]
57897.241: [GC concurrent-root-region-scan-end, 0.0681100 secs]
57897.241: [GC concurrent-mark-start]
57907.452: [GC pause (G1 Humongous Allocation) (young)-- 19490M->19682M(20480M), 5.0241897 secs]
57912.644: [GC pause (G1 Humongous Allocation) (young)-- 19724M->19762M(20480M), 1.2869323 secs]
57913.957: [Full GC (Allocation Failure)  19769M->17645M(20480M), 46.6847273 secs]
57960.643: [GC concurrent-mark-abort]
57961.009: [GC pause (G1 Humongous Allocation) (young) (initial-mark) 17883M->17733M(20480M), 0.0374095 secs]
57961.052: [GC concurrent-root-region-scan-start]
57961.069: [GC concurrent-root-region-scan-end, 0.0171860 secs]
57961.069: [GC concurrent-mark-start]
57992.117: [GC pause (G1 Evacuation Pause) (young)-- 19501M->19501M(20480M), 2.0792827 secs]
57994.198: [GC pause (G1 Evacuation Pause) (young) 19501M->19501M(20480M), 0.0949473 secs]
57994.295: [GC pause (G1 Evacuation Pause) (young) 19501M->19501M(20480M), 0.0306900 secs]
57994.328: [GC pause (G1 Evacuation Pause) (young) 19501M->19501M(20480M), 0.0228914 secs]
57994.353: [GC pause (G1 Evacuation Pause) (young) 19501M->19501M(20480M), 0.0236767 secs]
57994.378: [GC pause (G1 Evacuation Pause) (young) 19501M->19501M(20480M), 0.0210658 secs]
57994.401: [GC pause (G1 Evacuation Pause) (young) 19501M->19501M(20480M), 0.0204752 secs]
57994.423: [Full GC (Allocation Failure)  19501M->16024M(20480M), 43.5384917 secs]
58037.962: [GC concurrent-mark-abort]
58100.243: [GC pause (G1 Evacuation Pause) (young) 17048M->16036M(20480M), 0.0524494 secs]
58152.549: [GC pause (G1 Evacuation Pause) (young) (initial-mark) 17044M->16041M(20480M), 0.0374135 secs]
58152.586: [GC concurrent-root-region-scan-start]
58152.602: [GC concurrent-root-region-scan-end, 0.0157915 secs]
58152.602: [GC concurrent-mark-start]
58192.866: [GC concurrent-mark-end, 40.2637545 secs]
58192.867: [GC remark, 0.1354848 secs]
58193.005: [GC cleanup 16786M->15538M(20480M), 0.0437177 secs]
58193.049: [GC concurrent-cleanup-start]
58193.049: [GC concurrent-cleanup-end, 0.0005820 secs]
58204.391: [GC pause (G1 Evacuation Pause) (young) 15793M->14805M(20480M), 0.0385329 secs]
58256.660: [GC pause (G1 Evacuation Pause) (young) 15797M->14812M(20480M), 0.0441166 secs]
58318.891: [GC pause (G1 Evacuation Pause) (young) (initial-mark) 15796M->14820M(20480M), 0.0509471 secs]
58318.942: [GC concurrent-root-region-scan-start]
58318.971: [GC concurrent-root-region-scan-end, 0.0289381 secs]
58318.971: [GC concurrent-mark-start]
58359.533: [GC concurrent-mark-end, 40.5619995 secs]
58359.534: [GC remark, 0.1380967 secs]
58359.674: [GC cleanup 15533M->15533M(20480M), 0.0463657 secs]
58371.228: [GC pause (G1 Evacuation Pause) (young) 15796M->14820M(20480M), 0.0579664 secs]
58433.571: [GC pause (G1 Evacuation Pause) (young) 15796M->14812M(20480M), 0.0455976 secs]
58475.557: [GC pause (G1 Evacuation Pause) (young) (initial-mark) 15796M->14820M(20480M), 0.0451763 secs]
58475.603: [GC concurrent-root-region-scan-start]
58475.688: [GC concurrent-root-region-scan-end, 0.0851110 secs]
58475.688: [GC concurrent-mark-start]
58516.873: [GC concurrent-mark-end, 41.1848890 secs]
58516.874: [GC remark, 0.1510401 secs]
58517.030: [GC cleanup 15553M->15553M(20480M), 0.0459753 secs]
58642.288: [GC pause (G1 Evacuation Pause) (young) 17852M->14820M(20480M), 0.0732151 secs]
58746.466: [GC pause (G1 Evacuation Pause) (young) 16604M->14824M(20480M), 0.0603510 secs]
58850.715: [GC pause (G1 Evacuation Pause) (young) (initial-mark) 18352M->14824M(20480M), 0.0658208 secs]
58850.781: [GC concurrent-root-region-scan-start]
58850.818: [GC concurrent-root-region-scan-end, 0.0377005 secs]
58850.818: [GC concurrent-mark-start]
58891.341: [GC concurrent-mark-end, 40.5223260 secs]
58891.342: [GC remark, 0.1404536 secs]
58891.484: [GC cleanup 16198M->16198M(20480M), 0.0429892 secs]
58980.802: [GC pause (G1 Evacuation Pause) (young) 18352M->14844M(20480M), 0.0793177 secs]
59139.358: [GC pause (G1 Evacuation Pause) (young) 18332M->14848M(20480M), 0.0900670 secs]
59247.582: [GC pause (G1 Evacuation Pause) (young) (initial-mark) 18336M->14868M(20480M), 0.0972186 secs]
59247.679: [GC concurrent-root-region-scan-start]
59247.770: [GC concurrent-root-region-scan-end, 0.0904901 secs]
59247.770: [GC concurrent-mark-start]
59287.953: [GC concurrent-mark-end, 40.1834979 secs]
59287.955: [GC remark, 0.1416052 secs]
59288.100: [GC cleanup 16421M->16421M(20480M), 0.0426998 secs]
59330.785: [GC pause (G1 Evacuation Pause) (young) 18308M->14876M(20480M), 0.0953260 secs]
59463.193: [GC pause (G1 Evacuation Pause) (young) 18300M->14868M(20480M), 0.0984406 secs]
59578.468: [GC pause (G1 Evacuation Pause) (young) (initial-mark) 18300M->14876M(20480M), 0.1069762 secs]
59578.575: [GC concurrent-root-region-scan-start]
59578.686: [GC concurrent-root-region-scan-end, 0.1108326 secs]
59578.686: [GC concurrent-mark-start]
59618.902: [GC concurrent-mark-end, 40.2156627 secs]
59618.903: [GC remark, 0.1427445 secs]
59619.047: [GC cleanup 15598M->15598M(20480M), 0.0444491 secs]
59714.018: [GC pause (G1 Evacuation Pause) (young) 18292M->14904M(20480M), 0.1220243 secs]
59812.872: [GC pause (G1 Evacuation Pause) (young) 18272M->14896M(20480M), 0.1090568 secs]
59942.716: [GC pause (G1 Evacuation Pause) (young) (initial-mark) 18280M->14908M(20480M), 0.1245216 secs]
59942.841: [GC concurrent-root-region-scan-start]
59942.985: [GC concurrent-root-region-scan-end, 0.1438112 secs]
59942.985: [GC concurrent-mark-start]
59983.055: [GC concurrent-mark-end, 40.0701449 secs]
59983.057: [GC remark, 0.1540872 secs]
59983.212: [GC cleanup 16527M->16527M(20480M), 0.0463335 secs]
60057.427: [GC pause (G1 Evacuation Pause) (young) 18260M->14900M(20480M), 0.1174538 secs]
60161.413: [GC pause (G1 Evacuation Pause) (young) 18268M->14912M(20480M), 0.1111726 secs]
60282.248: [GC pause (G1 Evacuation Pause) (young) (initial-mark) 18264M->14924M(20480M), 0.1248492 secs]
60282.373: [GC concurrent-root-region-scan-start]
60282.701: [GC concurrent-root-region-scan-end, 0.3278045 secs]
60282.701: [GC concurrent-mark-start]
60323.067: [GC concurrent-mark-end, 40.3659069 secs]
60323.069: [GC remark, 0.1427989 secs]
60323.213: [GC cleanup 17371M->17371M(20480M), 0.0440107 secs]
60340.412: [GC pause (G1 Evacuation Pause) (young) 18244M->14937M(20480M), 0.1182872 secs]
60404.012: [GC pause (G1 Evacuation Pause) (young) 18241M->14953M(20480M), 0.1674418 secs]
60456.576: [GC pause (G1 Evacuation Pause) (young) (initial-mark) 18225M->14970M(20480M), 0.1433282 secs]
60456.720: [GC concurrent-root-region-scan-start]
60456.964: [GC concurrent-root-region-scan-end, 0.2438552 secs]
60456.964: [GC concurrent-mark-start]
60497.033: [GC concurrent-mark-end, 40.0695942 secs]
60497.035: [GC remark, 0.1398478 secs]
60497.176: [GC cleanup 17042M->17042M(20480M), 0.0431003 secs]
60515.620: [GC pause (G1 Evacuation Pause) (young) 18210M->14992M(20480M), 0.1567308 secs]
60630.730: [GC pause (G1 Evacuation Pause) (young) 18200M->15001M(20480M), 0.1861236 secs]
60713.994: [GC pause (G1 Evacuation Pause) (young) (initial-mark) 18193M->14995M(20480M), 0.1620787 secs]
60714.156: [GC concurrent-root-region-scan-start]
60714.415: [GC concurrent-root-region-scan-end, 0.2591904 secs]
60714.415: [GC concurrent-mark-start]
60754.863: [GC concurrent-mark-end, 40.4479421 secs]
60754.865: [GC remark, 0.1489732 secs]
60755.015: [GC cleanup 15541M->15541M(20480M), 0.0421685 secs]
60870.199: [GC pause (G1 Evacuation Pause) (young) 18211M->15051M(20480M), 0.1765278 secs]
61036.799: [GC pause (G1 Evacuation Pause) (young) 18179M->15003M(20480M), 0.1952343 secs]
61213.823: [GC pause (G1 Evacuation Pause) (young) (initial-mark) 18243M->15019M(20480M), 0.1777132 secs]
61214.001: [GC concurrent-root-region-scan-start]
61214.237: [GC concurrent-root-region-scan-end, 0.2357546 secs]
61214.237: [GC concurrent-mark-start]
61255.637: [GC concurrent-mark-end, 41.4006167 secs]
61255.639: [GC remark, 0.1772869 secs]
61255.818: [GC cleanup 15755M->15755M(20480M), 0.0425403 secs]
61401.352: [GC pause (G1 Evacuation Pause) (young) 18235M->15012M(20480M), 0.1555059 secs]
61578.598: [GC pause (G1 Evacuation Pause) (young) 18124M->15007M(20480M), 0.1499418 secs]
61736.939: [GC pause (G1 Evacuation Pause) (young) (initial-mark) 18263M->15023M(20480M), 0.1463590 secs]
61737.085: [GC concurrent-root-region-scan-start]
61737.274: [GC concurrent-root-region-scan-end, 0.1889453 secs]
61737.274: [GC concurrent-mark-start]
61777.938: [GC concurrent-mark-end, 40.6637307 secs]
61777.939: [GC remark, 0.1530931 secs]
61778.094: [GC cleanup 16539M->16539M(20480M), 0.0421451 secs]
61859.986: [GC pause (G1 Evacuation Pause) (young) 18247M->15005M(20480M), 0.1276981 secs]
62005.449: [GC pause (G1 Evacuation Pause) (young) 18269M->15022M(20480M), 0.1323170 secs]
62152.818: [GC pause (G1 Evacuation Pause) (young) (initial-mark) 18262M->15028M(20480M), 0.1300771 secs]
62152.949: [GC concurrent-root-region-scan-start]
62153.118: [GC concurrent-root-region-scan-end, 0.1698193 secs]
62153.118: [GC concurrent-mark-start]
62194.043: [GC concurrent-mark-end, 40.9248318 secs]
62194.045: [GC remark, 0.1649174 secs]
62194.212: [GC cleanup 16500M->16500M(20480M), 0.0435028 secs]
62306.988: [GC pause (G1 Evacuation Pause) (young) 18276M->15039M(20480M), 0.1234899 secs]
62474.134: [GC pause (G1 Evacuation Pause) (young) 18287M->15035M(20480M), 0.1338776 secs]
62671.162: [GC pause (G1 Evacuation Pause) (young) (initial-mark) 18315M->15048M(20480M), 0.1206544 secs]
62671.282: [GC concurrent-root-region-scan-start]
62671.368: [GC concurrent-root-region-scan-end, 0.0852717 secs]
62671.368: [GC concurrent-mark-start]
62711.947: [GC concurrent-mark-end, 40.5789596 secs]
62711.948: [GC remark, 0.1634218 secs]
62712.113: [GC cleanup 15886M->15886M(20480M), 0.0420585 secs]
62848.305: [GC pause (G1 Evacuation Pause) (young) 18328M->15052M(20480M), 0.1101075 secs]
62975.840: [GC pause (G1 Evacuation Pause) (young) 18340M->15071M(20480M), 0.1012110 secs]
63149.640: [GC pause (G1 Evacuation Pause) (young) (initial-mark) 18343M->15070M(20480M), 0.0911709 secs]
63149.731: [GC concurrent-root-region-scan-start]
63149.771: [GC concurrent-root-region-scan-end, 0.0401167 secs]
63149.771: [GC concurrent-mark-start]
63190.618: [GC concurrent-mark-end, 40.8469404 secs]
63190.620: [GC remark, 0.1785057 secs]
63190.802: [GC cleanup 16573M->16573M(20480M), 0.0446541 secs]
63237.434: [GC pause (G1 Evacuation Pause) (young) 18342M->15091M(20480M), 0.0992095 secs]
63338.460: [GC pause (G1 Evacuation Pause) (young) 18331M->15088M(20480M), 0.0821327 secs]
63473.750: [GC pause (G1 Evacuation Pause) (young) (initial-mark) 18336M->15097M(20480M), 0.0995559 secs]
63473.850: [GC concurrent-root-region-scan-start]
63473.917: [GC concurrent-root-region-scan-end, 0.0674431 secs]
63473.917: [GC concurrent-mark-start]
63514.488: [GC concurrent-mark-end, 40.5707181 secs]
63514.489: [GC remark, 0.1690875 secs]
63514.661: [GC cleanup 16445M->16445M(20480M), 0.0458573 secs]
63607.445: [GC pause (G1 Evacuation Pause) (young) 18329M->15113M(20480M), 0.1125075 secs]
63690.754: [GC pause (G1 Evacuation Pause) (young) 18313M->15105M(20480M), 0.0906500 secs]
63875.169: [GC pause (G1 Evacuation Pause) (young) (initial-mark) 18321M->15105M(20480M), 0.1117783 secs]
63875.281: [GC concurrent-root-region-scan-start]
63875.427: [GC concurrent-root-region-scan-end, 0.1455879 secs]
63875.427: [GC concurrent-mark-start]
63916.263: [GC concurrent-mark-end, 40.8360161 secs]
63916.265: [GC remark, 0.1727852 secs]
63916.439: [GC cleanup 15958M->15958M(20480M), 0.0439719 secs]
63992.429: [GC pause (G1 Evacuation Pause) (young) 18321M->15129M(20480M), 0.1015071 secs]
64086.223: [GC pause (G1 Evacuation Pause) (young) 18297M->15125M(20480M), 0.1108783 secs]
64211.069: [GC pause (G1 Evacuation Pause) (young) (initial-mark) 18293M->15146M(20480M), 0.1385499 secs]
64211.207: [GC concurrent-root-region-scan-start]
64211.330: [GC concurrent-root-region-scan-end, 0.1227255 secs]
64211.330: [GC concurrent-mark-start]
64254.286: [GC concurrent-mark-end, 42.9563223 secs]
64254.288: [GC remark, 0.2254611 secs]
64254.515: [GC cleanup 15963M->15963M(20480M), 0.0851479 secs]
64388.067: [GC pause (G1 Evacuation Pause) (young) 18282M->15134M(20480M), 0.1179507 secs]
64496.868: [GC pause (G1 Humongous Allocation) (young) (initial-mark) 17717M->15138M(20480M), 0.1773362 secs]
64497.045: [GC concurrent-root-region-scan-start]
64497.181: [GC concurrent-root-region-scan-end, 0.1358804 secs]
64497.181: [GC concurrent-mark-start]
64541.118: [GC concurrent-mark-end, 43.9365690 secs]
64541.120: [GC remark, 0.1989585 secs]
64541.321: [GC cleanup 18107M->18107M(20480M), 0.0427787 secs]
64626.793: [GC pause (G1 Evacuation Pause) (young)-- 19498M->17648M(20480M), 1.1810367 secs]
64680.354: [GC pause (G1 Evacuation Pause) (young) 18672M->17668M(20480M), 0.0417834 secs]
64742.565: [GC pause (G1 Evacuation Pause) (young) (initial-mark) 18668M->17666M(20480M), 0.0485865 secs]
64742.616: [GC concurrent-root-region-scan-start]
64742.629: [GC concurrent-root-region-scan-end, 0.0126670 secs]
64742.629: [GC concurrent-mark-start]
64783.483: [GC concurrent-mark-end, 40.8539920 secs]
64783.484: [GC remark, 0.3917101 secs]
64783.900: [GC cleanup 18451M->18387M(20480M), 0.0476946 secs]
64783.949: [GC concurrent-cleanup-start]
64783.949: [GC concurrent-cleanup-end, 0.0000535 secs]
64794.445: [GC pause (G1 Evacuation Pause) (young) 18602M->17598M(20480M), 0.0433433 secs]
64846.512: [GC pause (G1 Evacuation Pause) (mixed) 18606M->15826M(20480M), 0.0431860 secs]
64987.538: [GC pause (G1 Evacuation Pause) (young) 18306M->15836M(20480M), 0.0743301 secs]
65097.047: [GC pause (G1 Humongous Allocation) (young) (initial-mark) 17934M->15828M(20480M), 0.0748588 secs]
65097.124: [GC concurrent-root-region-scan-start]
65097.178: [GC concurrent-root-region-scan-end, 0.0541316 secs]
65097.178: [GC concurrent-mark-start]
65107.991: [GC pause (G1 Humongous Allocation) (young)-- 19590M->19714M(20480M), 3.8190546 secs]
65111.828: [Full GC (Allocation Failure)  19714M->17698M(20480M), 47.3279425 secs]
65159.157: [GC concurrent-mark-abort]
65159.176: [GC pause (G1 Humongous Allocation) (young) (initial-mark) 17735M->17746M(20480M), 0.0295507 secs]
65159.206: [GC concurrent-root-region-scan-start]
65159.213: [GC concurrent-root-region-scan-end, 0.0074058 secs]
65159.214: [GC concurrent-mark-start]
65167.761: [GC pause (G1 Humongous Allocation) (young)-- 19348M->19442M(20480M), 1.1856129 secs]
65169.772: [GC pause (G1 Evacuation Pause) (young)-- 19498M->19498M(20480M), 0.7981911 secs]
65170.583: [GC pause (G1 Evacuation Pause) (young) 19498M->19498M(20480M), 0.0367169 secs]
65170.622: [Full GC (Allocation Failure)  19498M->17092M(20480M), 45.7294548 secs]
65216.358: [GC concurrent-mark-abort]
65247.606: [GC pause (G1 Evacuation Pause) (young) 18116M->17111M(20480M), 0.0427656 secs]
65299.696: [GC pause (G1 Evacuation Pause) (young) (initial-mark) 18111M->17130M(20480M), 0.0408658 secs]
65299.737: [GC concurrent-root-region-scan-start]
65299.760: [GC concurrent-root-region-scan-end, 0.0222766 secs]
65299.760: [GC concurrent-mark-start]
65339.955: [GC concurrent-mark-end, 40.1954194 secs]
65339.957: [GC remark, 0.1408522 secs]
65340.099: [GC cleanup 17826M->15798M(20480M), 0.0426293 secs]
65340.142: [GC concurrent-cleanup-start]
65340.146: [GC concurrent-cleanup-end, 0.0036435 secs]
65351.934: [GC pause (G1 Evacuation Pause) (young) 16086M->15096M(20480M), 0.0391589 secs]
65466.570: [GC pause (G1 Evacuation Pause) (young) 18048M->15124M(20480M), 0.0731809 secs]
65583.602: [GC pause (G1 Evacuation Pause) (young) (initial-mark) 18100M->15120M(20480M), 0.0843608 secs]
65583.686: [GC concurrent-root-region-scan-start]
65583.747: [GC concurrent-root-region-scan-end, 0.0602549 secs]
65583.747: [GC concurrent-mark-start]
65623.921: [GC concurrent-mark-end, 40.1747757 secs]
65623.923: [GC remark, 0.1425862 secs]
65624.067: [GC cleanup 16008M->16008M(20480M), 0.0428031 secs]
65695.108: [GC pause (G1 Evacuation Pause) (young) 18152M->15144M(20480M), 0.1018245 secs]
65799.649: [GC pause (G1 Evacuation Pause) (young) 18192M->15140M(20480M), 0.1020362 secs]
65934.735: [GC pause (G1 Evacuation Pause) (young) (initial-mark) 18204M->15144M(20480M), 0.0969515 secs]
65934.832: [GC concurrent-root-region-scan-start]
65934.911: [GC concurrent-root-region-scan-end, 0.0795141 secs]
65934.911: [GC concurrent-mark-start]
65975.707: [GC concurrent-mark-end, 40.7962738 secs]
65975.710: [GC remark, 0.1485068 secs]
65975.860: [GC cleanup 15914M->15914M(20480M), 0.0431857 secs]
66091.062: [GC pause (G1 Evacuation Pause) (young) 18232M->15132M(20480M), 0.1194669 secs]
66275.706: [GC pause (G1 Evacuation Pause) (young) 18244M->15144M(20480M), 0.1026834 secs]
66454.981: [GC pause (G1 Evacuation Pause) (young) (initial-mark) 18264M->15132M(20480M), 0.1170746 secs]
66455.098: [GC concurrent-root-region-scan-start]
66455.175: [GC concurrent-root-region-scan-end, 0.0762310 secs]
66455.175: [GC concurrent-mark-start]
66496.686: [GC concurrent-mark-end, 41.5115917 secs]
66496.688: [GC remark, 0.1582115 secs]
66496.848: [GC cleanup 15792M->15792M(20480M), 0.0528079 secs]
66621.890: [GC pause (G1 Evacuation Pause) (young) 18276M->15148M(20480M), 0.1114591 secs]
66746.835: [GC pause (G1 Evacuation Pause) (young) 18268M->15144M(20480M), 0.1131650 secs]
66913.338: [GC pause (G1 Evacuation Pause) (young) (initial-mark) 18280M->15152M(20480M), 0.1156689 secs]
66913.454: [GC concurrent-root-region-scan-start]
66913.551: [GC concurrent-root-region-scan-end, 0.0971896 secs]
66913.551: [GC concurrent-mark-start]
66954.863: [GC concurrent-mark-end, 41.3119984 secs]
66954.865: [GC remark, 0.1509078 secs]
66955.017: [GC cleanup 15802M->15802M(20480M), 0.0464268 secs]
67093.401: [GC pause (G1 Evacuation Pause) (young) 18272M->15132M(20480M), 0.0943788 secs]
67173.737: [GC pause (G1 Evacuation Pause) (young) 18284M->15149M(20480M), 0.0847852 secs]
67340.233: [GC pause (G1 Evacuation Pause) (young) (initial-mark) 18261M->15138M(20480M), 0.1029280 secs]
67340.336: [GC concurrent-root-region-scan-start]
67340.420: [GC concurrent-root-region-scan-end, 0.0834967 secs]
67340.420: [GC concurrent-mark-start]
67381.831: [GC concurrent-mark-end, 41.4115956 secs]
67381.833: [GC remark, 0.1461608 secs]
67381.981: [GC cleanup 15961M->15769M(20480M), 0.0448988 secs]
67382.026: [GC concurrent-cleanup-start]
67382.026: [GC concurrent-cleanup-end, 0.0005781 secs]
67465.643: [GC pause (G1 Evacuation Pause) (young) 18090M->14954M(20480M), 0.1058124 secs]
67653.042: [GC pause (G1 Evacuation Pause) (young) 18322M->14964M(20480M), 0.1494218 secs]
67834.395: [GC pause (G1 Evacuation Pause) (young) (initial-mark) 18316M->14972M(20480M), 0.1224438 secs]
67834.518: [GC concurrent-root-region-scan-start]
67834.615: [GC concurrent-root-region-scan-end, 0.0974172 secs]
67834.615: [GC concurrent-mark-start]
67875.905: [GC concurrent-mark-end, 41.2895695 secs]
67875.906: [GC remark, 0.1455740 secs]
67876.054: [GC cleanup 15722M->15722M(20480M), 0.0432265 secs]
68007.515: [GC pause (G1 Evacuation Pause) (young) 18316M->15008M(20480M), 0.1060081 secs]
68164.002: [GC pause (G1 Evacuation Pause) (young) 18280M->14959M(20480M), 0.0916029 secs]
68371.823: [GC pause (G1 Evacuation Pause) (young) (initial-mark) 18335M->14962M(20480M), 0.0921843 secs]
68371.915: [GC concurrent-root-region-scan-start]
68371.969: [GC concurrent-root-region-scan-end, 0.0538795 secs]
68371.969: [GC concurrent-mark-start]
68416.416: [GC concurrent-mark-end, 44.4467059 secs]
68416.417: [GC remark, 0.2000250 secs]
68416.619: [GC cleanup 16105M->16105M(20480M), 0.0743881 secs]
68539.159: [GC pause (G1 Evacuation Pause) (young) 18346M->14962M(20480M), 0.0957902 secs]
68726.559: [GC pause (G1 Evacuation Pause) (young) 18346M->14967M(20480M), 0.0859284 secs]
68934.230: [GC pause (G1 Evacuation Pause) (young) (initial-mark) 18351M->14972M(20480M), 0.0912013 secs]
68934.321: [GC concurrent-root-region-scan-start]
68934.446: [GC concurrent-root-region-scan-end, 0.1250178 secs]
68934.446: [GC concurrent-mark-start]
68975.203: [GC concurrent-mark-end, 40.7570480 secs]
68975.205: [GC remark, 0.1464933 secs]
68975.353: [GC cleanup 15707M->15707M(20480M), 0.0425034 secs]
69090.495: [GC pause (G1 Evacuation Pause) (young) 18340M->14972M(20480M), 0.0854622 secs]
69278.246: [GC pause (G1 Evacuation Pause) (young) 18340M->14972M(20480M), 0.1090167 secs]
69465.930: [GC pause (G1 Evacuation Pause) (young) (initial-mark) 18340M->14976M(20480M), 0.0930211 secs]
69466.023: [GC concurrent-root-region-scan-start]
69466.081: [GC concurrent-root-region-scan-end, 0.0574960 secs]
69466.081: [GC concurrent-mark-start]
69507.162: [GC concurrent-mark-end, 41.0817459 secs]
69507.164: [GC remark, 0.1475169 secs]
69507.314: [GC cleanup 15553M->15553M(20480M), 0.0417086 secs]
69653.114: [GC pause (G1 Evacuation Pause) (young) 18344M->14968M(20480M), 0.1081329 secs]
69851.017: [GC pause (G1 Evacuation Pause) (young) 18352M->14970M(20480M), 0.0911036 secs]
70038.450: [GC pause (G1 Evacuation Pause) (young) (initial-mark) 18346M->14978M(20480M), 0.0812113 secs]
70038.531: [GC concurrent-root-region-scan-start]
70038.573: [GC concurrent-root-region-scan-end, 0.0418898 secs]
70038.573: [GC concurrent-mark-start]
70078.642: [GC concurrent-mark-end, 40.0681505 secs]
70078.643: [GC remark, 0.1782394 secs]
70078.823: [GC cleanup 15611M->15611M(20480M), 0.0482979 secs]
70225.564: [GC pause (G1 Evacuation Pause) (young) 18346M->14995M(20480M), 0.0957707 secs]
70413.143: [GC pause (G1 Evacuation Pause) (young) 18331M->14975M(20480M), 0.0820094 secs]
70600.312: [GC pause (G1 Evacuation Pause) (young) (initial-mark) 18343M->14971M(20480M), 0.0879344 secs]
70600.400: [GC concurrent-root-region-scan-start]
70600.441: [GC concurrent-root-region-scan-end, 0.0404761 secs]
70600.441: [GC concurrent-mark-start]
70640.884: [GC concurrent-mark-end, 40.4428703 secs]
70640.885: [GC remark, 0.1491638 secs]
70641.038: [GC cleanup 15663M->15663M(20480M), 0.0454779 secs]
70787.666: [GC pause (G1 Evacuation Pause) (young) 18355M->14979M(20480M), 0.0964064 secs]
70975.241: [GC pause (G1 Evacuation Pause) (young) 18347M->14983M(20480M), 0.0875789 secs]
71162.634: [GC pause (G1 Evacuation Pause) (young) (initial-mark) 18335M->14979M(20480M), 0.0854065 secs]
71162.720: [GC concurrent-root-region-scan-start]
71162.760: [GC concurrent-root-region-scan-end, 0.0403340 secs]
71162.760: [GC concurrent-mark-start]
71203.431: [GC concurrent-mark-end, 40.6707020 secs]
71203.432: [GC remark, 0.1816018 secs]
71203.618: [GC cleanup 15561M->15561M(20480M), 0.0489621 secs]
71360.455: [GC pause (G1 Evacuation Pause) (young) 18347M->14976M(20480M), 0.0825776 secs]
71547.646: [GC pause (G1 Evacuation Pause) (young) 18344M->14972M(20480M), 0.0858302 secs]
71696.900: [GC pause (G1 Humongous Allocation) (young) (initial-mark) 18334M->14992M(20480M), 0.0894134 secs]
71696.990: [GC concurrent-root-region-scan-start]
71697.028: [GC concurrent-root-region-scan-end, 0.0376864 secs]
71697.028: [GC concurrent-mark-start]
71740.727: [GC concurrent-mark-end, 43.6994788 secs]
71740.729: [GC remark, 0.1922780 secs]
71740.923: [GC cleanup 17920M->17920M(20480M), 0.0436429 secs]
71829.892: [GC pause (G1 Evacuation Pause) (young)-- 19496M->17632M(20480M), 0.8797579 secs]
71893.089: [GC pause (G1 Evacuation Pause) (young) 18656M->17659M(20480M), 0.0681928 secs]
71955.186: [GC pause (G1 Evacuation Pause) (young) (initial-mark) 18651M->17655M(20480M), 0.0349571 secs]
71955.221: [GC concurrent-root-region-scan-start]
71955.234: [GC concurrent-root-region-scan-end, 0.0126653 secs]
71955.234: [GC concurrent-mark-start]
71995.318: [GC concurrent-mark-end, 40.0844010 secs]
71995.320: [GC remark, 0.2286682 secs]
71995.552: [GC cleanup 18516M->18468M(20480M), 0.0494777 secs]
71995.602: [GC concurrent-cleanup-start]
71995.602: [GC concurrent-cleanup-end, 0.0000491 secs]
71997.233: [GC pause (G1 Evacuation Pause) (young) 18607M->17611M(20480M), 0.0796530 secs]
72049.588: [GC pause (G1 Evacuation Pause) (mixed) 18603M->15755M(20480M), 0.0525783 secs]
72205.477: [GC pause (G1 Evacuation Pause) (young) 18331M->15760M(20480M), 0.0834002 secs]
72297.051: [GC pause (G1 Humongous Allocation) (young) (initial-mark) 17475M->15764M(20480M), 0.0586967 secs]
72297.109: [GC concurrent-root-region-scan-start]
72297.142: [GC concurrent-root-region-scan-end, 0.0321365 secs]
72297.142: [GC concurrent-mark-start]
72308.478: [GC pause (G1 Humongous Allocation) (young)-- 19619M->19727M(20480M), 5.2586492 secs]
72313.749: [Full GC (Allocation Failure)  19727M->17761M(20480M), 46.5790427 secs]
72360.329: [GC concurrent-mark-abort]
72360.343: [GC pause (G1 Humongous Allocation) (young) (initial-mark) 17800M->17809M(20480M), 0.0341258 secs]
72360.378: [GC concurrent-root-region-scan-start]
72360.394: [GC concurrent-root-region-scan-end, 0.0158027 secs]
72360.394: [GC concurrent-mark-start]
72381.386: [GC pause (G1 Evacuation Pause) (young)-- 19505M->19505M(20480M), 2.3460683 secs]
72383.734: [GC pause (G1 Evacuation Pause) (young) 19505M->19505M(20480M), 0.0864041 secs]
72383.822: [GC pause (G1 Evacuation Pause) (young) 19505M->19505M(20480M), 0.0195628 secs]
72383.843: [GC pause (G1 Evacuation Pause) (young) 19505M->19505M(20480M), 0.0150544 secs]
72383.859: [GC pause (G1 Evacuation Pause) (young) 19505M->19505M(20480M), 0.0129473 secs]
72383.874: [GC pause (G1 Evacuation Pause) (young) 19505M->19505M(20480M), 0.0138591 secs]
72383.889: [Full GC (Allocation Failure)  19505M->16173M(20480M), 42.5074424 secs]
72426.397: [GC concurrent-mark-abort]
72488.640: [GC pause (G1 Evacuation Pause) (young) 17197M->16187M(20480M), 0.0424822 secs]
72540.915: [GC pause (G1 Evacuation Pause) (young) (initial-mark) 17195M->16192M(20480M), 0.0373748 secs]
72540.952: [GC concurrent-root-region-scan-start]
72540.966: [GC concurrent-root-region-scan-end, 0.0132500 secs]
72540.966: [GC concurrent-mark-start]
72581.221: [GC concurrent-mark-end, 40.2552333 secs]
72581.223: [GC remark, 0.1505725 secs]
72581.375: [GC cleanup 16911M->15535M(20480M), 0.0439209 secs]
72581.419: [GC concurrent-cleanup-start]
72581.420: [GC concurrent-cleanup-end, 0.0007034 secs]
72592.895: [GC pause (G1 Evacuation Pause) (young) 15816M->14819M(20480M), 0.0301439 secs]
72645.029: [GC pause (G1 Evacuation Pause) (young) 15819M->14835M(20480M), 0.0420761 secs]
72707.332: [GC pause (G1 Evacuation Pause) (young) (initial-mark) 15819M->14833M(20480M), 0.0485604 secs]
72707.381: [GC concurrent-root-region-scan-start]
72707.405: [GC concurrent-root-region-scan-end, 0.0247465 secs]
72707.405: [GC concurrent-mark-start]
72747.518: [GC concurrent-mark-end, 40.1123412 secs]
72747.519: [GC remark, 0.1419077 secs]
72747.663: [GC cleanup 15504M->15504M(20480M), 0.0423360 secs]
72759.545: [GC pause (G1 Evacuation Pause) (young) 15817M->14837M(20480M), 0.0411542 secs]
72821.774: [GC pause (G1 Evacuation Pause) (young) 15821M->14837M(20480M), 0.0515447 secs]
72873.973: [GC pause (G1 Evacuation Pause) (young) (initial-mark) 15821M->14837M(20480M), 0.0504239 secs]
72874.024: [GC concurrent-root-region-scan-start]
72874.062: [GC concurrent-root-region-scan-end, 0.0383629 secs]
72874.062: [GC concurrent-mark-start]
72915.680: [GC pause (G1 Evacuation Pause) (young) 15821M->14889M(20480M), 0.0595417 secs]
72915.775: [GC concurrent-mark-end, 41.7131413 secs]
72915.780: [GC remark, 0.1650833 secs]
72915.947: [GC cleanup 14905M->14905M(20480M), 0.0478713 secs]
72968.085: [GC pause (G1 Evacuation Pause) (young) 15817M->14858M(20480M), 0.0450120 secs]
73030.224: [GC pause (G1 Evacuation Pause) (young) 15818M->14834M(20480M), 0.0439696 secs]
73165.352: [GC pause (G1 Evacuation Pause) (young) (initial-mark) 17138M->14842M(20480M), 0.0682861 secs]
73165.420: [GC concurrent-root-region-scan-start]
73165.455: [GC concurrent-root-region-scan-end, 0.0344870 secs]
73165.455: [GC concurrent-mark-start]
73205.952: [GC concurrent-mark-end, 40.4967735 secs]
73205.953: [GC remark, 0.1484502 secs]
73206.104: [GC cleanup 15663M->15663M(20480M), 0.0463658 secs]
73321.416: [GC pause (G1 Evacuation Pause) (young) 17754M->14846M(20480M), 0.0697108 secs]
73508.885: [GC pause (G1 Evacuation Pause) (young) 18326M->14854M(20480M), 0.1084460 secs]
73706.280: [GC pause (G1 Evacuation Pause) (young) (initial-mark) 18150M->14854M(20480M), 0.0951471 secs]
73706.375: [GC concurrent-root-region-scan-start]
73706.420: [GC concurrent-root-region-scan-end, 0.0450513 secs]
73706.421: [GC concurrent-mark-start]
73747.970: [GC concurrent-mark-end, 41.5498209 secs]
73747.972: [GC remark, 0.1440740 secs]
73748.117: [GC cleanup 15538M->15538M(20480M), 0.0427844 secs]
73893.887: [GC pause (G1 Evacuation Pause) (young) 18350M->14850M(20480M), 0.1041604 secs]
74091.528: [GC pause (G1 Evacuation Pause) (young) 18346M->14850M(20480M), 0.1030142 secs]
74290.024: [GC pause (G1 Evacuation Pause) (young) (initial-mark) 18346M->14850M(20480M), 0.0875386 secs]
74290.111: [GC concurrent-root-region-scan-start]
74290.153: [GC concurrent-root-region-scan-end, 0.0417607 secs]
74290.153: [GC concurrent-mark-start]
74332.609: [GC concurrent-mark-end, 42.4560247 secs]
74332.611: [GC remark, 0.1509848 secs]
74332.763: [GC cleanup 15610M->15610M(20480M), 0.0441282 secs]
74478.182: [GC pause (G1 Evacuation Pause) (young) 18346M->14846M(20480M), 0.0811559 secs]
74676.251: [GC pause (G1 Evacuation Pause) (young) 18350M->14850M(20480M), 0.0846573 secs]
74882.667: [GC pause (G1 Evacuation Pause) (young) (initial-mark) 18346M->14854M(20480M), 0.0883825 secs]
74882.756: [GC concurrent-root-region-scan-start]
74882.797: [GC concurrent-root-region-scan-end, 0.0410477 secs]
74882.797: [GC concurrent-mark-start]
74923.100: [GC concurrent-mark-end, 40.3028148 secs]
74923.101: [GC remark, 0.1374333 secs]
74923.240: [GC cleanup 15493M->15493M(20480M), 0.0434261 secs]
75070.194: [GC pause (G1 Evacuation Pause) (young) 18350M->14850M(20480M), 0.0829167 secs]
75236.776: [GC pause (G1 Evacuation Pause) (young) 18346M->14930M(20480M), 0.1141354 secs]
75423.710: [GC pause (G1 Evacuation Pause) (young) (initial-mark) 18266M->14850M(20480M), 0.0906710 secs]
75423.800: [GC concurrent-root-region-scan-start]
75423.858: [GC concurrent-root-region-scan-end, 0.0578266 secs]
75423.858: [GC concurrent-mark-start]
75463.713: [GC concurrent-mark-end, 39.8548711 secs]
75463.715: [GC remark, 0.1740045 secs]
75463.891: [GC cleanup 15538M->15538M(20480M), 0.0901355 secs]
75611.194: [GC pause (G1 Evacuation Pause) (young) 18338M->14854M(20480M), 0.0889980 secs]
75808.995: [GC pause (G1 Evacuation Pause) (young) 18350M->14854M(20480M), 0.0847196 secs]
76006.571: [GC pause (G1 Evacuation Pause) (young) (initial-mark) 18350M->14846M(20480M), 0.0862555 secs]
76006.658: [GC concurrent-root-region-scan-start]
76006.700: [GC concurrent-root-region-scan-end, 0.0425367 secs]
76006.700: [GC concurrent-mark-start]
76046.816: [GC concurrent-mark-end, 40.1153999 secs]
76046.817: [GC remark, 0.1440708 secs]
76046.964: [GC cleanup 15405M->15405M(20480M), 0.0426229 secs]
76204.058: [GC pause (G1 Evacuation Pause) (young) 18358M->14854M(20480M), 0.0875824 secs]
76402.190: [GC pause (G1 Evacuation Pause) (young) 18350M->14854M(20480M), 0.0821497 secs]
76599.660: [GC pause (G1 Evacuation Pause) (young) (initial-mark) 18350M->14846M(20480M), 0.0926493 secs]
76599.753: [GC concurrent-root-region-scan-start]
76599.791: [GC concurrent-root-region-scan-end, 0.0380009 secs]
76599.791: [GC concurrent-mark-start]
76640.061: [GC concurrent-mark-end, 40.2707756 secs]
76640.063: [GC remark, 0.1425829 secs]
76640.207: [GC cleanup 15601M->15601M(20480M), 0.0435523 secs]
76787.134: [GC pause (G1 Evacuation Pause) (young) 18358M->14846M(20480M), 0.0800970 secs]
76995.009: [GC pause (G1 Evacuation Pause) (young) 18358M->14854M(20480M), 0.0889504 secs]
77182.576: [GC pause (G1 Evacuation Pause) (young) (initial-mark) 18350M->14846M(20480M), 0.0822418 secs]
77182.659: [GC concurrent-root-region-scan-start]
77182.697: [GC concurrent-root-region-scan-end, 0.0385913 secs]
77182.697: [GC concurrent-mark-start]
77223.377: [GC concurrent-mark-end, 40.6799277 secs]
77223.379: [GC remark, 0.1404888 secs]
77223.521: [GC cleanup 15416M->15416M(20480M), 0.0429986 secs]
77380.252: [GC pause (G1 Evacuation Pause) (young) 18358M->14854M(20480M), 0.0835201 secs]
77588.036: [GC pause (G1 Evacuation Pause) (young) 18350M->14851M(20480M), 0.0853605 secs]
77775.320: [GC pause (G1 Evacuation Pause) (young) (initial-mark) 18347M->14855M(20480M), 0.0818516 secs]
77775.402: [GC concurrent-root-region-scan-start]
77775.441: [GC concurrent-root-region-scan-end, 0.0397551 secs]
77775.441: [GC concurrent-mark-start]
77816.180: [GC concurrent-mark-end, 40.7388637 secs]
77816.182: [GC remark, 0.1379070 secs]
77816.321: [GC cleanup 15571M->15571M(20480M), 0.0421582 secs]
77973.773: [GC pause (G1 Evacuation Pause) (young) 18351M->14855M(20480M), 0.0873207 secs]
78161.163: [GC pause (G1 Evacuation Pause) (young) 18351M->14851M(20480M), 0.0882744 secs]
78358.731: [GC pause (G1 Evacuation Pause) (young) (initial-mark) 18347M->14851M(20480M), 0.1227995 secs]
78358.854: [GC concurrent-root-region-scan-start]
78358.940: [GC concurrent-root-region-scan-end, 0.0860592 secs]
78358.940: [GC concurrent-mark-start]
78399.718: [GC concurrent-mark-end, 40.7786325 secs]
78399.720: [GC remark, 0.1474133 secs]
78399.869: [GC cleanup 15427M->15427M(20480M), 0.0443471 secs]
78566.854: [GC pause (G1 Evacuation Pause) (young) 18347M->14855M(20480M), 0.0990125 secs]
78754.237: [GC pause (G1 Evacuation Pause) (young) 18351M->14851M(20480M), 0.0900262 secs]
78897.122: [GC pause (G1 Humongous Allocation) (young) (initial-mark) 18009M->14863M(20480M), 0.0785493 secs]
78897.201: [GC concurrent-root-region-scan-start]
78897.242: [GC concurrent-root-region-scan-end, 0.0411943 secs]
78897.242: [GC concurrent-mark-start]
78939.460: [GC concurrent-mark-end, 42.2177863 secs]
78939.461: [GC remark, 0.1453013 secs]
78939.608: [GC cleanup 17813M->17813M(20480M), 0.0463869 secs]
79034.937: [GC pause (G1 Evacuation Pause) (young)-- 19503M->17637M(20480M), 0.9309012 secs]
79098.088: [GC pause (G1 Evacuation Pause) (young) 18661M->17659M(20480M), 0.0467703 secs]
79150.334: [GC pause (G1 Evacuation Pause) (young) (initial-mark) 18659M->17652M(20480M), 0.0333553 secs]
79150.367: [GC concurrent-root-region-scan-start]
79150.379: [GC concurrent-root-region-scan-end, 0.0113074 secs]
79150.379: [GC concurrent-mark-start]
79190.610: [GC concurrent-mark-end, 40.2309701 secs]
79190.611: [GC remark, 0.2470216 secs]
79190.860: [GC cleanup 18373M->18309M(20480M), 0.0773787 secs]
79190.937: [GC concurrent-cleanup-start]
79190.938: [GC concurrent-cleanup-end, 0.0000547 secs]
79202.154: [GC pause (G1 Evacuation Pause) (young) 18596M->17601M(20480M), 0.0577058 secs]
79254.368: [GC pause (G1 Evacuation Pause) (mixed) 18593M->15737M(20480M), 0.0514739 secs]
79410.438: [GC pause (G1 Evacuation Pause) (young) 18361M->15749M(20480M), 0.0823917 secs]
79497.085: [GC pause (G1 Humongous Allocation) (young) (initial-mark) 17471M->15753M(20480M), 0.0554424 secs]
79497.140: [GC concurrent-root-region-scan-start]
79497.186: [GC concurrent-root-region-scan-end, 0.0456732 secs]
79497.186: [GC concurrent-mark-start]
79508.645: [GC pause (G1 Humongous Allocation) (young)-- 19520M->19669M(20480M), 3.8215471 secs]
79512.468: [Full GC (Allocation Failure)  19669M->17690M(20480M), 44.2199016 secs]
79556.689: [GC concurrent-mark-abort]
79556.696: [GC pause (G1 Humongous Allocation) (young) (initial-mark) 17725M->17738M(20480M), 0.0266281 secs]
79556.722: [GC concurrent-root-region-scan-start]
79556.728: [GC concurrent-root-region-scan-end, 0.0052709 secs]
79556.728: [GC concurrent-mark-start]
79577.860: [GC pause (G1 Evacuation Pause) (young)-- 19490M->19490M(20480M), 2.6124793 secs]
79580.474: [Full GC (Allocation Failure)  19490M->16409M(20480M), 42.4333729 secs]
79622.908: [GC concurrent-mark-abort]
79705.997: [GC pause (G1 Evacuation Pause) (young) 17769M->16424M(20480M), 0.0489368 secs]
79776.345: [GC pause (G1 Evacuation Pause) (young) (initial-mark) 17816M->16430M(20480M), 0.0439640 secs]
79776.390: [GC concurrent-root-region-scan-start]
79776.470: [GC concurrent-root-region-scan-end, 0.0804963 secs]
79776.470: [GC concurrent-mark-start]
79817.473: [GC concurrent-mark-end, 41.0026087 secs]
79817.474: [GC remark, 0.1974203 secs]
79817.673: [GC cleanup 17187M->15683M(20480M), 0.0748134 secs]
79817.749: [GC concurrent-cleanup-start]
79817.752: [GC concurrent-cleanup-end, 0.0035082 secs]
79851.722: [GC pause (G1 Evacuation Pause) (young) 16350M->14956M(20480M), 0.0570345 secs]
80039.105: [GC pause (G1 Evacuation Pause) (young) 18108M->14953M(20480M), 0.0970472 secs]
80205.765: [GC pause (G1 Evacuation Pause) (young) (initial-mark) 18169M->14953M(20480M), 0.0927656 secs]
80205.858: [GC concurrent-root-region-scan-start]
80205.916: [GC concurrent-root-region-scan-end, 0.0576893 secs]
80205.916: [GC concurrent-mark-start]
80246.025: [GC concurrent-mark-end, 40.1091775 secs]
80246.026: [GC remark, 0.1589856 secs]
80246.187: [GC cleanup 15608M->15608M(20480M), 0.0456659 secs]
80382.859: [GC pause (G1 Evacuation Pause) (young) 18201M->14949M(20480M), 0.0773613 secs]
80570.468: [GC pause (G1 Evacuation Pause) (young) 18237M->14957M(20480M), 0.0982749 secs]
80757.586: [GC pause (G1 Evacuation Pause) (young) (initial-mark) 18261M->14961M(20480M), 0.1053091 secs]
80757.691: [GC concurrent-root-region-scan-start]
80757.732: [GC concurrent-root-region-scan-end, 0.0413121 secs]
80757.732: [GC concurrent-mark-start]
80797.993: [GC concurrent-mark-end, 40.2609447 secs]
80797.995: [GC remark, 0.1480788 secs]
80798.145: [GC cleanup 15613M->15613M(20480M), 0.0436570 secs]
80955.065: [GC pause (G1 Evacuation Pause) (young) 18281M->14953M(20480M), 0.0920221 secs]
81132.380: [GC pause (G1 Evacuation Pause) (young) 18305M->14957M(20480M), 0.0916449 secs]
81310.593: [GC pause (G1 Evacuation Pause) (young) (initial-mark) 18309M->14965M(20480M), 0.1075808 secs]
81310.701: [GC concurrent-root-region-scan-start]
81310.757: [GC concurrent-root-region-scan-end, 0.0556173 secs]
81310.757: [GC concurrent-mark-start]
81353.223: [GC concurrent-mark-end, 42.4660186 secs]
81353.224: [GC remark, 0.1426931 secs]
81353.368: [GC cleanup 15717M->15717M(20480M), 0.0433859 secs]
81507.079: [GC pause (G1 Evacuation Pause) (young) 18317M->14961M(20480M), 0.0842285 secs]
81684.606: [GC pause (G1 Evacuation Pause) (young) 18329M->14949M(20480M), 0.0853011 secs]
81881.427: [GC pause (G1 Evacuation Pause) (young) (initial-mark) 18325M->14961M(20480M), 0.0889417 secs]
81881.516: [GC concurrent-root-region-scan-start]
81881.562: [GC concurrent-root-region-scan-end, 0.0461219 secs]
81881.562: [GC concurrent-mark-start]
81922.011: [GC concurrent-mark-end, 40.4490951 secs]
81922.013: [GC remark, 0.1481924 secs]
81922.162: [GC cleanup 15674M->15674M(20480M), 0.0440472 secs]
82079.274: [GC pause (G1 Evacuation Pause) (young) 18337M->14957M(20480M), 0.0990338 secs]
82256.635: [GC pause (G1 Evacuation Pause) (young) 18333M->14949M(20480M), 0.0846165 secs]
82423.276: [GC pause (G1 Evacuation Pause) (young) (initial-mark) 18333M->15021M(20480M), 0.1094032 secs]
82423.386: [GC concurrent-root-region-scan-start]
82423.438: [GC concurrent-root-region-scan-end, 0.0520743 secs]
82423.438: [GC concurrent-mark-start]
82464.874: [GC concurrent-mark-end, 41.4365566 secs]
82464.876: [GC remark, 0.1516487 secs]
82465.029: [GC cleanup 15805M->15709M(20480M), 0.0443747 secs]
82465.074: [GC concurrent-cleanup-start]
82465.074: [GC concurrent-cleanup-end, 0.0002020 secs]
82590.243: [GC pause (G1 Evacuation Pause) (young) 18165M->14857M(20480M), 0.0877578 secs]
82787.841: [GC pause (G1 Evacuation Pause) (young) 18345M->14857M(20480M), 0.0878487 secs]
82985.534: [GC pause (G1 Evacuation Pause) (young) (initial-mark) 18353M->14862M(20480M), 0.0892270 secs]
82985.624: [GC concurrent-root-region-scan-start]
82985.673: [GC concurrent-root-region-scan-end, 0.0490597 secs]
82985.673: [GC concurrent-mark-start]
83027.162: [GC concurrent-mark-end, 41.4895693 secs]
83027.164: [GC remark, 0.1480314 secs]
83027.314: [GC cleanup 15494M->15494M(20480M), 0.0495292 secs]
83183.292: [GC pause (G1 Evacuation Pause) (young) 18350M->14862M(20480M), 0.0824066 secs]
83376.489: [GC pause (G1 Evacuation Pause) (young) 18350M->14870M(20480M), 0.0882397 secs]
83578.621: [GC pause (G1 Evacuation Pause) (young) (initial-mark) 18342M->14866M(20480M), 0.0917932 secs]
83578.713: [GC concurrent-root-region-scan-start]
83578.763: [GC concurrent-root-region-scan-end, 0.0495922 secs]
83578.763: [GC concurrent-mark-start]
83620.159: [GC concurrent-mark-end, 41.3963876 secs]
83620.161: [GC remark, 0.1415769 secs]
83620.304: [GC cleanup 15527M->15527M(20480M), 0.0432004 secs]
83766.180: [GC pause (G1 Evacuation Pause) (young) 18354M->14870M(20480M), 0.0858541 secs]
83963.951: [GC pause (G1 Evacuation Pause) (young) 18342M->14862M(20480M), 0.0880574 secs]
84161.790: [GC pause (G1 Evacuation Pause) (young) (initial-mark) 18350M->14858M(20480M), 0.0827980 secs]
84161.873: [GC concurrent-root-region-scan-start]
84161.916: [GC concurrent-root-region-scan-end, 0.0435584 secs]
84161.916: [GC concurrent-mark-start]
84203.176: [GC concurrent-mark-end, 41.2596711 secs]
84203.178: [GC remark, 0.1507010 secs]
84203.330: [GC cleanup 15517M->15517M(20480M), 0.0443857 secs]
84349.678: [GC pause (G1 Evacuation Pause) (young) 18362M->14862M(20480M), 0.0787678 secs]
84557.807: [GC pause (G1 Evacuation Pause) (young) 18350M->14862M(20480M), 0.0851655 secs]
84745.469: [GC pause (G1 Evacuation Pause) (young) (initial-mark) 18350M->14862M(20480M), 0.0862609 secs]
84745.555: [GC concurrent-root-region-scan-start]
84745.595: [GC concurrent-root-region-scan-end, 0.0394008 secs]
84745.595: [GC concurrent-mark-start]
84786.232: [GC concurrent-mark-end, 40.6368922 secs]
84786.233: [GC remark, 0.1494112 secs]
84786.384: [GC cleanup 15422M->15422M(20480M), 0.0442854 secs]
84933.043: [GC pause (G1 Evacuation Pause) (young) 18350M->14862M(20480M), 0.0849134 secs]
85141.018: [GC pause (G1 Evacuation Pause) (young) 18350M->14862M(20480M), 0.0884790 secs]
85328.560: [GC pause (G1 Evacuation Pause) (young) (initial-mark) 18350M->14866M(20480M), 0.0850530 secs]
85328.645: [GC concurrent-root-region-scan-start]
85328.683: [GC concurrent-root-region-scan-end, 0.0377779 secs]
85328.683: [GC concurrent-mark-start]
85368.569: [GC concurrent-mark-end, 39.8863758 secs]
85368.571: [GC remark, 0.1474640 secs]
85368.720: [GC cleanup 15451M->15451M(20480M), 0.0509606 secs]
85460.046: [Full GC (System.gc())  16199M->14646M(20480M), 46.7903570 secs]
85520.657: [GC pause (G1 Humongous Allocation) (young) (initial-mark) 17550M->14934M(20480M), 0.1891899 secs]
85520.846: [GC concurrent-root-region-scan-start]
85521.106: [GC concurrent-root-region-scan-end, 0.2592112 secs]
85521.106: [GC concurrent-mark-start]
85561.896: [GC concurrent-mark-end, 40.7899754 secs]
85561.897: [GC remark, 0.1477792 secs]
85562.047: [GC cleanup 15850M->15850M(20480M), 0.0440897 secs]
85676.120: [GC pause (G1 Evacuation Pause) (young) 17790M->14806M(20480M), 0.1767936 secs]
85870.633: [GC pause (G1 Evacuation Pause) (young) 18302M->14830M(20480M), 0.1144254 secs]
86040.496: [GC pause (G1 Evacuation Pause) (young) (initial-mark) 18318M->14922M(20480M), 0.1331093 secs]
86040.629: [GC concurrent-root-region-scan-start]
86040.725: [GC concurrent-root-region-scan-end, 0.0951962 secs]
86040.725: [GC concurrent-mark-start]
86081.018: [GC concurrent-mark-end, 40.2933745 secs]
86081.020: [GC remark, 0.1616089 secs]
86081.184: [GC cleanup 15603M->15603M(20480M), 0.0506385 secs]
86165.965: [GC pause (G1 Evacuation Pause) (young)-- 19522M->18838M(20480M), 1.0675086 secs]
86219.355: [GC pause (G1 Evacuation Pause) (young)-- 19790M->19790M(20480M), 0.3072561 secs]
86219.664: [GC pause (G1 Evacuation Pause) (young) (initial-mark) 19790M->19790M(20480M), 0.0228337 secs]
86219.687: [GC concurrent-root-region-scan-start]
86219.687: [GC concurrent-root-region-scan-end, 0.0003568 secs]
86219.687: [GC concurrent-mark-start]
86219.688: [Full GC (Allocation Failure)  19790M->14921M(20480M), 44.7318932 secs]
86264.423: [GC concurrent-mark-abort]
86451.747: [GC pause (G1 Evacuation Pause) (young) 18281M->14967M(20480M), 0.0915805 secs]
86641.598: [GC pause (G1 Evacuation Pause) (young) (initial-mark) 18287M->14973M(20480M), 0.0831147 secs]
86641.681: [GC concurrent-root-region-scan-start]
86641.718: [GC concurrent-root-region-scan-end, 0.0369123 secs]
86641.718: [GC concurrent-mark-start]
86682.158: [GC concurrent-mark-end, 40.4402828 secs]
86682.160: [GC remark, 0.1512284 secs]
86682.313: [GC cleanup 15737M->15593M(20480M), 0.0632812 secs]
86682.376: [GC concurrent-cleanup-start]
86682.376: [GC concurrent-cleanup-end, 0.0000913 secs]
86706.600: [GC pause (G1 Humongous Allocation) (young)-- 19719M->19609M(20480M), 6.4434997 secs]
86713.473: [GC pause (G1 Evacuation Pause) (young) (initial-mark)-- 19769M->19769M(20480M), 0.2684624 secs]
86713.742: [GC concurrent-root-region-scan-start]
86713.742: [GC concurrent-root-region-scan-end, 0.0006033 secs]
86713.742: [GC concurrent-mark-start]
86713.746: [GC pause (G1 Evacuation Pause) (young) 19769M->19769M(20480M), 0.0221868 secs]
86713.771: [Full GC (Allocation Failure)  19769M->17782M(20480M), 43.9397250 secs]
86757.714: [GC concurrent-mark-abort]
86759.461: [GC pause (G1 Humongous Allocation) (young) (initial-mark) 17861M->17789M(20480M), 0.0265840 secs]
86759.488: [GC concurrent-root-region-scan-start]
86759.495: [GC concurrent-root-region-scan-end, 0.0067384 secs]
86759.495: [GC concurrent-mark-start]
86788.832: [GC pause (G1 Evacuation Pause) (young)-- 19501M->19501M(20480M), 2.4111000 secs]
86791.245: [GC pause (G1 Evacuation Pause) (young) 19501M->19501M(20480M), 0.0874189 secs]
86791.344: [Full GC (Allocation Failure)  19501M->16500M(20480M), 42.5180783 secs]
86833.863: [GC concurrent-mark-abort]
86917.056: [GC pause (G1 Evacuation Pause) (young) 17908M->16514M(20480M), 0.0585621 secs]
86989.940: [GC pause (G1 Evacuation Pause) (young) (initial-mark) 17930M->16518M(20480M), 0.0467554 secs]
86989.987: [GC concurrent-root-region-scan-start]
86990.003: [GC concurrent-root-region-scan-end, 0.0157766 secs]
86990.003: [GC concurrent-mark-start]
87033.008: [GC concurrent-mark-end, 43.0050970 secs]
87033.010: [GC remark, 0.1548172 secs]
87033.166: [GC cleanup 17464M->15960M(20480M), 0.0482492 secs]
87033.215: [GC concurrent-cleanup-start]
87033.216: [GC concurrent-cleanup-end, 0.0009254 secs]
87063.080: [GC pause (G1 Evacuation Pause) (young) 16430M->15041M(20480M), 0.0483957 secs]
87250.351: [GC pause (G1 Evacuation Pause) (young) 18257M->15048M(20480M), 0.0769227 secs]
87417.094: [GC pause (G1 Evacuation Pause) (young) (initial-mark) 18280M->15052M(20480M), 0.0790467 secs]
87417.173: [GC concurrent-root-region-scan-start]
87417.212: [GC concurrent-root-region-scan-end, 0.0386954 secs]
87417.212: [GC concurrent-mark-start]
87457.431: [GC concurrent-mark-end, 40.2191866 secs]
87457.432: [GC remark, 0.1461095 secs]
87457.580: [GC cleanup 15625M->15625M(20480M), 0.0466359 secs]
87603.727: [GC pause (G1 Evacuation Pause) (young) 18292M->15052M(20480M), 0.0824521 secs]
87781.076: [GC pause (G1 Evacuation Pause) (young) 18300M->15052M(20480M), 0.0801357 secs]
87968.528: [GC pause (G1 Evacuation Pause) (young) (initial-mark) 18308M->15040M(20480M), 0.0806280 secs]
87968.609: [GC concurrent-root-region-scan-start]
87968.645: [GC concurrent-root-region-scan-end, 0.0366775 secs]
87968.645: [GC concurrent-mark-start]
88009.339: [GC concurrent-mark-end, 40.6941817 secs]
88009.341: [GC remark, 0.1425476 secs]
88009.485: [GC cleanup 15681M->15681M(20480M), 0.0446179 secs]
88155.919: [GC pause (G1 Evacuation Pause) (young) 18320M->15052M(20480M), 0.0829485 secs]
88332.508: [GC pause (G1 Evacuation Pause) (young) 18324M->15040M(20480M), 0.0752594 secs]
88516.963: [GC pause (G1 Evacuation Pause) (young) (initial-mark) 18328M->15056M(20480M), 0.0866531 secs]
88517.049: [GC concurrent-root-region-scan-start]
88517.100: [GC concurrent-root-region-scan-end, 0.0509180 secs]
88517.100: [GC concurrent-mark-start]
88558.032: [GC concurrent-mark-end, 40.9313496 secs]
88558.033: [GC remark, 0.1625766 secs]
88558.198: [GC cleanup 15785M->15785M(20480M), 0.0494626 secs]
88706.945: [GC pause (G1 Evacuation Pause) (young) 18312M->15048M(20480M), 0.0764667 secs]
88880.120: [GC pause (G1 Evacuation Pause) (young) 18320M->15044M(20480M), 0.0750916 secs]
89071.226: [GC pause (G1 Evacuation Pause) (young) (initial-mark) 18332M->15056M(20480M), 0.0828614 secs]
89071.309: [GC concurrent-root-region-scan-start]
89071.349: [GC concurrent-root-region-scan-end, 0.0397679 secs]
89071.349: [GC concurrent-mark-start]
89111.935: [GC concurrent-mark-end, 40.5861529 secs]
89111.937: [GC remark, 0.1547677 secs]
89112.093: [GC cleanup 16424M->16424M(20480M), 0.0454183 secs]
89180.227: [GC pause (G1 Evacuation Pause) (young) 18312M->15056M(20480M), 0.0639994 secs]
89361.994: [GC pause (G1 Evacuation Pause) (young) 18312M->15061M(20480M), 0.0922286 secs]
89518.215: [GC pause (G1 Evacuation Pause) (young) (initial-mark) 18309M->15053M(20480M), 0.0840948 secs]
89518.299: [GC concurrent-root-region-scan-start]
89518.355: [GC concurrent-root-region-scan-end, 0.0555185 secs]
89518.355: [GC concurrent-mark-start]
89559.067: [GC concurrent-mark-end, 40.7119467 secs]
89559.068: [GC remark, 0.1574973 secs]
89559.227: [GC cleanup 16138M->16010M(20480M), 0.0467811 secs]
89559.275: [GC concurrent-cleanup-start]
89559.275: [GC concurrent-cleanup-end, 0.0000677 secs]
89622.739: [GC pause (G1 Evacuation Pause) (young) 18189M->15001M(20480M), 0.1146402 secs]
89789.713: [GC pause (G1 Evacuation Pause) (young) 18265M->14917M(20480M), 0.0911862 secs]
89936.981: [GC pause (G1 Evacuation Pause) (young) (initial-mark) 18341M->14933M(20480M), 0.0838853 secs]
89937.065: [GC concurrent-root-region-scan-start]
89937.120: [GC concurrent-root-region-scan-end, 0.0551958 secs]
89937.120: [GC concurrent-mark-start]
89977.620: [GC concurrent-mark-end, 40.5001650 secs]
89977.622: [GC remark, 0.1544176 secs]
89977.778: [GC cleanup 15933M->15925M(20480M), 0.0481053 secs]
89977.827: [GC concurrent-cleanup-start]
89977.827: [GC concurrent-cleanup-end, 0.0000429 secs]
90101.787: [GC pause (G1 Evacuation Pause) (young) 18333M->14917M(20480M), 0.0865587 secs]
90299.015: [GC pause (G1 Evacuation Pause) (young) 18349M->14917M(20480M), 0.0909644 secs]
90496.809: [GC pause (G1 Evacuation Pause) (young) (initial-mark) 18349M->14921M(20480M), 0.0942275 secs]
90496.904: [GC concurrent-root-region-scan-start]
90496.958: [GC concurrent-root-region-scan-end, 0.0539940 secs]
90496.958: [GC concurrent-mark-start]
90537.189: [GC concurrent-mark-end, 40.2310598 secs]
90537.190: [GC remark, 0.1422934 secs]
90537.334: [GC cleanup 15512M->15512M(20480M), 0.0426044 secs]
90684.051: [GC pause (G1 Evacuation Pause) (young) 18337M->14917M(20480M), 0.0880609 secs]
90881.483: [GC pause (G1 Evacuation Pause) (young) 18349M->14925M(20480M), 0.0849000 secs]
91006.494: [GC pause (G1 Evacuation Pause) (young) (initial-mark) 18341M->14921M(20480M), 0.0830439 secs]
91006.577: [GC concurrent-root-region-scan-start]
91006.647: [GC concurrent-root-region-scan-end, 0.0697429 secs]
91006.647: [GC concurrent-mark-start]
91046.821: [GC concurrent-mark-end, 40.1736231 secs]
91046.822: [GC remark, 0.1491865 secs]
91046.973: [GC cleanup 15609M->15609M(20480M), 0.0430164 secs]
91193.651: [GC pause (G1 Evacuation Pause) (young) 18369M->14929M(20480M), 0.0876385 secs]
91381.764: [GC pause (G1 Evacuation Pause) (young) 18329M->14925M(20480M), 0.1003167 secs]
91568.966: [GC pause (G1 Evacuation Pause) (young) (initial-mark) 18341M->14929M(20480M), 0.0893871 secs]
91569.056: [GC concurrent-root-region-scan-start]
91569.111: [GC concurrent-root-region-scan-end, 0.0548071 secs]
91569.111: [GC concurrent-mark-start]
91609.941: [GC concurrent-mark-end, 40.8305496 secs]
91609.943: [GC remark, 0.1477740 secs]
91610.092: [GC cleanup 15543M->15543M(20480M), 0.0451473 secs]
91763.932: [GC pause (G1 Evacuation Pause) (young) 18329M->14943M(20480M), 0.1052799 secs]
91933.258: [GC pause (G1 Evacuation Pause) (young) 18327M->14925M(20480M), 0.0853280 secs]
92099.693: [GC pause (G1 Evacuation Pause) (young) (initial-mark) 18341M->14931M(20480M), 0.0924108 secs]
92099.785: [GC concurrent-root-region-scan-start]
92099.841: [GC concurrent-root-region-scan-end, 0.0552435 secs]
92099.841: [GC concurrent-mark-start]
92141.411: [GC concurrent-mark-end, 41.5702941 secs]
92141.412: [GC remark, 0.1450845 secs]
92141.559: [GC cleanup 16135M->16135M(20480M), 0.0423186 secs]
92266.246: [GC pause (G1 Evacuation Pause) (young) 18347M->14932M(20480M), 0.1417994 secs]
92422.424: [GC pause (G1 Evacuation Pause) (young) 18340M->14937M(20480M), 0.0932433 secs]
92599.823: [GC pause (G1 Evacuation Pause) (young) (initial-mark) 18329M->14925M(20480M), 0.0975370 secs]
92599.921: [GC concurrent-root-region-scan-start]
92599.968: [GC concurrent-root-region-scan-end, 0.0470447 secs]
92599.968: [GC concurrent-mark-start]
92641.368: [GC concurrent-mark-end, 41.3994802 secs]
92641.369: [GC remark, 0.1468482 secs]
92641.518: [GC cleanup 15695M->15695M(20480M), 0.0446590 secs]
92777.040: [GC pause (G1 Evacuation Pause) (young) 18349M->14926M(20480M), 0.0865720 secs]
92974.980: [GC pause (G1 Evacuation Pause) (young) 18350M->14931M(20480M), 0.0858576 secs]
93152.120: [GC pause (G1 Evacuation Pause) (young) (initial-mark) 18339M->14927M(20480M), 0.0860018 secs]
93152.206: [GC concurrent-root-region-scan-start]
93152.255: [GC concurrent-root-region-scan-end, 0.0487765 secs]
93152.255: [GC concurrent-mark-start]
93193.039: [GC concurrent-mark-end, 40.7834974 secs]
93193.040: [GC remark, 0.1837133 secs]
93193.226: [GC cleanup 15673M->15673M(20480M), 0.0780000 secs]
93304.241: [GC pause (G1 Evacuation Pause) (young) 19071M->15731M(20480M), 0.0776169 secs]
93304.493: [GC pause (G1 Humongous Allocation) (young) (initial-mark) 15739M->15719M(20480M), 0.0430719 secs]
93304.536: [GC concurrent-root-region-scan-start]
93304.583: [GC concurrent-root-region-scan-end, 0.0470745 secs]
93304.583: [GC concurrent-mark-start]
93346.606: [GC concurrent-mark-end, 42.0223795 secs]
93346.607: [GC remark, 0.1467956 secs]
93346.755: [GC cleanup 17832M->17832M(20480M), 0.0440285 secs]
93412.076: [GC pause (G1 Evacuation Pause) (young) 19015M->15386M(20480M), 0.0714228 secs]
93567.796: [GC pause (G1 Evacuation Pause) (young) 17938M->14935M(20480M), 0.0780735 secs]
93734.376: [GC pause (G1 Evacuation Pause) (young) (initial-mark) 18111M->14942M(20480M), 0.0890587 secs]
93734.466: [GC concurrent-root-region-scan-start]
93734.573: [GC concurrent-root-region-scan-end, 0.1071673 secs]
93734.573: [GC concurrent-mark-start]
93775.230: [GC concurrent-mark-end, 40.6573373 secs]
93775.232: [GC remark, 0.1475903 secs]
93775.381: [GC cleanup 15597M->15597M(20480M), 0.0446906 secs]
93900.365: [GC pause (G1 Evacuation Pause) (young) 19062M->16090M(20480M), 0.1634644 secs]
93900.904: [GC pause (G1 Humongous Allocation) (young) (initial-mark) 16122M->16092M(20480M), 0.1421716 secs]
93901.046: [GC concurrent-root-region-scan-start]
93901.108: [GC concurrent-root-region-scan-end, 0.0612554 secs]
93901.108: [GC concurrent-mark-start]
93909.667: [GC pause (G1 Humongous Allocation) (young)-- 19582M->19582M(20480M), 5.7055772 secs]
93915.374: [Full GC (Allocation Failure)  19582M->18509M(20480M), 47.0613667 secs]
93962.439: [GC concurrent-mark-abort]
93962.483: [GC pause (G1 Humongous Allocation) (young) (initial-mark) 18561M->18564M(20480M), 0.0250835 secs]
93962.509: [GC concurrent-root-region-scan-start]
93962.518: [GC concurrent-root-region-scan-end, 0.0093002 secs]
93962.518: [GC concurrent-mark-start]
93993.758: [GC pause (G1 Evacuation Pause) (young)-- 19492M->19492M(20480M), 0.8825656 secs]
93994.645: [GC pause (G1 Evacuation Pause) (young) 19492M->19492M(20480M), 0.0611687 secs]
93994.708: [Full GC (Allocation Failure)  19492M->15716M(20480M), 42.7736234 secs]
94037.482: [GC concurrent-mark-abort]
94089.730: [GC pause (G1 Evacuation Pause) (young) 16740M->15731M(20480M), 0.0410307 secs]
94152.230: [GC pause (G1 Evacuation Pause) (young) (initial-mark) 16819M->15732M(20480M), 0.0381176 secs]
94152.268: [GC concurrent-root-region-scan-start]
94152.282: [GC concurrent-root-region-scan-end, 0.0135135 secs]
94152.282: [GC concurrent-mark-start]
94192.745: [GC concurrent-mark-end, 40.4628687 secs]
94192.746: [GC remark, 0.1643859 secs]
94192.912: [GC cleanup 16480M->15584M(20480M), 0.0536011 secs]
94192.966: [GC concurrent-cleanup-start]
94192.966: [GC concurrent-cleanup-end, 0.0004339 secs]
94225.279: [GC pause (G1 Evacuation Pause) (young) 16340M->14854M(20480M), 0.0798444 secs]
94319.231: [GC pause (G1 Evacuation Pause) (young) 16518M->14864M(20480M), 0.0703947 secs]
94433.308: [GC pause (G1 Evacuation Pause) (young) (initial-mark) 16888M->14868M(20480M), 0.0652349 secs]
94433.373: [GC concurrent-root-region-scan-start]
94433.410: [GC concurrent-root-region-scan-end, 0.0368375 secs]
94433.410: [GC concurrent-mark-start]
94474.049: [GC concurrent-mark-end, 40.6393105 secs]
94474.051: [GC remark, 0.1502408 secs]
94474.203: [GC cleanup 15527M->15527M(20480M), 0.0447290 secs]
94548.137: [GC pause (G1 Evacuation Pause) (young) 17452M->14924M(20480M), 0.0901772 secs]
94725.435: [GC pause (G1 Evacuation Pause) (young) 18036M->14884M(20480M), 0.1016492 secs]
94901.919: [GC pause (G1 Evacuation Pause) (young) (initial-mark) 18100M->14876M(20480M), 0.0907277 secs]
94902.010: [GC concurrent-root-region-scan-start]
94902.060: [GC concurrent-root-region-scan-end, 0.0503699 secs]
94902.060: [GC concurrent-mark-start]
94942.990: [GC concurrent-mark-end, 40.9298789 secs]
94942.991: [GC remark, 0.1455587 secs]
94943.139: [GC cleanup 15472M->15472M(20480M), 0.0421523 secs]
95089.424: [GC pause (G1 Evacuation Pause) (young) 18156M->14876M(20480M), 0.1029416 secs]
95286.987: [GC pause (G1 Evacuation Pause) (young) 18204M->14876M(20480M), 0.1106021 secs]
95464.086: [GC pause (G1 Evacuation Pause) (young) (initial-mark) 18244M->14872M(20480M), 0.0996382 secs]
95464.186: [GC concurrent-root-region-scan-start]
95464.294: [GC concurrent-root-region-scan-end, 0.1084066 secs]
95464.294: [GC concurrent-mark-start]
95505.130: [GC concurrent-mark-end, 40.8355766 secs]
95505.132: [GC remark, 0.1573077 secs]
95505.291: [GC cleanup 15485M->15485M(20480M), 0.0442369 secs]
95661.981: [GC pause (G1 Evacuation Pause) (young) 18264M->14880M(20480M), 0.1402867 secs]
95849.131: [GC pause (G1 Evacuation Pause) (young) 18288M->14880M(20480M), 0.1245282 secs]
96036.368: [GC pause (G1 Evacuation Pause) (young) (initial-mark) 18304M->14888M(20480M), 0.1157321 secs]
96036.484: [GC concurrent-root-region-scan-start]
96036.539: [GC concurrent-root-region-scan-end, 0.0549370 secs]
96036.539: [GC concurrent-mark-start]
96077.687: [GC concurrent-mark-end, 41.1479486 secs]
96077.689: [GC remark, 0.1423554 secs]
96077.833: [GC cleanup 15621M->15621M(20480M), 0.0432234 secs]
96171.782: [GC pause (G1 Evacuation Pause) (young) 18312M->14884M(20480M), 0.0829766 secs]
96338.507: [GC pause (G1 Evacuation Pause) (young) 18332M->14892M(20480M), 0.1097656 secs]
96536.197: [GC pause (G1 Evacuation Pause) (young) (initial-mark) 18340M->14892M(20480M), 0.1068832 secs]
96536.304: [GC concurrent-root-region-scan-start]
96536.368: [GC concurrent-root-region-scan-end, 0.0644223 secs]
96536.368: [GC concurrent-mark-start]
96576.916: [GC concurrent-mark-end, 40.5476635 secs]
96576.918: [GC remark, 0.1502014 secs]
96577.070: [GC cleanup 15489M->15489M(20480M), 0.0427373 secs]
96723.728: [GC pause (G1 Evacuation Pause) (young) 18340M->14880M(20480M), 0.1048712 secs]
96883.889: [GC pause (G1 Evacuation Pause) (young) 18344M->14913M(20480M), 0.1048025 secs]
97077.311: [GC pause (G1 Evacuation Pause) (young) (initial-mark) 18313M->14888M(20480M), 0.1045864 secs]
97077.416: [GC concurrent-root-region-scan-start]
97077.478: [GC concurrent-root-region-scan-end, 0.0619216 secs]
97077.478: [GC concurrent-mark-start]
97118.922: [GC concurrent-mark-end, 41.4438646 secs]
97118.923: [GC remark, 0.1415847 secs]
97119.067: [GC cleanup 15560M->15560M(20480M), 0.0420293 secs]
97264.632: [GC pause (G1 Evacuation Pause) (young) 18352M->14889M(20480M), 0.0897447 secs]
97462.400: [GC pause (G1 Evacuation Pause) (young) 18345M->14884M(20480M), 0.0945168 secs]
97647.031: [GC pause (G1 Evacuation Pause) (young) (initial-mark) 18356M->14885M(20480M), 0.0826049 secs]
97647.114: [GC concurrent-root-region-scan-start]
97647.167: [GC concurrent-root-region-scan-end, 0.0530190 secs]
97647.167: [GC concurrent-mark-start]
97688.425: [GC concurrent-mark-end, 41.2587491 secs]
97688.427: [GC remark, 0.1605337 secs]
97688.589: [GC cleanup 16480M->16480M(20480M), 0.0435854 secs]
97763.865: [GC pause (G1 Evacuation Pause) (young) 18357M->14897M(20480M), 0.0725505 secs]
97904.320: [GC pause (G1 Evacuation Pause) (young) 18353M->14893M(20480M), 0.0845889 secs]
98045.108: [GC pause (G1 Evacuation Pause) (young) (initial-mark) 18349M->14913M(20480M), 0.0922256 secs]
98045.201: [GC concurrent-root-region-scan-start]
98045.270: [GC concurrent-root-region-scan-end, 0.0693330 secs]
98045.270: [GC concurrent-mark-start]
98086.344: [GC concurrent-mark-end, 41.0735753 secs]
98086.345: [GC remark, 0.1609980 secs]
98086.508: [GC cleanup 15675M->15675M(20480M), 0.0420429 secs]
98221.881: [GC pause (G1 Evacuation Pause) (young) 18337M->14889M(20480M), 0.0873297 secs]
98346.836: [GC pause (G1 Evacuation Pause) (young) 18361M->14905M(20480M), 0.0799546 secs]
98534.481: [GC pause (G1 Evacuation Pause) (young) (initial-mark) 18345M->14897M(20480M), 0.1216851 secs]
98534.603: [GC concurrent-root-region-scan-start]
98534.665: [GC concurrent-root-region-scan-end, 0.0622346 secs]
98534.665: [GC concurrent-mark-start]
98575.828: [GC concurrent-mark-end, 41.1624869 secs]
98575.829: [GC remark, 0.1510016 secs]
98575.982: [GC cleanup 15482M->15482M(20480M), 0.0437061 secs]
98711.394: [GC pause (G1 Evacuation Pause) (young) 18353M->14893M(20480M), 0.0831033 secs]
98846.960: [GC pause (G1 Evacuation Pause) (young) 18349M->14899M(20480M), 0.0817485 secs]
99034.139: [GC pause (G1 Evacuation Pause) (young) (initial-mark) 18355M->14924M(20480M), 0.1210430 secs]
99034.260: [GC concurrent-root-region-scan-start]
99034.439: [GC concurrent-root-region-scan-end, 0.1794215 secs]
99034.439: [GC concurrent-mark-start]
99075.321: [GC concurrent-mark-end, 40.8817640 secs]
99075.323: [GC remark, 0.1449075 secs]
99075.470: [GC cleanup 15559M->15559M(20480M), 0.0423418 secs]
99232.806: [GC pause (G1 Evacuation Pause) (young) 18332M->14896M(20480M), 0.1008901 secs]
99420.305: [GC pause (G1 Evacuation Pause) (young) 18344M->14896M(20480M), 0.1040428 secs]
99607.627: [GC pause (G1 Evacuation Pause) (young) (initial-mark) 18344M->14909M(20480M), 0.0982352 secs]
99607.726: [GC concurrent-root-region-scan-start]
99607.787: [GC concurrent-root-region-scan-end, 0.0618568 secs]
99607.787: [GC concurrent-mark-start]
99649.415: [GC concurrent-mark-end, 41.6271222 secs]
99649.416: [GC remark, 0.2053696 secs]
99649.623: [GC cleanup 15681M->15681M(20480M), 0.0635378 secs]
99805.511: [GC pause (G1 Evacuation Pause) (young) 18341M->14897M(20480M), 0.0989211 secs]
100002.886: [GC pause (G1 Evacuation Pause) (young) 18345M->14893M(20480M), 0.0848672 secs]
100200.284: [GC pause (G1 Evacuation Pause) (young) (initial-mark) 18357M->14905M(20480M), 0.1079464 secs]
100200.392: [GC concurrent-root-region-scan-start]
100200.451: [GC concurrent-root-region-scan-end, 0.0589205 secs]
100200.451: [GC concurrent-mark-start]
100242.788: [GC concurrent-mark-end, 42.3369486 secs]
100242.789: [GC remark, 0.2109015 secs]
100243.002: [GC cleanup 15858M->15858M(20480M), 0.0477259 secs]
100387.159: [GC pause (G1 Evacuation Pause) (young) 18337M->14917M(20480M), 0.0853898 secs]
100497.036: [GC pause (G1 Humongous Allocation) (young) (initial-mark) 17521M->14898M(20480M), 0.0875700 secs]
100497.124: [GC concurrent-root-region-scan-start]
100497.178: [GC concurrent-root-region-scan-end, 0.0543352 secs]
100497.178: [GC concurrent-mark-start]
100539.886: [GC concurrent-mark-end, 42.7082244 secs]
100539.888: [GC remark, 0.1453927 secs]
100540.035: [GC cleanup 17839M->17839M(20480M), 0.0430125 secs]
100637.454: [GC pause (G1 Evacuation Pause) (young)-- 19514M->17604M(20480M), 0.8967954 secs]
100700.817: [GC pause (G1 Evacuation Pause) (young) 18628M->17631M(20480M), 0.0428798 secs]
100753.035: [GC pause (G1 Evacuation Pause) (young) (initial-mark) 18623M->17622M(20480M), 0.0345018 secs]
100753.070: [GC concurrent-root-region-scan-start]
100753.082: [GC concurrent-root-region-scan-end, 0.0122542 secs]
100753.082: [GC concurrent-mark-start]
100793.683: [GC concurrent-mark-end, 40.6010499 secs]
100793.685: [GC remark, 0.2149263 secs]
100793.904: [GC cleanup 18381M->18365M(20480M), 0.0418553 secs]
100793.946: [GC concurrent-cleanup-start]
100793.946: [GC concurrent-cleanup-end, 0.0000583 secs]
100804.746: [GC pause (G1 Evacuation Pause) (young) 18606M->17619M(20480M), 0.0471756 secs]
100856.902: [GC pause (G1 Evacuation Pause) (mixed) 18611M->15824M(20480M), 0.0433524 secs]
101002.763: [GC pause (G1 Evacuation Pause) (young) 18360M->15820M(20480M), 0.0721273 secs]
101097.718: [GC pause (G1 Humongous Allocation) (young) (initial-mark) 17644M->15832M(20480M), 0.0601193 secs]
101097.778: [GC concurrent-root-region-scan-start]
101097.827: [GC concurrent-root-region-scan-end, 0.0481061 secs]
101097.827: [GC concurrent-mark-start]
101112.067: [GC pause (G1 Humongous Allocation) (young)-- 19616M->19764M(20480M), 4.4318057 secs]
101116.501: [Full GC (Allocation Failure)  19764M->17734M(20480M), 46.0394446 secs]
101162.541: [GC concurrent-mark-abort]
101162.560: [GC pause (G1 Humongous Allocation) (young) (initial-mark) 17772M->17786M(20480M), 0.0247212 secs]
101162.585: [GC concurrent-root-region-scan-start]
101162.592: [GC concurrent-root-region-scan-end, 0.0074166 secs]
101162.592: [GC concurrent-mark-start]
101173.953: [GC pause (G1 Humongous Allocation) (young)-- 19390M->19474M(20480M), 1.4135083 secs]
101175.383: [GC pause (G1 Humongous Allocation) (young)-- 19482M->19506M(20480M), 0.5574078 secs]
101175.942: [Full GC (Allocation Failure)  19506M->16561M(20480M), 43.2141790 secs]
101219.157: [GC concurrent-mark-abort]
101281.624: [GC pause (G1 Evacuation Pause) (young) (initial-mark) 17737M->16657M(20480M), 0.0677710 secs]
101281.691: [GC concurrent-root-region-scan-start]
101281.715: [GC concurrent-root-region-scan-end, 0.0231422 secs]
101281.715: [GC concurrent-mark-start]
101322.046: [GC concurrent-mark-end, 40.3314917 secs]
101322.048: [GC remark, 0.1490373 secs]
101322.199: [GC cleanup 17353M->15945M(20480M), 0.0428481 secs]
101322.242: [GC concurrent-cleanup-start]
101322.243: [GC concurrent-cleanup-end, 0.0006996 secs]
101344.415: [GC pause (G1 Evacuation Pause) (young) 16329M->15257M(20480M), 0.0478945 secs]
101438.250: [GC pause (G1 Evacuation Pause) (young) 17209M->15269M(20480M), 0.0631619 secs]
101573.188: [GC pause (G1 Evacuation Pause) (young) (initial-mark) 17437M->15281M(20480M), 0.0718580 secs]
101573.260: [GC concurrent-root-region-scan-start]
101573.313: [GC concurrent-root-region-scan-end, 0.0525555 secs]
101573.313: [GC concurrent-mark-start]
101613.558: [GC concurrent-mark-end, 40.2452316 secs]
101613.560: [GC remark, 0.1427297 secs]
101613.704: [GC cleanup 16034M->16034M(20480M), 0.0437328 secs]
101708.553: [GC pause (G1 Evacuation Pause) (young) 17913M->15281M(20480M), 0.1032658 secs]
101843.786: [GC pause (G1 Evacuation Pause) (young) 17657M->15241M(20480M), 0.0728804 secs]
101999.640: [GC pause (G1 Evacuation Pause) (young) (initial-mark) 18049M->15249M(20480M), 0.0953744 secs]
101999.735: [GC concurrent-root-region-scan-start]
101999.797: [GC concurrent-root-region-scan-end, 0.0610920 secs]
101999.797: [GC concurrent-mark-start]
102041.238: [GC concurrent-mark-end, 41.4416126 secs]
102041.240: [GC remark, 0.1618676 secs]
102041.403: [GC cleanup 16040M->16040M(20480M), 0.0486642 secs]
102156.005: [GC pause (G1 Evacuation Pause) (young) 18105M->15245M(20480M), 0.0796253 secs]
102315.537: [GC pause (G1 Evacuation Pause) (young) 18133M->15245M(20480M), 0.0825163 secs]
102488.960: [GC pause (G1 Evacuation Pause) (young) (initial-mark) 18173M->15245M(20480M), 0.0894167 secs]
102489.049: [GC concurrent-root-region-scan-start]
102489.094: [GC concurrent-root-region-scan-end, 0.0447830 secs]
102489.094: [GC concurrent-mark-start]
102529.582: [GC concurrent-mark-end, 40.4874763 secs]
102529.583: [GC remark, 0.1780771 secs]
102529.763: [GC cleanup 15835M->15835M(20480M), 0.0640347 secs]
102637.698: [GC pause (G1 Evacuation Pause) (young) 18205M->15249M(20480M), 0.0904393 secs]
102811.754: [GC pause (G1 Evacuation Pause) (young) 18225M->15241M(20480M), 0.0820736 secs]
102977.943: [GC pause (G1 Evacuation Pause) (young) (initial-mark) 18241M->15245M(20480M), 0.0805786 secs]
102978.024: [GC concurrent-root-region-scan-start]
102978.070: [GC concurrent-root-region-scan-end, 0.0460180 secs]
102978.070: [GC concurrent-mark-start]
103018.609: [GC concurrent-mark-end, 40.5384862 secs]
103018.610: [GC remark, 0.1542867 secs]
103018.766: [GC cleanup 15894M->15894M(20480M), 0.0480179 secs]
103153.235: [GC pause (G1 Evacuation Pause) (young) 18245M->15257M(20480M), 0.0983500 secs]
103300.458: [GC pause (G1 Evacuation Pause) (young) 18265M->15245M(20480M), 0.0787024 secs]
103415.144: [GC pause (G1 Evacuation Pause) (young) (initial-mark) 18269M->15253M(20480M), 0.0769019 secs]
103415.221: [GC concurrent-root-region-scan-start]
103415.267: [GC concurrent-root-region-scan-end, 0.0453377 secs]
103415.267: [GC concurrent-mark-start]
103456.231: [GC concurrent-mark-end, 40.9639562 secs]
103456.232: [GC remark, 0.1823727 secs]
103456.420: [GC cleanup 15941M->15646M(20480M), 0.0744332 secs]
103456.495: [GC concurrent-cleanup-start]
103456.495: [GC concurrent-cleanup-end, 0.0001970 secs]
103571.290: [GC pause (G1 Evacuation Pause) (young) 17982M->14976M(20480M), 0.0895160 secs]
103768.708: [GC pause (G1 Evacuation Pause) (young) 18336M->14977M(20480M), 0.1304825 secs]
103945.751: [GC pause (G1 Evacuation Pause) (young) (initial-mark) 18337M->14962M(20480M), 0.0875695 secs]
103945.838: [GC concurrent-root-region-scan-start]
103945.880: [GC concurrent-root-region-scan-end, 0.0410642 secs]
103945.880: [GC concurrent-mark-start]
103986.247: [GC concurrent-mark-end, 40.3671889 secs]
103986.248: [GC remark, 0.1468512 secs]
103986.397: [GC cleanup 15652M->15652M(20480M), 0.0433697 secs]
104101.566: [GC pause (G1 Evacuation Pause) (young) 18354M->14986M(20480M), 0.0829432 secs]
104289.284: [GC pause (G1 Evacuation Pause) (young) 18330M->14966M(20480M), 0.0827148 secs]
104469.373: [GC pause (G1 Evacuation Pause) (young) (initial-mark) 18358M->14966M(20480M), 0.0822694 secs]
104469.455: [GC concurrent-root-region-scan-start]
104469.495: [GC concurrent-root-region-scan-end, 0.0401501 secs]
104469.495: [GC concurrent-mark-start]
104510.043: [GC concurrent-mark-end, 40.5479391 secs]
104510.046: [GC remark, 0.1448994 secs]
104510.192: [GC cleanup 15678M->15678M(20480M), 0.0436529 secs]
104663.634: [GC pause (G1 Evacuation Pause) (young) 18358M->14978M(20480M), 0.0917629 secs]
104850.682: [GC pause (G1 Evacuation Pause) (young) 18338M->14958M(20480M), 0.0861558 secs]
105037.613: [GC pause (G1 Evacuation Pause) (young) (initial-mark) 18366M->14986M(20480M), 0.0972682 secs]
105037.711: [GC concurrent-root-region-scan-start]
105037.771: [GC concurrent-root-region-scan-end, 0.0597732 secs]
105037.771: [GC concurrent-mark-start]
105078.098: [GC concurrent-mark-end, 40.3274050 secs]
105078.099: [GC remark, 0.1433334 secs]
105078.245: [GC cleanup 15670M->15670M(20480M), 0.0430692 secs]
105235.349: [GC pause (G1 Evacuation Pause) (young) 18330M->14966M(20480M), 0.0932367 secs]
105412.370: [GC pause (G1 Evacuation Pause) (young) 18358M->14958M(20480M), 0.0814930 secs]
105599.654: [GC pause (G1 Evacuation Pause) (young) (initial-mark) 18366M->14966M(20480M), 0.1076726 secs]
105599.762: [GC concurrent-root-region-scan-start]
105599.817: [GC concurrent-root-region-scan-end, 0.0549406 secs]
105599.817: [GC concurrent-mark-start]
105641.467: [GC concurrent-mark-end, 41.6502918 secs]
105641.471: [GC remark, 0.1913835 secs]
105641.664: [GC cleanup 15758M->15758M(20480M), 0.0657026 secs]
105794.133: [GC pause (G1 Evacuation Pause) (young) 18358M->14970M(20480M), 0.1069181 secs]
105974.505: [GC pause (G1 Evacuation Pause) (young) 18346M->14962M(20480M), 0.0819572 secs]
106162.170: [GC pause (G1 Evacuation Pause) (young) (initial-mark) 18354M->14959M(20480M), 0.0870287 secs]
106162.257: [GC concurrent-root-region-scan-start]
106162.297: [GC concurrent-root-region-scan-end, 0.0400966 secs]
106162.297: [GC concurrent-mark-start]
106202.676: [GC concurrent-mark-end, 40.3782023 secs]
106202.677: [GC remark, 0.1619109 secs]
106202.841: [GC cleanup 15785M->15785M(20480M), 0.0517876 secs]
106349.436: [GC pause (G1 Evacuation Pause) (young) 18367M->14964M(20480M), 0.0821085 secs]
106526.517: [GC pause (G1 Evacuation Pause) (young) 18356M->14977M(20480M), 0.0869776 secs]
106724.128: [GC pause (G1 Evacuation Pause) (young) (initial-mark) 18353M->14961M(20480M), 0.0835675 secs]
106724.211: [GC concurrent-root-region-scan-start]
106724.252: [GC concurrent-root-region-scan-end, 0.0406338 secs]
106724.252: [GC concurrent-mark-start]
106764.679: [GC concurrent-mark-end, 40.4268728 secs]
106764.681: [GC remark, 0.1662668 secs]
106764.848: [GC cleanup 15544M->15544M(20480M), 0.0435381 secs]
106911.171: [GC pause (G1 Evacuation Pause) (young) 18369M->14961M(20480M), 0.0822941 secs]
107098.502: [GC pause (G1 Evacuation Pause) (young) 18369M->14969M(20480M), 0.0853178 secs]
107296.423: [GC pause (G1 Evacuation Pause) (young) (initial-mark) 18361M->14965M(20480M), 0.1347246 secs]
107296.558: [GC concurrent-root-region-scan-start]
107296.602: [GC concurrent-root-region-scan-end, 0.0440037 secs]
107296.602: [GC concurrent-mark-start]
107338.624: [GC concurrent-mark-end, 42.0225191 secs]
107338.626: [GC remark, 0.1623231 secs]
107338.790: [GC cleanup 15697M->15697M(20480M), 0.0427708 secs]
107484.734: [GC pause (G1 Evacuation Pause) (young) 18357M->14957M(20480M), 0.1162821 secs]
107641.675: [GC pause (G1 Evacuation Pause) (young) 18365M->15049M(20480M), 0.1211416 secs]
107696.989: [GC pause (G1 Humongous Allocation) (young) (initial-mark) 16126M->14969M(20480M), 0.0528022 secs]
107697.042: [GC concurrent-root-region-scan-start]
107697.077: [GC concurrent-root-region-scan-end, 0.0348674 secs]
107697.077: [GC concurrent-mark-start]
107739.911: [GC concurrent-mark-end, 42.8343808 secs]
107739.913: [GC remark, 0.1541250 secs]
107740.068: [GC cleanup 17901M->17901M(20480M), 0.0418664 secs]
107839.271: [GC pause (G1 Evacuation Pause) (young)-- 19513M->17586M(20480M), 0.9014000 secs]
107892.697: [GC pause (G1 Evacuation Pause) (young) 18610M->17608M(20480M), 0.0474653 secs]
107954.950: [GC pause (G1 Evacuation Pause) (young) (initial-mark) 18608M->17601M(20480M), 0.0395799 secs]
107954.990: [GC concurrent-root-region-scan-start]
107955.005: [GC concurrent-root-region-scan-end, 0.0149577 secs]
107955.005: [GC concurrent-mark-start]
107994.791: [GC concurrent-mark-end, 39.7861675 secs]
107994.793: [GC remark, 0.2069103 secs]
107995.002: [GC cleanup 18379M->18355M(20480M), 0.0412042 secs]
107995.043: [GC concurrent-cleanup-start]
107995.043: [GC concurrent-cleanup-end, 0.0000206 secs]
108006.798: [GC pause (G1 Evacuation Pause) (young) 18585M->17593M(20480M), 0.0487729 secs]
108058.843: [GC pause (G1 Evacuation Pause) (mixed) 18585M->15826M(20480M), 0.0544520 secs]
108204.597: [GC pause (G1 Evacuation Pause) (young) 18306M->15830M(20480M), 0.0679136 secs]
108297.027: [GC pause (G1 Humongous Allocation) (young) (initial-mark) 17563M->15826M(20480M), 0.0787593 secs]
108297.105: [GC concurrent-root-region-scan-start]
108297.206: [GC concurrent-root-region-scan-end, 0.1007983 secs]
108297.206: [GC concurrent-mark-start]
108306.514: [GC pause (G1 Humongous Allocation) (young)-- 19566M->19714M(20480M), 3.9731394 secs]
108310.489: [Full GC (Allocation Failure)  19714M->17730M(20480M), 47.8370518 secs]
108358.327: [GC concurrent-mark-abort]
108358.672: [GC pause (G1 Humongous Allocation) (young) (initial-mark) 17892M->17786M(20480M), 0.0422955 secs]
108358.715: [GC concurrent-root-region-scan-start]
108358.735: [GC concurrent-root-region-scan-end, 0.0197735 secs]
108358.735: [GC concurrent-mark-start]
108379.655: [GC pause (G1 Evacuation Pause) (young)-- 19498M->19498M(20480M), 2.3805580 secs]
108382.040: [GC pause (G1 Evacuation Pause) (young) 19498M->19498M(20480M), 0.0863204 secs]
108382.128: [Full GC (Allocation Failure)  19498M->16621M(20480M), 42.6561226 secs]
108424.785: [GC concurrent-mark-abort]
108466.136: [GC pause (G1 Evacuation Pause) (young) 17669M->16640M(20480M), 0.0424964 secs]
108508.168: [GC pause (G1 Evacuation Pause) (young) (initial-mark) 17840M->16664M(20480M), 0.0425946 secs]
108508.211: [GC concurrent-root-region-scan-start]
108508.238: [GC concurrent-root-region-scan-end, 0.0276944 secs]
108508.238: [GC concurrent-mark-start]
108548.569: [GC concurrent-mark-end, 40.3301782 secs]
108548.570: [GC remark, 0.1400312 secs]
108548.712: [GC cleanup 17269M->15541M(20480M), 0.0571533 secs]
108548.769: [GC concurrent-cleanup-start]
108548.770: [GC concurrent-cleanup-end, 0.0008848 secs]
108580.665: [GC pause (G1 Evacuation Pause) (young) 16136M->14929M(20480M), 0.0491514 secs]
108754.802: [GC pause (G1 Evacuation Pause) (young) 18153M->14941M(20480M), 0.0854296 secs]
108856.128: [GC pause (G1 Evacuation Pause) (young) (initial-mark) 18205M->14949M(20480M), 0.0690796 secs]
108856.198: [GC concurrent-root-region-scan-start]
108856.243: [GC concurrent-root-region-scan-end, 0.0448503 secs]
108856.243: [GC concurrent-mark-start]
108896.790: [GC concurrent-mark-end, 40.5471894 secs]
108896.792: [GC remark, 0.1712373 secs]
108896.965: [GC cleanup 15862M->15862M(20480M), 0.0513578 secs]
109017.883: [GC pause (G1 Evacuation Pause) (young) 18245M->14945M(20480M), 0.0867358 secs]
109132.493: [GC pause (G1 Evacuation Pause) (young) 18265M->14953M(20480M), 0.0814454 secs]
109288.592: [GC pause (G1 Evacuation Pause) (young) (initial-mark) 18289M->14949M(20480M), 0.0816510 secs]
109288.674: [GC concurrent-root-region-scan-start]
109288.719: [GC concurrent-root-region-scan-end, 0.0447641 secs]
109288.719: [GC concurrent-mark-start]
109329.798: [GC concurrent-mark-end, 41.0797075 secs]
109329.800: [GC remark, 0.1391692 secs]
109329.941: [GC cleanup 16163M->16163M(20480M), 0.0415208 secs]
109423.729: [GC pause (G1 Evacuation Pause) (young) 18309M->14953M(20480M), 0.0753027 secs]
109600.482: [GC pause (G1 Evacuation Pause) (young) 18321M->14969M(20480M), 0.0983811 secs]
109783.566: [GC pause (G1 Evacuation Pause) (young) (initial-mark) 18329M->14965M(20480M), 0.0961322 secs]
109783.663: [GC concurrent-root-region-scan-start]
109783.792: [GC concurrent-root-region-scan-end, 0.1292311 secs]
109783.792: [GC concurrent-mark-start]
109825.398: [GC concurrent-mark-end, 41.6062869 secs]
109825.400: [GC remark, 0.1528126 secs]
109825.555: [GC cleanup 15839M->15839M(20480M), 0.0452309 secs]
109912.840: [GC pause (G1 Evacuation Pause) (young) 18341M->14953M(20480M), 0.0727492 secs]
110083.078: [GC pause (G1 Evacuation Pause) (young) 18345M->14965M(20480M), 0.1121213 secs]
110266.634: [GC pause (G1 Evacuation Pause) (young) (initial-mark) 18341M->14945M(20480M), 0.0931891 secs]
110266.727: [GC concurrent-root-region-scan-start]
110266.794: [GC concurrent-root-region-scan-end, 0.0668906 secs]
110266.794: [GC concurrent-mark-start]
110308.163: [GC concurrent-mark-end, 41.3690522 secs]
110308.165: [GC remark, 0.2095329 secs]
110308.376: [GC cleanup 15601M->15601M(20480M), 0.0448190 secs]
110453.880: [GC pause (G1 Evacuation Pause) (young) 18345M->14945M(20480M), 0.0841324 secs]
110651.569: [GC pause (G1 Evacuation Pause) (young) 18345M->14949M(20480M), 0.0858036 secs]
110839.151: [GC pause (G1 Evacuation Pause) (young) (initial-mark) 18349M->14951M(20480M), 0.0836739 secs]
110839.235: [GC concurrent-root-region-scan-start]
110839.280: [GC concurrent-root-region-scan-end, 0.0444378 secs]
110839.280: [GC concurrent-mark-start]
110879.895: [GC concurrent-mark-end, 40.6155223 secs]
110879.897: [GC remark, 0.1488784 secs]
110880.048: [GC cleanup 15537M->15537M(20480M), 0.0515039 secs]
111026.239: [GC pause (G1 Evacuation Pause) (young) 18351M->14960M(20480M), 0.1081228 secs]
111203.397: [GC pause (G1 Evacuation Pause) (young) 18344M->14984M(20480M), 0.1027721 secs]
111328.249: [GC pause (G1 Evacuation Pause) (young) (initial-mark) 18320M->14976M(20480M), 0.0864661 secs]
111328.336: [GC concurrent-root-region-scan-start]
111328.404: [GC concurrent-root-region-scan-end, 0.0685027 secs]
111328.404: [GC concurrent-mark-start]
111370.575: [GC concurrent-mark-end, 42.1701729 secs]
111370.576: [GC remark, 0.1517877 secs]
111370.730: [GC cleanup 15808M->15808M(20480M), 0.0432777 secs]
111526.007: [GC pause (G1 Evacuation Pause) (young) 18328M->14956M(20480M), 0.0893567 secs]
111703.234: [GC pause (G1 Evacuation Pause) (young) 18340M->14949M(20480M), 0.0818341 secs]
111890.812: [GC pause (G1 Evacuation Pause) (young) (initial-mark) 18349M->14957M(20480M), 0.0877696 secs]
111890.900: [GC concurrent-root-region-scan-start]
111890.955: [GC concurrent-root-region-scan-end, 0.0548103 secs]
111890.955: [GC concurrent-mark-start]
111932.374: [GC concurrent-mark-end, 41.4192291 secs]
111932.376: [GC remark, 0.1470315 secs]
111932.525: [GC cleanup 15617M->15617M(20480M), 0.0430075 secs]
112098.723: [GC pause (G1 Evacuation Pause) (young) 18341M->14949M(20480M), 0.0908316 secs]
112275.745: [GC pause (G1 Evacuation Pause) (young) 18349M->14958M(20480M), 0.0912200 secs]
112473.515: [GC pause (G1 Evacuation Pause) (young) (initial-mark) 18342M->14951M(20480M), 0.0884788 secs]
112473.604: [GC concurrent-root-region-scan-start]
112473.653: [GC concurrent-root-region-scan-end, 0.0485885 secs]
112473.653: [GC concurrent-mark-start]
112516.609: [GC concurrent-mark-end, 42.9564748 secs]
112516.611: [GC remark, 0.1781274 secs]
112516.790: [GC cleanup 15925M->15925M(20480M), 0.0470941 secs]
112660.648: [GC pause (G1 Evacuation Pause) (young) 18351M->14951M(20480M), 0.0843655 secs]
112847.630: [GC pause (G1 Evacuation Pause) (young) 18351M->14947M(20480M), 0.0878916 secs]
113045.469: [GC pause (G1 Evacuation Pause) (young) (initial-mark) 18363M->14951M(20480M), 0.0911206 secs]
113045.560: [GC concurrent-root-region-scan-start]
113045.667: [GC concurrent-root-region-scan-end, 0.1066455 secs]
113045.667: [GC concurrent-mark-start]
113086.811: [GC concurrent-mark-end, 41.1436855 secs]
113086.812: [GC remark, 0.1600983 secs]
113086.974: [GC cleanup 15773M->15773M(20480M), 0.0437382 secs]
113232.957: [GC pause (G1 Evacuation Pause) (young) 18351M->14951M(20480M), 0.0796870 secs]
113388.792: [GC pause (G1 Evacuation Pause) (young) 18351M->14959M(20480M), 0.0761569 secs]
113586.575: [GC pause (G1 Evacuation Pause) (young) (initial-mark) 18343M->14955M(20480M), 0.0975827 secs]
113586.673: [GC concurrent-root-region-scan-start]
113586.726: [GC concurrent-root-region-scan-end, 0.0526889 secs]
113586.726: [GC concurrent-mark-start]
113627.067: [GC concurrent-mark-end, 40.3413486 secs]
113627.069: [GC remark, 0.1433688 secs]
113627.214: [GC cleanup 15613M->15613M(20480M), 0.0450636 secs]
113764.167: [GC pause (G1 Evacuation Pause) (young) 18355M->14951M(20480M), 0.0851204 secs]
113971.694: [GC pause (G1 Evacuation Pause) (young) 18351M->14956M(20480M), 0.0862809 secs]
114148.728: [GC pause (G1 Evacuation Pause) (young) (initial-mark) 18356M->14950M(20480M), 0.1038322 secs]
114148.832: [GC concurrent-root-region-scan-start]
114148.872: [GC concurrent-root-region-scan-end, 0.0404642 secs]
114148.872: [GC concurrent-mark-start]
114189.309: [GC concurrent-mark-end, 40.4367194 secs]
114189.310: [GC remark, 0.1678113 secs]
114189.480: [GC cleanup 15529M->15529M(20480M), 0.0444531 secs]
114336.041: [GC pause (G1 Evacuation Pause) (young) 18358M->14955M(20480M), 0.0964056 secs]
114543.874: [GC pause (G1 Evacuation Pause) (young) 18347M->14955M(20480M), 0.0871243 secs]
114720.908: [GC pause (G1 Evacuation Pause) (young) (initial-mark) 18347M->14955M(20480M), 0.0814866 secs]
114720.990: [GC concurrent-root-region-scan-start]
114721.038: [GC concurrent-root-region-scan-end, 0.0481989 secs]
114721.038: [GC concurrent-mark-start]
114761.509: [GC concurrent-mark-end, 40.4714989 secs]
114761.511: [GC remark, 0.1632915 secs]
114761.676: [GC cleanup 15564M->15564M(20480M), 0.0448509 secs]
114883.561: [GC pause (G1 Evacuation Pause) (young) 18347M->14999M(20480M), 0.0863353 secs]
114896.924: [GC pause (G1 Humongous Allocation) (young) (initial-mark) 15305M->14963M(20480M), 0.0383351 secs]
114896.962: [GC concurrent-root-region-scan-start]
114897.009: [GC concurrent-root-region-scan-end, 0.0464676 secs]
114897.009: [GC concurrent-mark-start]
114940.186: [GC concurrent-mark-end, 43.1767761 secs]
114940.187: [GC remark, 0.1800494 secs]
114940.370: [GC cleanup 18071M->18071M(20480M), 0.0499847 secs]
115024.095: [GC pause (G1 Evacuation Pause) (young)-- 19499M->17621M(20480M), 0.8799972 secs]
115085.334: [GC pause (G1 Evacuation Pause) (young) 18645M->17648M(20480M), 0.0517468 secs]
115147.612: [GC pause (G1 Evacuation Pause) (young) (initial-mark) 18640M->17643M(20480M), 0.0361342 secs]
115147.649: [GC concurrent-root-region-scan-start]
115147.663: [GC concurrent-root-region-scan-end, 0.0144513 secs]
115147.663: [GC concurrent-mark-start]
115188.076: [GC concurrent-mark-end, 40.4131239 secs]
115188.078: [GC remark, 0.1958547 secs]
115188.276: [GC cleanup 18456M->17544M(20480M), 0.0475564 secs]
115188.324: [GC concurrent-cleanup-start]
115188.324: [GC concurrent-cleanup-end, 0.0004279 secs]
115199.493: [GC pause (G1 Evacuation Pause) (young) 17731M->16730M(20480M), 0.0415440 secs]
115241.650: [GC pause (G1 Evacuation Pause) (mixed) 17730M->15832M(20480M), 0.0439955 secs]
115387.265: [GC pause (G1 Evacuation Pause) (young) 18280M->15821M(20480M), 0.0706218 secs]
115497.585: [GC pause (G1 Humongous Allocation) (young) (initial-mark) 17704M->15833M(20480M), 0.0766877 secs]
115497.662: [GC concurrent-root-region-scan-start]
115497.716: [GC concurrent-root-region-scan-end, 0.0535730 secs]
115497.716: [GC concurrent-mark-start]
115517.003: [GC pause (G1 Humongous Allocation) (young)-- 19590M->19730M(20480M), 3.9862498 secs]
115521.077: [GC pause (G1 Humongous Allocation) (young)-- 19781M->19797M(20480M), 1.1711686 secs]
115522.255: [Full GC (Allocation Failure)  19797M->17605M(20480M), 47.8624900 secs]
115570.118: [GC concurrent-mark-abort]
115571.030: [GC pause (G1 Humongous Allocation) (young) (initial-mark) 17820M->17657M(20480M), 0.0290179 secs]
115571.059: [GC concurrent-root-region-scan-start]
115571.066: [GC concurrent-root-region-scan-end, 0.0074776 secs]
115571.066: [GC concurrent-mark-start]
115591.163: [GC pause (G1 Evacuation Pause) (young)-- 19489M->19485M(20480M), 2.9734456 secs]
115594.210: [GC pause (G1 Evacuation Pause) (young)-- 19493M->19493M(20480M), 0.1345937 secs]
115594.346: [GC pause (G1 Evacuation Pause) (young) 19493M->19493M(20480M), 0.0479334 secs]
115594.396: [Full GC (Allocation Failure)  19493M->16543M(20480M), 44.5382351 secs]
115638.935: [GC concurrent-mark-abort]
115701.350: [GC pause (G1 Evacuation Pause) (young) 17815M->16577M(20480M), 0.0509875 secs]
115774.108: [GC pause (G1 Evacuation Pause) (young) (initial-mark) 17849M->16591M(20480M), 0.0487052 secs]
115774.157: [GC concurrent-root-region-scan-start]
115774.184: [GC concurrent-root-region-scan-end, 0.0270365 secs]
115774.184: [GC concurrent-mark-start]
115815.521: [GC concurrent-mark-end, 41.3367265 secs]
115815.523: [GC remark, 0.1735459 secs]
115815.699: [GC cleanup 17341M->15805M(20480M), 0.0490856 secs]
115815.748: [GC concurrent-cleanup-start]
115815.749: [GC concurrent-cleanup-end, 0.0008323 secs]
115836.953: [GC pause (G1 Evacuation Pause) (young) 16343M->15047M(20480M), 0.0529498 secs]
116013.617: [GC pause (G1 Evacuation Pause) (young) 18151M->15055M(20480M), 0.0716314 secs]
116180.060: [GC pause (G1 Evacuation Pause) (young) (initial-mark) 18199M->15063M(20480M), 0.0872776 secs]
116180.148: [GC concurrent-root-region-scan-start]
116180.186: [GC concurrent-root-region-scan-end, 0.0386326 secs]
116180.186: [GC concurrent-mark-start]
116222.373: [GC concurrent-mark-end, 42.1870549 secs]
116222.375: [GC remark, 0.1497594 secs]
116222.527: [GC cleanup 15859M->15859M(20480M), 0.0439742 secs]
116367.915: [GC pause (G1 Evacuation Pause) (young) 18231M->15055M(20480M), 0.0879244 secs]
116534.632: [GC pause (G1 Evacuation Pause) (young) 18255M->15063M(20480M), 0.0858837 secs]
116711.423: [GC pause (G1 Evacuation Pause) (young) (initial-mark) 18271M->15055M(20480M), 0.0858161 secs]
116711.510: [GC concurrent-root-region-scan-start]
116711.606: [GC concurrent-root-region-scan-end, 0.0969016 secs]
116711.606: [GC concurrent-mark-start]
116753.680: [GC concurrent-mark-end, 42.0734836 secs]
116753.681: [GC remark, 0.1489431 secs]
116753.832: [GC cleanup 15819M->15819M(20480M), 0.0429105 secs]
116909.026: [GC pause (G1 Evacuation Pause) (young) 18295M->15063M(20480M), 0.0868033 secs]
117075.711: [GC pause (G1 Evacuation Pause) (young) 18311M->15055M(20480M), 0.0907217 secs]
117270.694: [GC pause (G1 Evacuation Pause) (young) (initial-mark) 18311M->15063M(20480M), 0.0955220 secs]
117270.790: [GC concurrent-root-region-scan-start]
117270.835: [GC concurrent-root-region-scan-end, 0.0458360 secs]
117270.835: [GC concurrent-mark-start]
117311.461: [GC concurrent-mark-end, 40.6257141 secs]
117311.466: [GC remark, 0.2183317 secs]
117311.696: [GC cleanup 15810M->15810M(20480M), 0.1071216 secs]
117440.943: [GC pause (G1 Evacuation Pause) (young) 18327M->15063M(20480M), 0.0897150 secs]
117630.075: [GC pause (G1 Evacuation Pause) (young) 18327M->15079M(20480M), 0.0942446 secs]
117805.489: [GC pause (G1 Evacuation Pause) (young) (initial-mark) 18319M->15055M(20480M), 0.0892290 secs]
117805.578: [GC concurrent-root-region-scan-start]
117805.618: [GC concurrent-root-region-scan-end, 0.0401380 secs]
117805.618: [GC concurrent-mark-start]
117848.542: [GC concurrent-mark-end, 42.9235155 secs]
117848.543: [GC remark, 0.1603690 secs]
117848.705: [GC cleanup 15775M->15775M(20480M), 0.0587812 secs]
117993.026: [GC pause (G1 Evacuation Pause) (young) 18335M->15055M(20480M), 0.0808153 secs]
118190.407: [GC pause (G1 Evacuation Pause) (young) 18343M->15060M(20480M), 0.0816430 secs]
118357.554: [GC pause (G1 Evacuation Pause) (young) (initial-mark) 18324M->15056M(20480M), 0.0840142 secs]
118357.638: [GC concurrent-root-region-scan-start]
118357.675: [GC concurrent-root-region-scan-end, 0.0364991 secs]
118357.675: [GC concurrent-mark-start]
118399.614: [GC concurrent-mark-end, 41.9396660 secs]
118399.617: [GC remark, 0.1744585 secs]
118399.793: [GC cleanup 15872M->15776M(20480M), 0.0478207 secs]
118399.841: [GC concurrent-cleanup-start]
118399.841: [GC concurrent-cleanup-end, 0.0000806 secs]
118524.614: [GC pause (G1 Evacuation Pause) (young) 18240M->14972M(20480M), 0.0936231 secs]
118702.878: [GC pause (G1 Evacuation Pause) (young) 18340M->14964M(20480M), 0.1186768 secs]
118889.098: [GC pause (G1 Evacuation Pause) (young) (initial-mark) 18348M->14964M(20480M), 0.0845104 secs]
118889.182: [GC concurrent-root-region-scan-start]
118889.220: [GC concurrent-root-region-scan-end, 0.0377941 secs]
118889.220: [GC concurrent-mark-start]
118929.394: [GC concurrent-mark-end, 40.1735530 secs]
118929.395: [GC remark, 0.1486839 secs]
118929.546: [GC cleanup 15586M->15586M(20480M), 0.0448937 secs]
119086.845: [GC pause (G1 Evacuation Pause) (young) 18348M->14968M(20480M), 0.0896078 secs]
119274.206: [GC pause (G1 Evacuation Pause) (young) 18352M->14968M(20480M), 0.0799141 secs]
119462.799: [GC pause (G1 Evacuation Pause) (young) (initial-mark) 18352M->14972M(20480M), 0.0855074 secs]
119462.884: [GC concurrent-root-region-scan-start]
119462.977: [GC concurrent-root-region-scan-end, 0.0930212 secs]
119462.977: [GC concurrent-mark-start]
119503.933: [GC concurrent-mark-end, 40.9555458 secs]
119503.935: [GC remark, 0.1447347 secs]
119504.081: [GC cleanup 15816M->15816M(20480M), 0.0434044 secs]
119659.107: [GC pause (G1 Evacuation Pause) (young) 18340M->14960M(20480M), 0.0848034 secs]
119836.199: [GC pause (G1 Evacuation Pause) (young) 18360M->14968M(20480M), 0.0791022 secs]
120033.824: [GC pause (G1 Evacuation Pause) (young) (initial-mark) 18352M->14980M(20480M), 0.1084285 secs]
120033.933: [GC concurrent-root-region-scan-start]
120033.990: [GC concurrent-root-region-scan-end, 0.0564637 secs]
120033.990: [GC concurrent-mark-start]
120075.152: [GC concurrent-mark-end, 41.1627821 secs]
120075.154: [GC remark, 0.1622318 secs]
120075.318: [GC cleanup 15764M->15764M(20480M), 0.0487242 secs]
120220.987: [GC pause (G1 Evacuation Pause) (young) 18332M->14964M(20480M), 0.0831304 secs]
120408.277: [GC pause (G1 Evacuation Pause) (young) 18348M->14961M(20480M), 0.0773013 secs]
120606.269: [GC pause (G1 Evacuation Pause) (young) (initial-mark) 18361M->14973M(20480M), 0.0929795 secs]
120606.363: [GC concurrent-root-region-scan-start]
120606.432: [GC concurrent-root-region-scan-end, 0.0692761 secs]
120606.432: [GC concurrent-mark-start]
120648.890: [GC concurrent-mark-end, 42.4583400 secs]
120648.892: [GC remark, 0.1472602 secs]
120649.041: [GC cleanup 16017M->16017M(20480M), 0.0492257 secs]
120793.453: [GC pause (G1 Evacuation Pause) (young) 18341M->14961M(20480M), 0.0806635 secs]
120970.805: [GC pause (G1 Evacuation Pause) (young) 18361M->14961M(20480M), 0.0803846 secs]
121168.482: [GC pause (G1 Evacuation Pause) (young) (initial-mark) 18361M->14961M(20480M), 0.0895626 secs]
121168.572: [GC concurrent-root-region-scan-start]
121168.611: [GC concurrent-root-region-scan-end, 0.0395459 secs]
121168.611: [GC concurrent-mark-start]
121209.686: [GC concurrent-mark-end, 41.0753131 secs]
121209.688: [GC remark, 0.1560888 secs]
121209.846: [GC cleanup 15735M->15735M(20480M), 0.0459831 secs]
121355.759: [GC pause (G1 Evacuation Pause) (young) 18361M->14965M(20480M), 0.0803517 secs]
121542.946: [GC pause (G1 Evacuation Pause) (young) 18349M->14973M(20480M), 0.0837370 secs]
121740.723: [GC pause (G1 Evacuation Pause) (young) (initial-mark) 18341M->14965M(20480M), 0.0878766 secs]
121740.811: [GC concurrent-root-region-scan-start]
121740.850: [GC concurrent-root-region-scan-end, 0.0392458 secs]
121740.850: [GC concurrent-mark-start]
121781.089: [GC concurrent-mark-end, 40.2388618 secs]
121781.091: [GC remark, 0.1428521 secs]
121781.235: [GC cleanup 15509M->15509M(20480M), 0.0411532 secs]
121927.918: [GC pause (G1 Evacuation Pause) (young) 18349M->14961M(20480M), 0.0777200 secs]
122084.044: [GC pause (G1 Evacuation Pause) (young) 18361M->15009M(20480M), 0.0828566 secs]
122096.850: [GC pause (G1 Humongous Allocation) (young) (initial-mark) 15298M->14977M(20480M), 0.0364744 secs]
122096.886: [GC concurrent-root-region-scan-start]
122096.916: [GC concurrent-root-region-scan-end, 0.0298376 secs]
122096.916: [GC concurrent-mark-start]
122139.571: [GC concurrent-mark-end, 42.6549428 secs]
122139.573: [GC remark, 0.1436511 secs]
122139.718: [GC cleanup 17913M->17913M(20480M), 0.0423443 secs]
122240.065: [GC pause (G1 Evacuation Pause) (young)-- 19505M->17583M(20480M), 0.8854154 secs]
122293.103: [GC pause (G1 Evacuation Pause) (young) 18607M->17613M(20480M), 0.0526187 secs]
122355.284: [GC pause (G1 Evacuation Pause) (young) (initial-mark) 18605M->17606M(20480M), 0.0362798 secs]
122355.321: [GC concurrent-root-region-scan-start]
122355.334: [GC concurrent-root-region-scan-end, 0.0130669 secs]
122355.334: [GC concurrent-mark-start]
122395.780: [GC concurrent-mark-end, 40.4465787 secs]
122395.782: [GC remark, 0.1694260 secs]
122395.953: [GC cleanup 18464M->17000M(20480M), 0.0425417 secs]
122395.996: [GC concurrent-cleanup-start]
122395.997: [GC concurrent-cleanup-end, 0.0006309 secs]
122397.207: [GC pause (G1 Evacuation Pause) (young) 17142M->16139M(20480M), 0.0376688 secs]
122449.312: [GC pause (G1 Evacuation Pause) (mixed) 17139M->15845M(20480M), 0.0471139 secs]
122595.148: [GC pause (G1 Evacuation Pause) (young) 18317M->15827M(20480M), 0.0753004 secs]
122697.145: [GC pause (G1 Humongous Allocation) (young) (initial-mark) 17609M->15835M(20480M), 0.0676174 secs]
122697.213: [GC concurrent-root-region-scan-start]
122697.248: [GC concurrent-root-region-scan-end, 0.0352348 secs]
122697.248: [GC concurrent-mark-start]
122710.495: [GC pause (G1 Humongous Allocation) (young)-- 19582M->19663M(20480M), 4.8559803 secs]
122715.584: [GC pause (G1 Humongous Allocation) (young)-- 19707M->19779M(20480M), 0.8998070 secs]
122716.497: [Full GC (Allocation Failure)  19779M->17632M(20480M), 46.5817333 secs]
122763.080: [GC concurrent-mark-abort]
122763.085: [GC pause (G1 Humongous Allocation) (young) (initial-mark) 17666M->17676M(20480M), 0.0200865 secs]
122763.106: [GC concurrent-root-region-scan-start]
122763.110: [GC concurrent-root-region-scan-end, 0.0039868 secs]
122763.110: [GC concurrent-mark-start]
122773.666: [GC pause (G1 Humongous Allocation) (young)-- 19354M->19462M(20480M), 1.1078829 secs]
122774.776: [Full GC (Allocation Failure)  19462M->16701M(20480M), 41.5887239 secs]
122816.366: [GC concurrent-mark-abort]
122878.632: [GC pause (G1 Evacuation Pause) (young) 17797M->16757M(20480M), 0.0517284 secs]
122931.019: [GC pause (G1 Evacuation Pause) (young) (initial-mark) 17797M->16761M(20480M), 0.0404433 secs]
122931.060: [GC concurrent-root-region-scan-start]
122931.083: [GC concurrent-root-region-scan-end, 0.0234992 secs]
122931.083: [GC concurrent-mark-start]
122970.259: [GC concurrent-mark-end, 39.1754459 secs]
122970.261: [GC remark, 0.1476218 secs]
122970.410: [GC cleanup 17321M->15689M(20480M), 0.0464364 secs]
122970.457: [GC concurrent-cleanup-start]
122970.458: [GC concurrent-cleanup-end, 0.0009555 secs]
122984.287: [GC pause (G1 Evacuation Pause) (young) 16193M->15129M(20480M), 0.0380077 secs]
123149.494: [GC pause (G1 Evacuation Pause) (young) 18049M->15153M(20480M), 0.0930421 secs]
123306.442: [GC pause (G1 Evacuation Pause) (young) (initial-mark) 18105M->15189M(20480M), 0.0944331 secs]
123306.536: [GC concurrent-root-region-scan-start]
123306.585: [GC concurrent-root-region-scan-end, 0.0486384 secs]
123306.585: [GC concurrent-mark-start]
123347.194: [GC concurrent-mark-end, 40.6085531 secs]
123347.195: [GC remark, 0.1483130 secs]
123347.345: [GC cleanup 15965M->15965M(20480M), 0.0507330 secs]
123482.196: [GC pause (G1 Evacuation Pause) (young) 18149M->15157M(20480M), 0.0967324 secs]
123638.587: [GC pause (G1 Evacuation Pause) (young) 18189M->15153M(20480M), 0.0887855 secs]
123825.239: [GC pause (G1 Evacuation Pause) (young) (initial-mark) 18209M->15153M(20480M), 0.0939797 secs]
123825.333: [GC concurrent-root-region-scan-start]
123825.382: [GC concurrent-root-region-scan-end, 0.0488031 secs]
123825.382: [GC concurrent-mark-start]
123868.308: [GC concurrent-mark-end, 42.9255084 secs]
123868.310: [GC remark, 0.2237972 secs]
123868.539: [GC cleanup 16060M->16060M(20480M), 0.0974600 secs]
123992.131: [GC pause (G1 Evacuation Pause) (young) 18241M->15157M(20480M), 0.1348714 secs]
124179.470: [GC pause (G1 Evacuation Pause) (young) 18269M->15157M(20480M), 0.0943831 secs]
124346.038: [GC pause (G1 Evacuation Pause) (young) (initial-mark) 18285M->15157M(20480M), 0.1218965 secs]
124346.160: [GC concurrent-root-region-scan-start]
124346.259: [GC concurrent-root-region-scan-end, 0.0988874 secs]
124346.259: [GC concurrent-mark-start]
124387.540: [GC concurrent-mark-end, 41.2813138 secs]
124387.542: [GC remark, 0.1497627 secs]
124387.694: [GC cleanup 15842M->15842M(20480M), 0.0471631 secs]
124512.607: [GC pause (G1 Evacuation Pause) (young) 18293M->15177M(20480M), 0.1064566 secs]
124673.998: [GC pause (G1 Evacuation Pause) (young) 18289M->15161M(20480M), 0.0912781 secs]
124835.293: [GC pause (G1 Evacuation Pause) (young) (initial-mark) 18305M->15157M(20480M), 0.0969151 secs]
124835.390: [GC concurrent-root-region-scan-start]
124835.434: [GC concurrent-root-region-scan-end, 0.0442200 secs]
124835.434: [GC concurrent-mark-start]
124876.684: [GC concurrent-mark-end, 41.2498265 secs]
124876.686: [GC remark, 0.1526058 secs]
124876.840: [GC cleanup 15780M->15780M(20480M), 0.0441450 secs]
125022.598: [GC pause (G1 Evacuation Pause) (young) 18309M->15157M(20480M), 0.0932200 secs]
125199.427: [GC pause (G1 Evacuation Pause) (young) 18317M->15159M(20480M), 0.0846193 secs]
125269.289: [Full GC (System.gc())  15671M->14719M(20480M), 44.6244569 secs]
125321.673: [GC pause (G1 Humongous Allocation) (young) (initial-mark) 17355M->15011M(20480M), 0.2068133 secs]
125321.880: [GC concurrent-root-region-scan-start]
125322.156: [GC concurrent-root-region-scan-end, 0.2763149 secs]
125322.156: [GC concurrent-mark-start]
125360.661: [GC pause (G1 Evacuation Pause) (young) 15787M->14939M(20480M), 0.1186840 secs]
125361.902: [GC concurrent-mark-end, 39.7455997 secs]
125361.904: [GC remark, 0.1430135 secs]
125362.049: [GC cleanup 15036M->15036M(20480M), 0.0404635 secs]
125537.665: [GC pause (G1 Evacuation Pause) (young) 18267M->14963M(20480M), 0.1081321 secs]
125684.372: [GC pause (G1 Evacuation Pause) (young) 18283M->14987M(20480M), 0.0892772 secs]
125870.602: [GC pause (G1 Evacuation Pause) (young) (initial-mark) 18299M->14963M(20480M), 0.0983031 secs]
125870.701: [GC concurrent-root-region-scan-start]
125870.759: [GC concurrent-root-region-scan-end, 0.0583039 secs]
125870.759: [GC concurrent-mark-start]
125913.880: [GC concurrent-mark-end, 43.1208464 secs]
125913.882: [GC remark, 0.1940651 secs]
125914.078: [GC cleanup 15816M->15816M(20480M), 0.0533767 secs]
126047.631: [GC pause (G1 Evacuation Pause) (young) 18307M->14963M(20480M), 0.0916541 secs]
126245.468: [GC pause (G1 Evacuation Pause) (young) 18315M->14967M(20480M), 0.1118201 secs]
126432.661: [GC pause (G1 Evacuation Pause) (young) (initial-mark) 18327M->14971M(20480M), 0.1640519 secs]
126432.828: [GC concurrent-root-region-scan-start]
126432.904: [GC concurrent-root-region-scan-end, 0.0761436 secs]
126432.904: [GC concurrent-mark-start]
126474.302: [GC concurrent-mark-end, 41.3979730 secs]
126474.304: [GC remark, 0.1913774 secs]
126474.504: [GC cleanup 15591M->15591M(20480M), 0.0622057 secs]
126620.239: [GC pause (G1 Evacuation Pause) (young) 18331M->14975M(20480M), 0.1134317 secs]
126807.747: [GC pause (G1 Evacuation Pause) (young) 18319M->14967M(20480M), 0.1052453 secs]
126994.737: [GC pause (G1 Evacuation Pause) (young) (initial-mark) 18327M->14959M(20480M), 0.1375410 secs]
126994.874: [GC concurrent-root-region-scan-start]
126994.936: [GC concurrent-root-region-scan-end, 0.0619217 secs]
126994.936: [GC concurrent-mark-start]
127036.606: [GC concurrent-mark-end, 41.6699890 secs]
127036.608: [GC remark, 0.1561511 secs]
127036.766: [GC cleanup 15695M->15694M(20480M), 0.0436722 secs]
127036.810: [GC concurrent-cleanup-start]
127036.810: [GC concurrent-cleanup-end, 0.0000240 secs]
127183.550: [GC pause (G1 Evacuation Pause) (young) 18334M->14966M(20480M), 0.1018880 secs]
127369.973: [GC pause (G1 Evacuation Pause) (young) 18334M->14962M(20480M), 0.0940507 secs]
127557.394: [GC pause (G1 Evacuation Pause) (young) (initial-mark) 18346M->14966M(20480M), 0.0970757 secs]
127557.492: [GC concurrent-root-region-scan-start]
127557.562: [GC concurrent-root-region-scan-end, 0.0699698 secs]
127557.562: [GC concurrent-mark-start]
127599.585: [GC concurrent-mark-end, 42.0236140 secs]
127599.587: [GC remark, 0.1526193 secs]
127599.742: [GC cleanup 15718M->15718M(20480M), 0.0466505 secs]
127755.525: [GC pause (G1 Evacuation Pause) (young) 18334M->14962M(20480M), 0.0976087 secs]
127922.025: [GC pause (G1 Evacuation Pause) (young) 18346M->14958M(20480M), 0.0944953 secs]
128109.358: [GC pause (G1 Evacuation Pause) (young) (initial-mark) 18342M->14978M(20480M), 0.1045027 secs]
128109.463: [GC concurrent-root-region-scan-start]
128109.517: [GC concurrent-root-region-scan-end, 0.0543171 secs]
128109.517: [GC concurrent-mark-start]
128151.449: [GC concurrent-mark-end, 41.9312602 secs]
128151.451: [GC remark, 0.1551746 secs]
128151.608: [GC cleanup 15838M->15790M(20480M), 0.0459165 secs]
128151.654: [GC concurrent-cleanup-start]
128151.654: [GC concurrent-cleanup-end, 0.0000432 secs]
128306.929: [GC pause (G1 Evacuation Pause) (young) 18290M->14921M(20480M), 0.0910511 secs]
128494.807: [GC pause (G1 Evacuation Pause) (young) 18369M->14919M(20480M), 0.1022891 secs]
128684.186: [GC pause (G1 Evacuation Pause) (young) (initial-mark) 18375M->14932M(20480M), 0.1028964 secs]
128684.290: [GC concurrent-root-region-scan-start]
128684.331: [GC concurrent-root-region-scan-end, 0.0414174 secs]
128684.331: [GC concurrent-mark-start]
128725.575: [GC concurrent-mark-end, 41.2434438 secs]
128725.576: [GC remark, 0.1539359 secs]
128725.732: [GC cleanup 15721M->15721M(20480M), 0.0469754 secs]
128880.251: [GC pause (G1 Evacuation Pause) (young) 18356M->14928M(20480M), 0.0855175 secs]
129067.418: [GC pause (G1 Evacuation Pause) (young) 18368M->14920M(20480M), 0.0886173 secs]
129233.887: [GC pause (G1 Evacuation Pause) (young) (initial-mark) 18376M->15008M(20480M), 0.1109093 secs]
129233.998: [GC concurrent-root-region-scan-start]
129234.042: [GC concurrent-root-region-scan-end, 0.0435411 secs]
129234.042: [GC concurrent-mark-start]
129274.724: [GC concurrent-mark-end, 40.6823482 secs]
129274.726: [GC remark, 0.2120425 secs]
129274.941: [GC cleanup 15587M->15587M(20480M), 0.0823051 secs]
129358.969: [GC pause (G1 Evacuation Pause) (young)-- 19520M->19366M(20480M), 0.9632718 secs]
129370.314: [GC pause (G1 Evacuation Pause) (young)-- 19534M->19534M(20480M), 0.0841564 secs]
129370.400: [GC pause (G1 Evacuation Pause) (young) (initial-mark) 19534M->19534M(20480M), 0.0253296 secs]
129370.426: [GC concurrent-root-region-scan-start]
129370.426: [GC concurrent-root-region-scan-end, 0.0004167 secs]
129370.426: [GC concurrent-mark-start]
129370.427: [Full GC (Allocation Failure)  19534M->15871M(20480M), 46.0306236 secs]
129416.458: [GC concurrent-mark-abort]
129530.825: [GC pause (G1 Evacuation Pause) (young) 17903M->15894M(20480M), 0.0636340 secs]
129634.784: [GC pause (G1 Evacuation Pause) (young) (initial-mark) 17902M->15925M(20480M), 0.0710165 secs]
129634.855: [GC concurrent-root-region-scan-start]
129634.889: [GC concurrent-root-region-scan-end, 0.0343322 secs]
129634.889: [GC concurrent-mark-start]
129675.952: [GC concurrent-mark-end, 41.0626083 secs]
129675.954: [GC remark, 0.1513571 secs]
129676.107: [GC cleanup 16556M->15628M(20480M), 0.0506934 secs]
129676.158: [GC concurrent-cleanup-start]
129676.159: [GC concurrent-cleanup-end, 0.0006523 secs]
129749.655: [GC pause (G1 Evacuation Pause) (young) 16957M->14987M(20480M), 0.0917322 secs]
129897.091: [GC pause (G1 Humongous Allocation) (young) (initial-mark) 18178M->15007M(20480M), 0.1040200 secs]
129897.196: [GC concurrent-root-region-scan-start]
129897.258: [GC concurrent-root-region-scan-end, 0.0620043 secs]
129897.258: [GC concurrent-mark-start]
129909.721: [GC pause (G1 Humongous Allocation) (young)-- 19532M->19599M(20480M), 7.6671817 secs]
129917.390: [Full GC (Allocation Failure)  19599M->18466M(20480M), 45.1435625 secs]
129962.535: [GC concurrent-mark-abort]
129964.382: [GC pause (G1 Humongous Allocation) (young) (initial-mark) 18701M->18530M(20480M), 0.0571495 secs]
129964.440: [GC concurrent-root-region-scan-start]
129964.468: [GC concurrent-root-region-scan-end, 0.0282133 secs]
129964.468: [GC concurrent-mark-start]
129993.818: [GC pause (G1 Evacuation Pause) (young)-- 19498M->19498M(20480M), 1.1585200 secs]
129994.978: [GC pause (G1 Evacuation Pause) (young) 19498M->19498M(20480M), 0.0500309 secs]
129995.030: [Full GC (Allocation Failure)  19498M->16012M(20480M), 42.9937293 secs]
130038.024: [GC concurrent-mark-abort]
130152.249: [GC pause (G1 Evacuation Pause) (young) 17916M->16025M(20480M), 0.0557869 secs]
130214.929: [GC pause (G1 Evacuation Pause) (young) (initial-mark) 17961M->16050M(20480M), 0.0714791 secs]
130215.001: [GC concurrent-root-region-scan-start]
130215.029: [GC concurrent-root-region-scan-end, 0.0278777 secs]
130215.029: [GC concurrent-mark-start]
130258.351: [GC concurrent-mark-end, 43.3218541 secs]
130258.353: [GC remark, 0.1668586 secs]
130258.522: [GC cleanup 17072M->16048M(20480M), 0.0485345 secs]
130258.571: [GC concurrent-cleanup-start]
130258.572: [GC concurrent-cleanup-end, 0.0006664 secs]
130308.754: [GC pause (G1 Evacuation Pause) (young) 16970M->15052M(20480M), 0.0731365 secs]
130423.277: [GC pause (G1 Evacuation Pause) (young) 18196M->15064M(20480M), 0.0825603 secs]
130590.378: [GC pause (G1 Evacuation Pause) (young) (initial-mark) 18232M->15052M(20480M), 0.1007259 secs]
130590.479: [GC concurrent-root-region-scan-start]
130590.543: [GC concurrent-root-region-scan-end, 0.0639792 secs]
130590.543: [GC concurrent-mark-start]
130631.556: [GC concurrent-mark-end, 41.0130687 secs]
130631.557: [GC remark, 0.1486319 secs]
130631.708: [GC cleanup 15725M->15717M(20480M), 0.0466676 secs]
130631.755: [GC concurrent-cleanup-start]
130631.755: [GC concurrent-cleanup-end, 0.0000225 secs]
130777.569: [GC pause (G1 Evacuation Pause) (young) 18252M->15044M(20480M), 0.1011818 secs]
130954.978: [GC pause (G1 Evacuation Pause) (young) 18284M->15040M(20480M), 0.1005121 secs]
131131.924: [GC pause (G1 Evacuation Pause) (young) (initial-mark) 18296M->15040M(20480M), 0.1105089 secs]
131132.034: [GC concurrent-root-region-scan-start]
131132.097: [GC concurrent-root-region-scan-end, 0.0629638 secs]
131132.097: [GC concurrent-mark-start]
131174.735: [GC concurrent-mark-end, 42.6374928 secs]
131174.737: [GC remark, 0.1461227 secs]
131174.885: [GC cleanup 15828M->15828M(20480M), 0.0428179 secs]
131330.255: [GC pause (G1 Evacuation Pause) (young) 18312M->15044M(20480M), 0.1038663 secs]
131504.912: [GC pause (G1 Evacuation Pause) (young) 18332M->15036M(20480M), 0.1090645 secs]
131685.160: [GC pause (G1 Evacuation Pause) (young) (initial-mark) 18332M->15048M(20480M), 0.1208907 secs]
131685.282: [GC concurrent-root-region-scan-start]
131685.515: [GC concurrent-root-region-scan-end, 0.2339361 secs]
131685.516: [GC concurrent-mark-start]
131730.733: [GC concurrent-mark-end, 45.2176014 secs]
131730.735: [GC remark, 0.1724665 secs]
131730.912: [GC cleanup 15926M->15926M(20480M), 0.0504122 secs]
131841.911: [GC pause (G1 Evacuation Pause) (young) 18328M->15048M(20480M), 0.1040070 secs]
131958.201: [GC pause (G1 Evacuation Pause) (young) 18328M->15064M(20480M), 0.0959571 secs]
132132.846: [GC pause (G1 Evacuation Pause) (young) (initial-mark) 18312M->15052M(20480M), 0.1040471 secs]
132132.951: [GC concurrent-root-region-scan-start]
132133.025: [GC concurrent-root-region-scan-end, 0.0744719 secs]
132133.025: [GC concurrent-mark-start]
132173.359: [GC concurrent-mark-end, 40.3333533 secs]
132173.361: [GC remark, 0.1548126 secs]
132173.517: [GC cleanup 15662M->15662M(20480M), 0.0500551 secs]
132309.919: [GC pause (G1 Evacuation Pause) (young) 18332M->15052M(20480M), 0.0947406 secs]
132486.607: [GC pause (G1 Evacuation Pause) (young) 18332M->15052M(20480M), 0.1030228 secs]
132663.413: [GC pause (G1 Evacuation Pause) (young) (initial-mark) 18324M->15052M(20480M), 0.0988786 secs]
132663.512: [GC concurrent-root-region-scan-start]
132663.579: [GC concurrent-root-region-scan-end, 0.0669053 secs]
132663.579: [GC concurrent-mark-start]
132704.494: [GC concurrent-mark-end, 40.9145517 secs]
132704.495: [GC remark, 0.1919254 secs]
132704.689: [GC cleanup 15728M->15664M(20480M), 0.0673728 secs]
132704.757: [GC concurrent-cleanup-start]
132704.757: [GC concurrent-cleanup-end, 0.0000475 secs]
132850.887: [GC pause (G1 Evacuation Pause) (young) 18260M->14995M(20480M), 0.0976703 secs]
132954.933: [GC pause (G1 Evacuation Pause) (young) 18347M->14995M(20480M), 0.0849525 secs]
133032.287: [GC pause (G1 Evacuation Pause) (young) (initial-mark) 18355M->15006M(20480M), 0.0922889 secs]
133032.380: [GC concurrent-root-region-scan-start]
133032.439: [GC concurrent-root-region-scan-end, 0.0589878 secs]
133032.439: [GC concurrent-mark-start]
133072.953: [GC concurrent-mark-end, 40.5144837 secs]
133072.955: [GC remark, 0.1688603 secs]
133073.126: [GC cleanup 16262M->16262M(20480M), 0.0433578 secs]
133184.640: [GC pause (G1 Evacuation Pause) (young) 18342M->15020M(20480M), 0.0970086 secs]
133308.783: [GC pause (G1 Evacuation Pause) (young) 18332M->15028M(20480M), 0.0956758 secs]
133495.858: [GC pause (G1 Evacuation Pause) (young) (initial-mark) 18324M->15012M(20480M), 0.1384760 secs]
133495.997: [GC concurrent-root-region-scan-start]
133496.120: [GC concurrent-root-region-scan-end, 0.1232121 secs]
133496.120: [GC concurrent-mark-start]
133537.107: [GC concurrent-mark-end, 40.9868575 secs]
133537.109: [GC remark, 0.1499983 secs]
133537.260: [GC cleanup 15696M->15696M(20480M), 0.0542735 secs]
133642.017: [GC pause (G1 Evacuation Pause) (young) 18340M->15025M(20480M), 0.0994422 secs]
133829.028: [GC pause (G1 Evacuation Pause) (young) 18321M->15037M(20480M), 0.1074024 secs]
133995.589: [GC pause (G1 Evacuation Pause) (young) (initial-mark) 18317M->15021M(20480M), 0.1001286 secs]
133995.690: [GC concurrent-root-region-scan-start]
133995.774: [GC concurrent-root-region-scan-end, 0.0841075 secs]
133995.774: [GC concurrent-mark-start]
134036.397: [GC concurrent-mark-end, 40.6230195 secs]
134036.399: [GC remark, 0.1472024 secs]
134036.548: [GC cleanup 16221M->16221M(20480M), 0.0438991 secs]
134141.263: [GC pause (G1 Evacuation Pause) (young) 18333M->15017M(20480M), 0.1031068 secs]
134308.258: [GC pause (G1 Evacuation Pause) (young) 18329M->15022M(20480M), 0.1007693 secs]
134474.176: [GC pause (G1 Evacuation Pause) (young) (initial-mark) 18342M->15025M(20480M), 0.0996854 secs]
134474.276: [GC concurrent-root-region-scan-start]
134474.352: [GC concurrent-root-region-scan-end, 0.0758513 secs]
134474.352: [GC concurrent-mark-start]
134515.488: [GC concurrent-mark-end, 41.1364415 secs]
134515.490: [GC remark, 0.1533610 secs]
134515.645: [GC cleanup 16302M->16302M(20480M), 0.0456331 secs]
134630.493: [GC pause (G1 Evacuation Pause) (young) 18337M->15035M(20480M), 0.1016658 secs]
134811.849: [GC pause (G1 Evacuation Pause) (young) 18331M->15035M(20480M), 0.0944415 secs]
134994.550: [GC pause (G1 Evacuation Pause) (young) (initial-mark) 18331M->15036M(20480M), 0.1069595 secs]
134994.657: [GC concurrent-root-region-scan-start]
134994.757: [GC concurrent-root-region-scan-end, 0.0999118 secs]
134994.757: [GC concurrent-mark-start]
135036.755: [GC concurrent-mark-end, 41.9979687 secs]
135036.757: [GC remark, 0.2075785 secs]
135036.966: [GC cleanup 15912M->15912M(20480M), 0.0762645 secs]
135182.017: [GC pause (G1 Evacuation Pause) (young) 18332M->15036M(20480M), 0.1116157 secs]
135358.959: [GC pause (G1 Evacuation Pause) (young) 18332M->15036M(20480M), 0.1190951 secs]
135556.683: [GC pause (G1 Evacuation Pause) (young) (initial-mark) 18332M->15038M(20480M), 0.1029931 secs]
135556.786: [GC concurrent-root-region-scan-start]
135556.860: [GC concurrent-root-region-scan-end, 0.0737114 secs]
135556.860: [GC concurrent-mark-start]
135597.236: [GC concurrent-mark-end, 40.3756618 secs]
135597.237: [GC remark, 0.2557855 secs]
135597.496: [GC cleanup 15855M->15855M(20480M), 0.0794712 secs]
135733.688: [GC pause (G1 Evacuation Pause) (young) 18334M->15039M(20480M), 0.0988086 secs]
135921.194: [GC pause (G1 Evacuation Pause) (young) 18343M->15034M(20480M), 0.0962007 secs]
136108.844: [GC pause (G1 Evacuation Pause) (young) (initial-mark) 18346M->15038M(20480M), 0.0977603 secs]
136108.942: [GC concurrent-root-region-scan-start]
136109.006: [GC concurrent-root-region-scan-end, 0.0632119 secs]
136109.006: [GC concurrent-mark-start]
136149.526: [GC concurrent-mark-end, 40.5200436 secs]
136149.528: [GC remark, 0.1910818 secs]
136149.721: [GC cleanup 15640M->15640M(20480M), 0.0460098 secs]
136285.904: [GC pause (G1 Evacuation Pause) (young) 18350M->15040M(20480M), 0.1071292 secs]
136451.983: [GC pause (G1 Evacuation Pause) (young) 18360M->15119M(20480M), 0.0963005 secs]
136496.798: [GC pause (G1 Humongous Allocation) (young) (initial-mark) 16173M->15048M(20480M), 0.0704549 secs]
136496.869: [GC concurrent-root-region-scan-start]
136496.918: [GC concurrent-root-region-scan-end, 0.0497916 secs]
136496.918: [GC concurrent-mark-start]
136540.422: [GC concurrent-mark-end, 43.5031626 secs]
136540.423: [GC remark, 0.1679223 secs]
136540.593: [GC cleanup 17992M->17992M(20480M), 0.0466913 secs]
136629.311: [GC pause (G1 Evacuation Pause) (young)-- 19504M->17700M(20480M), 0.9032237 secs]
136692.449: [GC pause (G1 Evacuation Pause) (young) 18724M->17727M(20480M), 0.0475201 secs]
136744.708: [GC pause (G1 Evacuation Pause) (young) (initial-mark) 18719M->17720M(20480M), 0.0611034 secs]
136744.769: [GC concurrent-root-region-scan-start]
136744.787: [GC concurrent-root-region-scan-end, 0.0180868 secs]
136744.787: [GC concurrent-mark-start]
136785.421: [GC concurrent-mark-end, 40.6333983 secs]
136785.422: [GC remark, 0.2228268 secs]
136785.651: [GC cleanup 18465M->17209M(20480M), 0.0473969 secs]
136785.699: [GC concurrent-cleanup-start]
136785.699: [GC concurrent-cleanup-end, 0.0006409 secs]
136796.542: [GC pause (G1 Evacuation Pause) (young) 17464M->16470M(20480M), 0.0417849 secs]
136848.616: [GC pause (G1 Evacuation Pause) (mixed) 17462M->15909M(20480M), 0.0452440 secs]
136994.199: [GC pause (G1 Evacuation Pause) (young) 18317M->15912M(20480M), 0.0849070 secs]
137097.219: [GC pause (G1 Humongous Allocation) (young) (initial-mark) 17839M->15920M(20480M), 0.0672228 secs]
137097.286: [GC concurrent-root-region-scan-start]
137097.322: [GC concurrent-root-region-scan-end, 0.0354215 secs]
137097.322: [GC concurrent-mark-start]
137107.183: [GC pause (G1 Humongous Allocation) (young)-- 19557M->19729M(20480M), 5.1687355 secs]
137112.488: [GC pause (G1 Evacuation Pause) (young)-- 19793M->19793M(20480M), 1.0183666 secs]
137113.508: [GC pause (G1 Evacuation Pause) (young) 19793M->19793M(20480M), 0.0527652 secs]
137113.564: [GC pause (G1 Evacuation Pause) (young) 19793M->19793M(20480M), 0.0266383 secs]
137113.593: [GC pause (G1 Evacuation Pause) (young) 19793M->19793M(20480M), 0.0232905 secs]
137113.618: [GC pause (G1 Evacuation Pause) (young) 19793M->19793M(20480M), 0.0240738 secs]
137113.644: [Full GC (Allocation Failure)  19793M->17746M(20480M), 46.8408656 secs]
137160.485: [GC concurrent-mark-abort]
137160.493: [GC pause (G1 Humongous Allocation) (young) (initial-mark) 17749M->17749M(20480M), 0.0268534 secs]
137160.520: [GC concurrent-root-region-scan-start]
137160.535: [GC concurrent-root-region-scan-end, 0.0152938 secs]
137160.535: [GC concurrent-mark-start]
137171.643: [GC pause (G1 Humongous Allocation) (young)-- 19463M->19498M(20480M), 2.0511736 secs]
137173.696: [Full GC (Allocation Failure)  19498M->16705M(20480M), 44.9401912 secs]
137218.638: [GC concurrent-mark-abort]
137218.757: [GC pause (G1 Humongous Allocation) (young) (initial-mark) 16801M->16760M(20480M), 0.0334796 secs]
137218.791: [GC concurrent-root-region-scan-start]
137218.805: [GC concurrent-root-region-scan-end, 0.0142512 secs]
137218.805: [GC concurrent-mark-start]
137259.564: [GC concurrent-mark-end, 40.7586854 secs]
137259.565: [GC remark, 0.2153262 secs]
137259.782: [GC cleanup 17504M->17472M(20480M), 0.0692257 secs]
137259.852: [GC concurrent-cleanup-start]
137259.852: [GC concurrent-cleanup-end, 0.0000356 secs]
137271.078: [GC pause (G1 Evacuation Pause) (young) 17760M->16775M(20480M), 0.0510199 secs]
137333.288: [GC pause (G1 Evacuation Pause) (young) 17759M->16777M(20480M), 0.0539055 secs]
137384.711: [GC pause (G1 Evacuation Pause) (young) (initial-mark) 17769M->16773M(20480M), 0.0455487 secs]
137384.757: [GC concurrent-root-region-scan-start]
137384.840: [GC concurrent-root-region-scan-end, 0.0826049 secs]
137384.840: [GC concurrent-mark-start]
137426.911: [GC concurrent-mark-end, 42.0710116 secs]
137426.912: [GC remark, 0.2147666 secs]
137427.129: [GC cleanup 17603M->16195M(20480M), 0.0718298 secs]
137427.202: [GC concurrent-cleanup-start]
137427.203: [GC concurrent-cleanup-end, 0.0008668 secs]
137437.717: [GC pause (G1 Evacuation Pause) (young) 16429M->15357M(20480M), 0.1182272 secs]
137511.227: [GC pause (G1 Evacuation Pause) (young) 16717M->15349M(20480M), 0.0864191 secs]
137615.461: [GC pause (G1 Evacuation Pause) (young) (initial-mark) 17093M->15353M(20480M), 0.0675722 secs]
137615.529: [GC concurrent-root-region-scan-start]
137615.571: [GC concurrent-root-region-scan-end, 0.0425996 secs]
137615.571: [GC concurrent-mark-start]
137656.292: [GC concurrent-mark-end, 40.7206486 secs]
137656.294: [GC remark, 0.1591909 secs]
137656.455: [GC cleanup 15908M->15900M(20480M), 0.0452807 secs]
137656.500: [GC concurrent-cleanup-start]
137656.500: [GC concurrent-cleanup-end, 0.0000193 secs]
137751.454: [GC pause (G1 Evacuation Pause) (young) 17969M->15389M(20480M), 0.0917035 secs]
137917.620: [GC pause (G1 Evacuation Pause) (young) 18141M->15357M(20480M), 0.0916488 secs]
138063.471: [GC pause (G1 Evacuation Pause) (young) (initial-mark) 18173M->15353M(20480M), 0.0900154 secs]
138063.561: [GC concurrent-root-region-scan-start]
138063.609: [GC concurrent-root-region-scan-end, 0.0473806 secs]
138063.609: [GC concurrent-mark-start]
138104.046: [GC concurrent-mark-end, 40.4369956 secs]
138104.048: [GC remark, 0.1577399 secs]
138104.207: [GC cleanup 15968M->15968M(20480M), 0.0463619 secs]
138230.252: [GC pause (G1 Evacuation Pause) (young) 18201M->15353M(20480M), 0.0879806 secs]
138386.072: [GC pause (G1 Evacuation Pause) (young) 18225M->15357M(20480M), 0.0929265 secs]
138562.528: [GC pause (G1 Evacuation Pause) (young) (initial-mark) 18237M->15353M(20480M), 0.1006715 secs]
138562.629: [GC concurrent-root-region-scan-start]
138562.685: [GC concurrent-root-region-scan-end, 0.0566720 secs]
138562.685: [GC concurrent-mark-start]
138604.269: [GC concurrent-mark-end, 41.5835718 secs]
138604.273: [GC remark, 0.2076682 secs]
138604.483: [GC cleanup 16317M->16317M(20480M), 0.0703202 secs]
138718.825: [GC pause (G1 Evacuation Pause) (young) 18257M->15349M(20480M), 0.0893740 secs]
138884.281: [GC pause (G1 Evacuation Pause) (young) 18253M->15357M(20480M), 0.0903303 secs]
139041.667: [GC pause (G1 Evacuation Pause) (young) (initial-mark) 18253M->15355M(20480M), 0.0891235 secs]
139041.756: [GC concurrent-root-region-scan-start]
139041.801: [GC concurrent-root-region-scan-end, 0.0443454 secs]
139041.801: [GC concurrent-mark-start]
139082.607: [GC concurrent-mark-end, 40.8064410 secs]
139082.609: [GC remark, 0.1559853 secs]
139082.767: [GC cleanup 16023M->16023M(20480M), 0.0449758 secs]
139197.795: [GC pause (G1 Evacuation Pause) (young) 18259M->15357M(20480M), 0.0920559 secs]
139364.186: [GC pause (G1 Evacuation Pause) (young) 18277M->15368M(20480M), 0.0911109 secs]
139522.733: [GC pause (G1 Evacuation Pause) (young) (initial-mark) 18264M->15362M(20480M), 0.0757545 secs]
139522.809: [GC concurrent-root-region-scan-start]
139522.849: [GC concurrent-root-region-scan-end, 0.0400421 secs]
139522.849: [GC concurrent-mark-start]
139563.988: [GC concurrent-mark-end, 41.1388257 secs]
139563.990: [GC remark, 0.1575803 secs]
139564.149: [GC cleanup 16098M->15778M(20480M), 0.0463746 secs]
139564.196: [GC concurrent-cleanup-start]
139564.196: [GC concurrent-cleanup-end, 0.0007536 secs]
139696.952: [GC pause (G1 Evacuation Pause) (young) 17954M->15042M(20480M), 0.0800196 secs]
139874.117: [GC pause (G1 Evacuation Pause) (young) 18354M->15046M(20480M), 0.0988828 secs]
140032.961: [GC pause (G1 Evacuation Pause) (young) (initial-mark) 18358M->15130M(20480M), 0.1149301 secs]
140033.077: [GC concurrent-root-region-scan-start]
140033.123: [GC concurrent-root-region-scan-end, 0.0467994 secs]
140033.123: [GC concurrent-mark-start]
140075.062: [GC concurrent-mark-end, 41.9382093 secs]
140075.063: [GC remark, 0.1570347 secs]
140075.222: [GC cleanup 15878M->15878M(20480M), 0.0457956 secs]
140196.815: [GC pause (G1 Evacuation Pause) (young) 18266M->15042M(20480M), 0.0786258 secs]
140384.313: [GC pause (G1 Evacuation Pause) (young) 18338M->15058M(20480M), 0.0908424 secs]
140571.270: [GC pause (G1 Evacuation Pause) (young) (initial-mark) 18338M->15046M(20480M), 0.0853590 secs]
140571.355: [GC concurrent-root-region-scan-start]
140571.399: [GC concurrent-root-region-scan-end, 0.0438460 secs]
140571.399: [GC concurrent-mark-start]
140613.120: [GC concurrent-mark-end, 41.7208547 secs]
140613.122: [GC remark, 0.1604603 secs]
140613.284: [GC cleanup 15818M->15818M(20480M), 0.0450798 secs]
140758.579: [GC pause (G1 Evacuation Pause) (young) 18350M->15046M(20480M), 0.0869645 secs]
140953.504: [GC pause (G1 Evacuation Pause) (young) 18358M->15054M(20480M), 0.0862808 secs]
141122.870: [GC pause (G1 Evacuation Pause) (young) (initial-mark) 18350M->15050M(20480M), 0.0870277 secs]
141122.958: [GC concurrent-root-region-scan-start]
141123.004: [GC concurrent-root-region-scan-end, 0.0459770 secs]
141123.004: [GC concurrent-mark-start]
141165.151: [GC concurrent-mark-end, 42.1472714 secs]
141165.152: [GC remark, 0.1491337 secs]
141165.303: [GC cleanup 15786M->15786M(20480M), 0.0440332 secs]
141310.113: [GC pause (G1 Evacuation Pause) (young) 18346M->15058M(20480M), 0.0904574 secs]
141497.379: [GC pause (G1 Evacuation Pause) (young) 18338M->15054M(20480M), 0.0805244 secs]
141674.243: [GC pause (G1 Evacuation Pause) (young) (initial-mark) 18350M->15046M(20480M), 0.0844483 secs]
141674.328: [GC concurrent-root-region-scan-start]
141674.368: [GC concurrent-root-region-scan-end, 0.0403251 secs]
141674.368: [GC concurrent-mark-start]
141715.899: [GC concurrent-mark-end, 41.5304712 secs]
141715.901: [GC remark, 0.2170283 secs]
141716.119: [GC cleanup 15726M->15726M(20480M), 0.0648204 secs]
141872.230: [GC pause (G1 Evacuation Pause) (young) 18358M->15050M(20480M), 0.0937980 secs]
142049.161: [GC pause (G1 Evacuation Pause) (young) 18346M->15054M(20480M), 0.0790474 secs]
142227.456: [GC pause (G1 Evacuation Pause) (young) (initial-mark) 18350M->15062M(20480M), 0.0995649 secs]
142227.556: [GC concurrent-root-region-scan-start]
142227.615: [GC concurrent-root-region-scan-end, 0.0597014 secs]
142227.615: [GC concurrent-mark-start]
142270.236: [GC concurrent-mark-end, 42.6205464 secs]
142270.238: [GC remark, 0.1832460 secs]
142270.423: [GC cleanup 15791M->15791M(20480M), 0.0531272 secs]
142423.666: [GC pause (G1 Evacuation Pause) (young) 18342M->15059M(20480M), 0.0931123 secs]
142600.836: [GC pause (G1 Evacuation Pause) (young) 18339M->15051M(20480M), 0.0812064 secs]
142784.957: [GC pause (G1 Evacuation Pause) (young) (initial-mark) 18347M->15047M(20480M), 0.0951947 secs]
142785.053: [GC concurrent-root-region-scan-start]
142785.153: [GC concurrent-root-region-scan-end, 0.1000447 secs]
142785.153: [GC concurrent-mark-start]
142828.695: [GC concurrent-mark-end, 43.5416299 secs]
142828.697: [GC remark, 0.1961291 secs]
142828.895: [GC cleanup 15861M->15861M(20480M), 0.0518897 secs]
142965.365: [GC pause (G1 Evacuation Pause) (young) 18359M->15055M(20480M), 0.1017407 secs]
143152.506: [GC pause (G1 Evacuation Pause) (young) 18351M->15043M(20480M), 0.1038036 secs]
143329.000: [GC pause (G1 Evacuation Pause) (young) (initial-mark) 18355M->15059M(20480M), 0.0978298 secs]
143329.098: [GC concurrent-root-region-scan-start]
143329.148: [GC concurrent-root-region-scan-end, 0.0498828 secs]
143329.148: [GC concurrent-mark-start]
143369.884: [GC concurrent-mark-end, 40.7353498 secs]
143369.887: [GC remark, 0.1779557 secs]
143370.068: [GC cleanup 15757M->15757M(20480M), 0.0474567 secs]
143505.862: [GC pause (G1 Evacuation Pause) (young) 18339M->15047M(20480M), 0.0836432 secs]
143662.063: [GC pause (G1 Evacuation Pause) (young) 18359M->15103M(20480M), 0.0856814 secs]
143696.814: [GC pause (G1 Humongous Allocation) (young) (initial-mark) 15957M->15067M(20480M), 0.0557542 secs]
143696.869: [GC concurrent-root-region-scan-start]
143696.920: [GC concurrent-root-region-scan-end, 0.0502751 secs]
143696.920: [GC concurrent-mark-start]
143738.575: [GC concurrent-mark-end, 41.6555113 secs]
143738.577: [GC remark, 0.1500454 secs]
143738.729: [GC cleanup 18066M->18066M(20480M), 0.0533265 secs]
143828.667: [GC pause (G1 Evacuation Pause) (young)-- 19499M->17585M(20480M), 0.8520159 secs]
143891.780: [GC pause (G1 Evacuation Pause) (young) 18609M->17608M(20480M), 0.0688807 secs]
143944.114: [GC pause (G1 Evacuation Pause) (young) (initial-mark) 18608M->17600M(20480M), 0.0383017 secs]
143944.152: [GC concurrent-root-region-scan-start]
143944.166: [GC concurrent-root-region-scan-end, 0.0133621 secs]
143944.166: [GC concurrent-mark-start]
143984.718: [GC concurrent-mark-end, 40.5522177 secs]
143984.720: [GC remark, 0.1921202 secs]
143984.914: [GC cleanup 18267M->17619M(20480M), 0.0475225 secs]
143984.962: [GC concurrent-cleanup-start]
143984.962: [GC concurrent-cleanup-end, 0.0003041 secs]
143996.022: [GC pause (G1 Evacuation Pause) (young) 17960M->16958M(20480M), 0.0570512 secs]
144048.127: [GC pause (G1 Evacuation Pause) (mixed) 17958M->15884M(20480M), 0.0450260 secs]
144193.706: [GC pause (G1 Evacuation Pause) (young) 18348M->15889M(20480M), 0.0837147 secs]
144297.009: [GC pause (G1 Humongous Allocation) (young) (initial-mark) 17790M->15889M(20480M), 0.0716293 secs]
144297.081: [GC concurrent-root-region-scan-start]
144297.134: [GC concurrent-root-region-scan-end, 0.0525256 secs]
144297.134: [GC concurrent-mark-start]
144306.984: [GC pause (G1 Humongous Allocation) (young)-- 19515M->19657M(20480M), 3.2526148 secs]
144310.432: [GC pause (G1 Humongous Allocation) (young)-- 19723M->19769M(20480M), 1.1456723 secs]
144311.580: [Full GC (Allocation Failure)  19769M->17770M(20480M), 45.0298308 secs]
144356.611: [GC concurrent-mark-abort]
144356.616: [GC pause (G1 Humongous Allocation) (young) (initial-mark) 17803M->17814M(20480M), 0.0278174 secs]
144356.644: [GC concurrent-root-region-scan-start]
144356.655: [GC concurrent-root-region-scan-end, 0.0109082 secs]
144356.655: [GC concurrent-mark-start]
144362.606: [GC pause (G1 Humongous Allocation) (young)-- 19352M->19450M(20480M), 1.4765715 secs]
144364.106: [Full GC (Allocation Failure)  19450M->18211M(20480M), 43.3405585 secs]
144407.447: [GC concurrent-mark-abort]
144459.681: [GC pause (G1 Evacuation Pause) (young) 19267M->18271M(20480M), 0.0486854 secs]
144521.786: [GC pause (G1 Evacuation Pause) (young) (initial-mark) 19263M->18275M(20480M), 0.0553534 secs]
144521.842: [GC concurrent-root-region-scan-start]
144521.863: [GC concurrent-root-region-scan-end, 0.0210375 secs]
144521.863: [GC concurrent-mark-start]
144562.633: [GC concurrent-mark-end, 40.7706739 secs]
144562.635: [GC remark, 0.1565076 secs]
144562.794: [GC cleanup 18978M->16098M(20480M), 0.0457042 secs]
144562.840: [GC concurrent-cleanup-start]
144562.841: [GC concurrent-cleanup-end, 0.0015688 secs]
144574.185: [GC pause (G1 Evacuation Pause) (young) 16387M->15355M(20480M), 0.0354776 secs]
144719.964: [GC pause (G1 Evacuation Pause) (young) 18139M->15379M(20480M), 0.0767858 secs]
144884.005: [GC pause (G1 Evacuation Pause) (young) (initial-mark) 18171M->15395M(20480M), 0.0775967 secs]
144884.083: [GC concurrent-root-region-scan-start]
144884.192: [GC concurrent-root-region-scan-end, 0.1097037 secs]
144884.192: [GC concurrent-mark-start]
144926.965: [GC concurrent-mark-end, 42.7725026 secs]
144926.967: [GC remark, 0.1646060 secs]
144927.133: [GC cleanup 16373M->16373M(20480M), 0.0512673 secs]
145032.422: [GC pause (G1 Evacuation Pause) (young) 18203M->15383M(20480M), 0.0738487 secs]
145126.160: [GC pause (G1 Evacuation Pause) (young) 18215M->15399M(20480M), 0.0696660 secs]
145271.939: [GC pause (G1 Evacuation Pause) (young) (initial-mark) 18231M->15395M(20480M), 0.0865043 secs]
145272.026: [GC concurrent-root-region-scan-start]
145272.079: [GC concurrent-root-region-scan-end, 0.0530553 secs]
145272.079: [GC concurrent-mark-start]
145312.917: [GC concurrent-mark-end, 40.8382583 secs]
145312.919: [GC remark, 0.1524008 secs]
145313.073: [GC cleanup 15939M->15939M(20480M), 0.0470012 secs]
145447.014: [GC pause (G1 Evacuation Pause) (young) 18243M->15387M(20480M), 0.1149104 secs]
145552.285: [GC pause (G1 Evacuation Pause) (young) 18259M->15403M(20480M), 0.0824783 secs]
145633.710: [GC pause (G1 Evacuation Pause) (young) (initial-mark) 18267M->15415M(20480M), 0.0869945 secs]
145633.797: [GC concurrent-root-region-scan-start]
145633.869: [GC concurrent-root-region-scan-end, 0.0716604 secs]
145633.869: [GC concurrent-mark-start]
145674.053: [GC concurrent-mark-end, 40.1847608 secs]
145674.055: [GC remark, 0.1540254 secs]
145674.211: [GC cleanup 16786M->16786M(20480M), 0.0444025 secs]
145718.881: [GC pause (G1 Evacuation Pause) (young) 18247M->15427M(20480M), 0.0935175 secs]
145801.959: [GC pause (G1 Evacuation Pause) (young) 18243M->15439M(20480M), 0.0944980 secs]
145958.466: [GC pause (G1 Evacuation Pause) (young) (initial-mark) 18223M->15423M(20480M), 0.1494252 secs]
145958.616: [GC concurrent-root-region-scan-start]
145958.728: [GC concurrent-root-region-scan-end, 0.1118370 secs]
145958.728: [GC concurrent-mark-start]
146000.740: [GC concurrent-mark-end, 42.0128221 secs]
146000.742: [GC remark, 0.1591218 secs]
146000.903: [GC cleanup 16239M->16239M(20480M), 0.0453018 secs]
146105.538: [GC pause (G1 Evacuation Pause) (young) 18239M->15435M(20480M), 0.1500835 secs]
146271.914: [GC pause (G1 Evacuation Pause) (young) 18235M->15417M(20480M), 0.1288044 secs]
146427.881: [GC pause (G1 Evacuation Pause) (young) (initial-mark) 18257M->15441M(20480M), 0.1353398 secs]
146428.017: [GC concurrent-root-region-scan-start]
146428.161: [GC concurrent-root-region-scan-end, 0.1438695 secs]
146428.161: [GC concurrent-mark-start]
146470.392: [GC concurrent-mark-end, 42.2311475 secs]
146470.393: [GC remark, 0.1515836 secs]
146470.547: [GC cleanup 16333M->16077M(20480M), 0.0449953 secs]
146470.592: [GC concurrent-cleanup-start]
146470.593: [GC concurrent-cleanup-end, 0.0006766 secs]
146584.289: [GC pause (G1 Evacuation Pause) (young) 17969M->15174M(20480M), 0.1238967 secs]
146761.142: [GC pause (G1 Evacuation Pause) (young) 18310M->15167M(20480M), 0.1401191 secs]
146948.403: [GC pause (G1 Evacuation Pause) (young) (initial-mark) 18319M->15179M(20480M), 0.1377749 secs]
146948.541: [GC concurrent-root-region-scan-start]
146948.650: [GC concurrent-root-region-scan-end, 0.1087151 secs]
146948.650: [GC concurrent-mark-start]
146992.018: [GC concurrent-mark-end, 43.3682247 secs]
146992.020: [GC remark, 0.1621214 secs]
146992.184: [GC cleanup 16207M->16207M(20480M), 0.0446258 secs]
147115.159: [GC pause (G1 Evacuation Pause) (young) 18299M->15167M(20480M), 0.1182881 secs]
147261.060: [GC pause (G1 Evacuation Pause) (young) 18319M->15228M(20480M), 0.1334869 secs]
147427.325: [GC pause (G1 Evacuation Pause) (young) (initial-mark) 18260M->15176M(20480M), 0.1014099 secs]
147427.427: [GC concurrent-root-region-scan-start]
147427.531: [GC concurrent-root-region-scan-end, 0.1039090 secs]
147427.531: [GC concurrent-mark-start]
147470.172: [GC concurrent-mark-end, 42.6406487 secs]
147470.173: [GC remark, 0.1790245 secs]
147470.354: [GC cleanup 16066M->16066M(20480M), 0.0534671 secs]
147594.021: [GC pause (G1 Evacuation Pause) (young) 18320M->15185M(20480M), 0.1008858 secs]
147771.108: [GC pause (G1 Evacuation Pause) (young) 18313M->15178M(20480M), 0.1057510 secs]
147947.895: [GC pause (G1 Evacuation Pause) (young) (initial-mark) 18314M->15185M(20480M), 0.1051308 secs]
147948.001: [GC concurrent-root-region-scan-start]
147948.153: [GC concurrent-root-region-scan-end, 0.1524071 secs]
147948.153: [GC concurrent-mark-start]
147989.424: [GC concurrent-mark-end, 41.2711060 secs]
147989.426: [GC remark, 0.1454710 secs]
147989.573: [GC cleanup 15803M->15803M(20480M), 0.0436145 secs]
148135.213: [GC pause (G1 Evacuation Pause) (young) 18329M->15188M(20480M), 0.0972403 secs]
148280.895: [GC pause (G1 Evacuation Pause) (young) 18332M->15195M(20480M), 0.0900867 secs]
148458.051: [GC pause (G1 Evacuation Pause) (young) (initial-mark) 18339M->15205M(20480M), 0.0859441 secs]
148458.137: [GC concurrent-root-region-scan-start]
148458.177: [GC concurrent-root-region-scan-end, 0.0401180 secs]
148458.177: [GC concurrent-mark-start]
148498.650: [GC concurrent-mark-end, 40.4729637 secs]
148498.652: [GC remark, 0.1723593 secs]
148498.826: [GC cleanup 15928M->15928M(20480M), 0.0471464 secs]
148624.439: [GC pause (G1 Evacuation Pause) (young) 18341M->15211M(20480M), 0.1000437 secs]
148800.951: [GC pause (G1 Evacuation Pause) (young) 18339M->15216M(20480M), 0.0960577 secs]
148978.232: [GC pause (G1 Evacuation Pause) (young) (initial-mark) 18328M->15204M(20480M), 0.0832820 secs]
148978.315: [GC concurrent-root-region-scan-start]
148978.355: [GC concurrent-root-region-scan-end, 0.0397851 secs]
148978.355: [GC concurrent-mark-start]
149018.941: [GC concurrent-mark-end, 40.5863963 secs]
149018.943: [GC remark, 0.1552855 secs]
149019.100: [GC cleanup 16161M->16161M(20480M), 0.0445759 secs]
149123.806: [GC pause (G1 Evacuation Pause) (young) 18348M->15208M(20480M), 0.0769243 secs]
149311.376: [GC pause (G1 Evacuation Pause) (young) 18336M->15208M(20480M), 0.0789920 secs]
149477.839: [GC pause (G1 Evacuation Pause) (young) (initial-mark) 18336M->15212M(20480M), 0.0785016 secs]
149477.918: [GC concurrent-root-region-scan-start]
149477.957: [GC concurrent-root-region-scan-end, 0.0392451 secs]
149477.957: [GC concurrent-mark-start]
149518.401: [GC concurrent-mark-end, 40.4442743 secs]
149518.403: [GC remark, 0.1810684 secs]
149518.586: [GC cleanup 15806M->15806M(20480M), 0.0519012 secs]
149664.801: [GC pause (G1 Evacuation Pause) (young) 18340M->15204M(20480M), 0.0811708 secs]
149831.635: [GC pause (G1 Evacuation Pause) (young) 18348M->15204M(20480M), 0.1012938 secs]
150008.200: [GC pause (G1 Evacuation Pause) (young) (initial-mark) 18348M->15220M(20480M), 0.0923661 secs]
150008.293: [GC concurrent-root-region-scan-start]
150008.353: [GC concurrent-root-region-scan-end, 0.0599170 secs]
150008.353: [GC concurrent-mark-start]
150051.444: [GC concurrent-mark-end, 43.0915973 secs]
150051.446: [GC remark, 0.1550507 secs]
150051.602: [GC cleanup 16169M->16169M(20480M), 0.0436967 secs]
150185.256: [GC pause (G1 Evacuation Pause) (young) 18332M->15204M(20480M), 0.0830165 secs]
150361.943: [GC pause (G1 Evacuation Pause) (young) 18348M->15204M(20480M), 0.0797715 secs]
150549.104: [GC pause (G1 Evacuation Pause) (young) (initial-mark) 18348M->15208M(20480M), 0.0830934 secs]
150549.188: [GC concurrent-root-region-scan-start]
150549.247: [GC concurrent-root-region-scan-end, 0.0590279 secs]
150549.247: [GC concurrent-mark-start]
150590.011: [GC concurrent-mark-end, 40.7643554 secs]
150590.013: [GC remark, 0.1830231 secs]
150590.197: [GC cleanup 16084M->16084M(20480M), 0.0459467 secs]
150715.549: [GC pause (G1 Evacuation Pause) (young) 18336M->15204M(20480M), 0.0872427 secs]
150840.465: [GC pause (G1 Evacuation Pause) (young) 18348M->15301M(20480M), 0.0815661 secs]
150896.875: [GC pause (G1 Humongous Allocation) (young) (initial-mark) 16537M->15213M(20480M), 0.0625809 secs]
150896.937: [GC concurrent-root-region-scan-start]
150897.002: [GC concurrent-root-region-scan-end, 0.0643114 secs]
150897.002: [GC concurrent-mark-start]
150941.043: [GC concurrent-mark-end, 44.0411111 secs]
150941.044: [GC remark, 0.2400412 secs]
150941.286: [GC cleanup 18157M->18157M(20480M), 0.0646394 secs]
151017.666: [GC pause (G1 Evacuation Pause) (young)-- 19493M->17907M(20480M), 0.8338667 secs]
151081.130: [GC pause (G1 Evacuation Pause) (young) 18931M->17929M(20480M), 0.0506710 secs]
151143.597: [GC pause (G1 Evacuation Pause) (young) (initial-mark) 18929M->17926M(20480M), 0.0403697 secs]
151143.638: [GC concurrent-root-region-scan-start]
151143.654: [GC concurrent-root-region-scan-end, 0.0165599 secs]
151143.654: [GC concurrent-mark-start]
151183.301: [GC concurrent-mark-end, 39.6470638 secs]
151183.303: [GC remark, 0.2823853 secs]
151183.587: [GC cleanup 18624M->17776M(20480M), 0.0636082 secs]
151183.651: [GC concurrent-cleanup-start]
151183.652: [GC concurrent-cleanup-end, 0.0005852 secs]
151185.477: [GC pause (G1 Evacuation Pause) (young) 18078M->17073M(20480M), 0.0409046 secs]
151237.616: [GC pause (G1 Evacuation Pause) (mixed) 18081M->15895M(20480M), 0.0497700 secs]
151383.171: [GC pause (G1 Evacuation Pause) (young) 18343M->15899M(20480M), 0.0738329 secs]
151497.381: [GC pause (G1 Humongous Allocation) (young) (initial-mark) 17965M->15895M(20480M), 0.0662236 secs]
151497.448: [GC concurrent-root-region-scan-start]
151497.485: [GC concurrent-root-region-scan-end, 0.0374965 secs]
151497.485: [GC concurrent-mark-start]
151508.131: [GC pause (G1 Humongous Allocation) (young)-- 19719M->19755M(20480M), 5.1582228 secs]
151513.302: [Full GC (Allocation Failure)  19755M->17812M(20480M), 48.6436194 secs]
151561.947: [GC concurrent-mark-abort]
151561.970: [GC pause (G1 Humongous Allocation) (young) (initial-mark) 17852M->17860M(20480M), 0.0198678 secs]
151561.990: [GC concurrent-root-region-scan-start]
151562.005: [GC concurrent-root-region-scan-end, 0.0150350 secs]
151562.005: [GC concurrent-mark-start]
151582.708: [GC pause (G1 Evacuation Pause) (young)-- 19500M->19500M(20480M), 2.5215467 secs]
151585.232: [GC pause (G1 Evacuation Pause) (young) 19500M->19500M(20480M), 0.0897927 secs]
151585.323: [Full GC (Allocation Failure)  19500M->16357M(20480M), 41.6247755 secs]
151626.954: [GC concurrent-mark-abort]
151710.370: [GC pause (G1 Evacuation Pause) (young) 17861M->16373M(20480M), 0.0647081 secs]
151793.398: [GC pause (G1 Evacuation Pause) (young) (initial-mark) 17893M->16372M(20480M), 0.0457562 secs]
151793.444: [GC concurrent-root-region-scan-start]
151793.457: [GC concurrent-root-region-scan-end, 0.0127121 secs]
151793.457: [GC concurrent-mark-start]
151833.713: [GC concurrent-mark-end, 40.2564175 secs]
151833.715: [GC remark, 0.1504025 secs]
151833.868: [GC cleanup 17174M->15894M(20480M), 0.0452355 secs]
151833.914: [GC concurrent-cleanup-start]
151833.914: [GC concurrent-cleanup-end, 0.0007650 secs]
151876.923: [GC pause (G1 Evacuation Pause) (young) 16652M->15116M(20480M), 0.0548742 secs]
152054.378: [GC pause (G1 Evacuation Pause) (young) 18164M->15125M(20480M), 0.0856856 secs]
152220.824: [GC pause (G1 Evacuation Pause) (young) (initial-mark) 18213M->15125M(20480M), 0.0895126 secs]
152220.914: [GC concurrent-root-region-scan-start]
152220.958: [GC concurrent-root-region-scan-end, 0.0447012 secs]
152220.958: [GC concurrent-mark-start]
152263.784: [GC concurrent-mark-end, 42.8259597 secs]
152263.786: [GC remark, 0.2486090 secs]
152264.037: [GC cleanup 16038M->16038M(20480M), 0.1010814 secs]
152387.467: [GC pause (G1 Evacuation Pause) (young) 18237M->15125M(20480M), 0.0853228 secs]
152564.619: [GC pause (G1 Evacuation Pause) (young) 18269M->15129M(20480M), 0.1198807 secs]
152741.692: [GC pause (G1 Evacuation Pause) (young) (initial-mark) 18273M->15129M(20480M), 0.0909771 secs]
152741.784: [GC concurrent-root-region-scan-start]
152741.828: [GC concurrent-root-region-scan-end, 0.0439089 secs]
152741.828: [GC concurrent-mark-start]
152783.306: [GC concurrent-mark-end, 41.4780706 secs]
152783.308: [GC remark, 0.1611750 secs]
152783.471: [GC cleanup 15767M->15767M(20480M), 0.0441510 secs]
152929.214: [GC pause (G1 Evacuation Pause) (young) 18297M->15129M(20480M), 0.0933196 secs]
153095.843: [GC pause (G1 Evacuation Pause) (young) 18313M->15125M(20480M), 0.0892301 secs]
153283.070: [GC pause (G1 Evacuation Pause) (young) (initial-mark) 18317M->15129M(20480M), 0.0950892 secs]
153283.166: [GC concurrent-root-region-scan-start]
153283.208: [GC concurrent-root-region-scan-end, 0.0421175 secs]
153283.208: [GC concurrent-mark-start]
153326.409: [GC concurrent-mark-end, 43.2011055 secs]
153326.411: [GC remark, 0.1613253 secs]
153326.574: [GC cleanup 16141M->16141M(20480M), 0.0488043 secs]
153428.631: [GC pause (G1 Evacuation Pause) (young) 18321M->15137M(20480M), 0.1008871 secs]
153551.977: [GC pause (G1 Evacuation Pause) (young) 18321M->15149M(20480M), 0.0866531 secs]
153699.677: [GC pause (G1 Evacuation Pause) (young) (initial-mark) 18317M->15137M(20480M), 0.0982106 secs]
153699.775: [GC concurrent-root-region-scan-start]
153699.843: [GC concurrent-root-region-scan-end, 0.0680552 secs]
153699.843: [GC concurrent-mark-start]
153741.371: [GC concurrent-mark-end, 41.5279338 secs]
153741.373: [GC remark, 0.1567554 secs]
153741.531: [GC cleanup 15813M->15813M(20480M), 0.0472372 secs]
153884.969: [GC pause (G1 Evacuation Pause) (young) 18321M->15141M(20480M), 0.1102590 secs]
154064.124: [GC pause (G1 Evacuation Pause) (young) 18325M->15138M(20480M), 0.0922418 secs]
154232.999: [GC pause (G1 Evacuation Pause) (young) (initial-mark) 18314M->15150M(20480M), 0.1062270 secs]
154233.106: [GC concurrent-root-region-scan-start]
154233.171: [GC concurrent-root-region-scan-end, 0.0649249 secs]
154233.171: [GC concurrent-mark-start]
154275.187: [GC concurrent-mark-end, 42.0159251 secs]
154275.188: [GC remark, 0.1490997 secs]
154275.339: [GC cleanup 15910M->15782M(20480M), 0.0454392 secs]
154275.385: [GC concurrent-cleanup-start]
154275.385: [GC concurrent-cleanup-end, 0.0002253 secs]
154403.175: [GC pause (G1 Evacuation Pause) (young) 18182M->15038M(20480M), 0.1089640 secs]
154554.054: [GC pause (G1 Evacuation Pause) (young) 18326M->15006M(20480M), 0.0917547 secs]
154751.306: [GC pause (G1 Evacuation Pause) (young) (initial-mark) 18350M->15014M(20480M), 0.1052946 secs]
154751.411: [GC concurrent-root-region-scan-start]
154751.478: [GC concurrent-root-region-scan-end, 0.0662277 secs]
154751.478: [GC concurrent-mark-start]
154792.892: [GC concurrent-mark-end, 41.4139135 secs]
154792.893: [GC remark, 0.1531167 secs]
154793.049: [GC cleanup 15759M->15759M(20480M), 0.0454893 secs]
154938.898: [GC pause (G1 Evacuation Pause) (young) 18350M->15006M(20480M), 0.1074312 secs]
155116.334: [GC pause (G1 Evacuation Pause) (young) 18358M->15018M(20480M), 0.1002629 secs]
155314.022: [GC pause (G1 Evacuation Pause) (young) (initial-mark) 18338M->15010M(20480M), 0.1210233 secs]
155314.143: [GC concurrent-root-region-scan-start]
155314.215: [GC concurrent-root-region-scan-end, 0.0712032 secs]
155314.215: [GC concurrent-mark-start]
155355.372: [GC concurrent-mark-end, 41.1579008 secs]
155355.374: [GC remark, 0.1687922 secs]
155355.549: [GC cleanup 15566M->15566M(20480M), 0.0444285 secs]
155491.141: [GC pause (G1 Evacuation Pause) (young) 18346M->15014M(20480M), 0.0958658 secs]
155685.187: [GC pause (G1 Evacuation Pause) (young) 18350M->15014M(20480M), 0.0929726 secs]
155875.795: [GC pause (G1 Evacuation Pause) (young) (initial-mark) 18350M->15014M(20480M), 0.1083051 secs]
155875.904: [GC concurrent-root-region-scan-start]
155875.976: [GC concurrent-root-region-scan-end, 0.0724235 secs]
155875.976: [GC concurrent-mark-start]
155917.878: [GC concurrent-mark-end, 41.9016505 secs]
155917.880: [GC remark, 0.1516752 secs]
155918.033: [GC cleanup 15862M->15862M(20480M), 0.0459194 secs]
156053.029: [GC pause (G1 Evacuation Pause) (young) 18350M->15007M(20480M), 0.1190209 secs]
156250.775: [GC pause (G1 Evacuation Pause) (young) 18359M->15018M(20480M), 0.1125560 secs]
156437.962: [GC pause (G1 Evacuation Pause) (young) (initial-mark) 18346M->15019M(20480M), 0.0895918 secs]
156438.051: [GC concurrent-root-region-scan-start]
156438.096: [GC concurrent-root-region-scan-end, 0.0448317 secs]
156438.096: [GC concurrent-mark-start]
156479.936: [GC concurrent-mark-end, 41.8397306 secs]
156479.938: [GC remark, 0.1808456 secs]
156480.120: [GC cleanup 15787M->15787M(20480M), 0.0484896 secs]
156615.592: [GC pause (G1 Evacuation Pause) (young) 18363M->15026M(20480M), 0.1058817 secs]
156812.933: [GC pause (G1 Evacuation Pause) (young) 18346M->15019M(20480M), 0.0924619 secs]
156990.302: [GC pause (G1 Evacuation Pause) (young) (initial-mark) 18355M->15015M(20480M), 0.0928249 secs]
156990.395: [GC concurrent-root-region-scan-start]
156990.488: [GC concurrent-root-region-scan-end, 0.0921290 secs]
156990.488: [GC concurrent-mark-start]
157031.816: [GC concurrent-mark-end, 41.3281447 secs]
157031.818: [GC remark, 0.1587044 secs]
157031.983: [GC cleanup 15623M->15623M(20480M), 0.0483943 secs]
157184.291: [GC pause (G1 Evacuation Pause) (young) 18367M->15023M(20480M), 0.0884966 secs]
157366.348: [GC pause (G1 Evacuation Pause) (young) 18359M->15015M(20480M), 0.0909064 secs]
157553.549: [GC pause (G1 Evacuation Pause) (young) (initial-mark) 18367M->15023M(20480M), 0.0988613 secs]
157553.648: [GC concurrent-root-region-scan-start]
157553.689: [GC concurrent-root-region-scan-end, 0.0413152 secs]
157553.689: [GC concurrent-mark-start]
157595.096: [GC concurrent-mark-end, 41.4060623 secs]
157595.097: [GC remark, 0.1548929 secs]
157595.254: [GC cleanup 15646M->15646M(20480M), 0.0592787 secs]
157751.527: [GC pause (G1 Evacuation Pause) (young) 18359M->15019M(20480M), 0.0845017 secs]
157928.324: [GC pause (G1 Evacuation Pause) (young) 18355M->15019M(20480M), 0.0916066 secs]
158084.261: [GC pause (G1 Evacuation Pause) (young) (initial-mark) 18355M->15055M(20480M), 0.0917176 secs]
158084.353: [GC concurrent-root-region-scan-start]
158084.533: [GC concurrent-root-region-scan-end, 0.1796706 secs]
158084.533: [GC concurrent-mark-start]
158128.620: [GC concurrent-mark-end, 44.0871980 secs]
158128.622: [GC remark, 0.1752104 secs]
158128.800: [GC cleanup 18158M->18158M(20480M), 0.0537562 secs]
158209.588: [GC pause (G1 Evacuation Pause) (young)-- 19511M->17813M(20480M), 1.0337996 secs]
158273.100: [GC pause (G1 Evacuation Pause) (young) 18837M->17837M(20480M), 0.0455240 secs]
158325.438: [GC pause (G1 Evacuation Pause) (young) (initial-mark) 18837M->17830M(20480M), 0.0386399 secs]
158325.477: [GC concurrent-root-region-scan-start]
158325.491: [GC concurrent-root-region-scan-end, 0.0137927 secs]
158325.491: [GC concurrent-mark-start]
158367.108: [GC concurrent-mark-end, 41.6165349 secs]
158367.109: [GC remark, 0.2044362 secs]
158367.316: [GC cleanup 18530M->17642M(20480M), 0.0486900 secs]
158367.365: [GC concurrent-cleanup-start]
158367.365: [GC concurrent-cleanup-end, 0.0008057 secs]
158384.682: [GC pause (G1 Evacuation Pause) (young) 17942M->16952M(20480M), 0.0455030 secs]
158429.706: [GC pause (G1 Evacuation Pause) (mixed) 17944M->15899M(20480M), 0.0460071 secs]
158575.430: [GC pause (G1 Evacuation Pause) (young) 18379M->15909M(20480M), 0.0770734 secs]
158697.076: [GC pause (G1 Humongous Allocation) (young) (initial-mark) 18128M->15905M(20480M), 0.0885804 secs]
158697.165: [GC concurrent-root-region-scan-start]
158697.225: [GC concurrent-root-region-scan-end, 0.0602782 secs]
158697.225: [GC concurrent-mark-start]
158706.593: [GC pause (G1 Humongous Allocation) (young)-- 19499M->19669M(20480M), 4.3559742 secs]
158710.963: [Full GC (Allocation Failure)  19673M->17736M(20480M), 44.6181886 secs]
158755.582: [GC concurrent-mark-abort]
158755.633: [GC pause (G1 Humongous Allocation) (young) (initial-mark) 17781M->17784M(20480M), 0.0267905 secs]
158755.660: [GC concurrent-root-region-scan-start]
158755.676: [GC concurrent-root-region-scan-end, 0.0165620 secs]
158755.676: [GC concurrent-mark-start]
158763.348: [GC pause (G1 Humongous Allocation) (young)-- 19351M->19400M(20480M), 1.3186156 secs]
158764.740: [GC pause (G1 Humongous Allocation) (young)-- 19448M->19488M(20480M), 0.5867577 secs]
158765.332: [Full GC (Allocation Failure)  19496M->18072M(20480M), 43.3016720 secs]
158808.634: [GC concurrent-mark-abort]
158861.063: [GC pause (G1 Evacuation Pause) (young) 19128M->18132M(20480M), 0.0551308 secs]
158923.281: [GC pause (G1 Evacuation Pause) (young) (initial-mark) 19124M->18136M(20480M), 0.0443235 secs]
158923.325: [GC concurrent-root-region-scan-start]
158923.346: [GC concurrent-root-region-scan-end, 0.0209098 secs]
158923.346: [GC concurrent-mark-start]
158964.568: [GC concurrent-mark-end, 41.2217747 secs]
158964.570: [GC remark, 0.2790229 secs]
158964.851: [GC cleanup 18835M->16129M(20480M), 0.1021472 secs]
158964.953: [GC concurrent-cleanup-start]
158964.955: [GC concurrent-cleanup-end, 0.0016317 secs]
158975.657: [GC pause (G1 Evacuation Pause) (young) 16422M->15426M(20480M), 0.0528473 secs]
159100.779: [GC pause (G1 Evacuation Pause) (young) 17850M->15446M(20480M), 0.0953132 secs]
159236.268: [GC pause (G1 Evacuation Pause) (young) (initial-mark) 17750M->15454M(20480M), 0.0748473 secs]
159236.343: [GC concurrent-root-region-scan-start]
159236.389: [GC concurrent-root-region-scan-end, 0.0456522 secs]
159236.389: [GC concurrent-mark-start]
159278.302: [GC concurrent-mark-end, 41.9127280 secs]
159278.303: [GC remark, 0.1471237 secs]
159278.452: [GC cleanup 16234M->16234M(20480M), 0.0438370 secs]
159371.429: [GC pause (G1 Evacuation Pause) (young) 18006M->15454M(20480M), 0.0751203 secs]
159525.525: [GC pause (G1 Evacuation Pause) (young) 18062M->15454M(20480M), 0.0750509 secs]
159662.637: [GC pause (G1 Evacuation Pause) (young) (initial-mark) 18110M->15458M(20480M), 0.0933725 secs]
159662.731: [GC concurrent-root-region-scan-start]
159662.773: [GC concurrent-root-region-scan-end, 0.0420694 secs]
159662.773: [GC concurrent-mark-start]
159705.935: [GC concurrent-mark-end, 43.1621720 secs]
159705.937: [GC remark, 0.1727167 secs]
159706.112: [GC cleanup 16294M->16294M(20480M), 0.0489484 secs]
159818.985: [GC pause (G1 Evacuation Pause) (young) 18138M->15454M(20480M), 0.0830269 secs]
159964.770: [GC pause (G1 Evacuation Pause) (young) 18174M->15454M(20480M), 0.1048038 secs]
160130.995: [GC pause (G1 Evacuation Pause) (young) (initial-mark) 18198M->15454M(20480M), 0.0866287 secs]
160131.082: [GC concurrent-root-region-scan-start]
160131.128: [GC concurrent-root-region-scan-end, 0.0454127 secs]
160131.128: [GC concurrent-mark-start]
160171.444: [GC concurrent-mark-end, 40.3160437 secs]
160171.445: [GC remark, 0.1483864 secs]
160171.595: [GC cleanup 16107M->16107M(20480M), 0.0438006 secs]
160276.808: [GC pause (G1 Evacuation Pause) (young) 18214M->15450M(20480M), 0.0743348 secs]
160443.175: [GC pause (G1 Evacuation Pause) (young) 18226M->15458M(20480M), 0.0840443 secs]
160589.005: [GC pause (G1 Evacuation Pause) (young) (initial-mark) 18234M->15458M(20480M), 0.0820050 secs]
160589.088: [GC concurrent-root-region-scan-start]
160589.133: [GC concurrent-root-region-scan-end, 0.0449046 secs]
160589.133: [GC concurrent-mark-start]
160630.050: [GC concurrent-mark-end, 40.9176031 secs]
160630.052: [GC remark, 0.1516194 secs]
160630.206: [GC cleanup 16150M->16150M(20480M), 0.0468816 secs]
160745.439: [GC pause (G1 Evacuation Pause) (young) 18242M->15458M(20480M), 0.0876397 secs]
160901.346: [GC pause (G1 Evacuation Pause) (young) 18250M->15454M(20480M), 0.0911427 secs]
161057.737: [GC pause (G1 Evacuation Pause) (young) (initial-mark) 18254M->15459M(20480M), 0.0916013 secs]
161057.829: [GC concurrent-root-region-scan-start]
161057.902: [GC concurrent-root-region-scan-end, 0.0735920 secs]
161057.902: [GC concurrent-mark-start]
161098.502: [GC concurrent-mark-end, 40.5994858 secs]
161098.504: [GC remark, 0.1644216 secs]
161098.670: [GC cleanup 16209M->15857M(20480M), 0.0475286 secs]
161098.718: [GC concurrent-cleanup-start]
161098.718: [GC concurrent-cleanup-end, 0.0002529 secs]
161213.871: [GC pause (G1 Evacuation Pause) (young) 17907M->15108M(20480M), 0.0756844 secs]
161400.303: [GC pause (G1 Evacuation Pause) (young) 18356M->15112M(20480M), 0.1042247 secs]
161578.159: [GC pause (G1 Evacuation Pause) (young) (initial-mark) 18344M->15116M(20480M), 0.1140786 secs]
161578.273: [GC concurrent-root-region-scan-start]
161578.317: [GC concurrent-root-region-scan-end, 0.0438448 secs]
161578.317: [GC concurrent-mark-start]
161620.810: [GC concurrent-mark-end, 42.4932458 secs]
161620.812: [GC remark, 0.1491490 secs]
161620.963: [GC cleanup 16316M->16316M(20480M), 0.0430340 secs]
161718.832: [GC pause (G1 Evacuation Pause) (young) 18348M->15124M(20480M), 0.1074730 secs]
161901.219: [GC pause (G1 Evacuation Pause) (young) 18340M->15112M(20480M), 0.0976163 secs]
162078.841: [GC pause (G1 Evacuation Pause) (young) (initial-mark) 18344M->15104M(20480M), 0.0919161 secs]
162078.933: [GC concurrent-root-region-scan-start]
162078.980: [GC concurrent-root-region-scan-end, 0.0469940 secs]
162078.980: [GC concurrent-mark-start]
162122.439: [GC concurrent-mark-end, 43.4593483 secs]
162122.441: [GC remark, 0.1746729 secs]
162122.618: [GC cleanup 15844M->15844M(20480M), 0.0501744 secs]
162276.250: [GC pause (G1 Evacuation Pause) (young) 18352M->15112M(20480M), 0.0882328 secs]
162453.266: [GC pause (G1 Evacuation Pause) (young) 18344M->15104M(20480M), 0.0837086 secs]
162630.274: [GC pause (G1 Evacuation Pause) (young) (initial-mark) 18352M->15128M(20480M), 0.1004601 secs]
162630.375: [GC concurrent-root-region-scan-start]
162630.437: [GC concurrent-root-region-scan-end, 0.0622039 secs]
162630.437: [GC concurrent-mark-start]
162671.795: [GC concurrent-mark-end, 41.3577424 secs]
162671.797: [GC remark, 0.1559269 secs]
162671.954: [GC cleanup 15857M->15857M(20480M), 0.0437828 secs]
162817.663: [GC pause (G1 Evacuation Pause) (young) 18328M->15116M(20480M), 0.0857084 secs]
162984.954: [GC pause (G1 Evacuation Pause) (young) 18348M->15112M(20480M), 0.0879419 secs]
163172.384: [GC pause (G1 Evacuation Pause) (young) (initial-mark) 18344M->15112M(20480M), 0.0871695 secs]
163172.471: [GC concurrent-root-region-scan-start]
163172.519: [GC concurrent-root-region-scan-end, 0.0473507 secs]
163172.519: [GC concurrent-mark-start]
163214.245: [GC concurrent-mark-end, 41.7260089 secs]
163214.246: [GC remark, 0.1647028 secs]
163214.414: [GC cleanup 16020M->16020M(20480M), 0.0536135 secs]
163349.785: [GC pause (G1 Evacuation Pause) (young) 18344M->15108M(20480M), 0.0809817 secs]
163526.863: [GC pause (G1 Evacuation Pause) (young) 18356M->15116M(20480M), 0.0846006 secs]
163724.498: [GC pause (G1 Evacuation Pause) (young) (initial-mark) 18348M->15113M(20480M), 0.0912124 secs]
163724.589: [GC concurrent-root-region-scan-start]
163724.678: [GC concurrent-root-region-scan-end, 0.0892630 secs]
163724.678: [GC concurrent-mark-start]
163765.638: [GC concurrent-mark-end, 40.9594453 secs]
163765.640: [GC remark, 0.1585578 secs]
163765.800: [GC cleanup 15780M->15780M(20480M), 0.0458306 secs]
163891.343: [GC pause (G1 Evacuation Pause) (young) 18345M->15109M(20480M), 0.0835715 secs]
164084.228: [GC pause (G1 Evacuation Pause) (young) 18357M->15117M(20480M), 0.0856478 secs]
164265.774: [GC pause (G1 Evacuation Pause) (young) (initial-mark) 18349M->15109M(20480M), 0.0845538 secs]
164265.859: [GC concurrent-root-region-scan-start]
164265.897: [GC concurrent-root-region-scan-end, 0.0380191 secs]
164265.897: [GC concurrent-mark-start]
164306.476: [GC concurrent-mark-end, 40.5793831 secs]
164306.478: [GC remark, 0.1596292 secs]
164306.640: [GC cleanup 15805M->15805M(20480M), 0.0457455 secs]
164432.681: [GC pause (G1 Evacuation Pause) (young) 18357M->15129M(20480M), 0.1054352 secs]
164620.045: [GC pause (G1 Evacuation Pause) (young) 18329M->15113M(20480M), 0.0917131 secs]
164796.965: [GC pause (G1 Evacuation Pause) (young) (initial-mark) 18345M->15109M(20480M), 0.0834515 secs]
164797.048: [GC concurrent-root-region-scan-start]
164797.086: [GC concurrent-root-region-scan-end, 0.0382375 secs]
164797.086: [GC concurrent-mark-start]
164838.435: [GC concurrent-mark-end, 41.3487770 secs]
164838.437: [GC remark, 0.1505224 secs]
164838.589: [GC cleanup 15636M->15636M(20480M), 0.0450071 secs]
164984.761: [GC pause (G1 Evacuation Pause) (young) 18357M->15117M(20480M), 0.0842797 secs]
165171.794: [GC pause (G1 Evacuation Pause) (young) 18349M->15109M(20480M), 0.0835742 secs]
165297.091: [GC pause (G1 Humongous Allocation) (young) (initial-mark) 18170M->15133M(20480M), 0.0762327 secs]
165297.167: [GC concurrent-root-region-scan-start]
165297.207: [GC concurrent-root-region-scan-end, 0.0392519 secs]
165297.207: [GC concurrent-mark-start]
165340.146: [GC concurrent-mark-end, 42.9394252 secs]
165340.148: [GC remark, 0.1548831 secs]
165340.305: [GC cleanup 18112M->18112M(20480M), 0.0461230 secs]
165421.890: [GC pause (G1 Evacuation Pause) (young)-- 19501M->17710M(20480M), 0.8268538 secs]
165485.138: [GC pause (G1 Evacuation Pause) (young) 18734M->17732M(20480M), 0.0601817 secs]
165547.377: [GC pause (G1 Evacuation Pause) (young) (initial-mark) 18732M->17729M(20480M), 0.0378985 secs]
165547.415: [GC concurrent-root-region-scan-start]
165547.427: [GC concurrent-root-region-scan-end, 0.0128332 secs]
165547.427: [GC concurrent-mark-start]
165588.071: [GC concurrent-mark-end, 40.6439012 secs]
165588.073: [GC remark, 0.1903353 secs]
165588.265: [GC cleanup 18539M->18323M(20480M), 0.0442813 secs]
165588.310: [GC concurrent-cleanup-start]
165588.310: [GC concurrent-cleanup-end, 0.0001454 secs]
165599.271: [GC pause (G1 Evacuation Pause) (young) 18513M->17515M(20480M), 0.0458126 secs]
165651.434: [GC pause (G1 Evacuation Pause) (mixed) 18515M->15889M(20480M), 0.0482903 secs]
165797.386: [GC pause (G1 Evacuation Pause) (young) 18337M->15890M(20480M), 0.0700994 secs]
165897.259: [GC pause (G1 Humongous Allocation) (young) (initial-mark) 17837M->15890M(20480M), 0.0750289 secs]
165897.334: [GC concurrent-root-region-scan-start]
165897.374: [GC concurrent-root-region-scan-end, 0.0401155 secs]
165897.374: [GC concurrent-mark-start]
165911.485: [GC pause (G1 Humongous Allocation) (young)-- 19673M->19749M(20480M), 5.8646583 secs]
165917.364: [Full GC (Allocation Failure)  19749M->17840M(20480M), 45.7016634 secs]
165963.066: [GC concurrent-mark-abort]
165963.094: [GC pause (G1 Humongous Allocation) (young) (initial-mark) 17883M->17892M(20480M), 0.0251688 secs]
165963.119: [GC concurrent-root-region-scan-start]
165963.128: [GC concurrent-root-region-scan-end, 0.0083147 secs]
165963.128: [GC concurrent-mark-start]
165973.865: [GC pause (G1 Evacuation Pause) (young)-- 19508M->19504M(20480M), 2.5414277 secs]
165976.477: [GC pause (G1 Evacuation Pause) (young)-- 19512M->19512M(20480M), 0.0405858 secs]
165976.519: [GC pause (G1 Evacuation Pause) (young) 19512M->19512M(20480M), 0.0206032 secs]
165976.541: [Full GC (Allocation Failure)  19512M->17004M(20480M), 43.6197927 secs]
166020.162: [GC concurrent-mark-abort]
166082.411: [GC pause (G1 Evacuation Pause) (young) 18028M->17019M(20480M), 0.0444848 secs]
166134.656: [GC pause (G1 Evacuation Pause) (young) (initial-mark) 18027M->17022M(20480M), 0.0395157 secs]
166134.696: [GC concurrent-root-region-scan-start]
166134.711: [GC concurrent-root-region-scan-end, 0.0150624 secs]
166134.711: [GC concurrent-mark-start]
166175.283: [GC concurrent-mark-end, 40.5715443 secs]
166175.284: [GC remark, 0.1483988 secs]
166175.435: [GC cleanup 17579M->15755M(20480M), 0.0465778 secs]
166175.481: [GC concurrent-cleanup-start]
166175.484: [GC concurrent-cleanup-end, 0.0022726 secs]
166186.514: [GC pause (G1 Evacuation Pause) (young) 16198M->15201M(20480M), 0.0343764 secs]
166353.618: [GC pause (G1 Evacuation Pause) (young) 18065M->15238M(20480M), 0.0879099 secs]
166500.005: [GC pause (G1 Evacuation Pause) (young) (initial-mark) 18118M->15252M(20480M), 0.0846860 secs]
166500.089: [GC concurrent-root-region-scan-start]
166500.134: [GC concurrent-root-region-scan-end, 0.0442800 secs]
166500.134: [GC concurrent-mark-start]
166543.190: [GC concurrent-mark-end, 43.0563339 secs]
166543.192: [GC remark, 0.1468055 secs]
166543.341: [GC cleanup 16092M->16084M(20480M), 0.0455988 secs]
166543.387: [GC concurrent-cleanup-start]
166543.387: [GC concurrent-cleanup-end, 0.0000204 secs]
166665.891: [GC pause (G1 Evacuation Pause) (young) 18156M->15220M(20480M), 0.0833955 secs]
166832.045: [GC pause (G1 Evacuation Pause) (young) 18196M->15240M(20480M), 0.1049559 secs]
166998.744: [GC pause (G1 Evacuation Pause) (young) (initial-mark) 18224M->15220M(20480M), 0.0990753 secs]
166998.843: [GC concurrent-root-region-scan-start]
166998.882: [GC concurrent-root-region-scan-end, 0.0389039 secs]
166998.882: [GC concurrent-mark-start]
167039.615: [GC concurrent-mark-end, 40.7326322 secs]
167039.617: [GC remark, 0.1570569 secs]
167039.776: [GC cleanup 15761M->15761M(20480M), 0.0464749 secs]
167175.220: [GC pause (G1 Evacuation Pause) (young) 18252M->15224M(20480M), 0.0915668 secs]
167351.986: [GC pause (G1 Evacuation Pause) (young) 18272M->15224M(20480M), 0.0831052 secs]
167518.261: [GC pause (G1 Evacuation Pause) (young) (initial-mark) 18288M->15220M(20480M), 0.1169472 secs]
167518.378: [GC concurrent-root-region-scan-start]
167518.464: [GC concurrent-root-region-scan-end, 0.0852345 secs]
167518.464: [GC concurrent-mark-start]
167559.756: [GC concurrent-mark-end, 41.2923598 secs]
167559.758: [GC remark, 0.1507550 secs]
167559.910: [GC cleanup 15916M->15916M(20480M), 0.0459361 secs]
167685.161: [GC pause (G1 Evacuation Pause) (young) 18292M->15228M(20480M), 0.1028957 secs]
167861.915: [GC pause (G1 Evacuation Pause) (young) 18308M->15224M(20480M), 0.0867300 secs]
168028.398: [GC pause (G1 Evacuation Pause) (young) (initial-mark) 18304M->15244M(20480M), 0.1017322 secs]
168028.500: [GC concurrent-root-region-scan-start]
168028.554: [GC concurrent-root-region-scan-end, 0.0530919 secs]
168028.554: [GC concurrent-mark-start]
168069.418: [GC concurrent-mark-end, 40.8649254 secs]
168069.420: [GC remark, 0.1581069 secs]
168069.580: [GC cleanup 15939M->15939M(20480M), 0.0460576 secs]
168205.294: [GC pause (G1 Evacuation Pause) (young) 18300M->15220M(20480M), 0.0810704 secs]
168371.949: [GC pause (G1 Evacuation Pause) (young) 18316M->15221M(20480M), 0.0810525 secs]
168558.840: [GC pause (G1 Evacuation Pause) (young) (initial-mark) 18317M->15221M(20480M), 0.0897248 secs]
168558.930: [GC concurrent-root-region-scan-start]
168558.975: [GC concurrent-root-region-scan-end, 0.0446291 secs]
168558.975: [GC concurrent-mark-start]
168600.308: [GC concurrent-mark-end, 41.3333401 secs]
168600.310: [GC remark, 0.1675161 secs]
168600.480: [GC cleanup 16124M->15932M(20480M), 0.0526578 secs]
168600.533: [GC concurrent-cleanup-start]
168600.533: [GC concurrent-cleanup-end, 0.0008458 secs]
168725.445: [GC pause (G1 Evacuation Pause) (young) 18125M->15025M(20480M), 0.0879843 secs]
168881.772: [GC pause (G1 Evacuation Pause) (young) 18361M->15073M(20480M), 0.1175152 secs]
169058.574: [GC pause (G1 Evacuation Pause) (young) (initial-mark) 18313M->15029M(20480M), 0.0852015 secs]
169058.660: [GC concurrent-root-region-scan-start]
169058.700: [GC concurrent-root-region-scan-end, 0.0404384 secs]
169058.700: [GC concurrent-mark-start]
169099.584: [GC concurrent-mark-end, 40.8843246 secs]
169099.586: [GC remark, 0.1508953 secs]
169099.739: [GC cleanup 15733M->15733M(20480M), 0.0485958 secs]
169235.871: [GC pause (G1 Evacuation Pause) (young) 18357M->15049M(20480M), 0.1125180 secs]
169428.633: [GC pause (G1 Evacuation Pause) (young) 18337M->15037M(20480M), 0.0867414 secs]
169610.708: [GC pause (G1 Evacuation Pause) (young) (initial-mark) 18357M->15025M(20480M), 0.0822618 secs]
169610.791: [GC concurrent-root-region-scan-start]
169610.879: [GC concurrent-root-region-scan-end, 0.0887297 secs]
169610.879: [GC concurrent-mark-start]
169652.297: [GC concurrent-mark-end, 41.4177759 secs]
169652.299: [GC remark, 0.1501614 secs]
169652.451: [GC cleanup 15693M->15693M(20480M), 0.0463916 secs]
169798.081: [GC pause (G1 Evacuation Pause) (young) 18361M->15029M(20480M), 0.0926798 secs]
169985.494: [GC pause (G1 Evacuation Pause) (young) 18365M->15037M(20480M), 0.0837992 secs]
170162.538: [GC pause (G1 Evacuation Pause) (young) (initial-mark) 18357M->15037M(20480M), 0.0865003 secs]
170162.625: [GC concurrent-root-region-scan-start]
170162.670: [GC concurrent-root-region-scan-end, 0.0450803 secs]
170162.670: [GC concurrent-mark-start]
170203.993: [GC concurrent-mark-end, 41.3226236 secs]
170203.995: [GC remark, 0.1544973 secs]
170204.151: [GC cleanup 15621M->15621M(20480M), 0.0450182 secs]
170360.195: [GC pause (G1 Evacuation Pause) (young) 18357M->15033M(20480M), 0.0885687 secs]
170537.159: [GC pause (G1 Evacuation Pause) (young) 18353M->15033M(20480M), 0.0825088 secs]
170724.643: [GC pause (G1 Evacuation Pause) (young) (initial-mark) 18353M->15029M(20480M), 0.1065453 secs]
170724.750: [GC concurrent-root-region-scan-start]
170724.805: [GC concurrent-root-region-scan-end, 0.0553992 secs]
170724.805: [GC concurrent-mark-start]
170767.902: [GC concurrent-mark-end, 43.0969091 secs]
170767.904: [GC remark, 0.1656716 secs]
170768.071: [GC cleanup 15826M->15826M(20480M), 0.0520135 secs]
170922.236: [GC pause (G1 Evacuation Pause) (young) 18365M->15033M(20480M), 0.1054724 secs]
171099.593: [GC pause (G1 Evacuation Pause) (young) 18353M->15033M(20480M), 0.0975647 secs]
171286.903: [GC pause (G1 Evacuation Pause) (young) (initial-mark) 18353M->15037M(20480M), 0.0974324 secs]
171287.000: [GC concurrent-root-region-scan-start]
171287.053: [GC concurrent-root-region-scan-end, 0.0524302 secs]
171287.053: [GC concurrent-mark-start]
171332.488: [GC concurrent-mark-end, 45.4355229 secs]
171332.490: [GC remark, 0.1617600 secs]
171332.653: [GC cleanup 15959M->15959M(20480M), 0.0494081 secs]
171474.413: [GC pause (G1 Evacuation Pause) (young) 18357M->15037M(20480M), 0.0936088 secs]
171651.300: [GC pause (G1 Evacuation Pause) (young) 18357M->15029M(20480M), 0.0872427 secs]
171849.060: [GC pause (G1 Evacuation Pause) (young) (initial-mark) 18365M->15037M(20480M), 0.1042419 secs]
171849.164: [GC concurrent-root-region-scan-start]
171849.205: [GC concurrent-root-region-scan-end, 0.0405117 secs]
171849.205: [GC concurrent-mark-start]
171888.966: [GC concurrent-mark-end, 39.7615509 secs]
171888.968: [GC remark, 0.2161298 secs]
171889.186: [GC cleanup 15827M->15827M(20480M), 0.1110955 secs]
172036.386: [GC pause (G1 Evacuation Pause) (young) 18357M->15030M(20480M), 0.0870881 secs]
172223.608: [GC pause (G1 Evacuation Pause) (young) 18366M->15034M(20480M), 0.0945498 secs]
172399.800: [GC pause (G1 Evacuation Pause) (young) (initial-mark) 18354M->15058M(20480M), 0.1036918 secs]
172399.904: [GC concurrent-root-region-scan-start]
172399.945: [GC concurrent-root-region-scan-end, 0.0416171 secs]
172399.945: [GC concurrent-mark-start]
172442.938: [GC concurrent-mark-end, 42.9923237 secs]
172442.940: [GC remark, 0.1717029 secs]
172443.113: [GC cleanup 16306M->16306M(20480M), 0.0609560 secs]
172507.517: [GC pause (G1 Humongous Allocation) (young)-- 19545M->19491M(20480M), 1.1378006 secs]
172508.703: [GC pause (G1 Humongous Allocation) (young) (initial-mark) 19514M->19515M(20480M), 0.1174237 secs]
172508.821: [GC concurrent-root-region-scan-start]
172508.823: [GC pause (G1 Humongous Allocation) (young)172508.838: [GC concurrent-root-region-scan-end, 0.0170760 secs]
172508.838: [GC concurrent-mark-start]
 19515M->19519M(20480M), 0.0602702 secs]
172508.930: [GC pause (G1 Humongous Allocation) (young)-- 19543M->19566M(20480M), 0.0618038 secs]
172508.994: [Full GC (Allocation Failure)  19566M->16727M(20480M), 54.3288382 secs]
172563.324: [GC concurrent-mark-abort]
172569.418: [GC pause (G1 Humongous Allocation) (young) (initial-mark) 16994M->16763M(20480M), 0.0380080 secs]
172569.456: [GC concurrent-root-region-scan-start]
172569.471: [GC concurrent-root-region-scan-end, 0.0148698 secs]
172569.471: [GC concurrent-mark-start]
172610.751: [GC concurrent-mark-end, 41.2797167 secs]
172610.753: [GC remark, 0.1512183 secs]
172610.906: [GC cleanup 17675M->16571M(20480M), 0.0432583 secs]
172610.950: [GC concurrent-cleanup-start]
172610.950: [GC concurrent-cleanup-end, 0.0006437 secs]
172625.855: [GC pause (G1 Evacuation Pause) (young) 16755M->15782M(20480M), 0.0451313 secs]
172730.290: [GC pause (G1 Evacuation Pause) (young) 17678M->15679M(20480M), 0.0728882 secs]
172837.753: [GC pause (G1 Evacuation Pause) (young) (initial-mark) 17759M->15691M(20480M), 0.0796240 secs]
172837.833: [GC concurrent-root-region-scan-start]
172837.878: [GC concurrent-root-region-scan-end, 0.0445722 secs]
172837.878: [GC concurrent-mark-start]
172878.978: [GC concurrent-mark-end, 41.1006385 secs]
172878.980: [GC remark, 0.1560990 secs]
172879.138: [GC cleanup 16411M->16147M(20480M), 0.0457374 secs]
172879.184: [GC concurrent-cleanup-start]
172879.184: [GC concurrent-cleanup-end, 0.0001780 secs]
172959.472: [GC pause (G1 Evacuation Pause) (young) 17547M->15431M(20480M), 0.0840446 secs]
173097.079: [GC pause (G1 Humongous Allocation) (young) (initial-mark) 17925M->15431M(20480M), 0.0776572 secs]
173097.158: [GC concurrent-root-region-scan-start]
173097.198: [GC concurrent-root-region-scan-end, 0.0405429 secs]
173097.198: [GC concurrent-mark-start]
173115.581: [GC pause (G1 Humongous Allocation) (young)-- 19213M->19421M(20480M), 2.8083680 secs]
173118.392: [Full GC (Allocation Failure)  19421M->17651M(20480M), 46.7816264 secs]
173165.174: [GC concurrent-mark-abort]
173165.389: [GC pause (G1 Humongous Allocation) (young) (initial-mark) 17725M->17703M(20480M), 0.0273022 secs]
173165.416: [GC concurrent-root-region-scan-start]
173165.423: [GC concurrent-root-region-scan-end, 0.0065373 secs]
173165.423: [GC concurrent-mark-start]
173186.097: [GC pause (G1 Evacuation Pause) (young)-- 19495M->19491M(20480M), 2.6829976 secs]
173188.812: [GC pause (G1 Evacuation Pause) (young)-- 19499M->19499M(20480M), 0.0882754 secs]
173188.903: [GC pause (G1 Evacuation Pause) (young) 19499M->19499M(20480M), 0.0221990 secs]
173188.926: [Full GC (Allocation Failure)  19499M->16268M(20480M), 43.3723497 secs]
173232.299: [GC concurrent-mark-abort]
173325.702: [GC pause (G1 Evacuation Pause) (young) 17820M->16284M(20480M), 0.0616121 secs]
173408.935: [GC pause (G1 Evacuation Pause) (young) (initial-mark) 17868M->16303M(20480M), 0.0488561 secs]
173408.984: [GC concurrent-root-region-scan-start]
173409.007: [GC concurrent-root-region-scan-end, 0.0223268 secs]
173409.007: [GC concurrent-mark-start]
173452.309: [GC concurrent-mark-end, 43.3023463 secs]
173452.311: [GC remark, 0.1937193 secs]
173452.506: [GC cleanup 17231M->16015M(20480M), 0.0795427 secs]
173452.586: [GC concurrent-cleanup-start]
173452.587: [GC concurrent-cleanup-end, 0.0006414 secs]
173492.644: [GC pause (G1 Evacuation Pause) (young) 16687M->15100M(20480M), 0.0587304 secs]
173638.078: [GC pause (G1 Evacuation Pause) (young) 18132M->15108M(20480M), 0.0805738 secs]
173794.488: [GC pause (G1 Evacuation Pause) (young) (initial-mark) 18180M->15104M(20480M), 0.0820378 secs]
173794.570: [GC concurrent-root-region-scan-start]
173794.614: [GC concurrent-root-region-scan-end, 0.0436664 secs]
173794.614: [GC concurrent-mark-start]
173835.110: [GC concurrent-mark-end, 40.4956450 secs]
173835.112: [GC remark, 0.1497144 secs]
173835.263: [GC cleanup 16015M->16015M(20480M), 0.0445487 secs]
173950.432: [GC pause (G1 Evacuation Pause) (young) 18208M->15108M(20480M), 0.0917293 secs]
174086.062: [GC pause (G1 Evacuation Pause) (young) 18236M->15108M(20480M), 0.0789522 secs]
174273.335: [GC pause (G1 Evacuation Pause) (young) (initial-mark) 18260M->15108M(20480M), 0.0890106 secs]
174273.424: [GC concurrent-root-region-scan-start]
174273.470: [GC concurrent-root-region-scan-end, 0.0463368 secs]
174273.470: [GC concurrent-mark-start]
174314.858: [GC concurrent-mark-end, 41.3874177 secs]
174314.860: [GC remark, 0.1600322 secs]
174315.029: [GC cleanup 15911M->15911M(20480M), 0.0479514 secs]
174450.951: [GC pause (G1 Evacuation Pause) (young) 18276M->15108M(20480M), 0.0980510 secs]
174619.601: [GC pause (G1 Evacuation Pause) (young) 18292M->15120M(20480M), 0.1132040 secs]
174805.185: [GC pause (G1 Evacuation Pause) (young) (initial-mark) 18304M->15112M(20480M), 0.0964394 secs]
174805.281: [GC concurrent-root-region-scan-start]
174805.324: [GC concurrent-root-region-scan-end, 0.0431149 secs]
174805.324: [GC concurrent-mark-start]
174846.471: [GC concurrent-mark-end, 41.1471654 secs]
174846.473: [GC remark, 0.1651225 secs]
174846.640: [GC cleanup 15897M->15897M(20480M), 0.0485948 secs]
174935.278: [GC pause (G1 Evacuation Pause) (young) 18304M->15108M(20480M), 0.0966845 secs]
175097.101: [GC pause (G1 Evacuation Pause) (young) 18316M->15112M(20480M), 0.0895043 secs]
175243.069: [GC pause (G1 Evacuation Pause) (young) (initial-mark) 18312M->15112M(20480M), 0.0862399 secs]
175243.156: [GC concurrent-root-region-scan-start]
175243.208: [GC concurrent-root-region-scan-end, 0.0522334 secs]
175243.208: [GC concurrent-mark-start]
175284.457: [GC concurrent-mark-end, 41.2488278 secs]
175284.459: [GC remark, 0.1713368 secs]
175284.632: [GC cleanup 15925M->15925M(20480M), 0.0478117 secs]
175420.087: [GC pause (G1 Evacuation Pause) (young) 18312M->15116M(20480M), 0.1456220 secs]
175597.395: [GC pause (G1 Evacuation Pause) (young) 18316M->15109M(20480M), 0.0879657 secs]
175773.831: [GC pause (G1 Evacuation Pause) (young) (initial-mark) 18317M->15133M(20480M), 0.1033157 secs]
175773.934: [GC concurrent-root-region-scan-start]
175773.996: [GC concurrent-root-region-scan-end, 0.0613236 secs]
175773.996: [GC concurrent-mark-start]
175815.279: [GC concurrent-mark-end, 41.2830276 secs]
175815.281: [GC remark, 0.1635552 secs]
175815.446: [GC cleanup 16020M->15860M(20480M), 0.0487953 secs]
175815.495: [GC concurrent-cleanup-start]
175815.495: [GC concurrent-cleanup-end, 0.0000955 secs]
175919.760: [GC pause (G1 Evacuation Pause) (young) 18133M->14953M(20480M), 0.0861417 secs]
176065.513: [GC pause (G1 Evacuation Pause) (young) 18345M->15006M(20480M), 0.0889426 secs]
176211.170: [GC pause (G1 Evacuation Pause) (young) (initial-mark) 18302M->14958M(20480M), 0.0866629 secs]
176211.256: [GC concurrent-root-region-scan-start]
176211.313: [GC concurrent-root-region-scan-end, 0.0561953 secs]
176211.313: [GC concurrent-mark-start]
176252.212: [GC concurrent-mark-end, 40.8997919 secs]
176252.214: [GC remark, 0.1984920 secs]
176252.415: [GC cleanup 15714M->15714M(20480M), 0.0641897 secs]
176387.856: [GC pause (G1 Evacuation Pause) (young) 18350M->14963M(20480M), 0.0976137 secs]
176544.157: [GC pause (G1 Evacuation Pause) (young) 18339M->14956M(20480M), 0.0909088 secs]
176741.454: [GC pause (G1 Evacuation Pause) (young) (initial-mark) 18348M->14961M(20480M), 0.1012836 secs]
176741.556: [GC concurrent-root-region-scan-start]
176741.615: [GC concurrent-root-region-scan-end, 0.0597679 secs]
176741.615: [GC concurrent-mark-start]
176782.193: [GC concurrent-mark-end, 40.5770543 secs]
176782.194: [GC remark, 0.1655125 secs]
176782.362: [GC cleanup 15661M->15661M(20480M), 0.0440351 secs]
176928.772: [GC pause (G1 Evacuation Pause) (young) 18353M->14957M(20480M), 0.1190421 secs]
177074.673: [GC pause (G1 Evacuation Pause) (young) 18349M->14969M(20480M), 0.0831185 secs]
177262.959: [GC pause (G1 Evacuation Pause) (young) (initial-mark) 18345M->14969M(20480M), 0.0992021 secs]
177263.059: [GC concurrent-root-region-scan-start]
177263.116: [GC concurrent-root-region-scan-end, 0.0568366 secs]
177263.116: [GC concurrent-mark-start]
177304.381: [GC concurrent-mark-end, 41.2650856 secs]
177304.383: [GC remark, 0.1686284 secs]
177304.553: [GC cleanup 15817M->15817M(20480M), 0.0469910 secs]
177450.222: [GC pause (G1 Evacuation Pause) (young) 18345M->14954M(20480M), 0.1011678 secs]
177637.487: [GC pause (G1 Evacuation Pause) (young) 18362M->14964M(20480M), 0.0925764 secs]
177804.120: [GC pause (G1 Evacuation Pause) (young) (initial-mark) 18356M->14956M(20480M), 0.1089750 secs]
177804.229: [GC concurrent-root-region-scan-start]
177804.275: [GC concurrent-root-region-scan-end, 0.0460198 secs]
177804.275: [GC concurrent-mark-start]
177844.871: [GC concurrent-mark-end, 40.5958223 secs]
177844.873: [GC remark, 0.2071861 secs]
177845.082: [GC cleanup 15565M->15565M(20480M), 0.0664329 secs]
177991.463: [GC pause (G1 Evacuation Pause) (young) 18356M->14966M(20480M), 0.1014516 secs]
178105.956: [GC pause (G1 Evacuation Pause) (young) 18350M->14975M(20480M), 0.0784567 secs]
178272.386: [GC pause (G1 Evacuation Pause) (young) (initial-mark) 18343M->14958M(20480M), 0.0870181 secs]
178272.473: [GC concurrent-root-region-scan-start]
178272.516: [GC concurrent-root-region-scan-end, 0.0424966 secs]
178272.516: [GC concurrent-mark-start]
178313.321: [GC concurrent-mark-end, 40.8047620 secs]
178313.322: [GC remark, 0.1651921 secs]
178313.490: [GC cleanup 15498M->15498M(20480M), 0.0457429 secs]
178449.596: [GC pause (G1 Evacuation Pause) (young) 18366M->14971M(20480M), 0.0924478 secs]
178626.698: [GC pause (G1 Evacuation Pause) (young) 18347M->14964M(20480M), 0.1053286 secs]
178751.568: [GC pause (G1 Evacuation Pause) (young) (initial-mark) 18356M->14972M(20480M), 0.0782312 secs]
178751.646: [GC concurrent-root-region-scan-start]
178751.725: [GC concurrent-root-region-scan-end, 0.0785081 secs]
178751.725: [GC concurrent-mark-start]
178792.320: [GC concurrent-mark-end, 40.5959248 secs]
178792.322: [GC remark, 0.1542667 secs]
178792.478: [GC cleanup 15889M->15889M(20480M), 0.0446893 secs]
178928.463: [GC pause (G1 Evacuation Pause) (young) 18348M->14960M(20480M), 0.0983234 secs]
179049.131: [GC pause (G1 Evacuation Pause) (young) 18368M->14972M(20480M), 0.1028493 secs]
179188.473: [GC pause (G1 Evacuation Pause) (young) (initial-mark) 18348M->14989M(20480M), 0.0994730 secs]
179188.573: [GC concurrent-root-region-scan-start]
179188.634: [GC concurrent-root-region-scan-end, 0.0615478 secs]
179188.634: [GC concurrent-mark-start]
179229.491: [GC concurrent-mark-end, 40.8563559 secs]
179229.493: [GC remark, 0.1675182 secs]
179229.662: [GC cleanup 15613M->15613M(20480M), 0.0441375 secs]
179375.714: [GC pause (G1 Evacuation Pause) (young) 18333M->14989M(20480M), 0.1228890 secs]
179490.347: [GC pause (G1 Evacuation Pause) (young) 18333M->14977M(20480M), 0.0766232 secs]
179615.068: [GC pause (G1 Evacuation Pause) (young) (initial-mark) 18353M->15029M(20480M), 0.0982074 secs]
179615.167: [GC concurrent-root-region-scan-start]
179615.224: [GC concurrent-root-region-scan-end, 0.0574839 secs]
179615.224: [GC concurrent-mark-start]
179656.523: [GC concurrent-mark-end, 41.2989081 secs]
179656.525: [GC remark, 0.1688439 secs]
179656.696: [GC cleanup 15882M->15882M(20480M), 0.0461665 secs]
179719.679: [GC pause (G1 Evacuation Pause) (young)-- 19509M->19372M(20480M), 1.1694596 secs]
179731.085: [GC pause (G1 Evacuation Pause) (young)-- 19516M->19516M(20480M), 0.1273125 secs]
179731.214: [GC pause (G1 Evacuation Pause) (young) (initial-mark) 19516M->19516M(20480M), 0.0263051 secs]
179731.240: [GC concurrent-root-region-scan-start]
179731.241: [GC concurrent-root-region-scan-end, 0.0005718 secs]
179731.241: [GC concurrent-mark-start]
179731.242: [Full GC (Allocation Failure)  19516M->16889M(20480M), 45.2212846 secs]
179776.464: [GC concurrent-mark-abort]
179838.777: [GC pause (G1 Evacuation Pause) (young) 17913M->16900M(20480M), 0.0473278 secs]
179891.200: [GC pause (G1 Evacuation Pause) (young) (initial-mark) 17908M->16910M(20480M), 0.0416886 secs]
179891.242: [GC concurrent-root-region-scan-start]
179891.258: [GC concurrent-root-region-scan-end, 0.0156701 secs]
179891.258: [GC concurrent-mark-start]
179931.386: [GC pause (G1 Evacuation Pause) (young) 17910M->16924M(20480M), 0.0443429 secs]
179932.988: [GC concurrent-mark-end, 41.7302781 secs]
179932.990: [GC remark, 0.1556474 secs]
179933.148: [GC cleanup 17056M->15336M(20480M), 0.0446350 secs]
179933.193: [GC concurrent-cleanup-start]
179933.194: [GC concurrent-cleanup-end, 0.0010680 secs]
179964.617: [GC pause (G1 Evacuation Pause) (young) 16188M->15205M(20480M), 0.0464201 secs]
180078.814: [GC pause (G1 Evacuation Pause) (young) 18285M->15221M(20480M), 0.0812497 secs]
180255.891: [GC pause (G1 Evacuation Pause) (young) (initial-mark) 18269M->15225M(20480M), 0.0931619 secs]
180255.985: [GC concurrent-root-region-scan-start]
180256.034: [GC concurrent-root-region-scan-end, 0.0489611 secs]
180256.034: [GC concurrent-mark-start]
180296.960: [GC concurrent-mark-end, 40.9262666 secs]
180296.962: [GC remark, 0.3359583 secs]
180297.302: [GC cleanup 16247M->16247M(20480M), 0.1409541 secs]
180306.181: [GC pause (G1 Humongous Allocation) (young)-- 19557M->19561M(20480M), 4.7529876 secs]
180311.070: [GC pause (G1 Humongous Allocation) (young) (initial-mark)-- 19628M->19737M(20480M), 0.6455844 secs]
180311.715: [GC concurrent-root-region-scan-start]
180311.727: [GC concurrent-root-region-scan-end, 0.0120301 secs]
180311.727: [GC concurrent-mark-start]
180311.734: [GC pause (G1 Humongous Allocation) (young) 19745M->19737M(20480M), 0.0553119 secs]
180311.792: [Full GC (Allocation Failure)  19737M->17425M(20480M), 44.5693240 secs]
180356.362: [GC concurrent-mark-abort]
180357.679: [GC pause (G1 Humongous Allocation) (young) (initial-mark) 17680M->17487M(20480M), 0.0390023 secs]
180357.718: [GC concurrent-root-region-scan-start]
180357.732: [GC concurrent-root-region-scan-end, 0.0141665 secs]
180357.732: [GC concurrent-mark-start]
180377.309: [GC pause (G1 Evacuation Pause) (young)-- 19503M->19503M(20480M), 2.9925897 secs]
180380.303: [GC pause (G1 Evacuation Pause) (young) 19503M->19503M(20480M), 0.1072696 secs]
180380.423: [Full GC (Allocation Failure)  19503M->16797M(20480M), 44.4371436 secs]
180424.861: [GC concurrent-mark-abort]
180463.314: [GC pause (G1 Evacuation Pause) (young) 17821M->16811M(20480M), 0.0446551 secs]
180498.051: [GC pause (G1 Evacuation Pause) (young) (initial-mark) 17819M->16825M(20480M), 0.0446881 secs]
180498.096: [GC concurrent-root-region-scan-start]
180498.118: [GC concurrent-root-region-scan-end, 0.0220909 secs]
180498.118: [GC concurrent-mark-start]
180539.694: [GC pause (G1 Evacuation Pause) (young) 17817M->16833M(20480M), 0.0518471 secs]
180539.847: [GC concurrent-mark-end, 41.7288310 secs]
180539.849: [GC remark, 0.1639915 secs]
180540.015: [GC cleanup 16877M->15053M(20480M), 0.0474259 secs]
180540.063: [GC concurrent-cleanup-start]
180540.064: [GC concurrent-cleanup-end, 0.0010313 secs]
180584.663: [GC pause (G1 Evacuation Pause) (young) 16001M->15013M(20480M), 0.0494947 secs]
180696.049: [GC pause (G1 Evacuation Pause) (young) 17085M->15017M(20480M), 0.0697080 secs]
180852.369: [GC pause (G1 Evacuation Pause) (young) (initial-mark) 17689M->15025M(20480M), 0.0817452 secs]
180852.452: [GC concurrent-root-region-scan-start]
180852.493: [GC concurrent-root-region-scan-end, 0.0417761 secs]
180852.493: [GC concurrent-mark-start]
180893.028: [GC concurrent-mark-end, 40.5346064 secs]
180893.030: [GC remark, 0.1595049 secs]
180893.191: [GC cleanup 15855M->15855M(20480M), 0.0436623 secs]
181008.796: [GC pause (G1 Evacuation Pause) (young) 18137M->15021M(20480M), 0.0870758 secs]
181185.771: [GC pause (G1 Evacuation Pause) (young) 18181M->15025M(20480M), 0.1107590 secs]
181372.744: [GC pause (G1 Evacuation Pause) (young) (initial-mark) 18217M->15025M(20480M), 0.0966144 secs]
181372.841: [GC concurrent-root-region-scan-start]
181372.881: [GC concurrent-root-region-scan-end, 0.0397353 secs]
181372.881: [GC concurrent-mark-start]
181413.889: [GC concurrent-mark-end, 41.0074803 secs]
181413.890: [GC remark, 0.2201840 secs]
181414.113: [GC cleanup 15722M->15722M(20480M), 0.0765414 secs]
181509.837: [GC pause (G1 Evacuation Pause) (young) 18241M->15025M(20480M), 0.0874701 secs]
181643.518: [GC pause (G1 Evacuation Pause) (young) 18273M->15037M(20480M), 0.0876715 secs]
181809.979: [GC pause (G1 Evacuation Pause) (young) (initial-mark) 18293M->15049M(20480M), 0.1058119 secs]
181810.085: [GC concurrent-root-region-scan-start]
181810.159: [GC concurrent-root-region-scan-end, 0.0739252 secs]
181810.159: [GC concurrent-mark-start]
181853.275: [GC concurrent-mark-end, 43.1157405 secs]
181853.277: [GC remark, 0.2130938 secs]
181853.492: [GC cleanup 16672M->16672M(20480M), 0.0685505 secs]
181945.586: [GC pause (G1 Evacuation Pause) (young) 18297M->15025M(20480M), 0.0781508 secs]
182122.328: [GC pause (G1 Evacuation Pause) (young) 18313M->15049M(20480M), 0.1068517 secs]
182278.559: [GC pause (G1 Evacuation Pause) (young) (initial-mark) 18313M->15033M(20480M), 0.1016665 secs]
182278.661: [GC concurrent-root-region-scan-start]
182278.729: [GC concurrent-root-region-scan-end, 0.0673909 secs]
182278.729: [GC concurrent-mark-start]
182322.423: [GC concurrent-mark-end, 43.6944712 secs]
182322.425: [GC remark, 0.1642349 secs]
182322.591: [GC cleanup 15942M->15942M(20480M), 0.0504347 secs]
182445.437: [GC pause (G1 Evacuation Pause) (young) 18329M->15025M(20480M), 0.0922119 secs]
182642.076: [GC pause (G1 Evacuation Pause) (young) 18321M->15026M(20480M), 0.0845682 secs]
182788.569: [GC pause (G1 Evacuation Pause) (young) (initial-mark) 18330M->15022M(20480M), 0.0826006 secs]
182788.652: [GC concurrent-root-region-scan-start]
182788.692: [GC concurrent-root-region-scan-end, 0.0404491 secs]
182788.692: [GC concurrent-mark-start]
182829.745: [GC concurrent-mark-end, 41.0526636 secs]
182829.747: [GC remark, 0.1531644 secs]
182829.902: [GC cleanup 16001M->16001M(20480M), 0.0453402 secs]
182892.641: [GC pause (G1 Evacuation Pause) (young) 18334M->15038M(20480M), 0.0813289 secs]
183058.979: [GC pause (G1 Evacuation Pause) (young) 18326M->15034M(20480M), 0.0901918 secs]
183204.994: [GC pause (G1 Evacuation Pause) (young) (initial-mark) 18322M->15070M(20480M), 0.1108775 secs]
183205.105: [GC concurrent-root-region-scan-start]
183205.170: [GC concurrent-root-region-scan-end, 0.0649529 secs]
183205.170: [GC concurrent-mark-start]
183246.982: [GC concurrent-mark-end, 41.8118027 secs]
183246.984: [GC remark, 0.1513528 secs]
183247.137: [GC cleanup 16206M->16174M(20480M), 0.0481113 secs]
183247.185: [GC concurrent-cleanup-start]
183247.186: [GC concurrent-cleanup-end, 0.0001535 secs]
183361.317: [GC pause (G1 Evacuation Pause) (young) 18262M->14998M(20480M), 0.0888601 secs]
183538.104: [GC pause (G1 Evacuation Pause) (young) 18342M->15006M(20480M), 0.0882895 secs]
183652.605: [GC pause (G1 Evacuation Pause) (young) (initial-mark) 18334M->14990M(20480M), 0.0718098 secs]
183652.677: [GC concurrent-root-region-scan-start]
183652.745: [GC concurrent-root-region-scan-end, 0.0683510 secs]
183652.745: [GC concurrent-mark-start]
183693.560: [GC concurrent-mark-end, 40.8150605 secs]
183693.563: [GC remark, 0.1529429 secs]
183693.718: [GC cleanup 15699M->15699M(20480M), 0.0440866 secs]
183767.278: [GC pause (G1 Evacuation Pause) (young) 18342M->14999M(20480M), 0.0725974 secs]
183944.069: [GC pause (G1 Evacuation Pause) (young) 18343M->15007M(20480M), 0.1021160 secs]
184142.120: [GC pause (G1 Evacuation Pause) (young) (initial-mark) 18335M->15012M(20480M), 0.0973318 secs]
184142.217: [GC concurrent-root-region-scan-start]
184142.278: [GC concurrent-root-region-scan-end, 0.0610294 secs]
184142.278: [GC concurrent-mark-start]
184183.695: [GC concurrent-mark-end, 41.4172820 secs]
184183.697: [GC remark, 0.1485111 secs]
184183.848: [GC cleanup 15680M->15680M(20480M), 0.0443904 secs]
184319.246: [GC pause (G1 Evacuation Pause) (young) 18324M->15001M(20480M), 0.1031821 secs]
184506.310: [GC pause (G1 Evacuation Pause) (young) 18345M->15002M(20480M), 0.0953807 secs]
184693.923: [GC pause (G1 Evacuation Pause) (young) (initial-mark) 18346M->14998M(20480M), 0.1399189 secs]
184694.063: [GC concurrent-root-region-scan-start]
184694.118: [GC concurrent-root-region-scan-end, 0.0543841 secs]
184694.118: [GC concurrent-mark-start]
184735.601: [GC concurrent-mark-end, 41.4834840 secs]
184735.603: [GC remark, 0.1505870 secs]
184735.755: [GC cleanup 15646M->15646M(20480M), 0.0464698 secs]
184871.114: [GC pause (G1 Evacuation Pause) (young) 18342M->14998M(20480M), 0.0862989 secs]
185068.683: [GC pause (G1 Evacuation Pause) (young) 18342M->14998M(20480M), 0.0887957 secs]
185255.895: [GC pause (G1 Evacuation Pause) (young) (initial-mark) 18342M->15002M(20480M), 0.0964688 secs]
185255.992: [GC concurrent-root-region-scan-start]
185256.041: [GC concurrent-root-region-scan-end, 0.0489436 secs]
185256.041: [GC concurrent-mark-start]
185296.328: [GC concurrent-mark-end, 40.2873233 secs]
185296.330: [GC remark, 0.1457880 secs]
185296.477: [GC cleanup 15574M->15574M(20480M), 0.0412771 secs]
185435.887: [GC pause (G1 Evacuation Pause) (young) 18346M->15003M(20480M), 0.0990247 secs]
185640.322: [GC pause (G1 Evacuation Pause) (young) 18347M->14999M(20480M), 0.0858969 secs]
185817.278: [GC pause (G1 Evacuation Pause) (young) (initial-mark) 18343M->14996M(20480M), 0.0869030 secs]
185817.366: [GC concurrent-root-region-scan-start]
185817.422: [GC concurrent-root-region-scan-end, 0.0565130 secs]
185817.422: [GC concurrent-mark-start]
185860.413: [GC concurrent-mark-end, 42.9904419 secs]
185860.414: [GC remark, 0.1895970 secs]
185860.606: [GC cleanup 15836M->15836M(20480M), 0.0488259 secs]
186004.796: [GC pause (G1 Evacuation Pause) (young) 18356M->15012M(20480M), 0.1019047 secs]
186192.498: [GC pause (G1 Evacuation Pause) (young) 18340M->15000M(20480M), 0.0912850 secs]
186380.197: [GC pause (G1 Evacuation Pause) (young) (initial-mark) 18344M->15000M(20480M), 0.0914238 secs]
186380.289: [GC concurrent-root-region-scan-start]
186380.392: [GC concurrent-root-region-scan-end, 0.1032508 secs]
186380.392: [GC concurrent-mark-start]
186421.575: [GC concurrent-mark-end, 41.1825189 secs]
186421.577: [GC remark, 0.1720537 secs]
186421.751: [GC cleanup 15663M->15663M(20480M), 0.0453889 secs]
186578.196: [GC pause (G1 Evacuation Pause) (young) 18344M->15004M(20480M), 0.0909568 secs]
186755.438: [GC pause (G1 Evacuation Pause) (young) 18348M->14997M(20480M), 0.0864469 secs]
186896.875: [GC pause (G1 Humongous Allocation) (young) (initial-mark) 18203M->15013M(20480M), 0.0940000 secs]
186896.969: [GC concurrent-root-region-scan-start]
186897.008: [GC concurrent-root-region-scan-end, 0.0391100 secs]
186897.008: [GC concurrent-mark-start]
186939.993: [GC concurrent-mark-end, 42.9843460 secs]
186939.994: [GC remark, 0.1687078 secs]
186940.165: [GC cleanup 17950M->17950M(20480M), 0.0479424 secs]
187026.306: [GC pause (G1 Evacuation Pause) (young)-- 19493M->17669M(20480M), 0.8655491 secs]
187089.599: [GC pause (G1 Evacuation Pause) (young) 18693M->17691M(20480M), 0.0437690 secs]
187151.833: [GC pause (G1 Evacuation Pause) (young) (initial-mark) 18691M->17685M(20480M), 0.0385032 secs]
187151.872: [GC concurrent-root-region-scan-start]
187151.884: [GC concurrent-root-region-scan-end, 0.0127910 secs]
187151.884: [GC concurrent-mark-start]
187192.557: [GC concurrent-mark-end, 40.6727744 secs]
187192.559: [GC remark, 0.1994114 secs]
187192.761: [GC cleanup 18550M->17566M(20480M), 0.0489474 secs]
187192.810: [GC concurrent-cleanup-start]
187192.810: [GC concurrent-cleanup-end, 0.0005901 secs]
187193.774: [GC pause (G1 Evacuation Pause) (young) 17709M->16701M(20480M), 0.0360450 secs]
187245.931: [GC pause (G1 Evacuation Pause) (mixed) 17709M->15840M(20480M), 0.0494196 secs]
187401.589: [GC pause (G1 Evacuation Pause) (young) 18344M->15845M(20480M), 0.0726724 secs]
187496.965: [GC pause (G1 Humongous Allocation) (young) (initial-mark) 17815M->15845M(20480M), 0.0656715 secs]
187497.031: [GC concurrent-root-region-scan-start]
187497.072: [GC concurrent-root-region-scan-end, 0.0406638 secs]
187497.072: [GC concurrent-mark-start]
187506.500: [GC pause (G1 Humongous Allocation) (young)-- 19447M->19685M(20480M), 2.8119216 secs]
187509.326: [Full GC (Allocation Failure)  19685M->17692M(20480M), 45.4267776 secs]
187554.753: [GC concurrent-mark-abort]
187555.406: [GC pause (G1 Humongous Allocation) (young) (initial-mark) 17926M->17756M(20480M), 0.0376472 secs]
187555.444: [GC concurrent-root-region-scan-start]
187555.473: [GC concurrent-root-region-scan-end, 0.0285939 secs]
187555.473: [GC concurrent-mark-start]
187575.865: [GC pause (G1 Evacuation Pause) (young)-- 19500M->19500M(20480M), 3.0099414 secs]
187578.877: [GC pause (G1 Evacuation Pause) (young) 19500M->19500M(20480M), 0.1184594 secs]
187578.997: [Full GC (Allocation Failure)  19500M->16613M(20480M), 43.0080158 secs]
187622.006: [GC concurrent-mark-abort]
187684.283: [GC pause (G1 Evacuation Pause) (young) 17637M->16629M(20480M), 0.0434861 secs]
187746.666: [GC pause (G1 Evacuation Pause) (young) (initial-mark) 17637M->16629M(20480M), 0.0427340 secs]
187746.709: [GC concurrent-root-region-scan-start]
187746.722: [GC concurrent-root-region-scan-end, 0.0132788 secs]
187746.722: [GC concurrent-mark-start]
187786.966: [GC concurrent-mark-end, 40.2444043 secs]
187786.969: [GC remark, 0.1535335 secs]
187787.124: [GC cleanup 17518M->15822M(20480M), 0.0486508 secs]
187787.173: [GC concurrent-cleanup-start]
187787.174: [GC concurrent-cleanup-end, 0.0009283 secs]
187798.886: [GC pause (G1 Evacuation Pause) (young) 16029M->14938M(20480M), 0.0501612 secs]
187871.781: [GC pause (G1 Evacuation Pause) (young) 16298M->14976M(20480M), 0.0526516 secs]
187996.665: [GC pause (G1 Evacuation Pause) (young) (initial-mark) 17088M->14969M(20480M), 0.0675307 secs]
187996.733: [GC concurrent-root-region-scan-start]
187996.767: [GC concurrent-root-region-scan-end, 0.0340714 secs]
187996.767: [GC concurrent-mark-start]
188037.494: [GC concurrent-mark-end, 40.7266489 secs]
188037.496: [GC remark, 0.1557173 secs]
188037.653: [GC cleanup 15662M->15662M(20480M), 0.0465864 secs]
188142.461: [GC pause (G1 Evacuation Pause) (young) 17777M->15005M(20480M), 0.0821196 secs]
188319.273: [GC pause (G1 Evacuation Pause) (young) 18061M->14965M(20480M), 0.0793453 secs]
188485.904: [GC pause (G1 Evacuation Pause) (young) (initial-mark) 18117M->14973M(20480M), 0.0906537 secs]
188485.994: [GC concurrent-root-region-scan-start]
188486.036: [GC concurrent-root-region-scan-end, 0.0416826 secs]
188486.036: [GC concurrent-mark-start]
188526.643: [GC concurrent-mark-end, 40.6072335 secs]
188526.645: [GC remark, 0.1509703 secs]
188526.798: [GC cleanup 15606M->15606M(20480M), 0.0445146 secs]
188673.123: [GC pause (G1 Evacuation Pause) (young) 18165M->14973M(20480M), 0.0850374 secs]
188850.090: [GC pause (G1 Evacuation Pause) (young) 18213M->14965M(20480M), 0.0877388 secs]
189027.499: [GC pause (G1 Evacuation Pause) (young) (initial-mark) 18245M->14985M(20480M), 0.1084464 secs]
189027.608: [GC concurrent-root-region-scan-start]
189027.657: [GC concurrent-root-region-scan-end, 0.0485277 secs]
189027.657: [GC concurrent-mark-start]
189071.589: [GC concurrent-mark-end, 43.9319354 secs]
189071.590: [GC remark, 0.1688511 secs]
189071.763: [GC cleanup 15790M->15790M(20480M), 0.0661405 secs]
189225.718: [GC pause (G1 Evacuation Pause) (young) 18265M->14969M(20480M), 0.1261624 secs]
189377.162: [GC pause (G1 Evacuation Pause) (young) 18281M->14965M(20480M), 0.0907326 secs]
189507.772: [GC pause (G1 Evacuation Pause) (young) (initial-mark) 18301M->14977M(20480M), 0.1144757 secs]
189507.891: [GC concurrent-root-region-scan-start]
189507.941: [GC concurrent-root-region-scan-end, 0.0500320 secs]
189507.941: [GC concurrent-mark-start]
189551.107: [GC concurrent-mark-end, 43.1660935 secs]
189551.109: [GC remark, 0.1592659 secs]
189551.270: [GC cleanup 15826M->15826M(20480M), 0.0489209 secs]
189684.751: [GC pause (G1 Evacuation Pause) (young) 18313M->14965M(20480M), 0.0858644 secs]
189813.464: [GC pause (G1 Evacuation Pause) (young) 18317M->14978M(20480M), 0.0812971 secs]
189976.393: [GC pause (G1 Evacuation Pause) (young) (initial-mark) 18322M->14978M(20480M), 0.0910277 secs]
189976.485: [GC concurrent-root-region-scan-start]
189976.540: [GC concurrent-root-region-scan-end, 0.0555339 secs]
189976.540: [GC concurrent-mark-start]
190017.170: [GC concurrent-mark-end, 40.6301046 secs]
190017.172: [GC remark, 0.1574303 secs]
190017.332: [GC cleanup 15596M->15596M(20480M), 0.0455300 secs]
190174.207: [GC pause (G1 Evacuation Pause) (young) 18330M->14986M(20480M), 0.1219124 secs]
190351.443: [GC pause (G1 Evacuation Pause) (young) 18322M->14966M(20480M), 0.0930884 secs]
190507.337: [GC pause (G1 Evacuation Pause) (young) (initial-mark) 18342M->14986M(20480M), 0.0958078 secs]
190507.433: [GC concurrent-root-region-scan-start]
190507.545: [GC concurrent-root-region-scan-end, 0.1117289 secs]
190507.545: [GC concurrent-mark-start]
190549.565: [GC concurrent-mark-end, 42.0203621 secs]
190549.567: [GC remark, 0.1492312 secs]
190549.718: [GC cleanup 15902M->15902M(20480M), 0.0453547 secs]
190694.332: [GC pause (G1 Evacuation Pause) (young) 18322M->14974M(20480M), 0.0942345 secs]
190767.772: [GC pause (G1 Evacuation Pause) (young) 18342M->14978M(20480M), 0.0694285 secs]
190866.601: [GC pause (G1 Evacuation Pause) (young) (initial-mark) 18330M->14974M(20480M), 0.0997056 secs]
190866.700: [GC concurrent-root-region-scan-start]
190866.756: [GC concurrent-root-region-scan-end, 0.0560226 secs]
190866.756: [GC concurrent-mark-start]
190908.304: [GC concurrent-mark-end, 41.5472361 secs]
190908.306: [GC remark, 0.1559554 secs]
190908.463: [GC cleanup 17114M->17114M(20480M), 0.0448593 secs]
190958.350: [GC pause (G1 Evacuation Pause) (young) 18342M->15002M(20480M), 0.0959103 secs]
191131.991: [GC pause (G1 Evacuation Pause) (young) 18306M->14994M(20480M), 0.1013983 secs]
191318.994: [GC pause (G1 Evacuation Pause) (young) (initial-mark) 18314M->14998M(20480M), 0.1033160 secs]
191319.098: [GC concurrent-root-region-scan-start]
191319.163: [GC concurrent-root-region-scan-end, 0.0656618 secs]
191319.163: [GC concurrent-mark-start]
191359.725: [GC concurrent-mark-end, 40.5619236 secs]
191359.727: [GC remark, 0.1517920 secs]
191359.881: [GC cleanup 15667M->15667M(20480M), 0.0442277 secs]
191496.084: [GC pause (G1 Evacuation Pause) (young) 18318M->14974M(20480M), 0.1202656 secs]
191685.514: [GC pause (G1 Evacuation Pause) (young) 18342M->14978M(20480M), 0.0946065 secs]
191871.105: [GC pause (G1 Evacuation Pause) (young) (initial-mark) 18330M->14975M(20480M), 0.0926406 secs]
191871.198: [GC concurrent-root-region-scan-start]
191871.245: [GC concurrent-root-region-scan-end, 0.0474781 secs]
191871.245: [GC concurrent-mark-start]
191911.481: [GC concurrent-mark-end, 40.2360683 secs]
191911.484: [GC remark, 0.1523773 secs]
191911.638: [GC cleanup 15558M->15558M(20480M), 0.0422520 secs]
192058.312: [GC pause (G1 Evacuation Pause) (young) 18343M->14972M(20480M), 0.1005244 secs]
192255.803: [GC pause (G1 Evacuation Pause) (young) 18340M->14976M(20480M), 0.1079705 secs]
192443.066: [GC pause (G1 Evacuation Pause) (young) (initial-mark) 18344M->14977M(20480M), 0.0998888 secs]
192443.166: [GC concurrent-root-region-scan-start]
192443.216: [GC concurrent-root-region-scan-end, 0.0494746 secs]
192443.216: [GC concurrent-mark-start]
192488.227: [GC concurrent-mark-end, 45.0112563 secs]
192488.228: [GC remark, 0.1868077 secs]
192488.417: [GC cleanup 15811M->15811M(20480M), 0.0461218 secs]
192623.714: [GC pause (G1 Evacuation Pause) (young) 18345M->14990M(20480M), 0.1064276 secs]
192734.983: [GC pause (G1 Evacuation Pause) (young) 18326M->14978M(20480M), 0.0961312 secs]
192914.803: [GC pause (G1 Evacuation Pause) (young) (initial-mark) 18346M->14994M(20480M), 0.1162970 secs]
192914.919: [GC concurrent-root-region-scan-start]
192914.999: [GC concurrent-root-region-scan-end, 0.0792914 secs]
192914.999: [GC concurrent-mark-start]
192960.033: [GC concurrent-mark-end, 45.0346423 secs]
192960.035: [GC remark, 0.1785373 secs]
192960.216: [GC cleanup 16324M->16324M(20480M), 0.0584963 secs]
193026.455: [GC pause (G1 Evacuation Pause) (young) 18330M->14986M(20480M), 0.0725633 secs]
193203.571: [GC pause (G1 Evacuation Pause) (young) 18338M->14995M(20480M), 0.1000694 secs]
193328.620: [GC pause (G1 Evacuation Pause) (young) (initial-mark) 18331M->14987M(20480M), 0.0850115 secs]
193328.705: [GC concurrent-root-region-scan-start]
193328.757: [GC concurrent-root-region-scan-end, 0.0521697 secs]
193328.757: [GC concurrent-mark-start]
193369.500: [GC concurrent-mark-end, 40.7429176 secs]
193369.502: [GC remark, 0.1573059 secs]
193369.662: [GC cleanup 15944M->15944M(20480M), 0.0471966 secs]
193495.244: [GC pause (G1 Evacuation Pause) (young) 18339M->14980M(20480M), 0.0894694 secs]
193692.849: [GC pause (G1 Evacuation Pause) (young) 18348M->14985M(20480M), 0.0929544 secs]
193869.610: [GC pause (G1 Evacuation Pause) (young) (initial-mark) 18337M->14969M(20480M), 0.0873061 secs]
193869.698: [GC concurrent-root-region-scan-start]
193869.742: [GC concurrent-root-region-scan-end, 0.0440051 secs]
193869.742: [GC concurrent-mark-start]
193910.949: [GC concurrent-mark-end, 41.2071890 secs]
193910.951: [GC remark, 0.2287938 secs]
193911.192: [GC cleanup 16183M->16183M(20480M), 0.0658057 secs]
193984.170: [GC pause (G1 Evacuation Pause) (young) 18353M->15002M(20480M), 0.1207655 secs]
194096.848: [GC pause (G1 Humongous Allocation) (young) (initial-mark) 17790M->15006M(20480M), 0.0925067 secs]
194096.941: [GC concurrent-root-region-scan-start]
194096.996: [GC concurrent-root-region-scan-end, 0.0546898 secs]
194096.996: [GC concurrent-mark-start]
194139.695: [GC concurrent-mark-end, 42.6989188 secs]
194139.697: [GC remark, 0.1541169 secs]
194139.853: [GC cleanup 18099M->18099M(20480M), 0.0474420 secs]
194178.548: [GC pause (G1 Evacuation Pause) (young)-- 19494M->17845M(20480M), 0.7514237 secs]
194224.010: [GC pause (G1 Evacuation Pause) (young) 18869M->17873M(20480M), 0.0527400 secs]
194281.598: [GC pause (G1 Evacuation Pause) (young) (initial-mark) 18865M->17869M(20480M), 0.0420075 secs]
194281.640: [GC concurrent-root-region-scan-start]
194281.661: [GC concurrent-root-region-scan-end, 0.0207089 secs]
194281.661: [GC concurrent-mark-start]
194322.701: [GC concurrent-mark-end, 41.0399169 secs]
194322.703: [GC remark, 0.1930423 secs]
194322.898: [GC cleanup 18760M->18072M(20480M), 0.0443797 secs]
194322.943: [GC concurrent-cleanup-start]
194322.943: [GC concurrent-cleanup-end, 0.0004904 secs]
194328.105: [GC pause (G1 Evacuation Pause) (young) 18181M->17189M(20480M), 0.0409461 secs]
194379.952: [GC pause (G1 Evacuation Pause) (mixed) 18181M->15850M(20480M), 0.0447735 secs]
194473.301: [GC pause (G1 Evacuation Pause) (young) 18210M->15870M(20480M), 0.0683359 secs]
194567.450: [GC pause (G1 Evacuation Pause) (young) (initial-mark) 18238M->15882M(20480M), 0.0689731 secs]
194567.519: [GC concurrent-root-region-scan-start]
194567.568: [GC concurrent-root-region-scan-end, 0.0484562 secs]
194567.568: [GC concurrent-mark-start]
194608.363: [GC concurrent-mark-end, 40.7952578 secs]
194608.365: [GC remark, 0.1831266 secs]
194608.550: [GC cleanup 16559M->16271M(20480M), 0.0834206 secs]
194608.634: [GC concurrent-cleanup-start]
194608.634: [GC concurrent-cleanup-end, 0.0003240 secs]
194692.465: [GC pause (G1 Evacuation Pause) (young) 17978M->15590M(20480M), 0.0920325 secs]
194696.991: [GC pause (G1 Humongous Allocation) (young) (initial-mark) 15672M->15586M(20480M), 0.0394588 secs]
194697.031: [GC concurrent-root-region-scan-start]
194697.084: [GC concurrent-root-region-scan-end, 0.0531797 secs]
194697.084: [GC concurrent-mark-start]
194707.618: [GC pause (G1 Humongous Allocation) (young)-- 19580M->19701M(20480M), 6.6071523 secs]
194714.227: [Full GC (Allocation Failure)  19701M->17980M(20480M), 53.7188016 secs]
194767.947: [GC concurrent-mark-abort]
194770.270: [GC pause (G1 Humongous Allocation) (young) (initial-mark) 18212M->18032M(20480M), 0.0315073 secs]
194770.302: [GC concurrent-root-region-scan-start]
194770.311: [GC concurrent-root-region-scan-end, 0.0088676 secs]
194770.311: [GC concurrent-mark-start]
194789.052: [GC pause (G1 Evacuation Pause) (young)-- 19488M->19484M(20480M), 2.0597572 secs]
194791.137: [GC pause (G1 Evacuation Pause) (young)-- 19492M->19492M(20480M), 0.1072838 secs]
194791.246: [GC pause (G1 Evacuation Pause) (young) 19492M->19492M(20480M), 0.0313246 secs]
194791.280: [Full GC (Allocation Failure)  19492M->16123M(20480M), 45.0885646 secs]
194836.370: [GC concurrent-mark-abort]
194930.225: [GC pause (G1 Evacuation Pause) (young) 17971M->16142M(20480M), 0.0610200 secs]
195023.606: [GC pause (G1 Evacuation Pause) (young) (initial-mark) 17998M->16160M(20480M), 0.0558638 secs]
195023.662: [GC concurrent-root-region-scan-start]
195023.692: [GC concurrent-root-region-scan-end, 0.0293022 secs]
195023.692: [GC concurrent-mark-start]
195065.839: [GC concurrent-mark-end, 42.1474617 secs]
195065.841: [GC remark, 0.1591037 secs]
195066.002: [GC cleanup 16920M->15704M(20480M), 0.0449249 secs]
195066.047: [GC concurrent-cleanup-start]
195066.048: [GC concurrent-cleanup-end, 0.0006636 secs]
195115.772: [GC pause (G1 Evacuation Pause) (young) 16800M->14951M(20480M), 0.0589414 secs]
195242.107: [GC pause (G1 Evacuation Pause) (young) 18271M->14967M(20480M), 0.0908844 secs]
195419.221: [GC pause (G1 Evacuation Pause) (young) (initial-mark) 18295M->14955M(20480M), 0.0855687 secs]
195419.307: [GC concurrent-root-region-scan-start]
195419.349: [GC concurrent-root-region-scan-end, 0.0427581 secs]
195419.349: [GC concurrent-mark-start]
195460.183: [GC concurrent-mark-end, 40.8338067 secs]
195460.185: [GC remark, 0.1605301 secs]
195460.348: [GC cleanup 15607M->15599M(20480M), 0.0471633 secs]
195460.395: [GC concurrent-cleanup-start]
195460.395: [GC concurrent-cleanup-end, 0.0000220 secs]
195544.203: [GC pause (G1 Evacuation Pause) (young) 18307M->14955M(20480M), 0.0775664 secs]
195689.923: [GC pause (G1 Evacuation Pause) (young) 18331M->14951M(20480M), 0.0765164 secs]
195814.897: [GC pause (G1 Evacuation Pause) (young) (initial-mark) 18335M->14975M(20480M), 0.0805167 secs]
195814.978: [GC concurrent-root-region-scan-start]
195815.095: [GC concurrent-root-region-scan-end, 0.1176832 secs]
195815.095: [GC concurrent-mark-start]
195856.237: [GC concurrent-mark-end, 41.1419194 secs]
195856.239: [GC remark, 0.1539427 secs]
195856.395: [GC cleanup 15584M->15584M(20480M), 0.0440575 secs]
196002.263: [GC pause (G1 Evacuation Pause) (young) 18335M->14959M(20480M), 0.0930089 secs]
196189.470: [GC pause (G1 Evacuation Pause) (young) 18351M->14963M(20480M), 0.0932789 secs]
196345.581: [GC pause (G1 Evacuation Pause) (young) (initial-mark) 18355M->14951M(20480M), 0.1139548 secs]
196345.696: [GC concurrent-root-region-scan-start]
196345.743: [GC concurrent-root-region-scan-end, 0.0473846 secs]
196345.743: [GC concurrent-mark-start]
196387.165: [GC concurrent-mark-end, 41.4225143 secs]
196387.167: [GC remark, 0.1515921 secs]
196387.321: [GC cleanup 16256M->16256M(20480M), 0.0440752 secs]
196449.952: [GC pause (G1 Evacuation Pause) (young) 18359M->14971M(20480M), 0.0805588 secs]
196575.232: [GC pause (G1 Evacuation Pause) (young) 18347M->14959M(20480M), 0.0756269 secs]
196721.072: [GC pause (G1 Evacuation Pause) (young) (initial-mark) 18351M->14971M(20480M), 0.0982058 secs]
196721.170: [GC concurrent-root-region-scan-start]
196721.231: [GC concurrent-root-region-scan-end, 0.0605365 secs]
196721.231: [GC concurrent-mark-start]
196762.320: [GC concurrent-mark-end, 41.0897484 secs]
196762.323: [GC remark, 0.1545732 secs]
196762.479: [GC cleanup 15579M->15579M(20480M), 0.0465787 secs]
196878.327: [GC pause (G1 Evacuation Pause) (young) 18347M->14951M(20480M), 0.0795480 secs]
197002.458: [GC pause (G1 Evacuation Pause) (young) 18359M->14976M(20480M), 0.0810621 secs]
197189.226: [GC pause (G1 Evacuation Pause) (young) (initial-mark) 18328M->14964M(20480M), 0.0954169 secs]
197189.322: [GC concurrent-root-region-scan-start]
197189.377: [GC concurrent-root-region-scan-end, 0.0551060 secs]
197189.377: [GC concurrent-mark-start]
197231.049: [GC concurrent-mark-end, 41.6723780 secs]
197231.051: [GC remark, 0.1485946 secs]
197231.202: [GC cleanup 15824M->15824M(20480M), 0.0438184 secs]
197366.305: [GC pause (G1 Evacuation Pause) (young) 18348M->14972M(20480M), 0.1200069 secs]
197541.343: [GC pause (G1 Evacuation Pause) (young) 18340M->14952M(20480M), 0.0845464 secs]
197626.603: [GC pause (G1 Evacuation Pause) (young) (initial-mark) 18352M->15033M(20480M), 0.0859540 secs]
197626.690: [GC concurrent-root-region-scan-start]
197626.750: [GC concurrent-root-region-scan-end, 0.0603768 secs]
197626.750: [GC concurrent-mark-start]
197668.491: [GC concurrent-mark-end, 41.7404996 secs]
197668.492: [GC remark, 0.1574506 secs]
197668.652: [GC cleanup 15786M->15786M(20480M), 0.0492653 secs]
197762.696: [GC pause (G1 Evacuation Pause) (young) 18273M->14957M(20480M), 0.0792299 secs]
197897.564: [GC pause (G1 Evacuation Pause) (young) 18349M->14969M(20480M), 0.0844167 secs]
198053.932: [GC pause (G1 Evacuation Pause) (young) (initial-mark) 18337M->14957M(20480M), 0.0859008 secs]
198054.018: [GC concurrent-root-region-scan-start]
198054.067: [GC concurrent-root-region-scan-end, 0.0485913 secs]
198054.067: [GC concurrent-mark-start]
198095.171: [GC concurrent-mark-end, 41.1041124 secs]
198095.173: [GC remark, 0.1818886 secs]
198095.364: [GC cleanup 16359M->16359M(20480M), 0.0813199 secs]
198168.593: [GC pause (G1 Evacuation Pause) (young) 18349M->14985M(20480M), 0.0866634 secs]
198345.078: [GC pause (G1 Evacuation Pause) (young) 18321M->14973M(20480M), 0.0973804 secs]
198542.663: [GC pause (G1 Evacuation Pause) (young) (initial-mark) 18341M->14970M(20480M), 0.1009312 secs]
198542.764: [GC concurrent-root-region-scan-start]
198542.825: [GC concurrent-root-region-scan-end, 0.0618978 secs]
198542.825: [GC concurrent-mark-start]
198584.189: [GC concurrent-mark-end, 41.3635865 secs]
198584.191: [GC remark, 0.1566688 secs]
198584.350: [GC cleanup 15654M->15654M(20480M), 0.0471959 secs]
198720.194: [GC pause (G1 Evacuation Pause) (young) 18338M->14958M(20480M), 0.0915996 secs]
198907.665: [GC pause (G1 Evacuation Pause) (young) 18358M->14970M(20480M), 0.1038166 secs]
199105.392: [GC pause (G1 Evacuation Pause) (young) (initial-mark) 18338M->14959M(20480M), 0.1003237 secs]
199105.492: [GC concurrent-root-region-scan-start]
199105.553: [GC concurrent-root-region-scan-end, 0.0604740 secs]
199105.553: [GC concurrent-mark-start]
199146.923: [GC concurrent-mark-end, 41.3698906 secs]
199146.925: [GC remark, 0.1524015 secs]
199147.079: [GC cleanup 15614M->15614M(20480M), 0.0438036 secs]
199282.754: [GC pause (G1 Evacuation Pause) (young) 18359M->14960M(20480M), 0.0911978 secs]
199485.303: [GC pause (G1 Evacuation Pause) (young) 18360M->14964M(20480M), 0.0961669 secs]
199677.784: [GC pause (G1 Evacuation Pause) (young) (initial-mark) 18348M->14961M(20480M), 0.0972193 secs]
199677.881: [GC concurrent-root-region-scan-start]
199677.929: [GC concurrent-root-region-scan-end, 0.0480675 secs]
199677.929: [GC concurrent-mark-start]
199719.529: [GC concurrent-mark-end, 41.5999702 secs]
199719.531: [GC remark, 0.1520920 secs]
199719.686: [GC cleanup 15709M->15709M(20480M), 0.0459736 secs]
199855.167: [GC pause (G1 Evacuation Pause) (young) 18361M->14953M(20480M), 0.0838273 secs]
200052.768: [GC pause (G1 Evacuation Pause) (young) 18369M->14965M(20480M), 0.0907746 secs]
200239.893: [GC pause (G1 Evacuation Pause) (young) (initial-mark) 18349M->14954M(20480M), 0.0913664 secs]
200239.984: [GC concurrent-root-region-scan-start]
200240.036: [GC concurrent-root-region-scan-end, 0.0513614 secs]
200240.036: [GC concurrent-mark-start]
200281.057: [GC concurrent-mark-end, 41.0212453 secs]
200281.059: [GC remark, 0.1729511 secs]
200281.234: [GC cleanup 15546M->15546M(20480M), 0.0459311 secs]
200427.058: [GC pause (G1 Evacuation Pause) (young) 18370M->14982M(20480M), 0.1001727 secs]
200624.692: [GC pause (G1 Evacuation Pause) (young) 18334M->14963M(20480M), 0.0830945 secs]
200812.123: [GC pause (G1 Evacuation Pause) (young) (initial-mark) 18363M->14960M(20480M), 0.1119620 secs]
200812.236: [GC concurrent-root-region-scan-start]
200812.281: [GC concurrent-root-region-scan-end, 0.0448942 secs]
200812.281: [GC concurrent-mark-start]
200852.802: [GC concurrent-mark-end, 40.5212041 secs]
200852.804: [GC remark, 0.1675846 secs]
200852.973: [GC cleanup 15549M->15549M(20480M), 0.0448617 secs]
200999.417: [GC pause (G1 Evacuation Pause) (young) 18352M->14965M(20480M), 0.0972890 secs]
201187.191: [GC pause (G1 Evacuation Pause) (young) 18357M->14978M(20480M), 0.0855984 secs]
201297.348: [GC pause (G1 Humongous Allocation) (young) (initial-mark) 17528M->14995M(20480M), 0.0739577 secs]
201297.422: [GC concurrent-root-region-scan-start]
201297.461: [GC concurrent-root-region-scan-end, 0.0385914 secs]
201297.461: [GC concurrent-mark-start]
201340.031: [GC concurrent-mark-end, 42.5703272 secs]
201340.033: [GC remark, 0.1546614 secs]
201340.190: [GC cleanup 17927M->17927M(20480M), 0.0445072 secs]
201426.680: [GC pause (G1 Evacuation Pause) (young)-- 19507M->17635M(20480M), 0.9168204 secs]
201489.940: [GC pause (G1 Evacuation Pause) (young) 18659M->17663M(20480M), 0.0463579 secs]
201552.173: [GC pause (G1 Evacuation Pause) (young) (initial-mark) 18655M->17655M(20480M), 0.0394878 secs]
201552.212: [GC concurrent-root-region-scan-start]
201552.227: [GC concurrent-root-region-scan-end, 0.0148206 secs]
201552.227: [GC concurrent-mark-start]
201592.985: [GC concurrent-mark-end, 40.7583556 secs]
201592.987: [GC remark, 0.2225200 secs]
201593.212: [GC cleanup 18486M->18134M(20480M), 0.0456773 secs]
201593.258: [GC concurrent-cleanup-start]
201593.258: [GC concurrent-cleanup-end, 0.0002483 secs]
201594.191: [GC pause (G1 Evacuation Pause) (young) 18303M->17299M(20480M), 0.0411937 secs]
201656.143: [GC pause (G1 Evacuation Pause) (mixed) 18307M->15850M(20480M), 0.0488899 secs]
201802.371: [GC pause (G1 Evacuation Pause) (young) 18370M->15859M(20480M), 0.0782606 secs]
201897.534: [GC pause (G1 Humongous Allocation) (young) (initial-mark) 17786M->15871M(20480M), 0.0706893 secs]
201897.605: [GC concurrent-root-region-scan-start]
201897.653: [GC concurrent-root-region-scan-end, 0.0483819 secs]
201897.653: [GC concurrent-mark-start]
201907.693: [GC pause (G1 Humongous Allocation) (young)-- 19623M->19755M(20480M), 4.4798050 secs]
201912.175: [Full GC (Allocation Failure)  19755M->17768M(20480M), 45.8101984 secs]
201957.986: [GC concurrent-mark-abort]
201958.005: [GC pause (G1 Humongous Allocation) (young) (initial-mark) 17802M->17816M(20480M), 0.0284678 secs]
201958.033: [GC concurrent-root-region-scan-start]
201958.042: [GC concurrent-root-region-scan-end, 0.0082106 secs]
201958.042: [GC concurrent-mark-start]
201968.898: [GC pause (G1 Evacuation Pause) (young)-- 19488M->19488M(20480M), 2.1587488 secs]
201971.059: [GC pause (G1 Evacuation Pause) (young) 19488M->19488M(20480M), 0.0810555 secs]
201971.142: [GC pause (G1 Evacuation Pause) (young) 19488M->19488M(20480M), 0.0193468 secs]
201971.163: [Full GC (Allocation Failure)  19488M->17096M(20480M), 42.8588503 secs]
202014.022: [GC concurrent-mark-abort]
202076.306: [GC pause (G1 Evacuation Pause) (young) 18120M->17107M(20480M), 0.0487015 secs]
202138.571: [GC pause (G1 Evacuation Pause) (young) (initial-mark) 18115M->17114M(20480M), 0.0443678 secs]
202138.616: [GC concurrent-root-region-scan-start]
202138.629: [GC concurrent-root-region-scan-end, 0.0128282 secs]
202138.629: [GC concurrent-mark-start]
202179.098: [GC concurrent-mark-end, 40.4688557 secs]
202179.099: [GC remark, 0.1539720 secs]
202179.256: [GC cleanup 17731M->15747M(20480M), 0.0452174 secs]
202179.301: [GC concurrent-cleanup-start]
202179.302: [GC concurrent-cleanup-end, 0.0010802 secs]
202190.433: [GC pause (G1 Evacuation Pause) (young) 16130M->15133M(20480M), 0.0350430 secs]
202357.447: [GC pause (G1 Evacuation Pause) (young) 18221M->15171M(20480M), 0.0780522 secs]
202523.569: [GC pause (G1 Evacuation Pause) (young) (initial-mark) 18243M->15216M(20480M), 0.0964766 secs]
202523.666: [GC concurrent-root-region-scan-start]
202523.780: [GC concurrent-root-region-scan-end, 0.1142020 secs]
202523.780: [GC concurrent-mark-start]
202565.381: [GC concurrent-mark-end, 41.6013451 secs]
202565.383: [GC remark, 0.1553033 secs]
202565.541: [GC cleanup 15940M->15940M(20480M), 0.0474422 secs]
202700.772: [GC pause (G1 Evacuation Pause) (young) 18248M->15160M(20480M), 0.0857856 secs]
202867.297: [GC pause (G1 Evacuation Pause) (young) 18272M->15160M(20480M), 0.0953440 secs]
203054.338: [GC pause (G1 Evacuation Pause) (young) (initial-mark) 18280M->15168M(20480M), 0.1060731 secs]
203054.444: [GC concurrent-root-region-scan-start]
203054.484: [GC concurrent-root-region-scan-end, 0.0398823 secs]
203054.484: [GC concurrent-mark-start]
203096.279: [GC concurrent-mark-end, 41.7944468 secs]
203096.280: [GC remark, 0.2027754 secs]
203096.485: [GC cleanup 16172M->16172M(20480M), 0.0627167 secs]
203221.364: [GC pause (G1 Evacuation Pause) (young) 18296M->15164M(20480M), 0.0858986 secs]
203398.176: [GC pause (G1 Evacuation Pause) (young) 18308M->15160M(20480M), 0.0957478 secs]
203575.161: [GC pause (G1 Evacuation Pause) (young) (initial-mark) 18320M->15164M(20480M), 0.0879390 secs]
203575.250: [GC concurrent-root-region-scan-start]
203575.290: [GC concurrent-root-region-scan-end, 0.0399276 secs]
203575.290: [GC concurrent-mark-start]
203614.936: [GC concurrent-mark-end, 39.6469026 secs]
203614.938: [GC remark, 0.1553538 secs]
203615.095: [GC cleanup 15739M->15739M(20480M), 0.0514072 secs]
203751.863: [GC pause (G1 Evacuation Pause) (young) 18316M->15160M(20480M), 0.0817269 secs]
203929.005: [GC pause (G1 Evacuation Pause) (young) 18320M->15164M(20480M), 0.0836417 secs]
204105.657: [GC pause (G1 Evacuation Pause) (young) (initial-mark) 18316M->15164M(20480M), 0.0830356 secs]
204105.741: [GC concurrent-root-region-scan-start]
204105.780: [GC concurrent-root-region-scan-end, 0.0390639 secs]
204105.780: [GC concurrent-mark-start]
204145.327: [GC concurrent-mark-end, 39.5469482 secs]
204145.330: [GC remark, 0.1498634 secs]
204145.481: [GC cleanup 15857M->15857M(20480M), 0.0427051 secs]
204282.821: [GC pause (G1 Evacuation Pause) (young) 18316M->15168M(20480M), 0.0851108 secs]
204459.740: [GC pause (G1 Evacuation Pause) (young) 18320M->15161M(20480M), 0.0961039 secs]
204633.534: [GC pause (G1 Evacuation Pause) (young) (initial-mark) 18321M->15181M(20480M), 0.1231535 secs]
204633.658: [GC concurrent-root-region-scan-start]
204633.719: [GC concurrent-root-region-scan-end, 0.0608868 secs]
204633.719: [GC concurrent-mark-start]
204679.858: [GC concurrent-mark-end, 46.1388887 secs]
204679.859: [GC remark, 0.1885082 secs]
204680.050: [GC cleanup 16089M->15929M(20480M), 0.0521775 secs]
204680.102: [GC concurrent-cleanup-start]
204680.103: [GC concurrent-cleanup-end, 0.0001891 secs]
204804.350: [GC pause (G1 Evacuation Pause) (young) 18133M->15041M(20480M), 0.0990914 secs]
204950.929: [GC pause (G1 Evacuation Pause) (young) 18321M->15005M(20480M), 0.0808729 secs]
205148.896: [GC pause (G1 Evacuation Pause) (young) (initial-mark) 18341M->15006M(20480M), 0.0913180 secs]
205148.987: [GC concurrent-root-region-scan-start]
205149.028: [GC concurrent-root-region-scan-end, 0.0408533 secs]
205149.028: [GC concurrent-mark-start]
205189.936: [GC concurrent-mark-end, 40.9080403 secs]
205189.938: [GC remark, 0.1578476 secs]
205190.098: [GC cleanup 15759M->15759M(20480M), 0.0458808 secs]
205336.041: [GC pause (G1 Evacuation Pause) (young) 18350M->15002M(20480M), 0.0820719 secs]
205513.660: [GC pause (G1 Evacuation Pause) (young) 18354M->15002M(20480M), 0.0821012 secs]
205711.366: [GC pause (G1 Evacuation Pause) (young) (initial-mark) 18362M->15006M(20480M), 0.0928745 secs]
205711.459: [GC concurrent-root-region-scan-start]
205711.499: [GC concurrent-root-region-scan-end, 0.0397633 secs]
205711.499: [GC concurrent-mark-start]
205752.544: [GC concurrent-mark-end, 41.0454841 secs]
205752.546: [GC remark, 0.1548808 secs]
205752.703: [GC cleanup 15535M->15529M(20480M), 0.0441361 secs]
205752.747: [GC concurrent-cleanup-start]
205752.747: [GC concurrent-cleanup-end, 0.0000435 secs]
205898.830: [GC pause (G1 Evacuation Pause) (young) 18343M->14995M(20480M), 0.0813815 secs]
206086.340: [GC pause (G1 Evacuation Pause) (young) 18363M->15003M(20480M), 0.1002720 secs]
206273.701: [GC pause (G1 Evacuation Pause) (young) (initial-mark) 18355M->15003M(20480M), 0.0906478 secs]
206273.792: [GC concurrent-root-region-scan-start]
206273.873: [GC concurrent-root-region-scan-end, 0.0809978 secs]
206273.873: [GC concurrent-mark-start]
206314.950: [GC concurrent-mark-end, 41.0770868 secs]
206314.952: [GC remark, 0.1573282 secs]
206315.111: [GC cleanup 15632M->15632M(20480M), 0.0449732 secs]
206461.376: [GC pause (G1 Evacuation Pause) (young) 18355M->14991M(20480M), 0.0867235 secs]
206659.278: [GC pause (G1 Evacuation Pause) (young) 18359M->15003M(20480M), 0.0865727 secs]
206836.463: [GC pause (G1 Evacuation Pause) (young) (initial-mark) 18355M->14995M(20480M), 0.0828684 secs]
206836.546: [GC concurrent-root-region-scan-start]
206836.586: [GC concurrent-root-region-scan-end, 0.0404255 secs]
206836.586: [GC concurrent-mark-start]
206877.179: [GC concurrent-mark-end, 40.5927915 secs]
206877.181: [GC remark, 0.1716411 secs]
206877.355: [GC cleanup 15533M->15533M(20480M), 0.0504338 secs]
207023.735: [GC pause (G1 Evacuation Pause) (young) 18363M->15015M(20480M), 0.1024781 secs]
207221.270: [GC pause (G1 Evacuation Pause) (young) 18335M->14999M(20480M), 0.0865031 secs]
207398.436: [GC pause (G1 Evacuation Pause) (young) (initial-mark) 18351M->15000M(20480M), 0.0826894 secs]
207398.518: [GC concurrent-root-region-scan-start]
207398.558: [GC concurrent-root-region-scan-end, 0.0398995 secs]
207398.558: [GC concurrent-mark-start]
207439.292: [GC concurrent-mark-end, 40.7335910 secs]
207439.294: [GC remark, 0.1505703 secs]
207439.446: [GC cleanup 15609M->15609M(20480M), 0.0455558 secs]
207585.978: [GC pause (G1 Evacuation Pause) (young) 18352M->15004M(20480M), 0.0914964 secs]
207773.083: [GC pause (G1 Evacuation Pause) (young) 18356M->14996M(20480M), 0.0832101 secs]
207960.327: [GC pause (G1 Evacuation Pause) (young) (initial-mark) 18364M->15004M(20480M), 0.0918013 secs]
207960.419: [GC concurrent-root-region-scan-start]
207960.471: [GC concurrent-root-region-scan-end, 0.0526093 secs]
207960.471: [GC concurrent-mark-start]
208001.371: [GC concurrent-mark-end, 40.9001061 secs]
208001.373: [GC remark, 0.1534457 secs]
208001.530: [GC cleanup 15553M->15553M(20480M), 0.0646765 secs]
208158.315: [GC pause (G1 Evacuation Pause) (young) 18356M->15000M(20480M), 0.1025010 secs]
208345.348: [GC pause (G1 Evacuation Pause) (young) 18352M->14992M(20480M), 0.0938635 secs]
208491.318: [GC pause (G1 Evacuation Pause) (young) (initial-mark) 18360M->15012M(20480M), 0.0783031 secs]
208491.397: [GC concurrent-root-region-scan-start]
208491.433: [GC concurrent-root-region-scan-end, 0.0367744 secs]
208491.433: [GC concurrent-mark-start]
208534.152: [GC concurrent-mark-end, 42.7183340 secs]
208534.153: [GC remark, 0.1536856 secs]
208534.311: [GC cleanup 18016M->18016M(20480M), 0.0464247 secs]
208626.878: [GC pause (G1 Evacuation Pause) (young)-- 19508M->17770M(20480M), 0.8629890 secs]
208690.057: [GC pause (G1 Evacuation Pause) (young) 18794M->17797M(20480M), 0.0475249 secs]
208742.202: [GC pause (G1 Evacuation Pause) (young) (initial-mark) 18789M->17791M(20480M), 0.0378504 secs]
208742.240: [GC concurrent-root-region-scan-start]
208742.254: [GC concurrent-root-region-scan-end, 0.0138583 secs]
208742.254: [GC concurrent-mark-start]
208782.872: [GC concurrent-mark-end, 40.6178101 secs]
208782.874: [GC remark, 0.1787388 secs]
208783.054: [GC cleanup 18358M->17342M(20480M), 0.0439910 secs]
208783.099: [GC concurrent-cleanup-start]
208783.099: [GC concurrent-cleanup-end, 0.0004841 secs]
208794.169: [GC pause (G1 Evacuation Pause) (young) 17775M->16773M(20480M), 0.0351422 secs]
208846.304: [GC pause (G1 Evacuation Pause) (mixed) 17773M->15861M(20480M), 0.0469322 secs]
208991.942: [GC pause (G1 Evacuation Pause) (young) 18349M->15858M(20480M), 0.0697991 secs]
209097.136: [GC pause (G1 Humongous Allocation) (young) (initial-mark) 17857M->15854M(20480M), 0.0691622 secs]
209097.205: [GC concurrent-root-region-scan-start]
209097.253: [GC concurrent-root-region-scan-end, 0.0474531 secs]
209097.253: [GC concurrent-mark-start]
209110.284: [GC pause (G1 Humongous Allocation) (young)-- 19468M->19608M(20480M), 2.9055409 secs]
209113.208: [Full GC (Allocation Failure)  19608M->17655M(20480M), 45.2782551 secs]
209158.488: [GC concurrent-mark-abort]
209158.498: [GC pause (G1 Humongous Allocation) (young) (initial-mark) 17691M->17699M(20480M), 0.0305383 secs]
209158.529: [GC concurrent-root-region-scan-start]
209158.538: [GC concurrent-root-region-scan-end, 0.0085618 secs]
209158.538: [GC concurrent-mark-start]
209171.019: [GC pause (G1 Humongous Allocation) (young)-- 19392M->19459M(20480M), 1.5244427 secs]
209172.546: [Full GC (Allocation Failure)  19459M->16590M(20480M), 43.0975103 secs]
209215.644: [GC concurrent-mark-abort]
209221.405: [GC pause (G1 Humongous Allocation) (young) (initial-mark) 16843M->16642M(20480M), 0.0337149 secs]
209221.439: [GC concurrent-root-region-scan-start]
209221.452: [GC concurrent-root-region-scan-end, 0.0128886 secs]
209221.452: [GC concurrent-mark-start]
209262.109: [GC concurrent-mark-end, 40.6568588 secs]
209262.111: [GC remark, 0.1636013 secs]
209262.276: [GC cleanup 17506M->17090M(20480M), 0.0476572 secs]
209262.324: [GC concurrent-cleanup-start]
209262.325: [GC concurrent-cleanup-end, 0.0002157 secs]
209278.762: [GC pause (G1 Evacuation Pause) (young) 17370M->16354M(20480M), 0.0601879 secs]
209361.793: [GC pause (G1 Evacuation Pause) (young) 17682M->16250M(20480M), 0.0541039 secs]
209434.656: [GC pause (G1 Evacuation Pause) (young) (initial-mark) 17738M->16266M(20480M), 0.0624663 secs]
209434.718: [GC concurrent-root-region-scan-start]
209434.764: [GC concurrent-root-region-scan-end, 0.0455483 secs]
209434.764: [GC concurrent-mark-start]
209476.190: [GC concurrent-mark-end, 41.4259504 secs]
209476.192: [GC remark, 0.1721828 secs]
209476.366: [GC cleanup 16970M->16282M(20480M), 0.0441288 secs]
209476.411: [GC concurrent-cleanup-start]
209476.411: [GC concurrent-cleanup-end, 0.0003767 secs]
209518.337: [GC pause (G1 Evacuation Pause) (young) 17106M->15554M(20480M), 0.0891350 secs]
209601.465: [GC pause (G1 Evacuation Pause) (young) 16882M->15550M(20480M), 0.0640987 secs]
209686.583: [GC pause (G1 Evacuation Pause) (young) (initial-mark) 17270M->15558M(20480M), 0.0709949 secs]
209686.654: [GC concurrent-root-region-scan-start]
209686.776: [GC concurrent-root-region-scan-end, 0.1214097 secs]
209686.776: [GC concurrent-mark-start]
209730.172: [GC concurrent-mark-end, 43.3966947 secs]
209730.174: [GC remark, 0.1697723 secs]
209730.346: [GC cleanup 16469M->16469M(20480M), 0.0476396 secs]
209809.968: [GC pause (G1 Evacuation Pause) (young) 17790M->15550M(20480M), 0.0756593 secs]
209955.620: [GC pause (G1 Evacuation Pause) (young) 18046M->15558M(20480M), 0.0941687 secs]
210090.969: [GC pause (G1 Evacuation Pause) (young) (initial-mark) 18086M->15554M(20480M), 0.0880837 secs]
210091.058: [GC concurrent-root-region-scan-start]
210091.111: [GC concurrent-root-region-scan-end, 0.0532321 secs]
210091.111: [GC concurrent-mark-start]
210132.174: [GC concurrent-mark-end, 41.0630004 secs]
210132.176: [GC remark, 0.1629077 secs]
210132.341: [GC cleanup 16198M->16198M(20480M), 0.0494249 secs]
210236.869: [GC pause (G1 Evacuation Pause) (young) 18114M->15550M(20480M), 0.0903678 secs]
210382.246: [GC pause (G1 Evacuation Pause) (young) 18142M->15558M(20480M), 0.0897448 secs]
210538.114: [GC pause (G1 Evacuation Pause) (young) (initial-mark) 18166M->15554M(20480M), 0.1120306 secs]
210538.226: [GC concurrent-root-region-scan-start]
210538.286: [GC concurrent-root-region-scan-end, 0.0598724 secs]
210538.286: [GC concurrent-mark-start]
210578.725: [GC concurrent-mark-end, 40.4389929 secs]
210578.727: [GC remark, 0.1623048 secs]
210578.891: [GC cleanup 16212M->16212M(20480M), 0.0499818 secs]
210673.396: [GC pause (G1 Evacuation Pause) (young) 18178M->15558M(20480M), 0.0855834 secs]
210829.545: [GC pause (G1 Evacuation Pause) (young) 18190M->15554M(20480M), 0.0966588 secs]
210965.075: [GC pause (G1 Evacuation Pause) (young) (initial-mark) 18202M->15556M(20480M), 0.1010678 secs]
210965.176: [GC concurrent-root-region-scan-start]
210965.233: [GC concurrent-root-region-scan-end, 0.0569280 secs]
210965.233: [GC concurrent-mark-start]
211006.746: [GC concurrent-mark-end, 41.5129561 secs]
211006.748: [GC remark, 0.1676110 secs]
211006.918: [GC cleanup 16220M->15708M(20480M), 0.0479308 secs]
211006.966: [GC concurrent-cleanup-start]
211006.968: [GC concurrent-cleanup-end, 0.0019822 secs]
211121.463: [GC pause (G1 Evacuation Pause) (young) 17684M->15044M(20480M), 0.0845384 secs]
211298.716: [GC pause (G1 Evacuation Pause) (young) 18332M->15061M(20480M), 0.1041780 secs]
211485.833: [GC pause (G1 Evacuation Pause) (young) (initial-mark) 18341M->15073M(20480M), 0.0856586 secs]
211485.918: [GC concurrent-root-region-scan-start]
211486.118: [GC concurrent-root-region-scan-end, 0.1996232 secs]
211486.118: [GC concurrent-mark-start]
211527.177: [GC concurrent-mark-end, 41.0594093 secs]
211527.179: [GC remark, 0.1603162 secs]
211527.342: [GC cleanup 15765M->15701M(20480M), 0.0446945 secs]
211527.387: [GC concurrent-cleanup-start]
211527.387: [GC concurrent-cleanup-end, 0.0002930 secs]
211673.384: [GC pause (G1 Evacuation Pause) (young) 18281M->15009M(20480M), 0.0911728 secs]
211850.597: [GC pause (G1 Evacuation Pause) (young) 18361M->15017M(20480M), 0.1076446 secs]
212016.914: [GC pause (G1 Evacuation Pause) (young) (initial-mark) 18353M->15065M(20480M), 0.1032454 secs]
212017.017: [GC concurrent-root-region-scan-start]
212017.063: [GC concurrent-root-region-scan-end, 0.0452901 secs]
212017.063: [GC concurrent-mark-start]
212059.323: [GC concurrent-mark-end, 42.2601767 secs]
212059.325: [GC remark, 0.1534435 secs]
212059.480: [GC cleanup 16953M->16953M(20480M), 0.0440606 secs]
212110.974: [GC pause (G1 Evacuation Pause) (young) 18305M->15034M(20480M), 0.0809404 secs]
212225.269: [GC pause (G1 Evacuation Pause) (young) 18338M->15026M(20480M), 0.1002179 secs]
212411.874: [GC pause (G1 Evacuation Pause) (young) (initial-mark) 18346M->15030M(20480M), 0.1081024 secs]
212411.982: [GC concurrent-root-region-scan-start]
212412.066: [GC concurrent-root-region-scan-end, 0.0838304 secs]
212412.066: [GC concurrent-mark-start]
212454.165: [GC concurrent-mark-end, 42.0991308 secs]
212454.167: [GC remark, 0.1537814 secs]
212454.322: [GC cleanup 15787M->15779M(20480M), 0.0469488 secs]
212454.370: [GC concurrent-cleanup-start]
212454.370: [GC concurrent-cleanup-end, 0.0000610 secs]
212591.822: [GC pause (G1 Evacuation Pause) (young) 18326M->15010M(20480M), 0.0943798 secs]
212787.314: [GC pause (G1 Evacuation Pause) (young) 18354M->15006M(20480M), 0.0975076 secs]
212974.735: [GC pause (G1 Evacuation Pause) (young) (initial-mark) 18350M->15018M(20480M), 0.0971631 secs]
212974.833: [GC concurrent-root-region-scan-start]
212974.897: [GC concurrent-root-region-scan-end, 0.0643110 secs]
212974.897: [GC concurrent-mark-start]
213017.291: [GC concurrent-mark-end, 42.3940850 secs]
213017.293: [GC remark, 0.1622014 secs]
213017.457: [GC cleanup 15980M->15980M(20480M), 0.0467271 secs]
213161.901: [GC pause (G1 Evacuation Pause) (young) 18346M->15006M(20480M), 0.0950675 secs]
213338.788: [GC pause (G1 Evacuation Pause) (young) 18350M->15006M(20480M), 0.0983760 secs]
213536.717: [GC pause (G1 Evacuation Pause) (young) (initial-mark) 18350M->15014M(20480M), 0.1254863 secs]
213536.842: [GC concurrent-root-region-scan-start]
213536.929: [GC concurrent-root-region-scan-end, 0.0871820 secs]
213536.929: [GC concurrent-mark-start]
213578.543: [GC concurrent-mark-end, 41.6131685 secs]
213578.544: [GC remark, 0.1925594 secs]
213578.739: [GC cleanup 15690M->15690M(20480M), 0.0755901 secs]
213714.166: [GC pause (G1 Evacuation Pause) (young) 18342M->15002M(20480M), 0.0977910 secs]
213901.418: [GC pause (G1 Evacuation Pause) (young) 18362M->15006M(20480M), 0.0952295 secs]
214099.239: [GC pause (G1 Evacuation Pause) (young) (initial-mark) 18350M->15006M(20480M), 0.0990041 secs]
214099.338: [GC concurrent-root-region-scan-start]
214099.408: [GC concurrent-root-region-scan-end, 0.0698611 secs]
214099.408: [GC concurrent-mark-start]
214140.802: [GC concurrent-mark-end, 41.3939148 secs]
214140.804: [GC remark, 0.1566456 secs]
214140.962: [GC cleanup 15691M->15691M(20480M), 0.0441474 secs]
214276.458: [GC pause (G1 Evacuation Pause) (young) 18350M->15002M(20480M), 0.1063537 secs]
214474.036: [GC pause (G1 Evacuation Pause) (young) 18362M->15014M(20480M), 0.0998879 secs]
214651.173: [GC pause (G1 Evacuation Pause) (young) (initial-mark) 18342M->15002M(20480M), 0.0978136 secs]
214651.271: [GC concurrent-root-region-scan-start]
214651.334: [GC concurrent-root-region-scan-end, 0.0631698 secs]
214651.334: [GC concurrent-mark-start]
214692.743: [GC concurrent-mark-end, 41.4082746 secs]
214692.745: [GC remark, 0.1567561 secs]
214692.904: [GC cleanup 15658M->15658M(20480M), 0.0495528 secs]
214838.548: [GC pause (G1 Evacuation Pause) (young) 18362M->15006M(20480M), 0.1120326 secs]
215036.276: [GC pause (G1 Evacuation Pause) (young) 18358M->15011M(20480M), 0.0996033 secs]
215223.398: [GC pause (G1 Evacuation Pause) (young) (initial-mark) 18355M->15018M(20480M), 0.0873543 secs]
215223.486: [GC concurrent-root-region-scan-start]
215223.531: [GC concurrent-root-region-scan-end, 0.0447124 secs]
215223.531: [GC concurrent-mark-start]
215264.436: [GC concurrent-mark-end, 40.9053987 secs]
215264.438: [GC remark, 0.1696933 secs]
215264.610: [GC cleanup 15711M->15711M(20480M), 0.0496892 secs]
215400.629: [GC pause (G1 Evacuation Pause) (young) 18362M->15023M(20480M), 0.0889734 secs]
215587.684: [GC pause (G1 Evacuation Pause) (young) 18359M->15027M(20480M), 0.0866903 secs]
215696.889: [GC pause (G1 Humongous Allocation) (young) (initial-mark) 17578M->15032M(20480M), 0.0876260 secs]
215696.977: [GC concurrent-root-region-scan-start]
215697.045: [GC concurrent-root-region-scan-end, 0.0676842 secs]
215697.045: [GC concurrent-mark-start]
215739.554: [GC concurrent-mark-end, 42.5094220 secs]
215739.556: [GC remark, 0.1659845 secs]
215739.724: [GC cleanup 17964M->17964M(20480M), 0.0467599 secs]
215827.493: [GC pause (G1 Evacuation Pause) (young)-- 19512M->17630M(20480M), 0.8993851 secs]
215890.777: [GC pause (G1 Evacuation Pause) (young) 18654M->17652M(20480M), 0.0458294 secs]
215953.071: [GC pause (G1 Evacuation Pause) (young) (initial-mark) 18652M->17646M(20480M), 0.0408745 secs]
215953.112: [GC concurrent-root-region-scan-start]
215953.126: [GC concurrent-root-region-scan-end, 0.0142853 secs]
215953.126: [GC concurrent-mark-start]
215994.147: [GC concurrent-mark-end, 41.0213726 secs]
215994.149: [GC remark, 0.2100103 secs]
215994.361: [GC cleanup 18476M->17540M(20480M), 0.0463426 secs]
215994.408: [GC concurrent-cleanup-start]
215994.408: [GC concurrent-cleanup-end, 0.0004276 secs]
215998.498: [GC pause (G1 Evacuation Pause) (young) 17718M->16710M(20480M), 0.0692239 secs]
216047.306: [GC pause (G1 Evacuation Pause) (mixed) 17718M->15857M(20480M), 0.0492908 secs]
216203.027: [GC pause (G1 Evacuation Pause) (young) 18361M->15862M(20480M), 0.0909795 secs]
216297.751: [GC pause (G1 Humongous Allocation) (young) (initial-mark) 17769M->15858M(20480M), 0.1039390 secs]
216297.856: [GC concurrent-root-region-scan-start]
216297.899: [GC concurrent-root-region-scan-end, 0.0438755 secs]
216297.899: [GC concurrent-mark-start]
216310.420: [GC pause (G1 Humongous Allocation) (young)-- 19497M->19709M(20480M), 4.5926707 secs]
216315.016: [Full GC (Allocation Failure)  19709M->17660M(20480M), 48.7324254 secs]
216363.749: [GC concurrent-mark-abort]
216364.665: [GC pause (G1 Humongous Allocation) (young) (initial-mark) 17881M->17716M(20480M), 0.0677443 secs]
216364.733: [GC concurrent-root-region-scan-start]
216364.744: [GC concurrent-root-region-scan-end, 0.0116762 secs]
216364.744: [GC concurrent-mark-start]
216384.924: [GC pause (G1 Evacuation Pause) (young)-- 19500M->19500M(20480M), 2.6291651 secs]
216387.592: [GC pause (G1 Evacuation Pause) (young) 19500M->19500M(20480M), 0.1607212 secs]
216387.755: [Full GC (Allocation Failure)  19500M->16380M(20480M), 47.7077257 secs]
216435.468: [GC concurrent-mark-abort]
216497.939: [GC pause (G1 Evacuation Pause) (young) 17404M->16394M(20480M), 0.0840483 secs]
216560.254: [GC pause (G1 Evacuation Pause) (young) (initial-mark) 17402M->16396M(20480M), 0.0571177 secs]
216560.313: [GC concurrent-root-region-scan-start]
216560.333: [GC concurrent-root-region-scan-end, 0.0191442 secs]
216560.333: [GC concurrent-mark-start]
216602.164: [GC pause (G1 Evacuation Pause) (young) 17404M->16418M(20480M), 0.0448439 secs]
216602.517: [GC concurrent-mark-end, 42.1842142 secs]
216602.519: [GC remark, 0.1761472 secs]
216602.697: [GC cleanup 16502M->15094M(20480M), 0.0609401 secs]
216602.758: [GC concurrent-cleanup-start]
216602.759: [GC concurrent-cleanup-end, 0.0007965 secs]
216675.279: [GC pause (G1 Evacuation Pause) (young) 16386M->15012M(20480M), 0.1425880 secs]
216748.280: [GC pause (G1 Evacuation Pause) (young) 16212M->15016M(20480M), 0.0522607 secs]
216862.512: [GC pause (G1 Evacuation Pause) (young) (initial-mark) 16912M->15024M(20480M), 0.0664903 secs]
216862.579: [GC concurrent-root-region-scan-start]
216862.617: [GC concurrent-root-region-scan-end, 0.0386149 secs]
216862.617: [GC concurrent-mark-start]
216904.058: [GC concurrent-mark-end, 41.4406468 secs]
216904.061: [GC remark, 0.1667611 secs]
216904.229: [GC cleanup 15920M->15920M(20480M), 0.0504482 secs]
217008.574: [GC pause (G1 Evacuation Pause) (young) 17800M->15024M(20480M), 0.0963903 secs]
217185.828: [GC pause (G1 Evacuation Pause) (young) 18128M->15024M(20480M), 0.1759562 secs]
217342.104: [GC pause (G1 Evacuation Pause) (young) (initial-mark) 17856M->15024M(20480M), 0.0799323 secs]
217342.184: [GC concurrent-root-region-scan-start]
217342.241: [GC concurrent-root-region-scan-end, 0.0562759 secs]
217342.241: [GC concurrent-mark-start]
217383.361: [GC concurrent-mark-end, 41.1203350 secs]
217383.363: [GC remark, 0.1650618 secs]
217383.530: [GC cleanup 15694M->15694M(20480M), 0.0495137 secs]
217519.018: [GC pause (G1 Evacuation Pause) (young) 18208M->15028M(20480M), 0.0794060 secs]
217706.704: [GC pause (G1 Evacuation Pause) (young) 18244M->15036M(20480M), 0.0882829 secs]
217883.664: [GC pause (G1 Evacuation Pause) (young) (initial-mark) 18268M->15020M(20480M), 0.0806256 secs]
217883.745: [GC concurrent-root-region-scan-start]
217883.790: [GC concurrent-root-region-scan-end, 0.0452539 secs]
217883.790: [GC concurrent-mark-start]
217925.577: [GC concurrent-mark-end, 41.7865491 secs]
217925.579: [GC remark, 0.2797303 secs]
217925.861: [GC cleanup 15772M->15772M(20480M), 0.0944644 secs]
218071.743: [GC pause (G1 Evacuation Pause) (young) 18284M->15028M(20480M), 0.0967076 secs]
218276.547: [Full GC (System.gc())  17926M->14753M(20480M), 47.1010741 secs]
218336.816: [GC pause (G1 Humongous Allocation) (young) (initial-mark) 17499M->15045M(20480M), 0.2169503 secs]
218337.033: [GC concurrent-root-region-scan-start]
218337.297: [GC concurrent-root-region-scan-end, 0.2642693 secs]
218337.297: [GC concurrent-mark-start]
218377.566: [GC pause (G1 Evacuation Pause) (young) 15877M->14961M(20480M), 0.1350283 secs]
218377.849: [GC concurrent-mark-end, 40.5511510 secs]
218377.850: [GC remark, 0.1555947 secs]
218378.008: [GC cleanup 15013M->15013M(20480M), 0.0468421 secs]
218554.634: [GC pause (G1 Evacuation Pause) (young) 18241M->14989M(20480M), 0.1076233 secs]
218731.825: [GC pause (G1 Evacuation Pause) (young) 18269M->14993M(20480M), 0.0885234 secs]
218929.543: [GC pause (G1 Evacuation Pause) (young) (initial-mark) 18289M->14993M(20480M), 0.0915117 secs]
218929.634: [GC concurrent-root-region-scan-start]
218929.691: [GC concurrent-root-region-scan-end, 0.0561538 secs]
218929.691: [GC concurrent-mark-start]
218970.563: [GC concurrent-mark-end, 40.8723604 secs]
218970.565: [GC remark, 0.1749788 secs]
218970.742: [GC cleanup 15566M->15566M(20480M), 0.0482578 secs]
219106.521: [GC pause (G1 Evacuation Pause) (young) 18313M->14993M(20480M), 0.0918117 secs]
219272.724: [GC pause (G1 Evacuation Pause) (young) 18313M->15041M(20480M), 0.0863921 secs]
219449.196: [GC pause (G1 Evacuation Pause) (young) (initial-mark) 18289M->14989M(20480M), 0.1023094 secs]
219449.299: [GC concurrent-root-region-scan-start]
219449.348: [GC concurrent-root-region-scan-end, 0.0490326 secs]
219449.348: [GC concurrent-mark-start]
219490.221: [GC concurrent-mark-end, 40.8729297 secs]
219490.223: [GC remark, 0.1703736 secs]
219490.396: [GC cleanup 15717M->15717M(20480M), 0.0471057 secs]
219626.565: [GC pause (G1 Evacuation Pause) (young) 18325M->15009M(20480M), 0.1120533 secs]
219814.213: [GC pause (G1 Evacuation Pause) (young) 18321M->14993M(20480M), 0.1107859 secs]
220001.708: [GC pause (G1 Evacuation Pause) (young) (initial-mark) 18337M->14989M(20480M), 0.1344320 secs]
220001.843: [GC concurrent-root-region-scan-start]
220001.890: [GC concurrent-root-region-scan-end, 0.0474054 secs]
220001.890: [GC concurrent-mark-start]
220044.380: [GC concurrent-mark-end, 42.4899915 secs]
220044.382: [GC remark, 0.1565756 secs]
220044.540: [GC cleanup 15750M->15750M(20480M), 0.0445445 secs]
220190.002: [GC pause (G1 Evacuation Pause) (young) 18349M->14993M(20480M), 0.1060897 secs]
220387.567: [GC pause (G1 Evacuation Pause) (young) 18337M->14993M(20480M), 0.1030989 secs]
220564.611: [GC pause (G1 Evacuation Pause) (young) (initial-mark) 18337M->14989M(20480M), 0.0988833 secs]
220564.710: [GC concurrent-root-region-scan-start]
220564.764: [GC concurrent-root-region-scan-end, 0.0545561 secs]
220564.764: [GC concurrent-mark-start]
220609.279: [GC concurrent-mark-end, 44.5144163 secs]
220609.280: [GC remark, 0.1574175 secs]
220609.440: [GC cleanup 15833M->15833M(20480M), 0.0489709 secs]
220762.595: [GC pause (G1 Evacuation Pause) (young) 18349M->14997M(20480M), 0.0921346 secs]
220939.810: [GC pause (G1 Evacuation Pause) (young) 18341M->14997M(20480M), 0.0912467 secs]
221126.970: [GC pause (G1 Evacuation Pause) (young) (initial-mark) 18341M->15001M(20480M), 0.0974973 secs]
221127.068: [GC concurrent-root-region-scan-start]
221127.161: [GC concurrent-root-region-scan-end, 0.0928171 secs]
221127.161: [GC concurrent-mark-start]
221169.508: [GC concurrent-mark-end, 42.3477720 secs]
221169.510: [GC remark, 0.1545033 secs]
221169.666: [GC cleanup 15801M->15801M(20480M), 0.0440136 secs]
221325.095: [GC pause (G1 Evacuation Pause) (young) 18337M->14997M(20480M), 0.1262092 secs]
221502.373: [GC pause (G1 Evacuation Pause) (young) 18349M->14994M(20480M), 0.0973993 secs]
221689.789: [GC pause (G1 Evacuation Pause) (young) (initial-mark) 18354M->15003M(20480M), 0.0868061 secs]
221689.876: [GC concurrent-root-region-scan-start]
221689.968: [GC concurrent-root-region-scan-end, 0.0920245 secs]
221689.968: [GC concurrent-mark-start]
221733.534: [GC concurrent-mark-end, 43.5653238 secs]
221733.535: [GC remark, 0.1505509 secs]
221733.688: [GC cleanup 15848M->15800M(20480M), 0.0448132 secs]
221733.733: [GC concurrent-cleanup-start]
221733.733: [GC concurrent-cleanup-end, 0.0000325 secs]
221887.376: [GC pause (G1 Evacuation Pause) (young) 18299M->14947M(20480M), 0.0869515 secs]
222064.321: [GC pause (G1 Evacuation Pause) (young) 18371M->14955M(20480M), 0.1004077 secs]
222272.055: [GC pause (G1 Evacuation Pause) (young) (initial-mark) 18363M->14955M(20480M), 0.0952077 secs]
222272.151: [GC concurrent-root-region-scan-start]
222272.193: [GC concurrent-root-region-scan-end, 0.0419733 secs]
222272.193: [GC concurrent-mark-start]
222313.842: [GC concurrent-mark-end, 41.6490089 secs]
222313.844: [GC remark, 0.1606191 secs]
222314.006: [GC cleanup 15851M->15851M(20480M), 0.0488311 secs]
222459.912: [GC pause (G1 Evacuation Pause) (young) 18363M->14951M(20480M), 0.0908080 secs]
222647.243: [GC pause (G1 Evacuation Pause) (young) 18359M->14951M(20480M), 0.1045698 secs]
222819.355: [GC pause (G1 Evacuation Pause) (young) (initial-mark) 18359M->15019M(20480M), 0.1051213 secs]
222819.460: [GC concurrent-root-region-scan-start]
222819.505: [GC concurrent-root-region-scan-end, 0.0450714 secs]
222819.505: [GC concurrent-mark-start]
222861.096: [GC concurrent-mark-end, 41.5909994 secs]
222861.098: [GC remark, 0.1503984 secs]
222861.250: [GC cleanup 15926M->15926M(20480M), 0.0433869 secs]
222929.417: [GC pause (G1 Evacuation Pause) (young)-- 19515M->19361M(20480M), 0.9915602 secs]
222940.744: [GC pause (G1 Evacuation Pause) (young)-- 19521M->19521M(20480M), 0.1365421 secs]
222940.883: [GC pause (G1 Evacuation Pause) (young) (initial-mark) 19521M->19521M(20480M), 0.0246460 secs]
222940.908: [GC concurrent-root-region-scan-start]
222940.908: [GC concurrent-root-region-scan-end, 0.0005904 secs]
222940.908: [GC concurrent-mark-start]
222940.912: [Full GC (Allocation Failure)  19521M->16909M(20480M), 49.1500770 secs]
222990.065: [GC concurrent-mark-abort]
223042.140: [GC pause (G1 Evacuation Pause) (young) 17933M->16926M(20480M), 0.0480074 secs]
223104.425: [GC pause (G1 Evacuation Pause) (young) (initial-mark) 17926M->16929M(20480M), 0.0398436 secs]
223104.465: [GC concurrent-root-region-scan-start]
223104.478: [GC concurrent-root-region-scan-end, 0.0130094 secs]
223104.478: [GC concurrent-mark-start]
223145.836: [GC concurrent-mark-end, 41.3582111 secs]
223145.840: [GC remark, 0.1872439 secs]
223146.029: [GC cleanup 17697M->16033M(20480M), 0.0531542 secs]
223146.083: [GC concurrent-cleanup-start]
223146.084: [GC concurrent-cleanup-end, 0.0011328 secs]
223156.572: [GC pause (G1 Evacuation Pause) (young) 16265M->15268M(20480M), 0.0383444 secs]
223281.746: [GC pause (G1 Evacuation Pause) (young) 18164M->15294M(20480M), 0.0721388 secs]
223448.260: [GC pause (G1 Evacuation Pause) (young) (initial-mark) 18174M->15301M(20480M), 0.0836316 secs]
223448.344: [GC concurrent-root-region-scan-start]
223448.388: [GC concurrent-root-region-scan-end, 0.0442355 secs]
223448.388: [GC concurrent-mark-start]
223489.828: [GC concurrent-mark-end, 41.4399086 secs]
223489.829: [GC remark, 0.1511707 secs]
223489.982: [GC cleanup 16225M->16225M(20480M), 0.0450692 secs]
223508.303: [GC pause (G1 Humongous Allocation) (young)-- 19591M->19525M(20480M), 5.1687778 secs]
223513.710: [GC pause (G1 Humongous Allocation) (young) (initial-mark)-- 19645M->19741M(20480M), 0.3874643 secs]
223514.098: [GC concurrent-root-region-scan-start]
223514.112: [GC pause (G1 Humongous Allocation) (young)223514.112: [GC concurrent-root-region-scan-end, 0.0141663 secs]
223514.112: [GC concurrent-mark-start]
-- 19749M->19765M(20480M), 0.0654300 secs]
223514.180: [Full GC (Allocation Failure)  19765M->17382M(20480M), 47.9003192 secs]
223562.081: [GC concurrent-mark-abort]
223562.443: [GC pause (G1 Humongous Allocation) (young) (initial-mark) 17536M->17434M(20480M), 0.0309670 secs]
223562.475: [GC concurrent-root-region-scan-start]
223562.485: [GC concurrent-root-region-scan-end, 0.0103670 secs]
223562.485: [GC concurrent-mark-start]
223573.448: [GC pause (G1 Humongous Allocation) (young)-- 19330M->19382M(20480M), 1.2247870 secs]
223574.931: [GC pause (G1 Humongous Allocation) (young)-- 19427M->19486M(20480M), 0.5253096 secs]
223575.466: [Full GC (Allocation Failure)  19486M->16586M(20480M), 44.2943409 secs]
223619.764: [GC concurrent-mark-abort]
223620.008: [GC pause (G1 Humongous Allocation) (young) (initial-mark) 16762M->16682M(20480M), 0.0500794 secs]
223620.059: [GC concurrent-root-region-scan-start]
223620.077: [GC concurrent-root-region-scan-end, 0.0184253 secs]
223620.077: [GC concurrent-mark-start]
223661.196: [GC concurrent-mark-end, 41.1194785 secs]
223661.198: [GC remark, 0.1608293 secs]
223661.361: [GC cleanup 17366M->17238M(20480M), 0.0444898 secs]
223661.406: [GC concurrent-cleanup-start]
223661.406: [GC concurrent-cleanup-end, 0.0000847 secs]
223672.300: [GC pause (G1 Evacuation Pause) (young) 17578M->16598M(20480M), 0.0508036 secs]
223734.403: [GC pause (G1 Evacuation Pause) (young) 17630M->16570M(20480M), 0.0486094 secs]
223786.574: [GC pause (G1 Evacuation Pause) (young) (initial-mark) 17546M->16570M(20480M), 0.0835280 secs]
223786.658: [GC concurrent-root-region-scan-start]
223786.846: [GC concurrent-root-region-scan-end, 0.1878657 secs]
223786.846: [GC concurrent-mark-start]
223828.625: [GC pause (G1 Evacuation Pause) (young) 17546M->16574M(20480M), 0.0579707 secs]
223830.400: [GC concurrent-mark-end, 43.5538559 secs]
223830.402: [GC remark, 0.1933590 secs]
223830.597: [GC cleanup 16619M->15619M(20480M), 0.0597015 secs]
223830.658: [GC concurrent-cleanup-start]
223830.659: [GC concurrent-cleanup-end, 0.0006161 secs]
223891.197: [GC pause (G1 Evacuation Pause) (young) 16782M->15590M(20480M), 0.0606975 secs]
223974.740: [GC pause (G1 Evacuation Pause) (young) 17086M->15594M(20480M), 0.0858648 secs]
224078.800: [GC pause (G1 Evacuation Pause) (young) (initial-mark) 17338M->15590M(20480M), 0.0705373 secs]
224078.871: [GC concurrent-root-region-scan-start]
224078.923: [GC concurrent-root-region-scan-end, 0.0520878 secs]
224078.923: [GC concurrent-mark-start]
224121.803: [GC concurrent-mark-end, 42.8803858 secs]
224121.805: [GC remark, 0.1928898 secs]
224122.000: [GC cleanup 16693M->16693M(20480M), 0.0727891 secs]
224193.488: [GC pause (G1 Evacuation Pause) (young) 17886M->15594M(20480M), 0.0803265 secs]
224339.063: [GC pause (G1 Evacuation Pause) (young) 18034M->15598M(20480M), 0.0926219 secs]
224464.274: [GC pause (G1 Evacuation Pause) (young) (initial-mark) 18078M->15594M(20480M), 0.0831504 secs]
224464.357: [GC concurrent-root-region-scan-start]
224464.413: [GC concurrent-root-region-scan-end, 0.0559892 secs]
224464.413: [GC concurrent-mark-start]
224505.912: [GC concurrent-mark-end, 41.4985747 secs]
224505.916: [GC remark, 0.2150886 secs]
224506.133: [GC cleanup 16258M->16258M(20480M), 0.0577515 secs]
224610.394: [GC pause (G1 Evacuation Pause) (young) 18114M->15594M(20480M), 0.1020621 secs]
224755.824: [GC pause (G1 Evacuation Pause) (young) 18138M->15594M(20480M), 0.1108241 secs]
224901.751: [GC pause (G1 Evacuation Pause) (young) (initial-mark) 18162M->15594M(20480M), 0.1032065 secs]
224901.854: [GC concurrent-root-region-scan-start]
224901.910: [GC concurrent-root-region-scan-end, 0.0561333 secs]
224901.910: [GC concurrent-mark-start]
224942.706: [GC concurrent-mark-end, 40.7958848 secs]
224942.708: [GC remark, 0.1537881 secs]
224942.864: [GC cleanup 16136M->16136M(20480M), 0.0437090 secs]
225047.338: [GC pause (G1 Evacuation Pause) (young) 18186M->15590M(20480M), 0.0835042 secs]
225193.314: [GC pause (G1 Evacuation Pause) (young) 18190M->15595M(20480M), 0.0971268 secs]
225328.718: [GC pause (G1 Evacuation Pause) (young) (initial-mark) 18195M->15619M(20480M), 0.1079307 secs]
225328.826: [GC concurrent-root-region-scan-start]
225328.876: [GC concurrent-root-region-scan-end, 0.0496101 secs]
225328.876: [GC concurrent-mark-start]
225370.235: [GC concurrent-mark-end, 41.3589421 secs]
225370.236: [GC remark, 0.1559386 secs]
225370.394: [GC cleanup 16223M->15703M(20480M), 0.0459045 secs]
225370.441: [GC concurrent-cleanup-start]
225370.442: [GC concurrent-cleanup-end, 0.0018137 secs]
225484.701: [GC pause (G1 Evacuation Pause) (young) 17683M->15088M(20480M), 0.1260833 secs]
225661.985: [GC pause (G1 Evacuation Pause) (young) 18320M->15081M(20480M), 0.0963631 secs]
225849.458: [GC pause (G1 Evacuation Pause) (young) (initial-mark) 18329M->15094M(20480M), 0.1044591 secs]
225849.562: [GC concurrent-root-region-scan-start]
225849.668: [GC concurrent-root-region-scan-end, 0.1052020 secs]
225849.668: [GC concurrent-mark-start]
225891.257: [GC concurrent-mark-end, 41.5895316 secs]
225891.260: [GC remark, 0.1507112 secs]
225891.412: [GC cleanup 16030M->15998M(20480M), 0.0441266 secs]
225891.457: [GC concurrent-cleanup-start]
225891.457: [GC concurrent-cleanup-end, 0.0001629 secs]
226026.665: [GC pause (G1 Evacuation Pause) (young) 18310M->15058M(20480M), 0.0850900 secs]
226213.793: [GC pause (G1 Evacuation Pause) (young) 18354M->15066M(20480M), 0.0913971 secs]
226390.929: [GC pause (G1 Evacuation Pause) (young) (initial-mark) 18346M->15074M(20480M), 0.0876775 secs]
226391.017: [GC concurrent-root-region-scan-start]
226391.061: [GC concurrent-root-region-scan-end, 0.0442534 secs]
226391.061: [GC concurrent-mark-start]
226432.572: [GC concurrent-mark-end, 41.5108155 secs]
226432.574: [GC remark, 0.1580016 secs]
226432.733: [GC cleanup 16198M->16198M(20480M), 0.0475426 secs]
226537.028: [GC pause (G1 Evacuation Pause) (young) 18338M->15054M(20480M), 0.0719741 secs]
226734.551: [GC pause (G1 Evacuation Pause) (young) 18358M->15059M(20480M), 0.0921992 secs]
226911.622: [GC pause (G1 Evacuation Pause) (young) (initial-mark) 18355M->15055M(20480M), 0.0811890 secs]
226911.703: [GC concurrent-root-region-scan-start]
226911.748: [GC concurrent-root-region-scan-end, 0.0441002 secs]
226911.748: [GC concurrent-mark-start]
226953.531: [GC concurrent-mark-end, 41.7838856 secs]
226953.533: [GC remark, 0.1527761 secs]
226953.689: [GC cleanup 15871M->15871M(20480M), 0.0481102 secs]
227089.142: [GC pause (G1 Evacuation Pause) (young) 18367M->15055M(20480M), 0.0847847 secs]
227286.814: [GC pause (G1 Evacuation Pause) (young) 18367M->15063M(20480M), 0.0866849 secs]
227463.694: [GC pause (G1 Evacuation Pause) (young) (initial-mark) 18359M->15059M(20480M), 0.0870739 secs]
227463.781: [GC concurrent-root-region-scan-start]
227463.824: [GC concurrent-root-region-scan-end, 0.0426463 secs]
227463.824: [GC concurrent-mark-start]
227505.813: [GC concurrent-mark-end, 41.9892413 secs]
227505.815: [GC remark, 0.2021373 secs]
227506.023: [GC cleanup 15803M->15803M(20480M), 0.0676206 secs]
227661.413: [GC pause (G1 Evacuation Pause) (young) 18355M->15059M(20480M), 0.0826052 secs]
227838.469: [GC pause (G1 Evacuation Pause) (young) 18355M->15055M(20480M), 0.0769952 secs]
228015.282: [GC pause (G1 Evacuation Pause) (young) (initial-mark) 18367M->15067M(20480M), 0.1659327 secs]
228015.449: [GC concurrent-root-region-scan-start]
228015.544: [GC concurrent-root-region-scan-end, 0.0956597 secs]
228015.544: [GC concurrent-mark-start]
228058.606: [GC concurrent-mark-end, 43.0615605 secs]
228058.608: [GC remark, 0.1728510 secs]
228058.783: [GC cleanup 15871M->15871M(20480M), 0.0844501 secs]
228204.119: [GC pause (G1 Evacuation Pause) (young) 18347M->15059M(20480M), 0.0943638 secs]
228390.051: [GC pause (G1 Evacuation Pause) (young) 18355M->15063M(20480M), 0.0991970 secs]
228586.275: [GC pause (G1 Evacuation Pause) (young) (initial-mark) 18359M->15055M(20480M), 0.1277304 secs]
228586.403: [GC concurrent-root-region-scan-start]
228586.549: [GC concurrent-root-region-scan-end, 0.1459690 secs]
228586.549: [GC concurrent-mark-start]
228630.701: [GC concurrent-mark-end, 44.1526137 secs]
228630.703: [GC remark, 0.2087788 secs]
228630.915: [GC cleanup 16130M->16130M(20480M), 0.0649358 secs]
228743.722: [GC pause (G1 Evacuation Pause) (young) 18367M->15059M(20480M), 0.0886081 secs]
228920.740: [GC pause (G1 Evacuation Pause) (young) 18355M->15071M(20480M), 0.1153710 secs]
229118.275: [GC pause (G1 Evacuation Pause) (young) (initial-mark) 18351M->15063M(20480M), 0.0877399 secs]
229118.363: [GC concurrent-root-region-scan-start]
229118.413: [GC concurrent-root-region-scan-end, 0.0493657 secs]
229118.413: [GC concurrent-mark-start]
229160.285: [GC concurrent-mark-end, 41.8727284 secs]
229160.287: [GC remark, 0.1744789 secs]
229160.464: [GC cleanup 15859M->15859M(20480M), 0.0444409 secs]
229295.095: [GC pause (G1 Evacuation Pause) (young) 18359M->15059M(20480M), 0.1349066 secs]
229485.970: [GC pause (G1 Evacuation Pause) (young) 18355M->15067M(20480M), 0.1226432 secs]
229669.488: [GC pause (G1 Evacuation Pause) (young) (initial-mark) 18347M->15055M(20480M), 0.0866049 secs]
229669.574: [GC concurrent-root-region-scan-start]
229669.616: [GC concurrent-root-region-scan-end, 0.0418591 secs]
229669.616: [GC concurrent-mark-start]
229710.985: [GC concurrent-mark-end, 41.3683026 secs]
229710.986: [GC remark, 0.1557537 secs]
229711.149: [GC cleanup 15671M->15671M(20480M), 0.0481068 secs]
229846.894: [GC pause (G1 Evacuation Pause) (young) 18367M->15071M(20480M), 0.0972568 secs]
230017.088: [GC pause (G1 Evacuation Pause) (young) 18351M->15115M(20480M), 0.1091605 secs]
230096.802: [GC pause (G1 Humongous Allocation) (young) (initial-mark) 16932M->15087M(20480M), 0.0771564 secs]
230096.879: [GC concurrent-root-region-scan-start]
230096.937: [GC concurrent-root-region-scan-end, 0.0584700 secs]
230096.937: [GC concurrent-mark-start]
230140.334: [GC concurrent-mark-end, 43.3966889 secs]
230140.336: [GC remark, 0.1524719 secs]
230140.490: [GC cleanup 18147M->18147M(20480M), 0.0453392 secs]
230221.424: [GC pause (G1 Evacuation Pause) (young)-- 19511M->17650M(20480M), 0.8405364 secs]
230284.640: [GC pause (G1 Evacuation Pause) (young) 18674M->17673M(20480M), 0.0435986 secs]
230346.921: [GC pause (G1 Evacuation Pause) (young) (initial-mark) 18673M->17668M(20480M), 0.0421361 secs]
230346.964: [GC concurrent-root-region-scan-start]
230346.978: [GC concurrent-root-region-scan-end, 0.0141771 secs]
230346.978: [GC concurrent-mark-start]
230387.980: [GC concurrent-mark-end, 41.0026383 secs]
230387.982: [GC remark, 0.2416654 secs]
230388.226: [GC cleanup 18545M->18289M(20480M), 0.0767053 secs]
230388.303: [GC concurrent-cleanup-start]
230388.303: [GC concurrent-cleanup-end, 0.0001830 secs]
230388.901: [GC pause (G1 Evacuation Pause) (young) 18412M->17412M(20480M), 0.0523399 secs]
230441.118: [GC pause (G1 Evacuation Pause) (mixed) 18412M->15933M(20480M), 0.0493673 secs]
230586.592: [GC pause (G1 Evacuation Pause) (young) 18341M->15926M(20480M), 0.0780496 secs]
230696.950: [GC pause (G1 Humongous Allocation) (young) (initial-mark) 18020M->15922M(20480M), 0.1048886 secs]
230697.055: [GC concurrent-root-region-scan-start]
230697.120: [GC concurrent-root-region-scan-end, 0.0646466 secs]
230697.120: [GC concurrent-mark-start]
230707.753: [GC pause (G1 Humongous Allocation) (young)-- 19636M->19754M(20480M), 5.2138459 secs]
230712.969: [Full GC (Allocation Failure)  19754M->17827M(20480M), 45.7344326 secs]
230758.704: [GC concurrent-mark-abort]
230759.729: [GC pause (G1 Humongous Allocation) (young) (initial-mark) 18061M->17891M(20480M), 0.0556666 secs]
230759.785: [GC concurrent-root-region-scan-start]
230759.805: [GC concurrent-root-region-scan-end, 0.0203267 secs]
230759.805: [GC concurrent-mark-start]
230779.666: [GC pause (G1 Evacuation Pause) (young)-- 19499M->19499M(20480M), 2.6471302 secs]
230782.315: [GC pause (G1 Evacuation Pause) (young) 19499M->19499M(20480M), 0.0962084 secs]
230782.413: [Full GC (Allocation Failure)  19499M->16340M(20480M), 44.3139490 secs]
230826.738: [GC concurrent-mark-abort]
230920.775: [GC pause (G1 Evacuation Pause) (young) 17964M->16355M(20480M), 0.0606087 secs]
231003.992: [GC pause (G1 Evacuation Pause) (young) (initial-mark) 17987M->16372M(20480M), 0.0701491 secs]
231004.062: [GC concurrent-root-region-scan-start]
231004.083: [GC concurrent-root-region-scan-end, 0.0211479 secs]
231004.083: [GC concurrent-mark-start]
231048.037: [GC concurrent-mark-end, 43.9541548 secs]
231048.039: [GC remark, 0.1663873 secs]
231048.209: [GC cleanup 17228M->15884M(20480M), 0.0476425 secs]
231048.257: [GC concurrent-cleanup-start]
231048.258: [GC concurrent-cleanup-end, 0.0007106 secs]
231098.079: [GC pause (G1 Evacuation Pause) (young) 16660M->15040M(20480M), 0.0594825 secs]
231285.570: [GC pause (G1 Evacuation Pause) (young) 18304M->15048M(20480M), 0.1336537 secs]
231462.560: [GC pause (G1 Evacuation Pause) (young) (initial-mark) 18320M->15044M(20480M), 0.0842605 secs]
231462.644: [GC concurrent-root-region-scan-start]
231462.731: [GC concurrent-root-region-scan-end, 0.0862122 secs]
231462.731: [GC concurrent-mark-start]
231503.632: [GC concurrent-mark-end, 40.9008638 secs]
231503.633: [GC remark, 0.1523429 secs]
231503.787: [GC cleanup 15713M->15705M(20480M), 0.0476227 secs]
231503.835: [GC concurrent-cleanup-start]
231503.835: [GC concurrent-cleanup-end, 0.0000120 secs]
231639.394: [GC pause (G1 Evacuation Pause) (young) 18324M->15040M(20480M), 0.0966246 secs]
231816.491: [GC pause (G1 Evacuation Pause) (young) 18336M->15048M(20480M), 0.0885337 secs]
232003.548: [GC pause (G1 Evacuation Pause) (young) (initial-mark) 18344M->15036M(20480M), 0.0869030 secs]
232003.635: [GC concurrent-root-region-scan-start]
232003.724: [GC concurrent-root-region-scan-end, 0.0891561 secs]
232003.724: [GC concurrent-mark-start]
232045.039: [GC concurrent-mark-end, 41.3153656 secs]
232045.041: [GC remark, 0.2238796 secs]
232045.267: [GC cleanup 15636M->15636M(20480M), 0.0626625 secs]
232190.931: [GC pause (G1 Evacuation Pause) (young) 18356M->15048M(20480M), 0.0908620 secs]
232378.269: [GC pause (G1 Evacuation Pause) (young) 18344M->15036M(20480M), 0.0935080 secs]
232555.179: [GC pause (G1 Evacuation Pause) (young) (initial-mark) 18364M->15040M(20480M), 0.1386463 secs]
232555.325: [GC concurrent-root-region-scan-start]
232555.374: [GC concurrent-root-region-scan-end, 0.0495369 secs]
232555.374: [GC concurrent-mark-start]
232596.892: [GC concurrent-mark-end, 41.5178350 secs]
232596.894: [GC remark, 0.1530609 secs]
232597.049: [GC cleanup 15704M->15704M(20480M), 0.0442286 secs]
232753.149: [GC pause (G1 Evacuation Pause) (young) 18352M->15040M(20480M), 0.0839882 secs]
232930.200: [GC pause (G1 Evacuation Pause) (young) 18352M->15036M(20480M), 0.0820049 secs]
233117.380: [GC pause (G1 Evacuation Pause) (young) (initial-mark) 18364M->15040M(20480M), 0.0852818 secs]
233117.466: [GC concurrent-root-region-scan-start]
233117.505: [GC concurrent-root-region-scan-end, 0.0393545 secs]
233117.505: [GC concurrent-mark-start]
233159.426: [GC concurrent-mark-end, 41.9210037 secs]
233159.429: [GC remark, 0.2275157 secs]
233159.667: [GC cleanup 15872M->15872M(20480M), 0.0715091 secs]
233315.347: [GC pause (G1 Evacuation Pause) (young) 18352M->15040M(20480M), 0.1128199 secs]
233492.407: [GC pause (G1 Evacuation Pause) (young) 18352M->15037M(20480M), 0.0869162 secs]
233648.761: [GC pause (G1 Evacuation Pause) (young) (initial-mark) 18357M->15117M(20480M), 0.0890321 secs]
233648.850: [GC concurrent-root-region-scan-start]
233648.915: [GC concurrent-root-region-scan-end, 0.0646205 secs]
233648.915: [GC concurrent-mark-start]
233690.382: [GC concurrent-mark-end, 41.4672234 secs]
233690.384: [GC remark, 0.1531702 secs]
233690.539: [GC cleanup 15966M->15934M(20480M), 0.0481906 secs]
233690.587: [GC concurrent-cleanup-start]
233690.587: [GC concurrent-cleanup-end, 0.0000252 secs]
233816.041: [GC pause (G1 Evacuation Pause) (young) 18245M->15005M(20480M), 0.1059783 secs]
234003.022: [GC pause (G1 Evacuation Pause) (young) 18349M->15017M(20480M), 0.0871325 secs]
234190.471: [GC pause (G1 Evacuation Pause) (young) (initial-mark) 18345M->15009M(20480M), 0.0895870 secs]
234190.560: [GC concurrent-root-region-scan-start]
234190.611: [GC concurrent-root-region-scan-end, 0.0501255 secs]
234190.611: [GC concurrent-mark-start]
234232.023: [GC concurrent-mark-end, 41.4121521 secs]
234232.025: [GC remark, 0.1623943 secs]
234232.189: [GC cleanup 15641M->15641M(20480M), 0.0495739 secs]
234378.192: [GC pause (G1 Evacuation Pause) (young) 18353M->15009M(20480M), 0.0843347 secs]
234575.763: [GC pause (G1 Evacuation Pause) (young) 18353M->15009M(20480M), 0.1387723 secs]
234753.331: [GC pause (G1 Evacuation Pause) (young) (initial-mark) 18353M->15010M(20480M), 0.1038794 secs]
234753.435: [GC concurrent-root-region-scan-start]
234753.478: [GC concurrent-root-region-scan-end, 0.0425204 secs]
234753.478: [GC concurrent-mark-start]
234794.691: [GC concurrent-mark-end, 41.2132942 secs]
234794.693: [GC remark, 0.1822901 secs]
234794.877: [GC cleanup 15606M->15606M(20480M), 0.0739044 secs]
234930.441: [GC pause (G1 Evacuation Pause) (young) 18354M->15006M(20480M), 0.0835758 secs]
235128.071: [GC pause (G1 Evacuation Pause) (young) 18366M->15010M(20480M), 0.0834112 secs]
235305.048: [GC pause (G1 Evacuation Pause) (young) (initial-mark) 18354M->15002M(20480M), 0.1023323 secs]
235305.157: [GC concurrent-root-region-scan-start]
235305.203: [GC concurrent-root-region-scan-end, 0.0453955 secs]
235305.203: [GC concurrent-mark-start]
235346.212: [GC concurrent-mark-end, 41.0090298 secs]
235346.214: [GC remark, 0.1823917 secs]
235346.398: [GC cleanup 15555M->15555M(20480M), 0.0664016 secs]
235492.218: [GC pause (G1 Evacuation Pause) (young) 18362M->15002M(20480M), 0.0834121 secs]
235689.797: [GC pause (G1 Evacuation Pause) (young) 18362M->15014M(20480M), 0.0902407 secs]
235866.869: [GC pause (G1 Evacuation Pause) (young) (initial-mark) 18358M->15010M(20480M), 0.0968153 secs]
235866.966: [GC concurrent-root-region-scan-start]
235867.013: [GC concurrent-root-region-scan-end, 0.0474295 secs]
235867.013: [GC concurrent-mark-start]
235911.050: [GC concurrent-mark-end, 44.0365898 secs]
235911.051: [GC remark, 0.1753873 secs]
235911.229: [GC cleanup 15750M->15750M(20480M), 0.0770936 secs]
236064.545: [GC pause (G1 Evacuation Pause) (young) 18354M->15014M(20480M), 0.1218857 secs]
236241.514: [GC pause (G1 Evacuation Pause) (young) 18358M->15006M(20480M), 0.0937454 secs]
236428.634: [GC pause (G1 Evacuation Pause) (young) (initial-mark) 18366M->15026M(20480M), 0.1310774 secs]
236428.766: [GC concurrent-root-region-scan-start]
236428.835: [GC concurrent-root-region-scan-end, 0.0689756 secs]
236428.835: [GC concurrent-mark-start]
236471.465: [GC concurrent-mark-end, 42.6298028 secs]
236471.466: [GC remark, 0.1661217 secs]
236471.634: [GC cleanup 15831M->15831M(20480M), 0.0542539 secs]
236626.291: [GC pause (G1 Evacuation Pause) (young) 18338M->15010M(20480M), 0.0988445 secs]
236803.488: [GC pause (G1 Evacuation Pause) (young) 18354M->15006M(20480M), 0.0961651 secs]
236999.322: [GC pause (G1 Evacuation Pause) (young) (initial-mark) 18366M->15014M(20480M), 0.0972884 secs]
236999.420: [GC concurrent-root-region-scan-start]
236999.469: [GC concurrent-root-region-scan-end, 0.0495293 secs]
236999.469: [GC concurrent-mark-start]
237044.261: [GC concurrent-mark-end, 44.7913557 secs]
237044.262: [GC remark, 0.2902255 secs]
237044.562: [GC cleanup 15980M->15980M(20480M), 0.1791422 secs]
237183.742: [GC pause (G1 Evacuation Pause) (young) 18358M->15026M(20480M), 0.1007530 secs]
237296.846: [GC pause (G1 Humongous Allocation) (young) (initial-mark) 17747M->15022M(20480M), 0.0812687 secs]
237296.927: [GC concurrent-root-region-scan-start]
237296.973: [GC concurrent-root-region-scan-end, 0.0460020 secs]
237296.973: [GC concurrent-mark-start]
237340.679: [GC concurrent-mark-end, 43.7056358 secs]
237340.681: [GC remark, 0.1586141 secs]
237340.841: [GC cleanup 17966M->17966M(20480M), 0.0451095 secs]
237428.081: [GC pause (G1 Evacuation Pause) (young)-- 19510M->17708M(20480M), 0.8794992 secs]
237491.251: [GC pause (G1 Evacuation Pause) (young) 18732M->17730M(20480M), 0.0482634 secs]
237553.479: [GC pause (G1 Evacuation Pause) (young) (initial-mark) 18730M->17726M(20480M), 0.0381891 secs]
237553.517: [GC concurrent-root-region-scan-start]
237553.529: [GC concurrent-root-region-scan-end, 0.0122793 secs]
237553.529: [GC concurrent-mark-start]
237594.108: [GC concurrent-mark-end, 40.5790309 secs]
237594.110: [GC remark, 0.1987574 secs]
237594.310: [GC cleanup 18557M->17789M(20480M), 0.0468683 secs]
237594.358: [GC concurrent-cleanup-start]
237594.358: [GC concurrent-cleanup-end, 0.0004051 secs]
237595.360: [GC pause (G1 Evacuation Pause) (young) 17958M->16959M(20480M), 0.0768040 secs]
237647.504: [GC pause (G1 Evacuation Pause) (mixed) 17959M->15919M(20480M), 0.0451612 secs]
237792.921: [GC pause (G1 Evacuation Pause) (young) 18343M->15924M(20480M), 0.0704413 secs]
237896.993: [GC pause (G1 Humongous Allocation) (young) (initial-mark) 17894M->15920M(20480M), 0.0806684 secs]
237897.074: [GC concurrent-root-region-scan-start]
237897.186: [GC concurrent-root-region-scan-end, 0.1116233 secs]
237897.186: [GC concurrent-mark-start]
237908.609: [GC pause (G1 Humongous Allocation) (young)-- 19461M->19633M(20480M), 2.8196985 secs]
237911.448: [Full GC (Allocation Failure)  19633M->17585M(20480M), 50.4154584 secs]
237961.865: [GC concurrent-mark-abort]
237961.887: [GC pause (G1 Humongous Allocation) (young) (initial-mark) 17623M->17633M(20480M), 0.0305344 secs]
237961.918: [GC concurrent-root-region-scan-start]
237961.931: [GC concurrent-root-region-scan-end, 0.0126405 secs]
237961.931: [GC concurrent-mark-start]
237972.565: [GC pause (G1 Evacuation Pause) (young)-- 19505M->19505M(20480M), 2.6341913 secs]
237975.210: [GC pause (G1 Evacuation Pause) (young) 19505M->19505M(20480M), 0.1827452 secs]
237975.394: [GC pause (G1 Evacuation Pause) (young) 19505M->19505M(20480M), 0.0590964 secs]
237975.455: [GC pause (G1 Evacuation Pause) (young) 19505M->19505M(20480M), 0.0502542 secs]
237975.508: [Full GC (Allocation Failure)  19505M->16612M(20480M), 44.2343923 secs]
238019.749: [GC concurrent-mark-abort]
238082.061: [GC pause (G1 Evacuation Pause) (young) 17636M->16622M(20480M), 0.0556126 secs]
238134.324: [GC pause (G1 Evacuation Pause) (young) (initial-mark) 17630M->16629M(20480M), 0.0432542 secs]
238134.368: [GC concurrent-root-region-scan-start]
238134.381: [GC concurrent-root-region-scan-end, 0.0136772 secs]
238134.381: [GC concurrent-mark-start]
238175.715: [GC concurrent-mark-end, 41.3334435 secs]
238175.719: [GC remark, 0.2101504 secs]
238175.938: [GC cleanup 17249M->15873M(20480M), 0.1233483 secs]
238176.062: [GC concurrent-cleanup-start]
238176.063: [GC concurrent-cleanup-end, 0.0008641 secs]
238186.737: [GC pause (G1 Evacuation Pause) (young) 16253M->15264M(20480M), 0.0421272 secs]
238238.671: [GC pause (G1 Evacuation Pause) (young) 16256M->15276M(20480M), 0.0458081 secs]
238290.870: [GC pause (G1 Evacuation Pause) (young) (initial-mark) 16260M->15272M(20480M), 0.0441112 secs]
238290.914: [GC concurrent-root-region-scan-start]
238290.943: [GC concurrent-root-region-scan-end, 0.0287622 secs]
238290.943: [GC concurrent-mark-start]
238332.134: [GC concurrent-mark-end, 41.1914780 secs]
238332.136: [GC remark, 0.1748275 secs]
238332.314: [GC cleanup 15831M->15831M(20480M), 0.0505824 secs]
238353.460: [GC pause (G1 Evacuation Pause) (young) 16256M->15276M(20480M), 0.0442537 secs]
238415.798: [GC pause (G1 Evacuation Pause) (young) 16260M->15276M(20480M), 0.0577340 secs]
238468.151: [GC pause (G1 Evacuation Pause) (young) (initial-mark) 16260M->15272M(20480M), 0.0467619 secs]
238468.198: [GC concurrent-root-region-scan-start]
238468.225: [GC concurrent-root-region-scan-end, 0.0268264 secs]
238468.225: [GC concurrent-mark-start]
238509.815: [GC pause (G1 Evacuation Pause) (young) 16256M->15312M(20480M), 0.0726996 secs]
238510.738: [GC concurrent-mark-end, 42.5131769 secs]
238510.740: [GC remark, 0.2050439 secs]
238510.947: [GC cleanup 15370M->15370M(20480M), 0.0494982 secs]
238561.742: [GC pause (G1 Evacuation Pause) (young) 16256M->15320M(20480M), 0.0529512 secs]
238613.847: [GC pause (G1 Evacuation Pause) (young) 16256M->15286M(20480M), 0.0456937 secs]
238676.032: [GC pause (G1 Evacuation Pause) (young) (initial-mark) 16262M->15282M(20480M), 0.0533487 secs]
238676.086: [GC concurrent-root-region-scan-start]
238676.112: [GC concurrent-root-region-scan-end, 0.0263523 secs]
238676.112: [GC concurrent-mark-start]
238716.645: [GC concurrent-mark-end, 40.5324418 secs]
238716.646: [GC remark, 0.1548552 secs]
238716.803: [GC cleanup 15943M->15687M(20480M), 0.0448715 secs]
238716.848: [GC concurrent-cleanup-start]
238716.849: [GC concurrent-cleanup-end, 0.0001445 secs]
238728.388: [GC pause (G1 Evacuation Pause) (young) 16002M->15022M(20480M), 0.0484040 secs]
238832.480: [GC pause (G1 Evacuation Pause) (young) 16934M->15026M(20480M), 0.0681414 secs]
239020.027: [GC pause (G1 Evacuation Pause) (young) (initial-mark) 18298M->15038M(20480M), 0.0988824 secs]
239020.126: [GC concurrent-root-region-scan-start]
239020.165: [GC concurrent-root-region-scan-end, 0.0384673 secs]
239020.165: [GC concurrent-mark-start]
239061.550: [GC concurrent-mark-end, 41.3846995 secs]
239061.551: [GC remark, 0.1493507 secs]
239061.702: [GC cleanup 15682M->15682M(20480M), 0.0451886 secs]
239087.012: [GC pause (G1 Evacuation Pause) (young) 16294M->15038M(20480M), 0.0513151 secs]
239280.585: [GC pause (G1 Evacuation Pause) (young) 18326M->15042M(20480M), 0.0899983 secs]
239457.543: [GC pause (G1 Evacuation Pause) (young) (initial-mark) 18338M->15030M(20480M), 0.0864734 secs]
239457.630: [GC concurrent-root-region-scan-start]
239457.674: [GC concurrent-root-region-scan-end, 0.0446263 secs]
239457.674: [GC concurrent-mark-start]
239499.313: [GC concurrent-mark-end, 41.6388505 secs]
239499.315: [GC remark, 0.1558036 secs]
239499.472: [GC cleanup 15742M->15742M(20480M), 0.0462542 secs]
239647.368: [GC pause (G1 Evacuation Pause) (young) 18342M->15038M(20480M), 0.0900353 secs]
239832.119: [GC pause (G1 Evacuation Pause) (young) 18350M->15026M(20480M), 0.0863029 secs]
240009.124: [GC pause (G1 Evacuation Pause) (young) (initial-mark) 18346M->15046M(20480M), 0.1055570 secs]
240009.230: [GC concurrent-root-region-scan-start]
240009.286: [GC concurrent-root-region-scan-end, 0.0557928 secs]
240009.286: [GC concurrent-mark-start]
240051.565: [GC concurrent-mark-end, 42.2798158 secs]
240051.567: [GC remark, 0.1506111 secs]
240051.720: [GC cleanup 15894M->15894M(20480M), 0.0465651 secs]
240196.589: [GC pause (G1 Evacuation Pause) (young) 18342M->15034M(20480M), 0.0830884 secs]
240383.655: [GC pause (G1 Evacuation Pause) (young) 18346M->15030M(20480M), 0.0846196 secs]
240581.227: [GC pause (G1 Evacuation Pause) (young) (initial-mark) 18358M->15030M(20480M), 0.0926961 secs]
240581.320: [GC concurrent-root-region-scan-start]
240581.365: [GC concurrent-root-region-scan-end, 0.0452048 secs]
240581.365: [GC concurrent-mark-start]
240624.126: [GC concurrent-mark-end, 42.7600961 secs]
240624.128: [GC remark, 0.1767496 secs]
240624.306: [GC cleanup 16116M->16116M(20480M), 0.0484591 secs]
240758.429: [GC pause (G1 Evacuation Pause) (young) 18358M->15034M(20480M), 0.0823875 secs]
240904.150: [GC pause (G1 Evacuation Pause) (young) 18346M->15046M(20480M), 0.0897020 secs]
241091.453: [GC pause (G1 Evacuation Pause) (young) (initial-mark) 18342M->15030M(20480M), 0.0957792 secs]
241091.549: [GC concurrent-root-region-scan-start]
241091.598: [GC concurrent-root-region-scan-end, 0.0483225 secs]
241091.598: [GC concurrent-mark-start]
241133.399: [GC concurrent-mark-end, 41.8013538 secs]
241133.401: [GC remark, 0.1509399 secs]
241133.554: [GC cleanup 15782M->15782M(20480M), 0.0454144 secs]
241268.414: [GC pause (G1 Evacuation Pause) (young) 18358M->15030M(20480M), 0.0801841 secs]
241465.974: [GC pause (G1 Evacuation Pause) (young) 18358M->15046M(20480M), 0.0963330 secs]
241653.105: [GC pause (G1 Evacuation Pause) (young) (initial-mark) 18342M->15030M(20480M), 0.0889799 secs]
241653.194: [GC concurrent-root-region-scan-start]
241653.236: [GC concurrent-root-region-scan-end, 0.0419920 secs]
241653.236: [GC concurrent-mark-start]
241694.437: [GC concurrent-mark-end, 41.2009531 secs]
241694.440: [GC remark, 0.1584868 secs]
241694.600: [GC cleanup 15692M->15692M(20480M), 0.0470100 secs]
241830.517: [GC pause (G1 Evacuation Pause) (young) 18358M->15042M(20480M), 0.1008476 secs]
242027.999: [GC pause (G1 Evacuation Pause) (young) 18338M->15034M(20480M), 0.0875618 secs]
242205.049: [GC pause (G1 Evacuation Pause) (young) (initial-mark) 18346M->15030M(20480M), 0.1207888 secs]
242205.173: [GC concurrent-root-region-scan-start]
242205.222: [GC concurrent-root-region-scan-end, 0.0493651 secs]
242205.222: [GC concurrent-mark-start]
242247.603: [GC concurrent-mark-end, 42.3806171 secs]
242247.606: [GC remark, 0.1484505 secs]
242247.756: [GC cleanup 15858M->15858M(20480M), 0.0442337 secs]
242392.422: [GC pause (G1 Evacuation Pause) (young) 18358M->15034M(20480M), 0.0921630 secs]
242579.923: [GC pause (G1 Evacuation Pause) (young) 18346M->15038M(20480M), 0.0899652 secs]
242767.287: [GC pause (G1 Evacuation Pause) (young) (initial-mark) 18350M->15034M(20480M), 0.0929318 secs]
242767.380: [GC concurrent-root-region-scan-start]
242767.442: [GC concurrent-root-region-scan-end, 0.0617296 secs]
242767.442: [GC concurrent-mark-start]
242808.370: [GC concurrent-mark-end, 40.9281551 secs]
242808.372: [GC remark, 0.1495476 secs]
242808.523: [GC cleanup 15716M->15716M(20480M), 0.0447378 secs]
242955.219: [GC pause (G1 Evacuation Pause) (young) 18346M->15038M(20480M), 0.1416144 secs]
243132.357: [GC pause (G1 Evacuation Pause) (young) 18350M->15026M(20480M), 0.0857077 secs]
243319.250: [GC pause (G1 Evacuation Pause) (young) (initial-mark) 18354M->15050M(20480M), 0.1325716 secs]
243319.383: [GC concurrent-root-region-scan-start]
243319.440: [GC concurrent-root-region-scan-end, 0.0568094 secs]
243319.440: [GC concurrent-mark-start]
243364.675: [GC concurrent-mark-end, 45.2357011 secs]
243364.678: [GC remark, 0.1820028 secs]
243364.862: [GC cleanup 15923M->15923M(20480M), 0.0813544 secs]
243507.335: [GC pause (G1 Evacuation Pause) (young) 18330M->15039M(20480M), 0.0926028 secs]
243684.372: [GC pause (G1 Evacuation Pause) (young) 18351M->15027M(20480M), 0.0832167 secs]
243881.895: [GC pause (G1 Evacuation Pause) (young) (initial-mark) 18355M->15035M(20480M), 0.0854803 secs]
243881.981: [GC concurrent-root-region-scan-start]
243882.025: [GC concurrent-root-region-scan-end, 0.0445256 secs]
243882.025: [GC concurrent-mark-start]
243923.923: [GC concurrent-mark-end, 41.8982295 secs]
243923.925: [GC remark, 0.1578221 secs]
243924.085: [GC cleanup 15991M->15991M(20480M), 0.0433455 secs]
244068.883: [GC pause (G1 Evacuation Pause) (young) 18347M->15027M(20480M), 0.0806912 secs]
244246.234: [GC pause (G1 Evacuation Pause) (young) 18355M->15027M(20480M), 0.1358946 secs]
244416.234: [GC pause (G1 Evacuation Pause) (young) (initial-mark) 18355M->15083M(20480M), 0.1181928 secs]
244416.352: [GC concurrent-root-region-scan-start]
244416.394: [GC concurrent-root-region-scan-end, 0.0415118 secs]
244416.394: [GC concurrent-mark-start]
244459.416: [GC concurrent-mark-end, 43.0220085 secs]
244459.418: [GC remark, 0.1714508 secs]
244459.591: [GC cleanup 16011M->16011M(20480M), 0.0515670 secs]
244527.813: [GC pause (G1 Evacuation Pause) (young)-- 19499M->19348M(20480M), 1.1680504 secs]
244539.457: [GC pause (G1 Evacuation Pause) (young)-- 19508M->19508M(20480M), 0.1032828 secs]
244539.564: [GC pause (G1 Evacuation Pause) (young) (initial-mark) 19508M->19508M(20480M), 0.0336669 secs]
244539.599: [GC concurrent-root-region-scan-start]
244539.599: [GC concurrent-root-region-scan-end, 0.0007382 secs]
244539.599: [GC concurrent-mark-start]
244539.604: [Full GC (Allocation Failure)  19508M->16909M(20480M), 48.1004386 secs]
244587.715: [GC concurrent-mark-abort]
244640.083: [GC pause (G1 Evacuation Pause) (young) 17933M->16926M(20480M), 0.0476137 secs]
244702.329: [GC pause (G1 Evacuation Pause) (young) (initial-mark) 17926M->16936M(20480M), 0.0455334 secs]
244702.375: [GC concurrent-root-region-scan-start]
244702.396: [GC concurrent-root-region-scan-end, 0.0208288 secs]
244702.396: [GC concurrent-mark-start]
244744.993: [GC concurrent-mark-end, 42.5975826 secs]
244744.995: [GC remark, 0.2279812 secs]
244745.233: [GC cleanup 17793M->16177M(20480M), 0.1051548 secs]
244745.339: [GC concurrent-cleanup-start]
244745.340: [GC concurrent-cleanup-end, 0.0012940 secs]
244754.976: [GC pause (G1 Evacuation Pause) (young) 16312M->15321M(20480M), 0.0587017 secs]
244901.295: [GC pause (G1 Evacuation Pause) (young) 18209M->15346M(20480M), 0.0806140 secs]
245077.856: [GC pause (G1 Evacuation Pause) (young) (initial-mark) 18210M->15341M(20480M), 0.0818200 secs]
245077.938: [GC concurrent-root-region-scan-start]
245077.974: [GC concurrent-root-region-scan-end, 0.0358055 secs]
245077.974: [GC concurrent-mark-start]
245109.510: [GC pause (G1 Humongous Allocation) (young)-- 19557M->19461M(20480M), 5.8709276 secs]
245115.514: [GC pause (G1 Humongous Allocation) (young)-- 19587M->19635M(20480M), 0.7001475 secs]
245116.216: [Full GC (Allocation Failure)  19639M->17754M(20480M), 47.4028170 secs]
245163.620: [GC concurrent-mark-abort]
245163.857: [GC pause (G1 Humongous Allocation) (young) (initial-mark) 17813M->17810M(20480M), 0.0318733 secs]
245163.889: [GC concurrent-root-region-scan-start]
245163.905: [GC concurrent-root-region-scan-end, 0.0159498 secs]
245163.905: [GC concurrent-mark-start]
245190.397: [GC pause (G1 Humongous Allocation) (young)-- 19396M->19418M(20480M), 0.9162425 secs]
245191.963: [GC pause (G1 Humongous Allocation) (young)-- 19515M->19530M(20480M), 0.7125661 secs]
245192.678: [Full GC (Allocation Failure)  19534M->16276M(20480M), 44.6002153 secs]
245237.287: [GC concurrent-mark-abort]
245237.299: [GC pause (G1 Humongous Allocation) (young) (initial-mark) 16316M->16320M(20480M), 0.0893689 secs]
245237.397: [GC concurrent-root-region-scan-start]
245237.403: [GC concurrent-root-region-scan-end, 0.0061048 secs]
245237.403: [GC concurrent-mark-start]
245278.749: [GC concurrent-mark-end, 41.3458288 secs]
245278.751: [GC remark, 0.2001988 secs]
245278.953: [GC cleanup 17192M->17192M(20480M), 0.0609579 secs]
245289.722: [GC pause (G1 Evacuation Pause) (young) 17472M->16453M(20480M), 0.0553071 secs]
245362.512: [GC pause (G1 Evacuation Pause) (young) 17621M->16384M(20480M), 0.0488793 secs]
245425.088: [GC pause (G1 Evacuation Pause) (young) (initial-mark) 17728M->16404M(20480M), 0.1216100 secs]
245425.210: [GC concurrent-root-region-scan-start]
245425.259: [GC concurrent-root-region-scan-end, 0.0484809 secs]
245425.259: [GC concurrent-mark-start]
245467.031: [GC concurrent-mark-end, 41.7721330 secs]
245467.033: [GC remark, 0.1521730 secs]
245467.187: [GC cleanup 17136M->15976M(20480M), 0.0460147 secs]
245467.233: [GC concurrent-cleanup-start]
245467.234: [GC concurrent-cleanup-end, 0.0006135 secs]
245508.673: [GC pause (G1 Evacuation Pause) (young) 16628M->15244M(20480M), 0.0619235 secs]
245612.743: [GC pause (G1 Evacuation Pause) (young) 17012M->15252M(20480M), 0.0719620 secs]
245717.145: [GC pause (G1 Evacuation Pause) (young) (initial-mark) 17492M->15308M(20480M), 0.0913642 secs]
245717.237: [GC concurrent-root-region-scan-start]
245717.309: [GC concurrent-root-region-scan-end, 0.0724978 secs]
245717.309: [GC concurrent-mark-start]
245759.405: [GC concurrent-mark-end, 42.0958092 secs]
245759.407: [GC remark, 0.1838308 secs]
245759.593: [GC cleanup 16080M->16080M(20480M), 0.0512278 secs]
245883.518: [GC pause (G1 Evacuation Pause) (young) 18012M->15252M(20480M), 0.0896609 secs]
246029.844: [GC pause (G1 Evacuation Pause) (young) 18076M->15272M(20480M), 0.0980686 secs]
246196.405: [GC pause (G1 Evacuation Pause) (young) (initial-mark) 18120M->15256M(20480M), 0.0926420 secs]
246196.497: [GC concurrent-root-region-scan-start]
246196.557: [GC concurrent-root-region-scan-end, 0.0593304 secs]
246196.557: [GC concurrent-mark-start]
246237.258: [GC concurrent-mark-end, 40.7010039 secs]
246237.260: [GC remark, 0.1740893 secs]
246237.435: [GC cleanup 15904M->15904M(20480M), 0.0514200 secs]
246352.552: [GC pause (G1 Evacuation Pause) (young) 18160M->15252M(20480M), 0.0850514 secs]
246529.375: [GC pause (G1 Evacuation Pause) (young) 18204M->15256M(20480M), 0.0896725 secs]
246685.446: [GC pause (G1 Evacuation Pause) (young) (initial-mark) 18224M->15256M(20480M), 0.1739740 secs]
246685.626: [GC concurrent-root-region-scan-start]
246685.703: [GC concurrent-root-region-scan-end, 0.0774188 secs]
246685.703: [GC concurrent-mark-start]
246726.846: [GC concurrent-mark-end, 41.1428102 secs]
246726.848: [GC remark, 0.1635308 secs]
246727.013: [GC cleanup 15843M->15843M(20480M), 0.0509050 secs]
246862.378: [GC pause (G1 Evacuation Pause) (young) 18240M->15256M(20480M), 0.0884332 secs]
247028.099: [GC pause (G1 Evacuation Pause) (young) 18256M->15252M(20480M), 0.0883364 secs]
247187.617: [GC pause (G1 Evacuation Pause) (young) (initial-mark) 18276M->15263M(20480M), 0.1024307 secs]
247187.720: [GC concurrent-root-region-scan-start]
247187.837: [GC concurrent-root-region-scan-end, 0.1171076 secs]
247187.837: [GC concurrent-mark-start]
247231.551: [GC concurrent-mark-end, 43.7133408 secs]
247231.553: [GC remark, 0.1599454 secs]
247231.714: [GC cleanup 16085M->16085M(20480M), 0.0493128 secs]
247362.314: [GC pause (G1 Evacuation Pause) (young) 18279M->15250M(20480M), 0.0902004 secs]
247528.819: [GC pause (G1 Evacuation Pause) (young) 18290M->15267M(20480M), 0.0905822 secs]
247705.741: [GC pause (G1 Evacuation Pause) (young) (initial-mark) 18299M->15266M(20480M), 0.1069240 secs]
247705.848: [GC concurrent-root-region-scan-start]
247705.892: [GC concurrent-root-region-scan-end, 0.0438686 secs]
247705.892: [GC concurrent-mark-start]
247747.513: [GC concurrent-mark-end, 41.6215673 secs]
247747.515: [GC remark, 0.1484551 secs]
247747.666: [GC cleanup 15986M->15762M(20480M), 0.0448346 secs]
247747.711: [GC concurrent-cleanup-start]
247747.711: [GC concurrent-cleanup-end, 0.0001323 secs]
247872.492: [GC pause (G1 Evacuation Pause) (young) 18074M->15055M(20480M), 0.1400246 secs]
248030.402: [GC pause (G1 Evacuation Pause) (young) 18359M->15119M(20480M), 0.0853325 secs]
248195.335: [GC pause (G1 Evacuation Pause) (young) (initial-mark) 18295M->15048M(20480M), 0.0913622 secs]
248195.426: [GC concurrent-root-region-scan-start]
248195.466: [GC concurrent-root-region-scan-end, 0.0393809 secs]
248195.466: [GC concurrent-mark-start]
248236.703: [GC concurrent-mark-end, 41.2376058 secs]
248236.705: [GC remark, 0.1535952 secs]
248236.865: [GC cleanup 15614M->15606M(20480M), 0.0498763 secs]
248236.916: [GC concurrent-cleanup-start]
248236.916: [GC concurrent-cleanup-end, 0.0000202 secs]
248386.758: [GC pause (G1 Evacuation Pause) (young) 18336M->15048M(20480M), 0.0897973 secs]
248570.392: [GC pause (G1 Evacuation Pause) (young) 18352M->15044M(20480M), 0.0893850 secs]
248757.295: [GC pause (G1 Evacuation Pause) (young) (initial-mark) 18348M->15040M(20480M), 0.1083400 secs]
248757.404: [GC concurrent-root-region-scan-start]
248757.446: [GC concurrent-root-region-scan-end, 0.0425779 secs]
248757.446: [GC concurrent-mark-start]
248798.587: [GC concurrent-mark-end, 41.1409764 secs]
248798.589: [GC remark, 0.1590945 secs]
248798.751: [GC cleanup 15726M->15726M(20480M), 0.0611399 secs]
248954.747: [GC pause (G1 Evacuation Pause) (young) 18368M->15048M(20480M), 0.1064159 secs]
249131.785: [GC pause (G1 Evacuation Pause) (young) 18360M->15040M(20480M), 0.0795942 secs]
249308.896: [GC pause (G1 Evacuation Pause) (young) (initial-mark) 18368M->15052M(20480M), 0.1118855 secs]
249309.008: [GC concurrent-root-region-scan-start]
249309.078: [GC concurrent-root-region-scan-end, 0.0699454 secs]
249309.078: [GC concurrent-mark-start]
249351.546: [GC concurrent-mark-end, 42.4678211 secs]
249351.548: [GC remark, 0.1522066 secs]
249351.702: [GC cleanup 15898M->15898M(20480M), 0.0452027 secs]
249506.329: [GC pause (G1 Evacuation Pause) (young) 18348M->15044M(20480M), 0.1304302 secs]
249673.320: [GC pause (G1 Evacuation Pause) (young) 18356M->15044M(20480M), 0.0836092 secs]
249870.862: [GC pause (G1 Evacuation Pause) (young) (initial-mark) 18356M->15044M(20480M), 0.0889443 secs]
249870.951: [GC concurrent-root-region-scan-start]
249870.991: [GC concurrent-root-region-scan-end, 0.0403534 secs]
249870.991: [GC concurrent-mark-start]
249912.337: [GC concurrent-mark-end, 41.3453756 secs]
249912.338: [GC remark, 0.1590241 secs]
249912.499: [GC cleanup 15804M->15804M(20480M), 0.0567581 secs]
250058.498: [GC pause (G1 Evacuation Pause) (young) 18356M->15044M(20480M), 0.0841657 secs]
250235.391: [GC pause (G1 Evacuation Pause) (young) 18356M->15052M(20480M), 0.1459845 secs]
250433.173: [GC pause (G1 Evacuation Pause) (young) (initial-mark) 18348M->15040M(20480M), 0.0924287 secs]
250433.266: [GC concurrent-root-region-scan-start]
250433.308: [GC concurrent-root-region-scan-end, 0.0426648 secs]
250433.308: [GC concurrent-mark-start]
250474.397: [GC concurrent-mark-end, 41.0886187 secs]
250474.399: [GC remark, 0.1566076 secs]
250474.557: [GC cleanup 15711M->15711M(20480M), 0.0468451 secs]
250610.117: [GC pause (G1 Evacuation Pause) (young) 18368M->15040M(20480M), 0.0838948 secs]
250797.066: [GC pause (G1 Evacuation Pause) (young) 18368M->15040M(20480M), 0.1009018 secs]
250984.444: [GC pause (G1 Evacuation Pause) (young) (initial-mark) 18368M->15040M(20480M), 0.0909660 secs]
250984.535: [GC concurrent-root-region-scan-start]
250984.574: [GC concurrent-root-region-scan-end, 0.0386597 secs]
250984.574: [GC concurrent-mark-start]
251025.936: [GC concurrent-mark-end, 41.3621879 secs]
251025.938: [GC remark, 0.2696124 secs]
251026.210: [GC cleanup 15685M->15677M(20480M), 0.0698853 secs]
251026.280: [GC concurrent-cleanup-start]
251026.280: [GC concurrent-cleanup-end, 0.0000322 secs]
251171.787: [GC pause (G1 Evacuation Pause) (young) 18360M->15036M(20480M), 0.0840599 secs]
251369.282: [GC pause (G1 Evacuation Pause) (young) 18356M->15036M(20480M), 0.0831223 secs]
251546.197: [GC pause (G1 Evacuation Pause) (young) (initial-mark) 18356M->15032M(20480M), 0.0823990 secs]
251546.279: [GC concurrent-root-region-scan-start]
251546.319: [GC concurrent-root-region-scan-end, 0.0400902 secs]
251546.319: [GC concurrent-mark-start]
251587.480: [GC concurrent-mark-end, 41.1607219 secs]
251587.482: [GC remark, 0.1512292 secs]
251587.635: [GC cleanup 15849M->15849M(20480M), 0.0464818 secs]
251692.077: [GC pause (G1 Evacuation Pause) (young) 18368M->15064M(20480M), 0.0820811 secs]
251696.942: [GC pause (G1 Humongous Allocation) (young) (initial-mark) 15172M->15048M(20480M), 0.0562443 secs]
251696.998: [GC concurrent-root-region-scan-start]
251697.030: [GC concurrent-root-region-scan-end, 0.0320266 secs]
251697.030: [GC concurrent-mark-start]
251740.070: [GC concurrent-mark-end, 43.0392666 secs]
251740.072: [GC remark, 0.1519334 secs]
251740.225: [GC cleanup 18005M->18005M(20480M), 0.0449345 secs]
251827.536: [GC pause (G1 Evacuation Pause) (young)-- 19512M->17612M(20480M), 0.8778864 secs]
251890.719: [GC pause (G1 Evacuation Pause) (young) 18636M->17633M(20480M), 0.0539047 secs]
251952.932: [GC pause (G1 Evacuation Pause) (young) (initial-mark) 18633M->17628M(20480M), 0.0387535 secs]
251952.971: [GC concurrent-root-region-scan-start]
251952.984: [GC concurrent-root-region-scan-end, 0.0132224 secs]
251952.984: [GC concurrent-mark-start]
251993.974: [GC concurrent-mark-end, 40.9898295 secs]
251993.977: [GC remark, 0.2651095 secs]
251994.247: [GC cleanup 18481M->18153M(20480M), 0.0528233 secs]
251994.300: [GC concurrent-cleanup-start]
251994.300: [GC concurrent-cleanup-end, 0.0001627 secs]
251994.833: [GC pause (G1 Evacuation Pause) (young) 18308M->17302M(20480M), 0.0578547 secs]
252046.954: [GC pause (G1 Evacuation Pause) (mixed) 18302M->15868M(20480M), 0.0443666 secs]
252192.694: [GC pause (G1 Evacuation Pause) (young) 18356M->15876M(20480M), 0.0722334 secs]
252297.385: [GC pause (G1 Humongous Allocation) (young) (initial-mark) 17850M->15880M(20480M), 0.1056589 secs]
252297.491: [GC concurrent-root-region-scan-start]
252297.538: [GC concurrent-root-region-scan-end, 0.0474175 secs]
252297.538: [GC concurrent-mark-start]
252315.340: [GC pause (G1 Humongous Allocation) (young)-- 19616M->19756M(20480M), 5.3290833 secs]
252320.671: [Full GC (Allocation Failure)  19756M->17775M(20480M), 47.1976580 secs]
252367.871: [GC concurrent-mark-abort]
252368.460: [GC pause (G1 Humongous Allocation) (young) (initial-mark) 17993M->17835M(20480M), 0.0777702 secs]
252368.538: [GC concurrent-root-region-scan-start]
252368.575: [GC concurrent-root-region-scan-end, 0.0369280 secs]
252368.575: [GC concurrent-mark-start]
252389.306: [GC pause (G1 Evacuation Pause) (young)-- 19499M->19495M(20480M), 2.6136640 secs]
252391.934: [GC pause (G1 Evacuation Pause) (young)-- 19503M->19503M(20480M), 0.0897632 secs]
252392.026: [GC pause (G1 Evacuation Pause) (young) 19503M->19503M(20480M), 0.0242163 secs]
252392.052: [GC pause (G1 Evacuation Pause) (young) 19503M->19503M(20480M), 0.0229500 secs]
252392.078: [GC pause (GCLocker Initiated GC) (young) 19503M->19503M(20480M), 0.0218509 secs]
252392.103: [GC pause (GCLocker Initiated GC) (young) 19503M->19503M(20480M), 0.0214714 secs]
252392.126: [GC pause (G1 Evacuation Pause) (young) 19503M->19503M(20480M), 0.0165476 secs]
252392.144: [GC pause (G1 Evacuation Pause) (young) 19503M->19503M(20480M), 0.0181243 secs]
252392.164: [Full GC (Allocation Failure)  19503M->16146M(20480M), 44.4201186 secs]
252436.588: [GC concurrent-mark-abort]
252498.798: [GC pause (G1 Evacuation Pause) (young) 17170M->16162M(20480M), 0.0513068 secs]
252551.044: [GC pause (G1 Evacuation Pause) (young) (initial-mark) 17162M->16165M(20480M), 0.0371754 secs]
252551.082: [GC concurrent-root-region-scan-start]
252551.096: [GC concurrent-root-region-scan-end, 0.0139893 secs]
252551.096: [GC concurrent-mark-start]
252592.200: [GC concurrent-mark-end, 41.1048988 secs]
252592.202: [GC remark, 0.1493785 secs]
252592.353: [GC cleanup 16906M->15658M(20480M), 0.0443304 secs]
252592.398: [GC concurrent-cleanup-start]
252592.399: [GC concurrent-cleanup-end, 0.0006567 secs]
252602.950: [GC pause (G1 Evacuation Pause) (young) 15917M->14925M(20480M), 0.0620390 secs]
252655.325: [GC pause (G1 Evacuation Pause) (young) 15917M->14934M(20480M), 0.1609967 secs]
252717.650: [GC pause (G1 Evacuation Pause) (young) (initial-mark) 15918M->14938M(20480M), 0.0644874 secs]
252717.715: [GC concurrent-root-region-scan-start]
252717.749: [GC concurrent-root-region-scan-end, 0.0337199 secs]
252717.749: [GC concurrent-mark-start]
252758.787: [GC concurrent-mark-end, 41.0383105 secs]
252758.789: [GC remark, 0.1668379 secs]
252758.958: [GC cleanup 15625M->15625M(20480M), 0.0445767 secs]
252769.997: [GC pause (G1 Evacuation Pause) (young) 15922M->14934M(20480M), 0.0534864 secs]
252832.183: [GC pause (G1 Evacuation Pause) (young) 15918M->14942M(20480M), 0.0434287 secs]
252905.246: [GC pause (G1 Evacuation Pause) (young) (initial-mark) 16518M->14966M(20480M), 0.1240333 secs]
252905.371: [GC concurrent-root-region-scan-start]
252905.415: [GC concurrent-root-region-scan-end, 0.0442177 secs]
252905.415: [GC concurrent-mark-start]
252949.199: [GC concurrent-mark-end, 43.7837671 secs]
252949.201: [GC remark, 0.1655783 secs]
252949.368: [GC cleanup 15827M->15827M(20480M), 0.0449805 secs]
252999.054: [GC pause (G1 Evacuation Pause) (young) 16566M->14946M(20480M), 0.0676698 secs]
253155.438: [GC pause (G1 Evacuation Pause) (young) 17698M->14942M(20480M), 0.0807424 secs]
253342.496: [GC pause (G1 Evacuation Pause) (young) (initial-mark) 18278M->14946M(20480M), 0.0867172 secs]
253342.584: [GC concurrent-root-region-scan-start]
253342.624: [GC concurrent-root-region-scan-end, 0.0402490 secs]
253342.624: [GC concurrent-mark-start]
253383.572: [GC concurrent-mark-end, 40.9478120 secs]
253383.573: [GC remark, 0.1535940 secs]
253383.729: [GC cleanup 15646M->15646M(20480M), 0.0453751 secs]
253519.730: [GC pause (G1 Evacuation Pause) (young) 18298M->14954M(20480M), 0.0876807 secs]
253727.457: [GC pause (G1 Evacuation Pause) (young) 18314M->14946M(20480M), 0.0892633 secs]
253904.786: [GC pause (G1 Evacuation Pause) (young) (initial-mark) 18330M->14950M(20480M), 0.1106223 secs]
253904.897: [GC concurrent-root-region-scan-start]
253904.945: [GC concurrent-root-region-scan-end, 0.0478899 secs]
253904.945: [GC concurrent-mark-start]
253946.471: [GC concurrent-mark-end, 41.5262476 secs]
253946.473: [GC remark, 0.1651523 secs]
253946.640: [GC cleanup 15553M->15553M(20480M), 0.0450884 secs]
254092.580: [GC pause (G1 Evacuation Pause) (young) 18334M->14950M(20480M), 0.0835221 secs]
254290.270: [GC pause (G1 Evacuation Pause) (young) 18350M->14950M(20480M), 0.0872321 secs]
254467.787: [GC pause (G1 Evacuation Pause) (young) (initial-mark) 18342M->14947M(20480M), 0.1201698 secs]
254467.907: [GC concurrent-root-region-scan-start]
254467.954: [GC concurrent-root-region-scan-end, 0.0466378 secs]
254467.954: [GC concurrent-mark-start]
254510.243: [GC concurrent-mark-end, 42.2888322 secs]
254510.244: [GC remark, 0.1561387 secs]
254510.402: [GC cleanup 15679M->15679M(20480M), 0.0420896 secs]
254676.997: [GC pause (G1 Evacuation Pause) (young) 18347M->14951M(20480M), 0.1149697 secs]
254864.931: [GC pause (G1 Evacuation Pause) (young) 18351M->14951M(20480M), 0.1812968 secs]
255052.211: [GC pause (G1 Evacuation Pause) (young) (initial-mark) 18351M->14963M(20480M), 0.1190151 secs]
255052.330: [GC concurrent-root-region-scan-start]
255052.384: [GC concurrent-root-region-scan-end, 0.0533195 secs]
255052.384: [GC concurrent-mark-start]
255096.259: [GC concurrent-mark-end, 43.8755695 secs]
255096.262: [GC remark, 0.1632086 secs]
255096.427: [GC cleanup 15815M->15815M(20480M), 0.0446189 secs]
255229.345: [GC pause (G1 Evacuation Pause) (young) 18347M->14995M(20480M), 0.1156194 secs]
255396.210: [GC pause (G1 Evacuation Pause) (young) 18315M->14955M(20480M), 0.1056686 secs]
255593.911: [GC pause (G1 Evacuation Pause) (young) (initial-mark) 18347M->14951M(20480M), 0.1074136 secs]
255594.019: [GC concurrent-root-region-scan-start]
255594.065: [GC concurrent-root-region-scan-end, 0.0464914 secs]
255594.065: [GC concurrent-mark-start]
255637.464: [GC concurrent-mark-end, 43.3991406 secs]
255637.466: [GC remark, 0.1768277 secs]
255637.645: [GC cleanup 15987M->15987M(20480M), 0.0640404 secs]
255781.285: [GC pause (G1 Evacuation Pause) (young) 18351M->14951M(20480M), 0.1094310 secs]
255968.505: [GC pause (G1 Evacuation Pause) (young) 18351M->14951M(20480M), 0.0910557 secs]
256166.482: [GC pause (G1 Evacuation Pause) (young) (initial-mark) 18351M->14951M(20480M), 0.1025629 secs]
256166.585: [GC concurrent-root-region-scan-start]
256166.631: [GC concurrent-root-region-scan-end, 0.0466743 secs]
256166.631: [GC concurrent-mark-start]
256207.830: [GC concurrent-mark-end, 41.1981946 secs]
256207.831: [GC remark, 0.1739795 secs]
256208.015: [GC cleanup 15716M->15716M(20480M), 0.0708926 secs]
256353.918: [GC pause (G1 Evacuation Pause) (young) 18351M->14947M(20480M), 0.0919089 secs]
256541.097: [GC pause (G1 Evacuation Pause) (young) 18363M->14951M(20480M), 0.0924434 secs]
256738.937: [GC pause (G1 Evacuation Pause) (young) (initial-mark) 18351M->14955M(20480M), 0.0969114 secs]
256739.034: [GC concurrent-root-region-scan-start]
256739.121: [GC concurrent-root-region-scan-end, 0.0874895 secs]
256739.121: [GC concurrent-mark-start]
256779.992: [GC concurrent-mark-end, 40.8709518 secs]
256779.994: [GC remark, 0.1575019 secs]
256780.153: [GC cleanup 15598M->15598M(20480M), 0.0480824 secs]
256916.372: [GC pause (G1 Evacuation Pause) (young) 18355M->14951M(20480M), 0.0872526 secs]
257113.978: [GC pause (G1 Evacuation Pause) (young) 18351M->14947M(20480M), 0.0854726 secs]
257312.051: [GC pause (G1 Evacuation Pause) (young) (initial-mark) 18363M->14951M(20480M), 0.0934439 secs]
257312.145: [GC concurrent-root-region-scan-start]
257312.190: [GC concurrent-root-region-scan-end, 0.0452518 secs]
257312.190: [GC concurrent-mark-start]
257353.351: [GC concurrent-mark-end, 41.1614793 secs]
257353.353: [GC remark, 0.1491525 secs]
257353.504: [GC cleanup 15537M->15537M(20480M), 0.0424160 secs]
257499.976: [GC pause (G1 Evacuation Pause) (young) 18351M->14955M(20480M), 0.1153782 secs]
257688.689: [GC pause (G1 Evacuation Pause) (young) 18355M->14951M(20480M), 0.1082573 secs]
257876.755: [GC pause (G1 Evacuation Pause) (young) (initial-mark) 18351M->14951M(20480M), 0.1115443 secs]
257876.866: [GC concurrent-root-region-scan-start]
257876.918: [GC concurrent-root-region-scan-end, 0.0513179 secs]
257876.918: [GC concurrent-mark-start]
257919.370: [GC concurrent-mark-end, 42.4521624 secs]
257919.372: [GC remark, 0.1704410 secs]
257919.544: [GC cleanup 15669M->15669M(20480M), 0.0460092 secs]
258063.593: [GC pause (G1 Evacuation Pause) (young) 18351M->14951M(20480M), 0.0816890 secs]
258261.097: [GC pause (G1 Evacuation Pause) (young) 18351M->14951M(20480M), 0.0863610 secs]
258448.162: [GC pause (G1 Evacuation Pause) (young) (initial-mark) 18351M->14951M(20480M), 0.0816494 secs]
258448.244: [GC concurrent-root-region-scan-start]
258448.343: [GC concurrent-root-region-scan-end, 0.0985379 secs]
258448.343: [GC concurrent-mark-start]
258488.908: [GC concurrent-mark-end, 40.5653111 secs]
258488.910: [GC remark, 0.1560349 secs]
258489.068: [GC cleanup 15496M->15496M(20480M), 0.0454128 secs]
258645.312: [GC pause (G1 Evacuation Pause) (young) 18351M->14959M(20480M), 0.1865432 secs]
258811.880: [GC pause (G1 Evacuation Pause) (young) 18343M->15004M(20480M), 0.0997925 secs]
258896.851: [GC pause (G1 Humongous Allocation) (young) (initial-mark) 16944M->14952M(20480M), 0.0719094 secs]
258896.923: [GC concurrent-root-region-scan-start]
258896.958: [GC concurrent-root-region-scan-end, 0.0352903 secs]
258896.958: [GC concurrent-mark-start]
258939.691: [GC concurrent-mark-end, 42.7329393 secs]
258939.693: [GC remark, 0.1508420 secs]
258939.846: [GC cleanup 17888M->17888M(20480M), 0.0431984 secs]
259040.928: [GC pause (G1 Evacuation Pause) (young)-- 19504M->17578M(20480M), 0.8954356 secs]
259094.440: [GC pause (G1 Evacuation Pause) (young) 18602M->17600M(20480M), 0.0499373 secs]
259156.727: [GC pause (G1 Evacuation Pause) (young) (initial-mark) 18600M->17592M(20480M), 0.0374166 secs]
259156.765: [GC concurrent-root-region-scan-start]
259156.777: [GC concurrent-root-region-scan-end, 0.0118868 secs]
259156.777: [GC concurrent-mark-start]
259197.538: [GC concurrent-mark-end, 40.7616661 secs]
259197.541: [GC remark, 0.2191905 secs]
259197.763: [GC cleanup 18384M->17376M(20480M), 0.0747498 secs]
259197.838: [GC concurrent-cleanup-start]
259197.839: [GC concurrent-cleanup-end, 0.0006291 secs]
259208.447: [GC pause (G1 Evacuation Pause) (young) 17592M->16604M(20480M), 0.0481752 secs]
259260.793: [GC pause (G1 Evacuation Pause) (mixed) 17588M->15858M(20480M), 0.0467955 secs]
259406.959: [GC pause (G1 Evacuation Pause) (young) 18370M->15866M(20480M), 0.0814952 secs]
259497.262: [GC pause (G1 Humongous Allocation) (young) (initial-mark) 17546M->15862M(20480M), 0.0641188 secs]
259497.326: [GC concurrent-root-region-scan-start]
259497.386: [GC concurrent-root-region-scan-end, 0.0593679 secs]
259497.386: [GC concurrent-mark-start]
259510.432: [GC pause (G1 Humongous Allocation) (young)-- 19475M->19578M(20480M), 2.9910259 secs]
259513.749: [GC pause (G1 Humongous Allocation) (young)-- 19724M->19778M(20480M), 1.5108582 secs]
259515.272: [Full GC (Allocation Failure)  19778M->17734M(20480M), 54.0227737 secs]
259569.296: [GC concurrent-mark-abort]
259569.306: [GC pause (G1 Humongous Allocation) (young) (initial-mark) 17770M->17782M(20480M), 0.0266488 secs]
259569.332: [GC concurrent-root-region-scan-start]
259569.365: [GC concurrent-root-region-scan-end, 0.0324324 secs]
259569.365: [GC concurrent-mark-start]
259582.064: [GC pause (G1 Humongous Allocation) (young)-- 19376M->19438M(20480M), 1.2019690 secs]
259583.333: [GC pause (G1 Humongous Allocation) (young)-- 19478M->19510M(20480M), 0.6251167 secs]
259583.961: [Full GC (Allocation Failure)  19514M->16392M(20480M), 47.3504700 secs]
259631.312: [GC concurrent-mark-abort]
259631.550: [GC pause (G1 Humongous Allocation) (young) (initial-mark) 16540M->16456M(20480M), 0.0352672 secs]
259631.586: [GC concurrent-root-region-scan-start]
259631.608: [GC concurrent-root-region-scan-end, 0.0221816 secs]
259631.608: [GC concurrent-mark-start]
259673.167: [GC concurrent-mark-end, 41.5584903 secs]
259673.168: [GC remark, 0.1594427 secs]
259673.329: [GC cleanup 17177M->16825M(20480M), 0.0417465 secs]
259673.371: [GC concurrent-cleanup-start]
259673.371: [GC concurrent-cleanup-end, 0.0001617 secs]
259705.086: [GC pause (G1 Evacuation Pause) (young) 17432M->16155M(20480M), 0.0948246 secs]
259788.804: [GC pause (G1 Evacuation Pause) (young) 17795M->16148M(20480M), 0.0742517 secs]
259883.025: [GC pause (G1 Evacuation Pause) (young) (initial-mark) 17852M->16168M(20480M), 0.0755649 secs]
259883.101: [GC concurrent-root-region-scan-start]
259883.156: [GC concurrent-root-region-scan-end, 0.0551593 secs]
259883.156: [GC concurrent-mark-start]
259926.520: [GC concurrent-mark-end, 43.3637031 secs]
259926.521: [GC remark, 0.1592695 secs]
259926.682: [GC cleanup 16920M->16144M(20480M), 0.0461900 secs]
259926.728: [GC concurrent-cleanup-start]
259926.729: [GC concurrent-cleanup-end, 0.0004890 secs]
259987.423: [GC pause (G1 Evacuation Pause) (young) 17128M->15364M(20480M), 0.0751432 secs]
260102.135: [GC pause (G1 Evacuation Pause) (young) 17540M->15380M(20480M), 0.0818845 secs]
260258.100: [GC pause (G1 Evacuation Pause) (young) (initial-mark) 18076M->15372M(20480M), 0.0919295 secs]
260258.192: [GC concurrent-root-region-scan-start]
260258.324: [GC concurrent-root-region-scan-end, 0.1323766 secs]
260258.324: [GC concurrent-mark-start]
260299.802: [GC concurrent-mark-end, 41.4779246 secs]
260299.804: [GC remark, 0.1649416 secs]
260299.975: [GC cleanup 16033M->16033M(20480M), 0.0533567 secs]
260404.246: [GC pause (G1 Evacuation Pause) (young) 18116M->15372M(20480M), 0.0854433 secs]
260560.426: [GC pause (G1 Evacuation Pause) (young) 18156M->15368M(20480M), 0.1022171 secs]
260716.303: [GC pause (G1 Evacuation Pause) (young) (initial-mark) 18184M->15368M(20480M), 0.0897638 secs]
260716.393: [GC concurrent-root-region-scan-start]
260716.510: [GC concurrent-root-region-scan-end, 0.1170546 secs]
260716.510: [GC concurrent-mark-start]
260757.265: [GC concurrent-mark-end, 40.7544530 secs]
260757.266: [GC remark, 0.1604226 secs]
260757.428: [GC cleanup 15925M->15925M(20480M), 0.0484656 secs]
260882.788: [GC pause (G1 Evacuation Pause) (young) 18208M->15372M(20480M), 0.0864926 secs]
261038.535: [GC pause (G1 Evacuation Pause) (young) 18220M->15388M(20480M), 0.1086005 secs]
261204.957: [GC pause (G1 Evacuation Pause) (young) (initial-mark) 18220M->15372M(20480M), 0.1268370 secs]
261205.085: [GC concurrent-root-region-scan-start]
261205.166: [GC concurrent-root-region-scan-end, 0.0816485 secs]
261205.166: [GC concurrent-mark-start]
261245.779: [GC concurrent-mark-end, 40.6123058 secs]
261245.781: [GC remark, 0.1897648 secs]
261245.973: [GC cleanup 16000M->16000M(20480M), 0.0753156 secs]
261361.536: [GC pause (G1 Evacuation Pause) (young) 18236M->15368M(20480M), 0.0939962 secs]
261528.328: [GC pause (G1 Evacuation Pause) (young) 18248M->15368M(20480M), 0.0976927 secs]
261674.775: [GC pause (G1 Evacuation Pause) (young) (initial-mark) 18248M->15365M(20480M), 0.1294993 secs]
261674.905: [GC concurrent-root-region-scan-start]
261674.947: [GC concurrent-root-region-scan-end, 0.0417903 secs]
261674.947: [GC concurrent-mark-start]
261718.311: [GC concurrent-mark-end, 43.3645180 secs]
261718.313: [GC remark, 0.2056098 secs]
261718.521: [GC cleanup 16062M->16030M(20480M), 0.0699627 secs]
261718.591: [GC concurrent-cleanup-start]
261718.591: [GC concurrent-cleanup-end, 0.0000423 secs]
261851.749: [GC pause (G1 Evacuation Pause) (young) 18221M->15315M(20480M), 0.1013054 secs]
262018.531: [GC pause (G1 Evacuation Pause) (young) 18283M->15318M(20480M), 0.0916577 secs]
262187.072: [GC pause (G1 Evacuation Pause) (young) (initial-mark) 18286M->15328M(20480M), 0.0946834 secs]
262187.167: [GC concurrent-root-region-scan-start]
262187.269: [GC concurrent-root-region-scan-end, 0.1022578 secs]
262187.269: [GC concurrent-mark-start]
262228.506: [GC concurrent-mark-end, 41.2367483 secs]
262228.507: [GC remark, 0.1668091 secs]
262228.676: [GC cleanup 16239M->15919M(20480M), 0.0530836 secs]
262228.729: [GC concurrent-cleanup-start]
262228.729: [GC concurrent-cleanup-end, 0.0002567 secs]
262342.109: [GC pause (G1 Evacuation Pause) (young) 17960M->15000M(20480M), 0.0855927 secs]
262498.296: [GC pause (G1 Evacuation Pause) (young) 18368M->15004M(20480M), 0.0916122 secs]
262686.242: [GC pause (G1 Evacuation Pause) (young) (initial-mark) 18356M->15000M(20480M), 0.1643253 secs]
262686.412: [GC concurrent-root-region-scan-start]
262686.475: [GC concurrent-root-region-scan-end, 0.0627697 secs]
262686.475: [GC concurrent-mark-start]
262727.455: [GC concurrent-mark-end, 40.9800103 secs]
262727.456: [GC remark, 0.1489437 secs]
262727.607: [GC cleanup 15549M->15549M(20480M), 0.0457015 secs]
262873.695: [GC pause (G1 Evacuation Pause) (young) 18360M->15000M(20480M), 0.0872140 secs]
263071.557: [GC pause (G1 Evacuation Pause) (young) 18360M->15004M(20480M), 0.1122637 secs]
263259.119: [GC pause (G1 Evacuation Pause) (young) (initial-mark) 18348M->15008M(20480M), 0.0870016 secs]
263259.206: [GC concurrent-root-region-scan-start]
263259.246: [GC concurrent-root-region-scan-end, 0.0397868 secs]
263259.246: [GC concurrent-mark-start]
263299.469: [GC concurrent-mark-end, 40.2230039 secs]
263299.470: [GC remark, 0.1443841 secs]
263299.616: [GC cleanup 15686M->15686M(20480M), 0.0437623 secs]
263436.269: [GC pause (G1 Evacuation Pause) (young) 18352M->15024M(20480M), 0.1216975 secs]
263634.099: [GC pause (G1 Evacuation Pause) (young) 18336M->15004M(20480M), 0.0896965 secs]
263811.150: [GC pause (G1 Evacuation Pause) (young) (initial-mark) 18348M->15004M(20480M), 0.0862092 secs]
263811.237: [GC concurrent-root-region-scan-start]
263811.276: [GC concurrent-root-region-scan-end, 0.0390897 secs]
263811.276: [GC concurrent-mark-start]
263853.195: [GC concurrent-mark-end, 41.9196741 secs]
263853.197: [GC remark, 0.1548284 secs]
263853.354: [GC cleanup 15800M->15800M(20480M), 0.0439129 secs]
264008.380: [GC pause (G1 Evacuation Pause) (young) 18348M->15013M(20480M), 0.1013264 secs]
264185.335: [GC pause (G1 Evacuation Pause) (young) 18341M->15005M(20480M), 0.1457194 secs]
264372.430: [GC pause (G1 Evacuation Pause) (young) (initial-mark) 18349M->15005M(20480M), 0.0977473 secs]
264372.533: [GC concurrent-root-region-scan-start]
264372.577: [GC concurrent-root-region-scan-end, 0.0432528 secs]
264372.577: [GC concurrent-mark-start]
264411.939: [GC concurrent-mark-end, 39.3622768 secs]
264411.941: [GC remark, 0.1532759 secs]
264412.096: [GC cleanup 15653M->15653M(20480M), 0.0436086 secs]
264569.758: [GC pause (G1 Evacuation Pause) (young) 18349M->15005M(20480M), 0.0828089 secs]
264746.732: [GC pause (G1 Evacuation Pause) (young) 18349M->15001M(20480M), 0.0798156 secs]
264933.438: [GC pause (G1 Evacuation Pause) (young) (initial-mark) 18361M->15001M(20480M), 0.1031068 secs]
264933.541: [GC concurrent-root-region-scan-start]
264933.580: [GC concurrent-root-region-scan-end, 0.0389716 secs]
264933.580: [GC concurrent-mark-start]
264973.766: [GC concurrent-mark-end, 40.1862111 secs]
264973.768: [GC remark, 0.1526034 secs]
264973.922: [GC cleanup 15694M->15694M(20480M), 0.0433648 secs]
265130.883: [GC pause (G1 Evacuation Pause) (young) 18361M->15005M(20480M), 0.0833118 secs]
265307.570: [GC pause (G1 Evacuation Pause) (young) 18349M->15002M(20480M), 0.0807736 secs]
265494.518: [GC pause (G1 Evacuation Pause) (young) (initial-mark) 18362M->15010M(20480M), 0.0878833 secs]
265494.606: [GC concurrent-root-region-scan-start]
265494.644: [GC concurrent-root-region-scan-end, 0.0383082 secs]
265494.644: [GC concurrent-mark-start]
265534.144: [GC concurrent-mark-end, 39.4999823 secs]
265534.146: [GC remark, 0.1636638 secs]
265534.311: [GC cleanup 15660M->15660M(20480M), 0.0446470 secs]
265691.978: [GC pause (G1 Evacuation Pause) (young) 18354M->15002M(20480M), 0.0825984 secs]
265868.891: [GC pause (G1 Evacuation Pause) (young) 18362M->15002M(20480M), 0.1004935 secs]
266034.662: [GC pause (G1 Evacuation Pause) (young) (initial-mark) 18362M->15090M(20480M), 0.0884902 secs]
266034.751: [GC concurrent-root-region-scan-start]
266034.810: [GC concurrent-root-region-scan-end, 0.0592526 secs]
266034.810: [GC concurrent-mark-start]
266074.965: [GC concurrent-mark-end, 40.1544967 secs]
266074.967: [GC remark, 0.2004538 secs]
266075.170: [GC cleanup 15807M->15807M(20480M), 0.1270964 secs]
266149.250: [GC pause (G1 Evacuation Pause) (young)-- 19506M->19376M(20480M), 0.8639157 secs]
266160.425: [GC pause (G1 Evacuation Pause) (young)-- 19512M->19512M(20480M), 0.0901031 secs]
266160.517: [GC pause (G1 Evacuation Pause) (young) (initial-mark) 19512M->19512M(20480M), 0.0273590 secs]
266160.544: [GC concurrent-root-region-scan-start]
266160.545: [GC concurrent-root-region-scan-end, 0.0006046 secs]
266160.545: [GC concurrent-mark-start]
266160.546: [Full GC (Allocation Failure)  19512M->16826M(20480M), 46.9209450 secs]
266207.470: [GC concurrent-mark-abort]
266259.651: [GC pause (G1 Evacuation Pause) (young) 17850M->16839M(20480M), 0.0439580 secs]
266321.910: [GC pause (G1 Evacuation Pause) (young) (initial-mark) 17847M->16845M(20480M), 0.0386255 secs]
266321.949: [GC concurrent-root-region-scan-start]
266321.966: [GC concurrent-root-region-scan-end, 0.0170149 secs]
266321.966: [GC concurrent-mark-start]
266361.572: [GC concurrent-mark-end, 39.6052827 secs]
266361.573: [GC remark, 0.1500808 secs]
266361.725: [GC cleanup 17465M->15737M(20480M), 0.0461053 secs]
266361.772: [GC concurrent-cleanup-start]
266361.773: [GC concurrent-cleanup-end, 0.0012678 secs]
266384.117: [GC pause (G1 Evacuation Pause) (young) 16117M->15132M(20480M), 0.0572745 secs]
266550.465: [GC pause (G1 Evacuation Pause) (young) 18300M->15145M(20480M), 0.0776374 secs]
266697.098: [GC pause (G1 Humongous Allocation) (young) (initial-mark) 17919M->15150M(20480M), 0.0810536 secs]
266697.180: [GC concurrent-root-region-scan-start]
266697.226: [GC concurrent-root-region-scan-end, 0.0464114 secs]
266697.226: [GC concurrent-mark-start]
266707.507: [GC pause (G1 Humongous Allocation) (young)-- 19395M->19567M(20480M), 6.4367071 secs]
266713.946: [Full GC (Allocation Failure)  19567M->18184M(20480M), 43.5927635 secs]
266757.545: [GC concurrent-mark-abort]
266757.582: [GC pause (G1 Humongous Allocation) (young) (initial-mark) 18228M->18236M(20480M), 0.0390148 secs]
266757.622: [GC concurrent-root-region-scan-start]
266757.646: [GC concurrent-root-region-scan-end, 0.0244817 secs]
266757.646: [GC concurrent-mark-start]
266778.591: [GC pause (G1 Evacuation Pause) (young)-- 19484M->19484M(20480M), 1.5655562 secs]
266780.159: [GC pause (G1 Evacuation Pause) (young) 19484M->19484M(20480M), 0.0628820 secs]
266780.223: [GC pause (G1 Evacuation Pause) (young) 19484M->19484M(20480M), 0.0202227 secs]
266780.245: [GC pause (G1 Evacuation Pause) (young) 19484M->19484M(20480M), 0.0173660 secs]
266780.264: [GC pause (G1 Evacuation Pause) (young) 19484M->19484M(20480M), 0.0149997 secs]
266780.280: [GC pause (G1 Evacuation Pause) (young) 19484M->19484M(20480M), 0.0140879 secs]
266780.296: [Full GC (Allocation Failure)  19484M->15976M(20480M), 42.0732580 secs]
266822.370: [GC concurrent-mark-abort]
266874.585: [GC pause (G1 Evacuation Pause) (young) 17000M->15989M(20480M), 0.0527035 secs]
266937.068: [GC pause (G1 Evacuation Pause) (young) (initial-mark) 16997M->15994M(20480M), 0.0409128 secs]
266937.109: [GC concurrent-root-region-scan-start]
266937.123: [GC concurrent-root-region-scan-end, 0.0139744 secs]
266937.123: [GC concurrent-mark-start]
266977.449: [GC concurrent-mark-end, 40.3267150 secs]
266977.451: [GC remark, 0.1559018 secs]
266977.609: [GC cleanup 16610M->15554M(20480M), 0.0499991 secs]
266977.659: [GC concurrent-cleanup-start]
266977.660: [GC concurrent-cleanup-end, 0.0005994 secs]
266990.697: [GC pause (G1 Evacuation Pause) (young) 15938M->14955M(20480M), 0.0423016 secs]
267041.098: [GC pause (G1 Evacuation Pause) (young) 15939M->14956M(20480M), 0.0410875 secs]
267093.311: [GC pause (G1 Evacuation Pause) (young) (initial-mark) 15940M->14960M(20480M), 0.0457134 secs]
267093.357: [GC concurrent-root-region-scan-start]
267093.384: [GC concurrent-root-region-scan-end, 0.0271072 secs]
267093.384: [GC concurrent-mark-start]
267134.885: [GC concurrent-mark-end, 41.5004803 secs]
267134.891: [GC remark, 0.1864500 secs]
267135.085: [GC cleanup 15665M->15665M(20480M), 0.1170039 secs]
267155.794: [GC pause (G1 Evacuation Pause) (young) 15944M->14964M(20480M), 0.1072685 secs]
267207.959: [GC pause (G1 Evacuation Pause) (young) 15940M->14964M(20480M), 0.0489688 secs]
267270.108: [GC pause (G1 Evacuation Pause) (young) (initial-mark) 15940M->14968M(20480M), 0.0514946 secs]
267270.159: [GC concurrent-root-region-scan-start]
267270.191: [GC concurrent-root-region-scan-end, 0.0313456 secs]
267270.191: [GC concurrent-mark-start]
267310.972: [GC concurrent-mark-end, 40.7817637 secs]
267310.974: [GC remark, 0.1795804 secs]
267311.156: [GC cleanup 15929M->15929M(20480M), 0.0767703 secs]
267311.701: [GC pause (G1 Evacuation Pause) (young) 15944M->15008M(20480M), 0.0895911 secs]
267363.724: [GC pause (G1 Evacuation Pause) (young) 15944M->14983M(20480M), 0.0483742 secs]
267415.912: [GC pause (G1 Evacuation Pause) (young) (initial-mark) 15943M->14963M(20480M), 0.0545473 secs]
267415.967: [GC concurrent-root-region-scan-start]
267416.029: [GC concurrent-root-region-scan-end, 0.0614602 secs]
267416.029: [GC concurrent-mark-start]
267456.090: [GC concurrent-mark-end, 40.0616954 secs]
267456.093: [GC remark, 0.1497938 secs]
267456.245: [GC cleanup 15564M->15532M(20480M), 0.0432084 secs]
267456.288: [GC concurrent-cleanup-start]
267456.288: [GC concurrent-cleanup-end, 0.0000333 secs]
267603.012: [GC pause (G1 Evacuation Pause) (young) 18267M->14951M(20480M), 0.0835968 secs]
267655.127: [GC pause (G1 Evacuation Pause) (young) 15911M->14931M(20480M), 0.0794408 secs]
267852.640: [GC pause (G1 Evacuation Pause) (young) (initial-mark) 18331M->14951M(20480M), 0.1205328 secs]
267852.760: [GC concurrent-root-region-scan-start]
267852.800: [GC concurrent-root-region-scan-end, 0.0402169 secs]
267852.800: [GC concurrent-mark-start]
267895.507: [GC concurrent-mark-end, 42.7065002 secs]
267895.509: [GC remark, 0.2676770 secs]
267895.792: [GC cleanup 15923M->15923M(20480M), 0.1157533 secs]
268040.460: [GC pause (G1 Evacuation Pause) (young) 18335M->14943M(20480M), 0.1257294 secs]
268228.695: [GC pause (G1 Evacuation Pause) (young) 18351M->14959M(20480M), 0.1283136 secs]
268427.489: [GC pause (G1 Evacuation Pause) (young) (initial-mark) 18335M->14943M(20480M), 0.1106078 secs]
268427.600: [GC concurrent-root-region-scan-start]
268427.642: [GC concurrent-root-region-scan-end, 0.0419439 secs]
268427.642: [GC concurrent-mark-start]
268469.730: [GC concurrent-mark-end, 42.0881916 secs]
268469.732: [GC remark, 0.1652631 secs]
268469.899: [GC cleanup 15795M->15795M(20480M), 0.0488857 secs]
268605.829: [GC pause (G1 Evacuation Pause) (young) 18351M->14939M(20480M), 0.1107313 secs]
268799.700: [GC pause (G1 Evacuation Pause) (young) 18355M->14951M(20480M), 0.1114827 secs]
268991.750: [GC pause (G1 Evacuation Pause) (young) (initial-mark) 18343M->14939M(20480M), 0.0918901 secs]
268991.842: [GC concurrent-root-region-scan-start]
268991.886: [GC concurrent-root-region-scan-end, 0.0440163 secs]
268991.886: [GC concurrent-mark-start]
269034.429: [GC concurrent-mark-end, 42.5434425 secs]
269034.431: [GC remark, 0.1446956 secs]
269034.577: [GC cleanup 15671M->15671M(20480M), 0.0446773 secs]
269179.044: [GC pause (G1 Evacuation Pause) (young) 18355M->14939M(20480M), 0.0964594 secs]
269386.452: [GC pause (G1 Evacuation Pause) (young) 18363M->14943M(20480M), 0.0942916 secs]
269573.664: [GC pause (G1 Evacuation Pause) (young) (initial-mark) 18351M->14939M(20480M), 0.0853606 secs]
269573.749: [GC concurrent-root-region-scan-start]
269573.789: [GC concurrent-root-region-scan-end, 0.0393359 secs]
269573.789: [GC concurrent-mark-start]
269614.900: [GC concurrent-mark-end, 41.1114533 secs]
269614.902: [GC remark, 0.2048405 secs]
269615.109: [GC cleanup 16006M->16006M(20480M), 0.1187982 secs]
269719.357: [GC pause (G1 Evacuation Pause) (young) 18363M->14975M(20480M), 0.0950956 secs]
269917.465: [GC pause (G1 Evacuation Pause) (young) 18319M->14943M(20480M), 0.1842351 secs]
270094.992: [GC pause (G1 Evacuation Pause) (young) (initial-mark) 18351M->14943M(20480M), 0.1165638 secs]
270095.108: [GC concurrent-root-region-scan-start]
270095.168: [GC concurrent-root-region-scan-end, 0.0594772 secs]
270095.168: [GC concurrent-mark-start]
270139.418: [GC concurrent-mark-end, 44.2498138 secs]
270139.419: [GC remark, 0.1498882 secs]
270139.571: [GC cleanup 15696M->15696M(20480M), 0.0444978 secs]
270292.598: [GC pause (G1 Evacuation Pause) (young) 18351M->14951M(20480M), 0.0875783 secs]
270490.520: [GC pause (G1 Evacuation Pause) (young) 18343M->14947M(20480M), 0.1029611 secs]
270667.920: [GC pause (G1 Evacuation Pause) (young) (initial-mark) 18355M->14943M(20480M), 0.0907850 secs]
270668.011: [GC concurrent-root-region-scan-start]
270668.103: [GC concurrent-root-region-scan-end, 0.0914272 secs]
270668.103: [GC concurrent-mark-start]
270710.694: [GC concurrent-mark-end, 42.5917321 secs]
270710.696: [GC remark, 0.1580111 secs]
270710.856: [GC cleanup 15695M->15695M(20480M), 0.0428801 secs]
270876.178: [GC pause (G1 Evacuation Pause) (young) 18351M->14939M(20480M), 0.0970081 secs]
271053.618: [GC pause (G1 Evacuation Pause) (young) 18363M->14939M(20480M), 0.0975787 secs]
271241.082: [GC pause (G1 Evacuation Pause) (young) (initial-mark) 18363M->14964M(20480M), 0.1216428 secs]
271241.204: [GC concurrent-root-region-scan-start]
271241.274: [GC concurrent-root-region-scan-end, 0.0699662 secs]
271241.274: [GC concurrent-mark-start]
271284.694: [GC concurrent-mark-end, 43.4198990 secs]
271284.696: [GC remark, 0.1754460 secs]
271284.873: [GC cleanup 15749M->15749M(20480M), 0.0696979 secs]
271439.163: [GC pause (G1 Evacuation Pause) (young) 18340M->14944M(20480M), 0.1024270 secs]
271626.682: [GC pause (G1 Evacuation Pause) (young) 18352M->14944M(20480M), 0.0894984 secs]
271814.199: [GC pause (G1 Evacuation Pause) (young) (initial-mark) 18352M->14956M(20480M), 0.0993789 secs]
271814.298: [GC concurrent-root-region-scan-start]
271814.348: [GC concurrent-root-region-scan-end, 0.0491661 secs]
271814.348: [GC concurrent-mark-start]
271858.019: [GC concurrent-mark-end, 43.6713102 secs]
271858.021: [GC remark, 0.1622213 secs]
271858.184: [GC cleanup 15756M->15756M(20480M), 0.0595871 secs]
272012.136: [GC pause (G1 Evacuation Pause) (young) 18348M->14944M(20480M), 0.0960808 secs]
272199.416: [GC pause (G1 Evacuation Pause) (young) 18352M->14940M(20480M), 0.0883653 secs]
272391.598: [GC pause (G1 Evacuation Pause) (young) (initial-mark) 18364M->14944M(20480M), 0.0866176 secs]
272391.685: [GC concurrent-root-region-scan-start]
272391.837: [GC concurrent-root-region-scan-end, 0.1522909 secs]
272391.837: [GC concurrent-mark-start]
272436.628: [GC concurrent-mark-end, 44.7906968 secs]
272436.630: [GC remark, 0.2149500 secs]
272436.846: [GC cleanup 15793M->15793M(20480M), 0.0939487 secs]
272584.344: [GC pause (G1 Evacuation Pause) (young) 18352M->14940M(20480M), 0.0854582 secs]
272771.769: [GC pause (G1 Evacuation Pause) (young) 18364M->14952M(20480M), 0.0895910 secs]
272979.303: [GC pause (G1 Evacuation Pause) (young) (initial-mark) 18344M->14944M(20480M), 0.1376236 secs]
272979.441: [GC concurrent-root-region-scan-start]
272979.485: [GC concurrent-root-region-scan-end, 0.0443463 secs]
272979.485: [GC concurrent-mark-start]
273020.119: [GC concurrent-mark-end, 40.6339744 secs]
273020.121: [GC remark, 0.1943214 secs]
273020.318: [GC cleanup 15848M->15848M(20480M), 0.0796979 secs]
273156.464: [GC pause (G1 Evacuation Pause) (young) 18352M->14940M(20480M), 0.0826868 secs]
273296.991: [GC pause (G1 Humongous Allocation) (young) (initial-mark) 18099M->14952M(20480M), 0.0835826 secs]
273297.075: [GC concurrent-root-region-scan-start]
273297.117: [GC concurrent-root-region-scan-end, 0.0427191 secs]
273297.117: [GC concurrent-mark-start]
273339.654: [GC concurrent-mark-end, 42.5366460 secs]
273339.656: [GC remark, 0.2149628 secs]
273339.880: [GC cleanup 17903M->17903M(20480M), 0.1085782 secs]
273427.096: [GC pause (G1 Evacuation Pause) (young)-- 19504M->17704M(20480M), 0.9537715 secs]
273490.397: [GC pause (G1 Evacuation Pause) (young) 18728M->17731M(20480M), 0.0486035 secs]
273552.581: [GC pause (G1 Evacuation Pause) (young) (initial-mark) 18723M->17719M(20480M), 0.0377777 secs]
273552.619: [GC concurrent-root-region-scan-start]
273552.631: [GC concurrent-root-region-scan-end, 0.0118475 secs]
273552.631: [GC concurrent-mark-start]
273593.053: [GC concurrent-mark-end, 40.4219602 secs]
273593.055: [GC remark, 0.1775140 secs]
273593.234: [GC cleanup 18536M->17912M(20480M), 0.0446355 secs]
273593.279: [GC concurrent-cleanup-start]
273593.279: [GC concurrent-cleanup-end, 0.0004104 secs]
273601.345: [GC pause (G1 Evacuation Pause) (young) 18103M->17107M(20480M), 0.0436160 secs]
273656.558: [GC pause (G1 Evacuation Pause) (mixed) 18099M->15868M(20480M), 0.0433249 secs]
273802.022: [GC pause (G1 Evacuation Pause) (young) 18356M->15864M(20480M), 0.0749765 secs]
273897.291: [GC pause (G1 Humongous Allocation) (young) (initial-mark) 17800M->15860M(20480M), 0.0659382 secs]
273897.357: [GC concurrent-root-region-scan-start]
273897.410: [GC concurrent-root-region-scan-end, 0.0525813 secs]
273897.410: [GC concurrent-mark-start]
273907.259: [GC pause (G1 Humongous Allocation) (young)-- 19468M->19624M(20480M), 2.9619352 secs]
273910.382: [GC pause (G1 Humongous Allocation) (young)-- 19668M->19740M(20480M), 1.1507951 secs]
273911.552: [Full GC (Allocation Failure)  19741M->17699M(20480M), 51.0707301 secs]
273962.624: [GC concurrent-mark-abort]
273963.192: [GC pause (G1 Humongous Allocation) (young) (initial-mark) 17926M->17755M(20480M), 0.0675143 secs]
273963.261: [GC concurrent-root-region-scan-start]
273963.280: [GC concurrent-root-region-scan-end, 0.0191368 secs]
273963.280: [GC concurrent-mark-start]
273983.909: [GC pause (G1 Evacuation Pause) (young)-- 19499M->19499M(20480M), 2.6465726 secs]
273986.557: [GC pause (G1 Evacuation Pause) (young) 19499M->19499M(20480M), 0.0968226 secs]
273986.656: [GC pause (G1 Evacuation Pause) (young) 19499M->19499M(20480M), 0.0204785 secs]
273986.678: [GC pause (G1 Evacuation Pause) (young) 19499M->19499M(20480M), 0.0145348 secs]
273986.694: [GC pause (G1 Evacuation Pause) (young) 19499M->19499M(20480M), 0.0168919 secs]
273986.713: [GC pause (G1 Evacuation Pause) (young) 19499M->19499M(20480M), 0.0133138 secs]
273986.728: [Full GC (Allocation Failure)  19499M->16628M(20480M), 43.7045495 secs]
274030.433: [GC concurrent-mark-abort]
274092.544: [GC pause (G1 Evacuation Pause) (young) 17652M->16642M(20480M), 0.0410804 secs]
274147.466: [GC pause (G1 Evacuation Pause) (young) (initial-mark) 17650M->16643M(20480M), 0.0371341 secs]
274147.503: [GC concurrent-root-region-scan-start]
274147.515: [GC concurrent-root-region-scan-end, 0.0125880 secs]
274147.515: [GC concurrent-mark-start]
274187.744: [GC concurrent-mark-end, 40.2289253 secs]
274187.747: [GC remark, 0.1482987 secs]
274187.897: [GC cleanup 17347M->15779M(20480M), 0.0433089 secs]
274187.940: [GC concurrent-cleanup-start]
274187.941: [GC concurrent-cleanup-end, 0.0008321 secs]
274196.665: [GC pause (G1 Evacuation Pause) (young) 16083M->15074M(20480M), 0.0330233 secs]
274248.811: [GC pause (G1 Evacuation Pause) (young) 16082M->15099M(20480M), 0.0415330 secs]
274310.886: [GC pause (G1 Evacuation Pause) (young) (initial-mark) 16083M->15104M(20480M), 0.0465986 secs]
274310.933: [GC concurrent-root-region-scan-start]
274310.970: [GC concurrent-root-region-scan-end, 0.0369148 secs]
274310.970: [GC concurrent-mark-start]
274350.503: [GC concurrent-mark-end, 39.5331549 secs]
274350.505: [GC remark, 0.1527549 secs]
274350.659: [GC cleanup 15743M->15743M(20480M), 0.0436382 secs]
274363.136: [GC pause (G1 Evacuation Pause) (young) 16080M->15096M(20480M), 0.0415567 secs]
274425.221: [GC pause (G1 Evacuation Pause) (young) 16080M->15108M(20480M), 0.1168070 secs]
274477.512: [GC pause (G1 Evacuation Pause) (young) (initial-mark) 16084M->15104M(20480M), 0.0530535 secs]
274477.565: [GC concurrent-root-region-scan-start]
274477.594: [GC concurrent-root-region-scan-end, 0.0290621 secs]
274477.594: [GC concurrent-mark-start]
274519.080: [GC pause (G1 Evacuation Pause) (young) 16080M->15156M(20480M), 0.0571414 secs]
274519.163: [GC concurrent-mark-end, 41.5689082 secs]
274519.166: [GC remark, 0.2093919 secs]
274519.377: [GC cleanup 15169M->15169M(20480M), 0.0525572 secs]
274571.394: [GC pause (G1 Evacuation Pause) (young) 16084M->15109M(20480M), 0.0433325 secs]
274654.460: [GC pause (G1 Evacuation Pause) (young) 16509M->15105M(20480M), 0.0533231 secs]
274820.854: [GC pause (G1 Evacuation Pause) (young) (initial-mark) 18257M->15125M(20480M), 0.0899707 secs]
274820.944: [GC concurrent-root-region-scan-start]
274820.994: [GC concurrent-root-region-scan-end, 0.0501962 secs]
274820.994: [GC concurrent-mark-start]
274861.222: [GC concurrent-mark-end, 40.2276362 secs]
274861.224: [GC remark, 0.1485774 secs]
274861.374: [GC cleanup 15721M->15593M(20480M), 0.0465974 secs]
274861.422: [GC concurrent-cleanup-start]
274861.422: [GC concurrent-cleanup-end, 0.0000915 secs]
275007.730: [GC pause (G1 Evacuation Pause) (young) 18149M->14981M(20480M), 0.0810881 secs]
275194.698: [GC pause (G1 Evacuation Pause) (young) 18317M->14985M(20480M), 0.0935656 secs]
275390.790: [GC pause (G1 Evacuation Pause) (young) (initial-mark) 18329M->14985M(20480M), 0.0965084 secs]
275390.887: [GC concurrent-root-region-scan-start]
275390.989: [GC concurrent-root-region-scan-end, 0.1014183 secs]
275390.989: [GC concurrent-mark-start]
275433.481: [GC concurrent-mark-end, 42.4922428 secs]
275433.483: [GC remark, 0.1544799 secs]
275433.639: [GC cleanup 15908M->15908M(20480M), 0.0503136 secs]
275569.482: [GC pause (G1 Evacuation Pause) (young) 18337M->14985M(20480M), 0.0819870 secs]
275756.111: [GC pause (G1 Evacuation Pause) (young) 18337M->14985M(20480M), 0.0816028 secs]
275953.493: [GC pause (G1 Evacuation Pause) (young) (initial-mark) 18345M->14985M(20480M), 0.0933510 secs]
275953.586: [GC concurrent-root-region-scan-start]
275953.626: [GC concurrent-root-region-scan-end, 0.0401230 secs]
275953.626: [GC concurrent-mark-start]
275993.146: [GC concurrent-mark-end, 39.5192159 secs]
275993.147: [GC remark, 0.1516143 secs]
275993.301: [GC cleanup 15844M->15844M(20480M), 0.0512169 secs]
276130.233: [GC pause (G1 Evacuation Pause) (young) 18345M->14981M(20480M), 0.1039272 secs]
276317.500: [GC pause (G1 Evacuation Pause) (young) 18349M->14985M(20480M), 0.0818863 secs]
276514.819: [GC pause (G1 Evacuation Pause) (young) (initial-mark) 18345M->14985M(20480M), 0.1593833 secs]
276514.980: [GC concurrent-root-region-scan-start]
276515.029: [GC concurrent-root-region-scan-end, 0.0496753 secs]
276515.029: [GC concurrent-mark-start]
276555.076: [GC concurrent-mark-end, 40.0462428 secs]
276555.077: [GC remark, 0.2056704 secs]
276555.285: [GC cleanup 15607M->15607M(20480M), 0.1120043 secs]
276692.235: [GC pause (G1 Evacuation Pause) (young) 18345M->14977M(20480M), 0.0831802 secs]
276857.711: [GC pause (G1 Evacuation Pause) (young) 18353M->15049M(20480M), 0.0794331 secs]
277034.146: [GC pause (G1 Evacuation Pause) (young) (initial-mark) 18281M->14981M(20480M), 0.0812403 secs]
277034.227: [GC concurrent-root-region-scan-start]
277034.268: [GC concurrent-root-region-scan-end, 0.0404237 secs]
277034.268: [GC concurrent-mark-start]
277074.235: [GC concurrent-mark-end, 39.9667994 secs]
277074.236: [GC remark, 0.1500863 secs]
277074.388: [GC cleanup 15674M->15674M(20480M), 0.0450302 secs]
277211.101: [GC pause (G1 Evacuation Pause) (young) 18341M->14993M(20480M), 0.0864589 secs]
277408.462: [GC pause (G1 Evacuation Pause) (young) 18337M->14985M(20480M), 0.0983369 secs]
277596.117: [GC pause (G1 Evacuation Pause) (young) (initial-mark) 18345M->14981M(20480M), 0.0988376 secs]
277596.216: [GC concurrent-root-region-scan-start]
277596.258: [GC concurrent-root-region-scan-end, 0.0422988 secs]
277596.258: [GC concurrent-mark-start]
277639.377: [GC concurrent-mark-end, 43.1189198 secs]
277639.379: [GC remark, 0.1552833 secs]
277639.536: [GC cleanup 15790M->15790M(20480M), 0.0505419 secs]
277790.936: [GC pause (G1 Evacuation Pause) (young) 18357M->14993M(20480M), 0.0984867 secs]
277971.595: [GC pause (G1 Evacuation Pause) (young) 18337M->14985M(20480M), 0.0954295 secs]
278158.719: [GC pause (G1 Evacuation Pause) (young) (initial-mark) 18345M->14981M(20480M), 0.1051756 secs]
278158.825: [GC concurrent-root-region-scan-start]
278158.866: [GC concurrent-root-region-scan-end, 0.0415698 secs]
278158.866: [GC concurrent-mark-start]
278200.322: [GC concurrent-mark-end, 41.4559600 secs]
278200.324: [GC remark, 0.1612911 secs]
278200.495: [GC cleanup 15643M->15643M(20480M), 0.0484691 secs]
278356.379: [GC pause (G1 Evacuation Pause) (young) 18357M->14993M(20480M), 0.0872270 secs]
278533.143: [GC pause (G1 Evacuation Pause) (young) 18337M->14981M(20480M), 0.0812090 secs]
278720.197: [GC pause (G1 Evacuation Pause) (young) (initial-mark) 18357M->14981M(20480M), 0.0947952 secs]
278720.292: [GC concurrent-root-region-scan-start]
278720.331: [GC concurrent-root-region-scan-end, 0.0391907 secs]
278720.331: [GC concurrent-mark-start]
278764.191: [GC concurrent-mark-end, 43.8596548 secs]
278764.193: [GC remark, 0.1568288 secs]
278764.352: [GC cleanup 15705M->15705M(20480M), 0.0459307 secs]
278918.392: [GC pause (G1 Evacuation Pause) (young) 18357M->14986M(20480M), 0.0908121 secs]
279105.678: [GC pause (G1 Evacuation Pause) (young) 18346M->14982M(20480M), 0.1078899 secs]
279293.239: [GC pause (G1 Evacuation Pause) (young) (initial-mark) 18358M->14986M(20480M), 0.0950858 secs]
279293.334: [GC concurrent-root-region-scan-start]
279293.416: [GC concurrent-root-region-scan-end, 0.0823007 secs]
279293.416: [GC concurrent-mark-start]
279336.377: [GC concurrent-mark-end, 42.9613019 secs]
279336.379: [GC remark, 0.1492908 secs]
279336.530: [GC cleanup 15926M->15926M(20480M), 0.0447408 secs]
279481.311: [GC pause (G1 Evacuation Pause) (young) 18346M->14986M(20480M), 0.0957006 secs]
279658.567: [GC pause (G1 Evacuation Pause) (young) 18346M->14978M(20480M), 0.0933459 secs]
279865.984: [GC pause (G1 Evacuation Pause) (young) (initial-mark) 18354M->14982M(20480M), 0.1033968 secs]
279866.087: [GC concurrent-root-region-scan-start]
279866.147: [GC concurrent-root-region-scan-end, 0.0598455 secs]
279866.147: [GC concurrent-mark-start]
279907.997: [GC concurrent-mark-end, 41.8493766 secs]
279907.999: [GC remark, 0.1532862 secs]
279908.154: [GC cleanup 16018M->16018M(20480M), 0.0468232 secs]
280053.105: [GC pause (G1 Evacuation Pause) (young) 18358M->14994M(20480M), 0.0897191 secs]
280229.802: [GC pause (G1 Evacuation Pause) (young) 18338M->14998M(20480M), 0.0938029 secs]
280406.377: [GC pause (G1 Evacuation Pause) (young) (initial-mark) 18342M->15026M(20480M), 0.0915960 secs]
280406.469: [GC concurrent-root-region-scan-start]
280406.510: [GC concurrent-root-region-scan-end, 0.0413275 secs]
280406.510: [GC concurrent-mark-start]
280450.068: [GC concurrent-mark-end, 43.5576093 secs]
280450.069: [GC remark, 0.1439464 secs]
280450.215: [GC cleanup 16127M->16127M(20480M), 0.0427589 secs]
280514.817: [GC pause (G1 Humongous Allocation) (young)-- 19501M->19287M(20480M), 1.1116042 secs]
280515.975: [GC pause (G1 Humongous Allocation) (young) (initial-mark) 19311M->19315M(20480M), 0.1030422 secs]
280516.079: [GC concurrent-root-region-scan-start]
280516.093: [GC concurrent-root-region-scan-end, 0.0144295 secs]
280516.093: [GC concurrent-mark-start]
280521.052: [GC pause (G1 Evacuation Pause) (young)-- 19491M->19495M(20480M), 0.1043542 secs]
280521.177: [GC pause (G1 Evacuation Pause) (young)-- 19503M->19503M(20480M), 0.0362332 secs]
280521.215: [GC pause (G1 Evacuation Pause) (young) 19503M->19503M(20480M), 0.0168009 secs]
280521.234: [Full GC (Allocation Failure)  19503M->16862M(20480M), 44.2662999 secs]
280565.504: [GC concurrent-mark-abort]
280627.653: [GC pause (G1 Evacuation Pause) (young) 17886M->16877M(20480M), 0.0449016 secs]
280679.869: [GC pause (G1 Evacuation Pause) (young) (initial-mark) 17885M->16888M(20480M), 0.0544838 secs]
280679.924: [GC concurrent-root-region-scan-start]
280679.950: [GC concurrent-root-region-scan-end, 0.0259880 secs]
280679.950: [GC concurrent-mark-start]
280720.401: [GC concurrent-mark-end, 40.4512681 secs]
280720.403: [GC remark, 0.1534071 secs]
280720.559: [GC cleanup 17448M->15752M(20480M), 0.0476734 secs]
280720.607: [GC concurrent-cleanup-start]
280720.608: [GC concurrent-cleanup-end, 0.0012067 secs]
280742.044: [GC pause (G1 Evacuation Pause) (young) 16184M->15190M(20480M), 0.0409089 secs]
280897.919: [GC pause (G1 Evacuation Pause) (young) 18150M->15214M(20480M), 0.0883280 secs]
281075.110: [GC pause (G1 Evacuation Pause) (young) (initial-mark) 18174M->15214M(20480M), 0.1359757 secs]
281075.248: [GC concurrent-root-region-scan-start]
281075.288: [GC concurrent-root-region-scan-end, 0.0403177 secs]
281075.288: [GC concurrent-mark-start]
281106.075: [GC pause (G1 Humongous Allocation) (young)-- 19397M->19262M(20480M), 4.4296705 secs]
281111.538: [GC pause (G1 Humongous Allocation) (young)-- 19610M->19642M(20480M), 1.7636870 secs]
281113.315: [Full GC (Allocation Failure)  19642M->17906M(20480M), 44.2626504 secs]
281157.578: [GC concurrent-mark-abort]
281157.608: [GC pause (G1 Humongous Allocation) (young) (initial-mark) 17946M->17954M(20480M), 0.0675790 secs]
281157.676: [GC concurrent-root-region-scan-start]
281157.694: [GC concurrent-root-region-scan-end, 0.0173745 secs]
281157.694: [GC concurrent-mark-start]
281163.288: [GC pause (G1 Humongous Allocation) (young)-- 19253M->19338M(20480M), 0.3248224 secs]
281168.426: [GC pause (G1 Evacuation Pause) (young)-- 19498M->19498M(20480M), 0.8552907 secs]
281169.283: [GC pause (G1 Evacuation Pause) (young) 19498M->19498M(20480M), 0.0490653 secs]
281169.334: [Full GC (Allocation Failure)  19498M->16695M(20480M), 42.1628297 secs]
281211.498: [GC concurrent-mark-abort]
281263.733: [GC pause (G1 Evacuation Pause) (young) 17719M->16714M(20480M), 0.0408055 secs]
281326.095: [GC pause (G1 Evacuation Pause) (young) (initial-mark) 17714M->16732M(20480M), 0.0437453 secs]
281326.139: [GC concurrent-root-region-scan-start]
281326.156: [GC concurrent-root-region-scan-end, 0.0166023 secs]
281326.156: [GC concurrent-mark-start]
281366.138: [GC concurrent-mark-end, 39.9823741 secs]
281366.140: [GC remark, 0.1811602 secs]
281366.323: [GC cleanup 17374M->15774M(20480M), 0.0422569 secs]
281366.365: [GC concurrent-cleanup-start]
281366.366: [GC concurrent-cleanup-end, 0.0009285 secs]
281388.538: [GC pause (G1 Evacuation Pause) (young) 16156M->15115M(20480M), 0.0407208 secs]
281539.588: [GC pause (G1 Evacuation Pause) (young) 17979M->15147M(20480M), 0.0843517 secs]
281701.155: [GC pause (G1 Evacuation Pause) (young) (initial-mark) 18051M->15167M(20480M), 0.1071552 secs]
281701.262: [GC concurrent-root-region-scan-start]
281701.335: [GC concurrent-root-region-scan-end, 0.0729095 secs]
281701.335: [GC concurrent-mark-start]
281744.722: [GC concurrent-mark-end, 43.3872664 secs]
281744.724: [GC remark, 0.2188651 secs]
281744.947: [GC cleanup 16183M->16183M(20480M), 0.1724471 secs]
281868.537: [GC pause (G1 Evacuation Pause) (young) 18111M->15139M(20480M), 0.1017219 secs]
282025.386: [GC pause (G1 Evacuation Pause) (young) 18155M->15163M(20480M), 0.1435159 secs]
282203.079: [GC pause (G1 Evacuation Pause) (young) (initial-mark) 18187M->15147M(20480M), 0.1050859 secs]
282203.185: [GC concurrent-root-region-scan-start]
282203.227: [GC concurrent-root-region-scan-end, 0.0421527 secs]
282203.227: [GC concurrent-mark-start]
282244.299: [GC concurrent-mark-end, 41.0723274 secs]
282244.301: [GC remark, 0.1556291 secs]
282244.458: [GC cleanup 15785M->15785M(20480M), 0.0453464 secs]
282370.403: [GC pause (G1 Evacuation Pause) (young) 18219M->15143M(20480M), 0.0933679 secs]
282557.731: [GC pause (G1 Evacuation Pause) (young) 18247M->15151M(20480M), 0.0999374 secs]
282724.768: [GC pause (G1 Evacuation Pause) (young) (initial-mark) 18263M->15139M(20480M), 0.1090351 secs]
282724.877: [GC concurrent-root-region-scan-start]
282724.917: [GC concurrent-root-region-scan-end, 0.0404629 secs]
282724.917: [GC concurrent-mark-start]
282767.381: [GC concurrent-mark-end, 42.4636093 secs]
282767.382: [GC remark, 0.1655314 secs]
282767.549: [GC cleanup 15947M->15947M(20480M), 0.0769898 secs]
282900.530: [GC pause (G1 Evacuation Pause) (young) 18267M->15147M(20480M), 0.0976909 secs]
283078.916: [GC pause (G1 Evacuation Pause) (young) 18283M->15147M(20480M), 0.1029534 secs]
283245.211: [GC pause (G1 Evacuation Pause) (young) (initial-mark) 18291M->15143M(20480M), 0.1562832 secs]
283245.367: [GC concurrent-root-region-scan-start]
283245.420: [GC concurrent-root-region-scan-end, 0.0529001 secs]
283245.420: [GC concurrent-mark-start]
283287.854: [GC concurrent-mark-end, 42.4336613 secs]
283287.857: [GC remark, 0.1722965 secs]
283288.031: [GC cleanup 15967M->15967M(20480M), 0.0745107 secs]
283432.578: [GC pause (G1 Evacuation Pause) (young) 18295M->15143M(20480M), 0.0873202 secs]
283609.093: [GC pause (G1 Evacuation Pause) (young) 18311M->15143M(20480M), 0.0840020 secs]
283790.519: [GC pause (G1 Evacuation Pause) (young) (initial-mark) 18311M->15152M(20480M), 0.0905874 secs]
283790.610: [GC concurrent-root-region-scan-start]
283790.708: [GC concurrent-root-region-scan-end, 0.0986831 secs]
283790.709: [GC concurrent-mark-start]
283832.323: [GC concurrent-mark-end, 41.6148367 secs]
283832.325: [GC remark, 0.1655435 secs]
283832.493: [GC cleanup 16091M->15931M(20480M), 0.0481450 secs]
283832.542: [GC concurrent-cleanup-start]
283832.542: [GC concurrent-cleanup-end, 0.0006672 secs]
283962.516: [GC pause (G1 Evacuation Pause) (young) 18144M->14980M(20480M), 0.1107968 secs]
284108.394: [GC pause (G1 Evacuation Pause) (young) 18340M->15012M(20480M), 0.0918363 secs]
284295.793: [GC pause (G1 Evacuation Pause) (young) (initial-mark) 18316M->14992M(20480M), 0.1060946 secs]
284295.900: [GC concurrent-root-region-scan-start]
284295.942: [GC concurrent-root-region-scan-end, 0.0424186 secs]
284295.942: [GC concurrent-mark-start]
284336.676: [GC concurrent-mark-end, 40.7338980 secs]
284336.678: [GC remark, 0.1526889 secs]
284336.833: [GC cleanup 15534M->15534M(20480M), 0.0464634 secs]
284472.517: [GC pause (G1 Evacuation Pause) (young) 18344M->14992M(20480M), 0.0975512 secs]
284670.399: [GC pause (G1 Evacuation Pause) (young) 18344M->14992M(20480M), 0.0922359 secs]
284867.613: [GC pause (G1 Evacuation Pause) (young) (initial-mark) 18344M->14992M(20480M), 0.0863533 secs]
284867.700: [GC concurrent-root-region-scan-start]
284867.744: [GC concurrent-root-region-scan-end, 0.0443573 secs]
284867.744: [GC concurrent-mark-start]
284909.353: [GC concurrent-mark-end, 41.6090916 secs]
284909.356: [GC remark, 0.1472705 secs]
284909.505: [GC cleanup 15728M->15728M(20480M), 0.0433952 secs]
285044.583: [GC pause (G1 Evacuation Pause) (young) 18344M->14984M(20480M), 0.0993204 secs]
285242.014: [GC pause (G1 Evacuation Pause) (young) 18352M->14988M(20480M), 0.0935624 secs]
285418.979: [GC pause (G1 Evacuation Pause) (young) (initial-mark) 18340M->14984M(20480M), 0.0899181 secs]
285419.069: [GC concurrent-root-region-scan-start]
285419.108: [GC concurrent-root-region-scan-end, 0.0392690 secs]
285419.108: [GC concurrent-mark-start]
285460.004: [GC concurrent-mark-end, 40.8956103 secs]
285460.005: [GC remark, 0.1498205 secs]
285460.157: [GC cleanup 15558M->15558M(20480M), 0.0441946 secs]
285616.450: [GC pause (G1 Evacuation Pause) (young) 18352M->15000M(20480M), 0.1324951 secs]
285803.355: [GC pause (G1 Evacuation Pause) (young) 18336M->14980M(20480M), 0.0818196 secs]
285990.379: [GC pause (G1 Evacuation Pause) (young) (initial-mark) 18348M->14988M(20480M), 0.1114052 secs]
285990.491: [GC concurrent-root-region-scan-start]
285990.541: [GC concurrent-root-region-scan-end, 0.0500091 secs]
285990.541: [GC concurrent-mark-start]
286032.518: [GC concurrent-mark-end, 41.9769524 secs]
286032.521: [GC remark, 0.1521259 secs]
286032.675: [GC cleanup 15756M->15756M(20480M), 0.0596776 secs]
286188.290: [GC pause (G1 Evacuation Pause) (young) 18340M->14996M(20480M), 0.0872729 secs]
286365.124: [GC pause (G1 Evacuation Pause) (young) 18332M->14988M(20480M), 0.1133166 secs]
286542.319: [GC pause (G1 Evacuation Pause) (young) (initial-mark) 18340M->14984M(20480M), 0.0920388 secs]
286542.411: [GC concurrent-root-region-scan-start]
286542.504: [GC concurrent-root-region-scan-end, 0.0928637 secs]
286542.504: [GC concurrent-mark-start]
286582.547: [GC concurrent-mark-end, 40.0426126 secs]
286582.548: [GC remark, 0.1491439 secs]
286582.699: [GC cleanup 15570M->15570M(20480M), 0.0422468 secs]
286739.804: [GC pause (G1 Evacuation Pause) (young) 18352M->14988M(20480M), 0.0835945 secs]
286916.554: [GC pause (G1 Evacuation Pause) (young) 18340M->14984M(20480M), 0.0818002 secs]
287113.809: [GC pause (G1 Evacuation Pause) (young) (initial-mark) 18352M->14993M(20480M), 0.0853233 secs]
287113.894: [GC concurrent-root-region-scan-start]
287113.945: [GC concurrent-root-region-scan-end, 0.0510294 secs]
287113.945: [GC concurrent-mark-start]
287154.342: [GC concurrent-mark-end, 40.3973369 secs]
287154.344: [GC remark, 0.1471582 secs]
287154.493: [GC cleanup 15680M->15680M(20480M), 0.0438171 secs]
287311.231: [GC pause (G1 Evacuation Pause) (young) 18345M->14985M(20480M), 0.0879457 secs]
287488.069: [GC pause (G1 Evacuation Pause) (young) 18353M->14993M(20480M), 0.0848486 secs]
287644.526: [GC pause (G1 Evacuation Pause) (young) (initial-mark) 18345M->15069M(20480M), 0.1337210 secs]
287644.660: [GC concurrent-root-region-scan-start]
287644.714: [GC concurrent-root-region-scan-end, 0.0537547 secs]
287644.714: [GC concurrent-mark-start]
287684.970: [GC concurrent-mark-end, 40.2559130 secs]
287684.971: [GC remark, 0.1987445 secs]
287685.172: [GC cleanup 15613M->15613M(20480M), 0.1281323 secs]
287769.198: [GC pause (G1 Evacuation Pause) (young)-- 19493M->18335M(20480M), 0.8318492 secs]
287822.432: [GC pause (G1 Evacuation Pause) (young) 19359M->18355M(20480M), 0.0472723 secs]
287884.651: [GC pause (G1 Evacuation Pause) (young) (initial-mark) 19355M->18358M(20480M), 0.0362041 secs]
287884.687: [GC concurrent-root-region-scan-start]
287884.701: [GC concurrent-root-region-scan-end, 0.0134571 secs]
287884.701: [GC concurrent-mark-start]
287926.948: [GC concurrent-mark-end, 42.2468433 secs]
287926.949: [GC remark, 0.1960150 secs]
287927.149: [GC cleanup 19126M->18222M(20480M), 0.0465519 secs]
287927.196: [GC concurrent-cleanup-start]
287927.197: [GC concurrent-cleanup-end, 0.0009627 secs]
287947.111: [GC pause (G1 Evacuation Pause) (young) 18454M->17450M(20480M), 0.0427630 secs]
287999.622: [GC pause (G1 Evacuation Pause) (mixed) 18450M->15862M(20480M), 0.0396844 secs]
288134.419: [GC pause (G1 Evacuation Pause) (young) 18350M->15894M(20480M), 0.0709884 secs]
288280.131: [GC pause (G1 Evacuation Pause) (young) (initial-mark) 18326M->15887M(20480M), 0.0749587 secs]
288280.207: [GC concurrent-root-region-scan-start]
288280.252: [GC concurrent-root-region-scan-end, 0.0454541 secs]
288280.252: [GC concurrent-mark-start]
288305.119: [GC pause (G1 Humongous Allocation) (young)-- 19635M->19667M(20480M), 3.3791540 secs]
288308.779: [GC pause (G1 Humongous Allocation) (young)-- 19751M->19795M(20480M), 0.4965318 secs]
288309.278: [Full GC (Allocation Failure)  19795M->17426M(20480M), 48.7146541 secs]
288358.002: [GC concurrent-mark-abort]
288358.005: [GC pause (G1 Humongous Allocation) (young) (initial-mark) 17502M->17510M(20480M), 0.0291752 secs]
288358.034: [GC concurrent-root-region-scan-start]
288358.039: [GC concurrent-root-region-scan-end, 0.0046918 secs]
288358.039: [GC concurrent-mark-start]
288368.810: [GC pause (G1 Humongous Allocation) (young)-- 19460M->19512M(20480M), 2.7289215 secs]
288371.551: [Full GC (Allocation Failure)  19512M->17039M(20480M), 43.0063373 secs]
288414.558: [GC concurrent-mark-abort]
288414.568: [GC pause (G1 Humongous Allocation) (young) (initial-mark) 17079M->17091M(20480M), 0.0224172 secs]
288414.590: [GC concurrent-root-region-scan-start]
288414.594: [GC concurrent-root-region-scan-end, 0.0035347 secs]
288414.594: [GC concurrent-mark-start]
288454.393: [GC concurrent-mark-end, 39.7988447 secs]
288454.394: [GC remark, 0.1517818 secs]
288454.548: [GC cleanup 17763M->17763M(20480M), 0.0443095 secs]
288476.921: [GC pause (G1 Evacuation Pause) (young) 18155M->17185M(20480M), 0.0542040 secs]
288529.083: [GC pause (G1 Evacuation Pause) (young) 18153M->17139M(20480M), 0.0549304 secs]
288591.213: [GC pause (G1 Evacuation Pause) (young) (initial-mark) 18123M->17147M(20480M), 0.0463016 secs]
288591.260: [GC concurrent-root-region-scan-start]
288591.289: [GC concurrent-root-region-scan-end, 0.0291887 secs]
288591.289: [GC concurrent-mark-start]
288634.092: [GC concurrent-mark-end, 42.8028122 secs]
288634.093: [GC remark, 0.1662722 secs]
288634.262: [GC cleanup 18122M->16346M(20480M), 0.0554897 secs]
288634.318: [GC concurrent-cleanup-start]
288634.319: [GC concurrent-cleanup-end, 0.0010191 secs]
288634.770: [GC pause (G1 Evacuation Pause) (young) 16347M->15391M(20480M), 0.0962856 secs]
288684.823: [GC pause (G1 Evacuation Pause) (young) 16351M->15395M(20480M), 0.0667367 secs]
288747.224: [GC pause (G1 Evacuation Pause) (young) (initial-mark) 16427M->15395M(20480M), 0.0557174 secs]
288747.280: [GC concurrent-root-region-scan-start]
288747.328: [GC concurrent-root-region-scan-end, 0.0476136 secs]
288747.328: [GC concurrent-mark-start]
288788.204: [GC concurrent-mark-end, 40.8760022 secs]
288788.206: [GC remark, 0.2031956 secs]
288788.411: [GC cleanup 16070M->16070M(20480M), 0.0780708 secs]
288830.630: [GC pause (G1 Evacuation Pause) (young) 16835M->15391M(20480M), 0.0757964 secs]
288924.256: [GC pause (G1 Evacuation Pause) (young) 17335M->15447M(20480M), 0.0853833 secs]
289069.534: [GC pause (G1 Evacuation Pause) (young) (initial-mark) 17887M->15403M(20480M), 0.0799393 secs]
289069.615: [GC concurrent-root-region-scan-start]
289069.667: [GC concurrent-root-region-scan-end, 0.0522480 secs]
289069.667: [GC concurrent-mark-start]
289110.341: [GC concurrent-mark-end, 40.6745852 secs]
289110.343: [GC remark, 0.1662617 secs]
289110.511: [GC cleanup 16089M->16089M(20480M), 0.0497956 secs]
289225.514: [GC pause (G1 Evacuation Pause) (young) 18147M->15407M(20480M), 0.1683236 secs]
289371.293: [GC pause (G1 Evacuation Pause) (young) 18175M->15399M(20480M), 0.0810384 secs]
289527.473: [GC pause (G1 Evacuation Pause) (young) (initial-mark) 18199M->15399M(20480M), 0.0817844 secs]
289527.555: [GC concurrent-root-region-scan-start]
289527.609: [GC concurrent-root-region-scan-end, 0.0543560 secs]
289527.609: [GC concurrent-mark-start]
289568.415: [GC concurrent-mark-end, 40.8055575 secs]
289568.417: [GC remark, 0.1442453 secs]
289568.563: [GC cleanup 15972M->15972M(20480M), 0.0425025 secs]
289693.816: [GC pause (G1 Evacuation Pause) (young) 18223M->15395M(20480M), 0.0859258 secs]
289845.617: [GC pause (G1 Evacuation Pause) (young) 18235M->15407M(20480M), 0.1499568 secs]
290005.865: [GC pause (G1 Evacuation Pause) (young) (initial-mark) 18239M->15401M(20480M), 0.1647978 secs]
290006.031: [GC concurrent-root-region-scan-start]
290006.096: [GC concurrent-root-region-scan-end, 0.0653352 secs]
290006.096: [GC concurrent-mark-start]
290048.460: [GC concurrent-mark-end, 42.3644062 secs]
290048.463: [GC remark, 0.1603117 secs]
290048.625: [GC cleanup 16126M->16126M(20480M), 0.0434126 secs]
290161.981: [GC pause (G1 Evacuation Pause) (young) 18241M->15397M(20480M), 0.1010874 secs]
290328.418: [GC pause (G1 Evacuation Pause) (young) 18253M->15414M(20480M), 0.0906472 secs]
290474.003: [GC pause (G1 Evacuation Pause) (young) (initial-mark) 18262M->15422M(20480M), 0.0746678 secs]
290474.077: [GC concurrent-root-region-scan-start]
290474.115: [GC concurrent-root-region-scan-end, 0.0372906 secs]
290474.115: [GC concurrent-mark-start]
290515.679: [GC concurrent-mark-end, 41.5646853 secs]
290515.682: [GC remark, 0.2420246 secs]
290515.931: [GC cleanup 16110M->15718M(20480M), 0.1229310 secs]
290516.054: [GC concurrent-cleanup-start]
290516.054: [GC concurrent-cleanup-end, 0.0002238 secs]
290650.759: [GC pause (G1 Evacuation Pause) (young) 17862M->15027M(20480M), 0.0850889 secs]
290827.740: [GC pause (G1 Evacuation Pause) (young) 18363M->15035M(20480M), 0.0808776 secs]
291025.042: [GC pause (G1 Evacuation Pause) (young) (initial-mark) 18355M->15043M(20480M), 0.1378596 secs]
291025.185: [GC concurrent-root-region-scan-start]
291025.237: [GC concurrent-root-region-scan-end, 0.0524376 secs]
291025.237: [GC concurrent-mark-start]
291067.462: [GC concurrent-mark-end, 42.2250765 secs]
291067.465: [GC remark, 0.1839119 secs]
291067.651: [GC cleanup 16107M->16091M(20480M), 0.0822499 secs]
291067.733: [GC concurrent-cleanup-start]
291067.733: [GC concurrent-cleanup-end, 0.0000388 secs]
291191.516: [GC pause (G1 Evacuation Pause) (young) 18331M->15035M(20480M), 0.0948352 secs]
291347.284: [GC pause (G1 Evacuation Pause) (young) 18339M->15011M(20480M), 0.0897666 secs]
291544.683: [GC pause (G1 Evacuation Pause) (young) (initial-mark) 18355M->15011M(20480M), 0.1305272 secs]
291544.813: [GC concurrent-root-region-scan-start]
291544.880: [GC concurrent-root-region-scan-end, 0.0668523 secs]
291544.880: [GC concurrent-mark-start]
291585.505: [GC concurrent-mark-end, 40.6245230 secs]
291585.506: [GC remark, 0.2237897 secs]
291585.734: [GC cleanup 15637M->15637M(20480M), 0.0720614 secs]
291721.676: [GC pause (G1 Evacuation Pause) (young) 18363M->15015M(20480M), 0.0845240 secs]
291908.716: [GC pause (G1 Evacuation Pause) (young) 18351M->15015M(20480M), 0.0998976 secs]
292106.009: [GC pause (G1 Evacuation Pause) (young) (initial-mark) 18351M->15019M(20480M), 0.0883445 secs]
292106.097: [GC concurrent-root-region-scan-start]
292106.136: [GC concurrent-root-region-scan-end, 0.0390360 secs]
292106.136: [GC concurrent-mark-start]
292146.933: [GC concurrent-mark-end, 40.7966875 secs]
292146.935: [GC remark, 0.1482494 secs]
292147.084: [GC cleanup 15715M->15715M(20480M), 0.0435799 secs]
292282.777: [GC pause (G1 Evacuation Pause) (young) 18355M->15011M(20480M), 0.0820826 secs]
292480.368: [GC pause (G1 Evacuation Pause) (young) 18363M->15019M(20480M), 0.0835949 secs]
292657.188: [GC pause (G1 Evacuation Pause) (young) (initial-mark) 18355M->15007M(20480M), 0.0846877 secs]
292657.273: [GC concurrent-root-region-scan-start]
292657.312: [GC concurrent-root-region-scan-end, 0.0386994 secs]
292657.312: [GC concurrent-mark-start]
292697.598: [GC concurrent-mark-end, 40.2867222 secs]
292697.600: [GC remark, 0.1574557 secs]
292697.759: [GC cleanup 15611M->15611M(20480M), 0.0461628 secs]
292844.204: [GC pause (G1 Evacuation Pause) (young) 18359M->15015M(20480M), 0.0903376 secs]
293031.571: [GC pause (G1 Evacuation Pause) (young) 18351M->15015M(20480M), 0.0843294 secs]
293218.563: [GC pause (G1 Evacuation Pause) (young) (initial-mark) 18351M->15015M(20480M), 0.0882074 secs]
293218.651: [GC concurrent-root-region-scan-start]
293218.702: [GC concurrent-root-region-scan-end, 0.0506212 secs]
293218.702: [GC concurrent-mark-start]
293259.018: [GC concurrent-mark-end, 40.3168927 secs]
293259.020: [GC remark, 0.1454931 secs]
293259.168: [GC cleanup 15626M->15626M(20480M), 0.0443228 secs]
293416.343: [GC pause (G1 Evacuation Pause) (young) 18351M->15023M(20480M), 0.0895956 secs]
293593.123: [GC pause (G1 Evacuation Pause) (young) 18343M->15015M(20480M), 0.0797211 secs]
293770.007: [GC pause (G1 Evacuation Pause) (young) (initial-mark) 18351M->15011M(20480M), 0.0855118 secs]
293770.093: [GC concurrent-root-region-scan-start]
293770.131: [GC concurrent-root-region-scan-end, 0.0383937 secs]
293770.131: [GC concurrent-mark-start]
293809.538: [GC concurrent-mark-end, 39.4069374 secs]
293809.540: [GC remark, 0.1461517 secs]
293809.688: [GC cleanup 15545M->15545M(20480M), 0.0441603 secs]
293967.925: [GC pause (G1 Evacuation Pause) (young) 18363M->15012M(20480M), 0.0976893 secs]
294154.267: [GC pause (G1 Evacuation Pause) (young) 18364M->15020M(20480M), 0.0843506 secs]
294341.249: [GC pause (G1 Evacuation Pause) (young) (initial-mark) 18356M->15020M(20480M), 0.0834325 secs]
294341.332: [GC concurrent-root-region-scan-start]
294341.422: [GC concurrent-root-region-scan-end, 0.0896401 secs]
294341.422: [GC concurrent-mark-start]
294381.338: [GC concurrent-mark-end, 39.9162839 secs]
294381.341: [GC remark, 0.1489442 secs]
294381.491: [GC cleanup 15682M->15682M(20480M), 0.0435837 secs]
294538.535: [GC pause (G1 Evacuation Pause) (young) 18356M->15016M(20480M), 0.0844427 secs]
294715.529: [GC pause (G1 Evacuation Pause) (young) 18352M->15012M(20480M), 0.1881985 secs]
294871.707: [GC pause (G1 Evacuation Pause) (young) (initial-mark) 18364M->15052M(20480M), 0.0978349 secs]
294871.804: [GC concurrent-root-region-scan-start]
294871.844: [GC concurrent-root-region-scan-end, 0.0391843 secs]
294871.844: [GC concurrent-mark-start]
294912.368: [GC concurrent-mark-end, 40.5238817 secs]
294912.370: [GC remark, 0.1725487 secs]
294912.547: [GC cleanup 17969M->17961M(20480M), 0.0637302 secs]
294912.611: [GC concurrent-cleanup-start]
294912.611: [GC concurrent-cleanup-end, 0.0000218 secs]
294996.615: [GC pause (G1 Evacuation Pause) (young)-- 19508M->17831M(20480M), 0.8547172 secs]
295059.727: [GC pause (G1 Evacuation Pause) (young) 18855M->17854M(20480M), 0.0467268 secs]
295111.844: [GC pause (G1 Evacuation Pause) (young) (initial-mark) 18854M->17847M(20480M), 0.0388162 secs]
295111.883: [GC concurrent-root-region-scan-start]
295111.896: [GC concurrent-root-region-scan-end, 0.0131251 secs]
295111.896: [GC concurrent-mark-start]
295151.427: [GC concurrent-mark-end, 39.5313566 secs]
295151.429: [GC remark, 0.1783856 secs]
295151.610: [GC cleanup 18428M->17612M(20480M), 0.0438024 secs]
295151.655: [GC concurrent-cleanup-start]
295151.655: [GC concurrent-cleanup-end, 0.0004375 secs]
295174.165: [GC pause (G1 Evacuation Pause) (young) 18039M->17031M(20480M), 0.0782502 secs]
295226.458: [GC pause (G1 Evacuation Pause) (mixed) 18039M->15849M(20480M), 0.0428523 secs]
295361.389: [GC pause (G1 Evacuation Pause) (young) 18361M->15867M(20480M), 0.0687615 secs]
295496.418: [GC pause (G1 Evacuation Pause) (young) (initial-mark) 18347M->15863M(20480M), 0.0663044 secs]
295496.485: [GC concurrent-root-region-scan-start]
295496.518: [GC concurrent-root-region-scan-end, 0.0337951 secs]
295496.518: [GC concurrent-mark-start]
295507.216: [GC pause (G1 Humongous Allocation) (young)-- 19540M->19676M(20480M), 3.3018298 secs]
295511.478: [GC pause (G1 Humongous Allocation) (young)-- 19734M->19772M(20480M), 1.0115413 secs]
295512.493: [Full GC (Allocation Failure)  19772M->17734M(20480M), 45.6362035 secs]
295558.131: [GC concurrent-mark-abort]
295558.151: [GC pause (G1 Humongous Allocation) (young) (initial-mark) 17770M->17778M(20480M), 0.1150920 secs]
295558.267: [GC concurrent-root-region-scan-start]
295558.283: [GC concurrent-root-region-scan-end, 0.0158114 secs]
295558.283: [GC concurrent-mark-start]
295569.292: [GC pause (G1 Evacuation Pause) (young)-- 19490M->19490M(20480M), 2.7228234 secs]
295572.017: [GC pause (G1 Evacuation Pause) (young) 19490M->19490M(20480M), 0.0928702 secs]
295572.111: [GC pause (G1 Evacuation Pause) (young) 19490M->19490M(20480M), 0.0196245 secs]
295572.132: [GC pause (G1 Evacuation Pause) (young) 19490M->19490M(20480M), 0.0144268 secs]
295572.148: [GC pause (G1 Evacuation Pause) (young) 19490M->19490M(20480M), 0.0129086 secs]
295572.163: [GC pause (G1 Evacuation Pause) (young) 19490M->19490M(20480M), 0.0136549 secs]
295572.178: [Full GC (Allocation Failure)  19490M->16627M(20480M), 41.9608326 secs]
295614.139: [GC concurrent-mark-abort]
295676.303: [GC pause (G1 Evacuation Pause) (young) 17651M->16641M(20480M), 0.0427099 secs]
295728.503: [GC pause (G1 Evacuation Pause) (young) (initial-mark) 17649M->16644M(20480M), 0.0431304 secs]
295728.546: [GC concurrent-root-region-scan-start]
295728.559: [GC concurrent-root-region-scan-end, 0.0130410 secs]
295728.559: [GC concurrent-mark-start]
295768.153: [GC concurrent-mark-end, 39.5944713 secs]
295768.155: [GC remark, 0.1540689 secs]
295768.311: [GC cleanup 17195M->15659M(20480M), 0.0467950 secs]
295768.358: [GC concurrent-cleanup-start]
295768.359: [GC concurrent-cleanup-end, 0.0009368 secs]
295790.915: [GC pause (G1 Evacuation Pause) (young) 16108M->15107M(20480M), 0.0358702 secs]
295839.161: [GC pause (G1 Evacuation Pause) (young) 16115M->15128M(20480M), 0.0503659 secs]
295894.770: [GC pause (G1 Evacuation Pause) (young) (initial-mark) 16112M->15135M(20480M), 0.0619096 secs]
295894.832: [GC concurrent-root-region-scan-start]
295894.877: [GC concurrent-root-region-scan-end, 0.0451049 secs]
295894.877: [GC concurrent-mark-start]
295934.941: [GC concurrent-mark-end, 40.0644555 secs]
295934.944: [GC remark, 0.2039571 secs]
295935.150: [GC cleanup 15777M->15777M(20480M), 0.1110057 secs]
295946.935: [GC pause (G1 Evacuation Pause) (young) 16111M->15127M(20480M), 0.0435110 secs]
296009.050: [GC pause (G1 Evacuation Pause) (young) 16111M->15135M(20480M), 0.0461052 secs]
296061.283: [GC pause (G1 Evacuation Pause) (young) (initial-mark) 16111M->15131M(20480M), 0.0452547 secs]
296061.329: [GC concurrent-root-region-scan-start]
296061.355: [GC concurrent-root-region-scan-end, 0.0262025 secs]
296061.355: [GC concurrent-mark-start]
296101.138: [GC concurrent-mark-end, 39.7824777 secs]
296101.139: [GC remark, 0.1460043 secs]
296101.289: [GC cleanup 15926M->15926M(20480M), 0.0440207 secs]
296103.400: [GC pause (G1 Evacuation Pause) (young) 16115M->15163M(20480M), 0.0498097 secs]
296154.903: [GC pause (G1 Evacuation Pause) (young) 16115M->15171M(20480M), 0.0544096 secs]
296216.993: [GC pause (G1 Evacuation Pause) (young) (initial-mark) 16115M->15136M(20480M), 0.0480081 secs]
296217.041: [GC concurrent-root-region-scan-start]
296217.068: [GC concurrent-root-region-scan-end, 0.0274530 secs]
296217.068: [GC concurrent-mark-start]
296256.939: [GC concurrent-mark-end, 39.8706334 secs]
296256.941: [GC remark, 0.1615556 secs]
296257.105: [GC cleanup 15813M->15653M(20480M), 0.0432417 secs]
296257.148: [GC concurrent-cleanup-start]
296257.149: [GC concurrent-cleanup-end, 0.0000857 secs]
296300.285: [GC pause (G1 Evacuation Pause) (young) 16472M->14972M(20480M), 0.0546298 secs]
296429.962: [GC pause (G1 Evacuation Pause) (young) 17236M->14992M(20480M), 0.0866958 secs]
296548.641: [GC pause (G1 Evacuation Pause) (young) (initial-mark) 17152M->14980M(20480M), 0.0649153 secs]
296548.706: [GC concurrent-root-region-scan-start]
296548.743: [GC concurrent-root-region-scan-end, 0.0365822 secs]
296548.743: [GC concurrent-mark-start]
296588.368: [GC concurrent-mark-end, 39.6248320 secs]
296588.370: [GC remark, 0.1498975 secs]
296588.521: [GC cleanup 15681M->15681M(20480M), 0.0436152 secs]
296695.419: [GC pause (G1 Evacuation Pause) (young) 17796M->14980M(20480M), 0.1486015 secs]
296830.675: [GC pause (G1 Evacuation Pause) (young) 17284M->14976M(20480M), 0.0689590 secs]
297027.866: [GC pause (G1 Evacuation Pause) (young) (initial-mark) 18240M->15000M(20480M), 0.0959041 secs]
297027.963: [GC concurrent-root-region-scan-start]
297028.025: [GC concurrent-root-region-scan-end, 0.0619740 secs]
297028.025: [GC concurrent-mark-start]
297068.943: [GC concurrent-mark-end, 40.9187129 secs]
297068.945: [GC remark, 0.1473049 secs]
297069.094: [GC cleanup 15938M->15938M(20480M), 0.0455346 secs]
297205.075: [GC pause (G1 Evacuation Pause) (young) 18264M->14984M(20480M), 0.1207017 secs]
297381.910: [GC pause (G1 Evacuation Pause) (young) 18288M->14980M(20480M), 0.0849856 secs]
297579.332: [GC pause (G1 Evacuation Pause) (young) (initial-mark) 18300M->14984M(20480M), 0.0884774 secs]
297579.421: [GC concurrent-root-region-scan-start]
297579.471: [GC concurrent-root-region-scan-end, 0.0496261 secs]
297579.471: [GC concurrent-mark-start]
297619.762: [GC concurrent-mark-end, 40.2909572 secs]
297619.764: [GC remark, 0.1563085 secs]
297619.922: [GC cleanup 15711M->15711M(20480M), 0.0479490 secs]
297756.041: [GC pause (G1 Evacuation Pause) (young) 18312M->14976M(20480M), 0.1630686 secs]
297943.419: [GC pause (G1 Evacuation Pause) (young) 18320M->14988M(20480M), 0.0828081 secs]
298130.934: [GC pause (G1 Evacuation Pause) (young) (initial-mark) 18340M->14988M(20480M), 0.0932378 secs]
298131.028: [GC concurrent-root-region-scan-start]
298131.081: [GC concurrent-root-region-scan-end, 0.0527121 secs]
298131.081: [GC concurrent-mark-start]
298171.429: [GC concurrent-mark-end, 40.3485201 secs]
298171.431: [GC remark, 0.1569143 secs]
298171.589: [GC cleanup 15529M->15529M(20480M), 0.0470967 secs]
298317.841: [GC pause (G1 Evacuation Pause) (young) 18348M->14980M(20480M), 0.0836407 secs]
298473.912: [GC pause (G1 Evacuation Pause) (young) 18348M->15020M(20480M), 0.0832257 secs]
298650.670: [GC pause (G1 Evacuation Pause) (young) (initial-mark) 18316M->14981M(20480M), 0.0922166 secs]
298650.762: [GC concurrent-root-region-scan-start]
298650.812: [GC concurrent-root-region-scan-end, 0.0495689 secs]
298650.812: [GC concurrent-mark-start]
298691.123: [GC concurrent-mark-end, 40.3112156 secs]
298691.125: [GC remark, 0.1477985 secs]
298691.274: [GC cleanup 15525M->15525M(20480M), 0.0454658 secs]
298843.056: [GC pause (G1 Evacuation Pause) (young) 18341M->14985M(20480M), 0.0866889 secs]
299034.810: [GC pause (G1 Evacuation Pause) (young) 18337M->14989M(20480M), 0.1568989 secs]
299221.929: [GC pause (G1 Evacuation Pause) (young) (initial-mark) 18349M->14985M(20480M), 0.0859053 secs]
299222.015: [GC concurrent-root-region-scan-start]
299222.055: [GC concurrent-root-region-scan-end, 0.0400451 secs]
299222.055: [GC concurrent-mark-start]
299262.069: [GC concurrent-mark-end, 40.0133193 secs]
299262.070: [GC remark, 0.1514192 secs]
299262.223: [GC cleanup 15646M->15646M(20480M), 0.0435005 secs]
299409.413: [GC pause (G1 Evacuation Pause) (young) 18345M->14997M(20480M), 0.0964618 secs]
299596.480: [GC pause (G1 Evacuation Pause) (young) 18341M->14977M(20480M), 0.0793828 secs]
299783.272: [GC pause (G1 Evacuation Pause) (young) (initial-mark) 18353M->14977M(20480M), 0.0856844 secs]
299783.358: [GC concurrent-root-region-scan-start]
299783.399: [GC concurrent-root-region-scan-end, 0.0414533 secs]
299783.399: [GC concurrent-mark-start]
299823.097: [GC concurrent-mark-end, 39.6973592 secs]
299823.099: [GC remark, 0.1476878 secs]
299823.248: [GC cleanup 15662M->15662M(20480M), 0.0428487 secs]
299980.851: [GC pause (G1 Evacuation Pause) (young) 18353M->14989M(20480M), 0.0836878 secs]
300157.778: [GC pause (G1 Evacuation Pause) (young) 18349M->14981M(20480M), 0.0887732 secs]
300344.677: [GC pause (G1 Evacuation Pause) (young) (initial-mark) 18357M->14981M(20480M), 0.1525153 secs]
300344.829: [GC concurrent-root-region-scan-start]
300344.879: [GC concurrent-root-region-scan-end, 0.0492793 secs]
300344.879: [GC concurrent-mark-start]
300386.157: [GC concurrent-mark-end, 41.2779806 secs]
300386.158: [GC remark, 0.1914692 secs]
300386.353: [GC cleanup 15613M->15613M(20480M), 0.0771172 secs]
300542.349: [GC pause (G1 Evacuation Pause) (young) 18357M->14985M(20480M), 0.0859995 secs]
300729.565: [GC pause (G1 Evacuation Pause) (young) 18345M->14981M(20480M), 0.0936173 secs]
300906.527: [GC pause (G1 Evacuation Pause) (young) (initial-mark) 18357M->14993M(20480M), 0.0952934 secs]
300906.623: [GC concurrent-root-region-scan-start]
300906.669: [GC concurrent-root-region-scan-end, 0.0463375 secs]
300906.669: [GC concurrent-mark-start]
300948.585: [GC concurrent-mark-end, 41.9161086 secs]
300948.587: [GC remark, 0.1416845 secs]
300948.731: [GC cleanup 15793M->15793M(20480M), 0.0479561 secs]
301104.075: [GC pause (G1 Evacuation Pause) (young) 18337M->14981M(20480M), 0.0849756 secs]
301291.049: [GC pause (G1 Evacuation Pause) (young) 18357M->14977M(20480M), 0.0856616 secs]
301478.860: [GC pause (G1 Evacuation Pause) (young) (initial-mark) 18353M->14985M(20480M), 0.0938925 secs]
301478.954: [GC concurrent-root-region-scan-start]
301479.000: [GC concurrent-root-region-scan-end, 0.0459683 secs]
301479.000: [GC concurrent-mark-start]
301519.140: [GC concurrent-mark-end, 40.1403345 secs]
301519.142: [GC remark, 0.1435543 secs]
301519.287: [GC cleanup 15727M->15727M(20480M), 0.0436191 secs]
301676.114: [GC pause (G1 Evacuation Pause) (young) 18345M->14985M(20480M), 0.0881871 secs]
301853.279: [GC pause (G1 Evacuation Pause) (young) 18345M->14985M(20480M), 0.0890582 secs]
302020.105: [GC pause (G1 Evacuation Pause) (young) (initial-mark) 18345M->15041M(20480M), 0.1171461 secs]
302020.222: [GC concurrent-root-region-scan-start]
302020.269: [GC concurrent-root-region-scan-end, 0.0470017 secs]
302020.269: [GC concurrent-mark-start]
302063.668: [GC concurrent-mark-end, 43.3985832 secs]
302063.670: [GC remark, 0.1719449 secs]
302063.844: [GC cleanup 15984M->15984M(20480M), 0.0613325 secs]
302125.374: [GC pause (G1 Evacuation Pause) (young)-- 19497M->19395M(20480M), 1.0814524 secs]
302134.650: [GC pause (G1 Evacuation Pause) (young)-- 19507M->19507M(20480M), 0.0827520 secs]
302134.734: [GC pause (G1 Evacuation Pause) (young) (initial-mark) 19507M->19507M(20480M), 0.0243125 secs]
302134.760: [GC pause (G1 Evacuation Pause) (young)302134.769: [GC concurrent-root-region-scan-start]
302134.769: [GC concurrent-root-region-scan-end, 0.0004676 secs]
302134.769: [GC concurrent-mark-start]
 19507M->19507M(20480M), 0.0176528 secs]
302134.781: [GC pause (G1 Evacuation Pause) (young) 19507M->19507M(20480M), 0.0185815 secs]
302134.803: [Full GC (Allocation Failure)  19507M->16866M(20480M), 45.1468557 secs]
302179.953: [GC concurrent-mark-abort]
302242.123: [GC pause (G1 Evacuation Pause) (young) 17890M->16877M(20480M), 0.0436506 secs]
302304.395: [GC pause (G1 Evacuation Pause) (young) (initial-mark) 17885M->16881M(20480M), 0.0413340 secs]
302304.436: [GC concurrent-root-region-scan-start]
302304.450: [GC concurrent-root-region-scan-end, 0.0140466 secs]
302304.450: [GC concurrent-mark-start]
302344.453: [GC concurrent-mark-end, 40.0022567 secs]
302344.454: [GC remark, 0.1501493 secs]
302344.606: [GC cleanup 17575M->15927M(20480M), 0.0469570 secs]
302344.654: [GC concurrent-cleanup-start]
302344.655: [GC concurrent-cleanup-end, 0.0012019 secs]
302356.896: [GC pause (G1 Evacuation Pause) (young) 16241M->15236M(20480M), 0.0364843 secs]
302522.785: [GC pause (G1 Evacuation Pause) (young) 18260M->15263M(20480M), 0.0742587 secs]
302689.368: [GC pause (G1 Evacuation Pause) (young) (initial-mark) 18239M->15270M(20480M), 0.0803630 secs]
302689.449: [GC concurrent-root-region-scan-start]
302689.491: [GC concurrent-root-region-scan-end, 0.0416930 secs]
302689.491: [GC concurrent-mark-start]
302707.065: [GC pause (G1 Humongous Allocation) (young)-- 19355M->19362M(20480M), 5.4388123 secs]
302713.079: [GC pause (G1 Evacuation Pause) (young)-- 19610M->19610M(20480M), 1.0020334 secs]
302714.083: [GC pause (G1 Evacuation Pause) (young) 19610M->19610M(20480M), 0.0537828 secs]
302714.139: [Full GC (Allocation Failure)  19610M->17938M(20480M), 43.1687833 secs]
302757.309: [GC concurrent-mark-abort]
302757.707: [GC pause (G1 Humongous Allocation) (young) (initial-mark) 17951M->17948M(20480M), 0.0287663 secs]
302757.736: [GC concurrent-root-region-scan-start]
302757.742: [GC concurrent-root-region-scan-end, 0.0060883 secs]
302757.742: [GC concurrent-mark-start]
302788.307: [GC pause (G1 Evacuation Pause) (young)-- 19492M->19490M(20480M), 2.0267477 secs]
302790.367: [GC pause (G1 Evacuation Pause) (young)-- 19498M->19498M(20480M), 0.0644578 secs]
302790.434: [GC pause (G1 Evacuation Pause) (young) 19498M->19498M(20480M), 0.0217147 secs]
302790.460: [Full GC (Allocation Failure)  19498M->16387M(20480M), 42.2680580 secs]
302832.729: [GC concurrent-mark-abort]
302916.062: [GC pause (G1 Evacuation Pause) (young) 17923M->16401M(20480M), 0.0675226 secs]
303009.382: [GC pause (G1 Evacuation Pause) (young) (initial-mark) 17945M->16416M(20480M), 0.0586324 secs]
303009.440: [GC concurrent-root-region-scan-start]
303009.461: [GC concurrent-root-region-scan-end, 0.0202092 secs]
303009.461: [GC concurrent-mark-start]
303050.390: [GC concurrent-mark-end, 40.9293742 secs]
303050.392: [GC remark, 0.1519603 secs]
303050.546: [GC cleanup 17375M->15903M(20480M), 0.0459451 secs]
303050.592: [GC concurrent-cleanup-start]
303050.593: [GC concurrent-cleanup-end, 0.0008001 secs]
303082.461: [GC pause (G1 Evacuation Pause) (young) 16488M->14955M(20480M), 0.0920960 secs]
303279.881: [GC pause (G1 Evacuation Pause) (young) 18291M->14967M(20480M), 0.0888175 secs]
303456.619: [GC pause (G1 Evacuation Pause) (young) (initial-mark) 18311M->14959M(20480M), 0.0814403 secs]
303456.701: [GC concurrent-root-region-scan-start]
303456.740: [GC concurrent-root-region-scan-end, 0.0395507 secs]
303456.740: [GC concurrent-mark-start]
303496.842: [GC concurrent-mark-end, 40.1023105 secs]
303496.844: [GC remark, 0.1683148 secs]
303497.015: [GC cleanup 15656M->15656M(20480M), 0.0957783 secs]
303635.999: [GC pause (G1 Evacuation Pause) (young) 18319M->14975M(20480M), 0.0865532 secs]
303830.949: [GC pause (G1 Evacuation Pause) (young) 18327M->14967M(20480M), 0.0985603 secs]
304018.135: [GC pause (G1 Evacuation Pause) (young) (initial-mark) 18343M->14963M(20480M), 0.0952231 secs]
304018.231: [GC concurrent-root-region-scan-start]
304018.269: [GC concurrent-root-region-scan-end, 0.0384197 secs]
304018.269: [GC concurrent-mark-start]
304060.845: [GC concurrent-mark-end, 42.5760727 secs]
304060.847: [GC remark, 0.1516286 secs]
304061.000: [GC cleanup 15747M->15747M(20480M), 0.0454286 secs]
304216.586: [GC pause (G1 Evacuation Pause) (young) 18355M->14979M(20480M), 0.1050569 secs]
304403.722: [GC pause (G1 Evacuation Pause) (young) 18347M->14959M(20480M), 0.0873323 secs]
304581.170: [GC pause (G1 Evacuation Pause) (young) (initial-mark) 18359M->14963M(20480M), 0.1096692 secs]
304581.279: [GC concurrent-root-region-scan-start]
304581.352: [GC concurrent-root-region-scan-end, 0.0721681 secs]
304581.352: [GC concurrent-mark-start]
304621.904: [GC concurrent-mark-end, 40.5525154 secs]
304621.906: [GC remark, 0.1535685 secs]
304622.061: [GC cleanup 15562M->15562M(20480M), 0.0505771 secs]
304789.239: [GC pause (G1 Evacuation Pause) (young) 18363M->14967M(20480M), 0.0885421 secs]
304966.795: [GC pause (G1 Evacuation Pause) (young) 18351M->14959M(20480M), 0.0843070 secs]
305154.170: [GC pause (G1 Evacuation Pause) (young) (initial-mark) 18359M->14967M(20480M), 0.0875795 secs]
305154.258: [GC concurrent-root-region-scan-start]
305154.300: [GC concurrent-root-region-scan-end, 0.0421357 secs]
305154.300: [GC concurrent-mark-start]
305194.763: [GC concurrent-mark-end, 40.4625614 secs]
305194.764: [GC remark, 0.1666876 secs]
305194.933: [GC cleanup 15546M->15546M(20480M), 0.0835930 secs]
305352.152: [GC pause (G1 Evacuation Pause) (young) 18351M->14971M(20480M), 0.0945791 secs]
305539.608: [GC pause (G1 Evacuation Pause) (young) 18355M->14963M(20480M), 0.0859977 secs]
305695.758: [GC pause (G1 Evacuation Pause) (young) (initial-mark) 18355M->14975M(20480M), 0.0970689 secs]
305695.855: [GC concurrent-root-region-scan-start]
305695.906: [GC concurrent-root-region-scan-end, 0.0512193 secs]
305695.906: [GC concurrent-mark-start]
305739.538: [GC concurrent-mark-end, 43.6312184 secs]
305739.539: [GC remark, 0.1510360 secs]
305739.692: [GC cleanup 15963M->15963M(20480M), 0.0431911 secs]
305883.444: [GC pause (G1 Evacuation Pause) (young) 18335M->14971M(20480M), 0.0888035 secs]
306060.758: [GC pause (G1 Evacuation Pause) (young) 18347M->14971M(20480M), 0.0920509 secs]
306258.559: [GC pause (G1 Evacuation Pause) (young) (initial-mark) 18347M->14967M(20480M), 0.0928320 secs]
306258.652: [GC concurrent-root-region-scan-start]
306258.694: [GC concurrent-root-region-scan-end, 0.0420184 secs]
306258.694: [GC concurrent-mark-start]
306299.297: [GC concurrent-mark-end, 40.6030562 secs]
306299.299: [GC remark, 0.1715492 secs]
306299.472: [GC cleanup 15721M->15720M(20480M), 0.0730059 secs]
306299.545: [GC concurrent-cleanup-start]
306299.545: [GC concurrent-cleanup-end, 0.0000454 secs]
306446.413: [GC pause (G1 Evacuation Pause) (young) 18343M->14971M(20480M), 0.0896878 secs]
306644.357: [GC pause (G1 Evacuation Pause) (young) 18355M->14983M(20480M), 0.1094539 secs]
306831.871: [GC pause (G1 Evacuation Pause) (young) (initial-mark) 18335M->14967M(20480M), 0.0859762 secs]
306831.957: [GC concurrent-root-region-scan-start]
306831.997: [GC concurrent-root-region-scan-end, 0.0395225 secs]
306831.997: [GC concurrent-mark-start]
306873.395: [GC concurrent-mark-end, 41.3977152 secs]
306873.396: [GC remark, 0.1446054 secs]
306873.542: [GC cleanup 15601M->15601M(20480M), 0.0444774 secs]
307019.397: [GC pause (G1 Evacuation Pause) (young) 18351M->14963M(20480M), 0.0847898 secs]
307207.008: [GC pause (G1 Evacuation Pause) (young) 18363M->14975M(20480M), 0.1373720 secs]
307394.423: [GC pause (G1 Evacuation Pause) (young) (initial-mark) 18343M->14975M(20480M), 0.0939311 secs]
307394.517: [GC concurrent-root-region-scan-start]
307394.559: [GC concurrent-root-region-scan-end, 0.0413151 secs]
307394.559: [GC concurrent-mark-start]
307435.058: [GC concurrent-mark-end, 40.4989951 secs]
307435.059: [GC remark, 0.2419153 secs]
307435.305: [GC cleanup 15575M->15575M(20480M), 0.1208603 secs]
307582.100: [GC pause (G1 Evacuation Pause) (young) 18343M->14971M(20480M), 0.0855031 secs]
307779.799: [GC pause (G1 Evacuation Pause) (young) 18355M->14967M(20480M), 0.0872327 secs]
307967.198: [GC pause (G1 Evacuation Pause) (young) (initial-mark) 18351M->14963M(20480M), 0.0857416 secs]
307967.284: [GC concurrent-root-region-scan-start]
307967.322: [GC concurrent-root-region-scan-end, 0.0382799 secs]
307967.322: [GC concurrent-mark-start]
308007.962: [GC concurrent-mark-end, 40.6400190 secs]
308007.964: [GC remark, 0.1692581 secs]
308008.135: [GC cleanup 15666M->15666M(20480M), 0.0446785 secs]
308144.588: [GC pause (G1 Evacuation Pause) (young) 18363M->14967M(20480M), 0.0873494 secs]
308349.037: [GC pause (G1 Evacuation Pause) (young) 18351M->14967M(20480M), 0.0889994 secs]
308530.194: [GC pause (G1 Evacuation Pause) (young) (initial-mark) 18351M->14963M(20480M), 0.0895608 secs]
308530.284: [GC concurrent-root-region-scan-start]
308530.325: [GC concurrent-root-region-scan-end, 0.0406112 secs]
308530.325: [GC concurrent-mark-start]
308570.660: [GC concurrent-mark-end, 40.3353164 secs]
308570.662: [GC remark, 0.1441860 secs]
308570.807: [GC cleanup 15612M->15612M(20480M), 0.0413513 secs]
308717.715: [GC pause (G1 Evacuation Pause) (young) 18363M->14971M(20480M), 0.0851662 secs]
308915.514: [GC pause (G1 Evacuation Pause) (young) 18355M->14967M(20480M), 0.1062757 secs]
309102.980: [GC pause (G1 Evacuation Pause) (young) (initial-mark) 18351M->14959M(20480M), 0.1045686 secs]
309103.085: [GC concurrent-root-region-scan-start]
309103.156: [GC concurrent-root-region-scan-end, 0.0711643 secs]
309103.156: [GC concurrent-mark-start]
309144.075: [GC concurrent-mark-end, 40.9193497 secs]
309144.077: [GC remark, 0.1453330 secs]
309144.224: [GC cleanup 15602M->15602M(20480M), 0.0486908 secs]
309259.393: [GC pause (G1 Evacuation Pause) (young) 18359M->15031M(20480M), 0.0820599 secs]
309296.826: [GC pause (G1 Humongous Allocation) (young) (initial-mark) 15762M->14975M(20480M), 0.0475455 secs]
309296.874: [GC concurrent-root-region-scan-start]
309296.906: [GC concurrent-root-region-scan-end, 0.0325366 secs]
309296.907: [GC concurrent-mark-start]
309338.072: [GC concurrent-mark-end, 41.1654531 secs]
309338.074: [GC remark, 0.1462376 secs]
309338.222: [GC cleanup 17913M->17913M(20480M), 0.0438820 secs]
309425.720: [GC pause (G1 Evacuation Pause) (young)-- 19503M->17714M(20480M), 0.8554293 secs]
309488.884: [GC pause (G1 Evacuation Pause) (young) 18738M->17737M(20480M), 0.0565123 secs]
309551.058: [GC pause (G1 Evacuation Pause) (young) (initial-mark) 18737M->17734M(20480M), 0.0397550 secs]
309551.098: [GC concurrent-root-region-scan-start]
309551.109: [GC concurrent-root-region-scan-end, 0.0116711 secs]
309551.109: [GC concurrent-mark-start]
309591.847: [GC concurrent-mark-end, 40.7375078 secs]
309591.849: [GC remark, 0.1675449 secs]
309592.019: [GC cleanup 18375M->17239M(20480M), 0.0421858 secs]
309592.061: [GC concurrent-cleanup-start]
309592.062: [GC concurrent-cleanup-end, 0.0004932 secs]
309603.316: [GC pause (G1 Evacuation Pause) (young) 17598M->16607M(20480M), 0.0458210 secs]
309645.019: [GC pause (G1 Evacuation Pause) (mixed) 17599M->15862M(20480M), 0.0593199 secs]
309790.693: [GC pause (G1 Evacuation Pause) (young) 18342M->15866M(20480M), 0.0716666 secs]
309897.172: [GC pause (G1 Humongous Allocation) (young) (initial-mark) 17793M->15862M(20480M), 0.0612486 secs]
309897.234: [GC concurrent-root-region-scan-start]
309897.268: [GC concurrent-root-region-scan-end, 0.0341259 secs]
309897.268: [GC concurrent-mark-start]
309908.406: [GC pause (G1 Humongous Allocation) (young)-- 19476M->19610M(20480M), 3.0928870 secs]
309911.501: [Full GC (Allocation Failure)  19610M->17630M(20480M), 43.2631541 secs]
309954.765: [GC concurrent-mark-abort]
309954.910: [GC pause (G1 Humongous Allocation) (young) (initial-mark) 17720M->17682M(20480M), 0.0589493 secs]
309954.969: [GC concurrent-root-region-scan-start]
309954.988: [GC concurrent-root-region-scan-end, 0.0193872 secs]
309954.988: [GC concurrent-mark-start]
309978.652: [GC pause (G1 Humongous Allocation) (young)-- 19400M->19430M(20480M), 0.8301022 secs]
309979.711: [GC pause (G1 Humongous Allocation) (young)-- 19472M->19534M(20480M), 0.3971686 secs]
309980.111: [Full GC (Allocation Failure)  19534M->16391M(20480M), 42.8341690 secs]
310022.946: [GC concurrent-mark-abort]
310024.613: [GC pause (G1 Humongous Allocation) (young) (initial-mark) 16617M->16443M(20480M), 0.0313019 secs]
310024.645: [GC concurrent-root-region-scan-start]
310024.651: [GC concurrent-root-region-scan-end, 0.0065212 secs]
310024.651: [GC concurrent-mark-start]
310064.465: [GC concurrent-mark-end, 39.8137094 secs]
310064.467: [GC remark, 0.1457396 secs]
310064.614: [GC cleanup 17236M->16660M(20480M), 0.0440443 secs]
310064.659: [GC concurrent-cleanup-start]
310064.659: [GC concurrent-cleanup-end, 0.0002806 secs]
310096.405: [GC pause (G1 Evacuation Pause) (young) 17355M->16070M(20480M), 0.0573522 secs]
310189.877: [GC pause (G1 Evacuation Pause) (young) 17606M->15971M(20480M), 0.0620148 secs]
310273.052: [GC pause (G1 Evacuation Pause) (young) (initial-mark) 17643M->15987M(20480M), 0.0741646 secs]
310273.126: [GC concurrent-root-region-scan-start]
310273.176: [GC concurrent-root-region-scan-end, 0.0492475 secs]
310273.176: [GC concurrent-mark-start]
310312.824: [GC concurrent-mark-end, 39.6480688 secs]
310312.825: [GC remark, 0.1447428 secs]
310312.972: [GC cleanup 16588M->15772M(20480M), 0.0441356 secs]
310313.017: [GC concurrent-cleanup-start]
310313.017: [GC concurrent-cleanup-end, 0.0004359 secs]
310387.440: [GC pause (G1 Evacuation Pause) (young) 17043M->15147M(20480M), 0.0711338 secs]
310499.264: [GC pause (G1 Evacuation Pause) (young) 17251M->15143M(20480M), 0.0757888 secs]
310636.889: [GC pause (G1 Evacuation Pause) (young) (initial-mark) 17727M->15151M(20480M), 0.0868704 secs]
310636.977: [GC concurrent-root-region-scan-start]
310637.040: [GC concurrent-root-region-scan-end, 0.0630339 secs]
310637.040: [GC concurrent-mark-start]
310676.613: [GC concurrent-mark-end, 39.5730783 secs]
310676.615: [GC remark, 0.1546915 secs]
310676.774: [GC cleanup 15759M->15759M(20480M), 0.0534425 secs]
310812.085: [GC pause (G1 Evacuation Pause) (young) 18071M->15155M(20480M), 0.1004087 secs]
310969.302: [GC pause (G1 Evacuation Pause) (young) 18123M->15151M(20480M), 0.1103235 secs]
311135.650: [GC pause (G1 Evacuation Pause) (young) (initial-mark) 18167M->15147M(20480M), 0.1692535 secs]
311135.820: [GC concurrent-root-region-scan-start]
311135.942: [GC concurrent-root-region-scan-end, 0.1222749 secs]
311135.942: [GC concurrent-mark-start]
311175.747: [GC concurrent-mark-end, 39.8055165 secs]
311175.749: [GC remark, 0.2104749 secs]
311175.968: [GC cleanup 15786M->15786M(20480M), 0.1368559 secs]
311312.629: [GC pause (G1 Evacuation Pause) (young) 18203M->15147M(20480M), 0.0944238 secs]
311478.952: [GC pause (G1 Evacuation Pause) (young) 18235M->15147M(20480M), 0.0901488 secs]
311665.994: [GC pause (G1 Evacuation Pause) (young) (initial-mark) 18251M->15147M(20480M), 0.0994868 secs]
311666.093: [GC concurrent-root-region-scan-start]
311666.177: [GC concurrent-root-region-scan-end, 0.0835908 secs]
311666.177: [GC concurrent-mark-start]
311706.758: [GC concurrent-mark-end, 40.5813061 secs]
311706.760: [GC remark, 0.1503161 secs]
311706.913: [GC cleanup 16046M->16046M(20480M), 0.0471958 secs]
311822.348: [GC pause (G1 Evacuation Pause) (young) 18275M->15155M(20480M), 0.0904720 secs]
312009.297: [GC pause (G1 Evacuation Pause) (young) 18283M->15163M(20480M), 0.1044651 secs]
312175.531: [GC pause (G1 Evacuation Pause) (young) (initial-mark) 18275M->15157M(20480M), 0.1102589 secs]
312175.641: [GC concurrent-root-region-scan-start]
312175.709: [GC concurrent-root-region-scan-end, 0.0674238 secs]
312175.709: [GC concurrent-mark-start]
312216.617: [GC concurrent-mark-end, 40.9089600 secs]
312216.619: [GC remark, 0.1858277 secs]
312216.812: [GC cleanup 15733M->15733M(20480M), 0.1304686 secs]
312352.266: [GC pause (G1 Evacuation Pause) (young) 18277M->15140M(20480M), 0.0911342 secs]
312539.328: [GC pause (G1 Evacuation Pause) (young) 18308M->15163M(20480M), 0.0952741 secs]
312705.741: [GC pause (G1 Evacuation Pause) (young) (initial-mark) 18323M->15164M(20480M), 0.2169022 secs]
312705.962: [GC concurrent-root-region-scan-start]
312706.029: [GC concurrent-root-region-scan-end, 0.0669402 secs]
312706.029: [GC concurrent-mark-start]
312746.359: [GC concurrent-mark-end, 40.3303929 secs]
312746.361: [GC remark, 0.1496005 secs]
312746.513: [GC cleanup 15757M->15597M(20480M), 0.0446398 secs]
312746.557: [GC concurrent-cleanup-start]
312746.558: [GC concurrent-cleanup-end, 0.0002343 secs]
312851.554: [GC pause (G1 Evacuation Pause) (young) 18164M->15081M(20480M), 0.0987995 secs]
313028.240: [GC pause (G1 Evacuation Pause) (young) 18289M->15009M(20480M), 0.0918062 secs]
313216.650: [GC pause (G1 Evacuation Pause) (young) (initial-mark) 18345M->15026M(20480M), 0.1089893 secs]
313216.759: [GC concurrent-root-region-scan-start]
313216.808: [GC concurrent-root-region-scan-end, 0.0488697 secs]
313216.808: [GC concurrent-mark-start]
313258.000: [GC concurrent-mark-end, 41.1924718 secs]
313258.002: [GC remark, 0.1631532 secs]
313258.167: [GC cleanup 15986M->15986M(20480M), 0.0477472 secs]
313402.703: [GC pause (G1 Evacuation Pause) (young) 18346M->15010M(20480M), 0.0832064 secs]
313589.930: [GC pause (G1 Evacuation Pause) (young) 18354M->15006M(20480M), 0.0831136 secs]
313787.333: [GC pause (G1 Evacuation Pause) (young) (initial-mark) 18374M->15014M(20480M), 0.0884918 secs]
313787.422: [GC concurrent-root-region-scan-start]
313787.464: [GC concurrent-root-region-scan-end, 0.0418459 secs]
313787.464: [GC concurrent-mark-start]
313828.478: [GC concurrent-mark-end, 41.0138268 secs]
313828.479: [GC remark, 0.1489170 secs]
313828.630: [GC cleanup 15727M->15727M(20480M), 0.0504570 secs]
313964.064: [GC pause (G1 Evacuation Pause) (young) 18366M->15006M(20480M), 0.0847119 secs]
314151.082: [GC pause (G1 Evacuation Pause) (young) 18374M->15002M(20480M), 0.1092951 secs]
314348.516: [GC pause (G1 Evacuation Pause) (young) (initial-mark) 18370M->15010M(20480M), 0.0893890 secs]
314348.606: [GC concurrent-root-region-scan-start]
314348.651: [GC concurrent-root-region-scan-end, 0.0458901 secs]
314348.651: [GC concurrent-mark-start]
314389.755: [GC concurrent-mark-end, 41.1030571 secs]
314389.756: [GC remark, 0.1846044 secs]
314389.943: [GC cleanup 15679M->15679M(20480M), 0.0588647 secs]
314525.776: [GC pause (G1 Evacuation Pause) (young) 18362M->15006M(20480M), 0.1158955 secs]
314713.168: [GC pause (G1 Evacuation Pause) (young) 18374M->15006M(20480M), 0.1037138 secs]
314911.206: [GC pause (G1 Evacuation Pause) (young) (initial-mark) 18374M->15014M(20480M), 0.1043711 secs]
314911.310: [GC concurrent-root-region-scan-start]
314911.396: [GC concurrent-root-region-scan-end, 0.0859387 secs]
314911.396: [GC concurrent-mark-start]
314955.192: [GC concurrent-mark-end, 43.7962904 secs]
314955.194: [GC remark, 0.2317900 secs]
314955.429: [GC cleanup 15780M->15780M(20480M), 0.0841766 secs]
315098.781: [GC pause (G1 Evacuation Pause) (young) 18366M->15006M(20480M), 0.0902470 secs]
315286.664: [GC pause (G1 Evacuation Pause) (young) 18374M->15006M(20480M), 0.1031648 secs]
315473.897: [GC pause (G1 Evacuation Pause) (young) (initial-mark) 18374M->15014M(20480M), 0.0912808 secs]
315473.988: [GC concurrent-root-region-scan-start]
315474.034: [GC concurrent-root-region-scan-end, 0.0455698 secs]
315474.034: [GC concurrent-mark-start]
315517.561: [GC concurrent-mark-end, 43.5272228 secs]
315517.563: [GC remark, 0.1586016 secs]
315517.723: [GC cleanup 15822M->15822M(20480M), 0.0426934 secs]
315651.601: [GC pause (G1 Evacuation Pause) (young) 18366M->15010M(20480M), 0.0853947 secs]
315849.401: [GC pause (G1 Evacuation Pause) (young) 18362M->15010M(20480M), 0.1196931 secs]
316036.791: [GC pause (G1 Evacuation Pause) (young) (initial-mark) 18362M->15010M(20480M), 0.0905675 secs]
316036.882: [GC concurrent-root-region-scan-start]
316036.936: [GC concurrent-root-region-scan-end, 0.0542552 secs]
316036.936: [GC concurrent-mark-start]
316078.478: [GC concurrent-mark-end, 41.5424212 secs]
316078.480: [GC remark, 0.1623737 secs]
316078.646: [GC cleanup 15698M->15698M(20480M), 0.0469998 secs]
316234.712: [GC pause (G1 Evacuation Pause) (young) 18362M->15026M(20480M), 0.1216955 secs]
316401.502: [GC pause (G1 Evacuation Pause) (young) 18346M->15042M(20480M), 0.0910809 secs]
316496.912: [GC pause (G1 Humongous Allocation) (young) (initial-mark) 17281M->15006M(20480M), 0.0661333 secs]
316496.978: [GC concurrent-root-region-scan-start]
316497.016: [GC concurrent-root-region-scan-end, 0.0386493 secs]
316497.016: [GC concurrent-mark-start]
316540.161: [GC concurrent-mark-end, 43.1442380 secs]
316540.163: [GC remark, 0.1423452 secs]
316540.307: [GC cleanup 17938M->17930M(20480M), 0.0419493 secs]
316540.349: [GC concurrent-cleanup-start]
316540.349: [GC concurrent-cleanup-end, 0.0000492 secs]
316630.804: [GC pause (G1 Evacuation Pause) (young)-- 19518M->17639M(20480M), 0.9010136 secs]
316694.023: [GC pause (G1 Evacuation Pause) (young) 18663M->17669M(20480M), 0.0646737 secs]
316756.383: [GC pause (G1 Evacuation Pause) (young) (initial-mark) 18661M->17662M(20480M), 0.0390177 secs]
316756.423: [GC concurrent-root-region-scan-start]
316756.438: [GC concurrent-root-region-scan-end, 0.0153415 secs]
316756.438: [GC concurrent-mark-start]
316796.992: [GC concurrent-mark-end, 40.5541387 secs]
316796.994: [GC remark, 0.1927783 secs]
316797.188: [GC cleanup 18346M->18090M(20480M), 0.0456625 secs]
316797.234: [GC concurrent-cleanup-start]
316797.234: [GC concurrent-cleanup-end, 0.0001483 secs]
316808.704: [GC pause (G1 Evacuation Pause) (young) 18406M->17413M(20480M), 0.0611285 secs]
316850.448: [GC pause (G1 Evacuation Pause) (mixed) 18405M->15859M(20480M), 0.0453369 secs]
316995.945: [GC pause (G1 Evacuation Pause) (young) 18331M->15875M(20480M), 0.0710450 secs]
317097.443: [GC pause (G1 Humongous Allocation) (young) (initial-mark) 17669M->15871M(20480M), 0.0632799 secs]
317097.506: [GC concurrent-root-region-scan-start]
317097.566: [GC concurrent-root-region-scan-end, 0.0592954 secs]
317097.566: [GC concurrent-mark-start]
317110.680: [GC pause (G1 Humongous Allocation) (young)-- 19638M->19775M(20480M), 3.9947174 secs]
317114.677: [Full GC (Allocation Failure)  19775M->17673M(20480M), 49.1165348 secs]
317163.795: [GC concurrent-mark-abort]
317164.614: [GC pause (G1 Humongous Allocation) (young) (initial-mark) 17894M->17729M(20480M), 0.0429739 secs]
317164.657: [GC concurrent-root-region-scan-start]
317164.669: [GC concurrent-root-region-scan-end, 0.0120255 secs]
317164.669: [GC concurrent-mark-start]
317184.534: [GC pause (G1 Humongous Allocation) (young)-- 19395M->19491M(20480M), 2.0772866 secs]
317186.614: [Full GC (Allocation Failure)  19491M->16358M(20480M), 43.7540707 secs]
317230.373: [GC concurrent-mark-abort]
317313.559: [GC pause (G1 Evacuation Pause) (young) 17854M->16422M(20480M), 0.0559203 secs]
317396.776: [GC pause (G1 Evacuation Pause) (young) (initial-mark) 17870M->16414M(20480M), 0.0641495 secs]
317396.842: [GC concurrent-root-region-scan-start]
317396.904: [GC concurrent-root-region-scan-end, 0.0622460 secs]
317396.904: [GC concurrent-mark-start]
317440.183: [GC concurrent-mark-end, 43.2793265 secs]
317440.185: [GC remark, 0.1654209 secs]
317440.352: [GC cleanup 17302M->16118M(20480M), 0.0495942 secs]
317440.402: [GC concurrent-cleanup-start]
317440.403: [GC concurrent-cleanup-end, 0.0006411 secs]
317469.472: [GC pause (G1 Evacuation Pause) (young) 16718M->15226M(20480M), 0.0652814 secs]
317584.127: [GC pause (G1 Evacuation Pause) (young) 17202M->15226M(20480M), 0.0740706 secs]
317708.954: [GC pause (G1 Evacuation Pause) (young) (initial-mark) 17666M->15274M(20480M), 0.1177359 secs]
317709.072: [GC concurrent-root-region-scan-start]
317709.127: [GC concurrent-root-region-scan-end, 0.0544152 secs]
317709.127: [GC concurrent-mark-start]
317752.913: [GC concurrent-mark-end, 43.7866414 secs]
317752.915: [GC remark, 0.1504502 secs]
317753.067: [GC cleanup 16142M->16142M(20480M), 0.0431002 secs]
317865.401: [GC pause (G1 Evacuation Pause) (young) 17986M->15230M(20480M), 0.1197231 secs]
318032.155: [GC pause (G1 Evacuation Pause) (young) 18150M->15246M(20480M), 0.0974335 secs]
318188.266: [GC pause (G1 Evacuation Pause) (young) (initial-mark) 18182M->15226M(20480M), 0.0796536 secs]
318188.346: [GC concurrent-root-region-scan-start]
318188.390: [GC concurrent-root-region-scan-end, 0.0445832 secs]
318188.390: [GC concurrent-mark-start]
318230.618: [GC concurrent-mark-end, 42.2279476 secs]
318230.620: [GC remark, 0.1554954 secs]
318230.778: [GC cleanup 15938M->15938M(20480M), 0.0445191 secs]
318354.483: [GC pause (G1 Evacuation Pause) (young) 18210M->15222M(20480M), 0.0777742 secs]
318531.119: [GC pause (G1 Evacuation Pause) (young) 18238M->15230M(20480M), 0.0836758 secs]
318697.406: [GC pause (G1 Evacuation Pause) (young) (initial-mark) 18262M->15230M(20480M), 0.0829055 secs]
318697.489: [GC concurrent-root-region-scan-start]
318697.531: [GC concurrent-root-region-scan-end, 0.0423527 secs]
318697.531: [GC concurrent-mark-start]
318737.085: [GC concurrent-mark-end, 39.5532801 secs]
318737.087: [GC remark, 0.1480901 secs]
318737.236: [GC cleanup 15865M->15865M(20480M), 0.0444003 secs]
318874.085: [GC pause (G1 Evacuation Pause) (young) 18270M->15230M(20480M), 0.0817077 secs]
319040.446: [GC pause (G1 Evacuation Pause) (young) 18278M->15226M(20480M), 0.0807842 secs]
319216.681: [GC pause (G1 Evacuation Pause) (young) (initial-mark) 18282M->15250M(20480M), 0.0932726 secs]
319216.775: [GC concurrent-root-region-scan-start]
319216.830: [GC concurrent-root-region-scan-end, 0.0545986 secs]
319216.830: [GC concurrent-mark-start]
319257.611: [GC concurrent-mark-end, 40.7816481 secs]
319257.613: [GC remark, 0.1473189 secs]
319257.762: [GC cleanup 16211M->16211M(20480M), 0.0513888 secs]
319373.503: [GC pause (G1 Evacuation Pause) (young) 18274M->15226M(20480M), 0.0827996 secs]
319549.769: [GC pause (G1 Evacuation Pause) (young) 18290M->15231M(20480M), 0.0834248 secs]
319726.479: [GC pause (G1 Evacuation Pause) (young) (initial-mark) 18295M->15235M(20480M), 0.0869685 secs]
319726.566: [GC concurrent-root-region-scan-start]
319726.608: [GC concurrent-root-region-scan-end, 0.0417430 secs]
319726.608: [GC concurrent-mark-start]
319766.449: [GC concurrent-mark-end, 39.8407385 secs]
319766.451: [GC remark, 0.1526523 secs]
319766.605: [GC cleanup 15865M->15609M(20480M), 0.0448287 secs]
319766.651: [GC concurrent-cleanup-start]
319766.651: [GC concurrent-cleanup-end, 0.0001443 secs]
319882.457: [GC pause (G1 Evacuation Pause) (young) 18035M->14980M(20480M), 0.0754195 secs]
320048.747: [GC pause (G1 Evacuation Pause) (young) 18356M->15056M(20480M), 0.0897530 secs]
320225.333: [GC pause (G1 Evacuation Pause) (young) (initial-mark) 18288M->14981M(20480M), 0.1647758 secs]
320225.498: [GC concurrent-root-region-scan-start]
320225.560: [GC concurrent-root-region-scan-end, 0.0614802 secs]
320225.560: [GC concurrent-mark-start]
320266.742: [GC concurrent-mark-end, 41.1826255 secs]
320266.744: [GC remark, 0.1497389 secs]
320266.896: [GC cleanup 15634M->15634M(20480M), 0.0460068 secs]
320418.352: [GC pause (G1 Evacuation Pause) (young) 18341M->14997M(20480M), 0.0993619 secs]
320599.560: [GC pause (G1 Evacuation Pause) (young) 18341M->14977M(20480M), 0.0818260 secs]
320786.561: [GC pause (G1 Evacuation Pause) (young) (initial-mark) 18361M->14985M(20480M), 0.0805069 secs]
320786.641: [GC concurrent-root-region-scan-start]
320786.732: [GC concurrent-root-region-scan-end, 0.0900109 secs]
320786.732: [GC concurrent-mark-start]
320828.581: [GC concurrent-mark-end, 41.8489825 secs]
320828.582: [GC remark, 0.1485080 secs]
320828.732: [GC cleanup 15733M->15733M(20480M), 0.0496999 secs]
320984.033: [GC pause (G1 Evacuation Pause) (young) 18361M->14985M(20480M), 0.0842281 secs]
321171.059: [GC pause (G1 Evacuation Pause) (young) 18361M->14977M(20480M), 0.0826514 secs]
321347.923: [GC pause (G1 Evacuation Pause) (young) (initial-mark) 18369M->14989M(20480M), 0.0836825 secs]
321348.006: [GC concurrent-root-region-scan-start]
321348.047: [GC concurrent-root-region-scan-end, 0.0402480 secs]
321348.047: [GC concurrent-mark-start]
321389.291: [GC concurrent-mark-end, 41.2444488 secs]
321389.293: [GC remark, 0.1688852 secs]
321389.473: [GC cleanup 15560M->15560M(20480M), 0.0475933 secs]
321555.675: [GC pause (G1 Evacuation Pause) (young) 18349M->14981M(20480M), 0.1277799 secs]
321732.406: [GC pause (G1 Evacuation Pause) (young) 18357M->14981M(20480M), 0.0832004 secs]
321919.473: [GC pause (G1 Evacuation Pause) (young) (initial-mark) 18357M->14981M(20480M), 0.0836185 secs]
321919.557: [GC concurrent-root-region-scan-start]
321919.627: [GC concurrent-root-region-scan-end, 0.0698699 secs]
321919.627: [GC concurrent-mark-start]
321959.033: [GC concurrent-mark-end, 39.4064608 secs]
321959.035: [GC remark, 0.1556528 secs]
321959.192: [GC cleanup 15597M->15597M(20480M), 0.0480553 secs]
322117.113: [GC pause (G1 Evacuation Pause) (young) 18357M->14981M(20480M), 0.0845157 secs]
322294.077: [GC pause (G1 Evacuation Pause) (young) 18357M->14981M(20480M), 0.0884864 secs]
322491.654: [GC pause (G1 Evacuation Pause) (young) (initial-mark) 18357M->14985M(20480M), 0.0891918 secs]
322491.744: [GC concurrent-root-region-scan-start]
322491.951: [GC concurrent-root-region-scan-end, 0.2073523 secs]
322491.951: [GC concurrent-mark-start]
322534.284: [GC concurrent-mark-end, 42.3326031 secs]
322534.285: [GC remark, 0.1492251 secs]
322534.436: [GC cleanup 15937M->15937M(20480M), 0.0459792 secs]
322678.762: [GC pause (G1 Evacuation Pause) (young) 18361M->14981M(20480M), 0.0936335 secs]
322865.708: [GC pause (G1 Evacuation Pause) (young) 18357M->14973M(20480M), 0.1000595 secs]
323063.185: [GC pause (G1 Evacuation Pause) (young) (initial-mark) 18365M->14981M(20480M), 0.0937701 secs]
323063.279: [GC concurrent-root-region-scan-start]
323063.318: [GC concurrent-root-region-scan-end, 0.0391007 secs]
323063.318: [GC concurrent-mark-start]
323104.145: [GC concurrent-mark-end, 40.8266159 secs]
323104.147: [GC remark, 0.1550167 secs]
323104.303: [GC cleanup 15759M->15759M(20480M), 0.0478363 secs]
323250.569: [GC pause (G1 Evacuation Pause) (young) 18357M->14989M(20480M), 0.0824939 secs]
323446.720: [GC pause (G1 Evacuation Pause) (young) 18349M->15005M(20480M), 0.1463375 secs]
323605.786: [GC pause (G1 Evacuation Pause) (young) (initial-mark) 18333M->15021M(20480M), 0.1234383 secs]
323605.910: [GC concurrent-root-region-scan-start]
323605.949: [GC concurrent-root-region-scan-end, 0.0388946 secs]
323605.949: [GC concurrent-mark-start]
323646.553: [GC concurrent-mark-end, 40.6044443 secs]
323646.556: [GC remark, 0.1654812 secs]
323646.723: [GC cleanup 16086M->16086M(20480M), 0.0490652 secs]
323709.893: [GC pause (G1 Humongous Allocation) (young)-- 19459M->19227M(20480M), 0.8008762 secs]
323710.762: [GC pause (G1 Humongous Allocation) (young) (initial-mark) 19251M->19243M(20480M), 0.0513213 secs]
323710.813: [GC concurrent-root-region-scan-start]
323710.838: [GC concurrent-root-region-scan-end, 0.0242093 secs]
323710.838: [GC concurrent-mark-start]
323728.701: [GC pause (G1 Evacuation Pause) (young)-- 19507M->19515M(20480M), 0.3006281 secs]
323729.010: [GC pause (G1 Evacuation Pause) (young) 19515M->19515M(20480M), 0.0376537 secs]
323729.049: [Full GC (Allocation Failure)  19515M->16864M(20480M), 44.6678023 secs]
323773.718: [GC concurrent-mark-abort]
323825.928: [GC pause (G1 Evacuation Pause) (young) 17888M->16877M(20480M), 0.0590188 secs]
323888.187: [GC pause (G1 Evacuation Pause) (young) (initial-mark) 17885M->16882M(20480M), 0.0399810 secs]
323888.228: [GC concurrent-root-region-scan-start]
323888.240: [GC concurrent-root-region-scan-end, 0.0120151 secs]
323888.240: [GC concurrent-mark-start]
323928.297: [GC concurrent-mark-end, 40.0576915 secs]
323928.299: [GC remark, 0.1579913 secs]
323928.460: [GC cleanup 17479M->15871M(20480M), 0.0448704 secs]
323928.505: [GC concurrent-cleanup-start]
323928.506: [GC concurrent-cleanup-end, 0.0012279 secs]
323950.413: [GC pause (G1 Evacuation Pause) (young) 16274M->15278M(20480M), 0.0364700 secs]
324096.346: [GC pause (G1 Evacuation Pause) (young) 18126M->15318M(20480M), 0.0702855 secs]
324262.602: [GC pause (G1 Evacuation Pause) (young) (initial-mark) 18150M->15308M(20480M), 0.0790097 secs]
324262.681: [GC concurrent-root-region-scan-start]
324262.720: [GC concurrent-root-region-scan-end, 0.0386919 secs]
324262.720: [GC concurrent-mark-start]
324302.812: [GC concurrent-mark-end, 40.0919690 secs]
324302.815: [GC remark, 0.1524937 secs]
324302.969: [GC cleanup 18211M->18211M(20480M), 0.0477236 secs]
324306.229: [GC pause (G1 Humongous Allocation) (young)-- 19448M->19416M(20480M), 4.2016378 secs]
324310.582: [GC pause (G1 Humongous Allocation) (young) (initial-mark)-- 19492M->19540M(20480M), 0.5332775 secs]
324311.116: [GC concurrent-root-region-scan-start]
324311.118: [GC pause (G1 Humongous Allocation) (young)324311.127: [GC concurrent-root-region-scan-end, 0.0108612 secs]
324311.127: [GC concurrent-mark-start]
 19540M->19536M(20480M), 0.0805629 secs]
324311.204: [Full GC (Allocation Failure)  19544M->17530M(20480M), 42.8506619 secs]
324354.055: [GC concurrent-mark-abort]
324354.286: [GC pause (G1 Humongous Allocation) (young) (initial-mark) 17714M->17639M(20480M), 0.0368677 secs]
324354.323: [GC concurrent-root-region-scan-start]
324354.350: [GC concurrent-root-region-scan-end, 0.0273410 secs]
324354.350: [GC concurrent-mark-start]
324359.104: [GC pause (G1 Humongous Allocation) (young)-- 19187M->19178M(20480M), 0.2333458 secs]
324374.946: [GC pause (G1 Evacuation Pause) (young)-- 19498M->19498M(20480M), 0.8686593 secs]
324375.816: [GC pause (G1 Evacuation Pause) (young) 19498M->19498M(20480M), 0.0642017 secs]
324375.882: [GC pause (G1 Evacuation Pause) (young) 19498M->19498M(20480M), 0.0215334 secs]
324375.905: [GC pause (G1 Evacuation Pause) (young) 19498M->19498M(20480M), 0.0163495 secs]
324375.923: [GC pause (G1 Evacuation Pause) (young) 19498M->19498M(20480M), 0.0181710 secs]
324375.946: [GC pause (G1 Evacuation Pause) (young) 19498M->19498M(20480M), 0.0221014 secs]
324375.973: [Full GC (Allocation Failure)  19498M->16454M(20480M), 42.6023539 secs]
324418.576: [GC concurrent-mark-abort]
324470.775: [GC pause (G1 Evacuation Pause) (young) 17478M->16472M(20480M), 0.0436086 secs]
324532.891: [GC pause (G1 Evacuation Pause) (young) (initial-mark) 17472M->16469M(20480M), 0.0379771 secs]
324532.929: [GC concurrent-root-region-scan-start]
324532.941: [GC concurrent-root-region-scan-end, 0.0117227 secs]
324532.941: [GC concurrent-mark-start]
324572.696: [GC concurrent-mark-end, 39.7551275 secs]
324572.698: [GC remark, 0.1469068 secs]
324572.846: [GC cleanup 17175M->15767M(20480M), 0.0429477 secs]
324572.890: [GC concurrent-cleanup-start]
324572.891: [GC concurrent-cleanup-end, 0.0007256 secs]
324585.132: [GC pause (G1 Evacuation Pause) (young) 16069M->15067M(20480M), 0.0654265 secs]
324637.056: [GC pause (G1 Evacuation Pause) (young) 16067M->15090M(20480M), 0.0578209 secs]
324688.974: [GC pause (G1 Evacuation Pause) (young) (initial-mark) 16066M->15082M(20480M), 0.0446884 secs]
324689.019: [GC concurrent-root-region-scan-start]
324689.045: [GC concurrent-root-region-scan-end, 0.0259903 secs]
324689.045: [GC concurrent-mark-start]
324729.989: [GC concurrent-mark-end, 40.9441076 secs]
324729.991: [GC remark, 0.1444577 secs]
324730.138: [GC cleanup 15736M->15736M(20480M), 0.0455913 secs]
324741.621: [GC pause (G1 Evacuation Pause) (young) 16066M->15082M(20480M), 0.0432531 secs]
324814.373: [GC pause (G1 Evacuation Pause) (young) 16306M->15086M(20480M), 0.0535639 secs]
324938.948: [GC pause (G1 Evacuation Pause) (young) (initial-mark) 17510M->15134M(20480M), 0.0714563 secs]
324939.020: [GC concurrent-root-region-scan-start]
324939.057: [GC concurrent-root-region-scan-end, 0.0367696 secs]
324939.057: [GC concurrent-mark-start]
324979.514: [GC concurrent-mark-end, 40.4575619 secs]
324979.516: [GC remark, 0.1444865 secs]
324979.662: [GC cleanup 15740M->15740M(20480M), 0.0427614 secs]
325115.824: [GC pause (G1 Evacuation Pause) (young) 18126M->15094M(20480M), 0.1136324 secs]
325282.362: [GC pause (G1 Evacuation Pause) (young) 18174M->15098M(20480M), 0.0791754 secs]
325469.212: [GC pause (G1 Evacuation Pause) (young) (initial-mark) 18202M->15098M(20480M), 0.0825030 secs]
325469.294: [GC concurrent-root-region-scan-start]
325469.373: [GC concurrent-root-region-scan-end, 0.0786683 secs]
325469.373: [GC concurrent-mark-start]
325509.193: [GC concurrent-mark-end, 39.8197461 secs]
325509.195: [GC remark, 0.1538876 secs]
325509.351: [GC cleanup 16005M->16005M(20480M), 0.0453464 secs]
325635.901: [GC pause (G1 Evacuation Pause) (young) 18234M->15094M(20480M), 0.0797491 secs]
325822.688: [GC pause (G1 Evacuation Pause) (young) 18262M->15110M(20480M), 0.0971340 secs]
325999.130: [GC pause (G1 Evacuation Pause) (young) (initial-mark) 18278M->15094M(20480M), 0.0863866 secs]
325999.217: [GC concurrent-root-region-scan-start]
325999.256: [GC concurrent-root-region-scan-end, 0.0396875 secs]
325999.256: [GC concurrent-mark-start]
326039.441: [GC concurrent-mark-end, 40.1843220 secs]
326039.442: [GC remark, 0.1563132 secs]
326039.601: [GC cleanup 15828M->15828M(20480M), 0.0476335 secs]
326165.969: [GC pause (G1 Evacuation Pause) (young) 18294M->15094M(20480M), 0.1514333 secs]
326353.248: [GC pause (G1 Evacuation Pause) (young) 18302M->15095M(20480M), 0.0834862 secs]
326529.643: [GC pause (G1 Evacuation Pause) (young) (initial-mark) 18303M->15095M(20480M), 0.0836871 secs]
326529.727: [GC concurrent-root-region-scan-start]
326529.767: [GC concurrent-root-region-scan-end, 0.0401294 secs]
326529.767: [GC concurrent-mark-start]
326569.709: [GC concurrent-mark-end, 39.9421670 secs]
326569.711: [GC remark, 0.1498955 secs]
326569.862: [GC cleanup 15756M->15628M(20480M), 0.0476402 secs]
326569.910: [GC concurrent-cleanup-start]
326569.910: [GC concurrent-cleanup-end, 0.0000977 secs]
326706.317: [GC pause (G1 Evacuation Pause) (young) 18183M->14967M(20480M), 0.0849504 secs]
326903.871: [GC pause (G1 Evacuation Pause) (young) 18351M->14971M(20480M), 0.0924824 secs]
327090.769: [GC pause (G1 Evacuation Pause) (young) (initial-mark) 18347M->14967M(20480M), 0.0951518 secs]
327090.864: [GC concurrent-root-region-scan-start]
327090.905: [GC concurrent-root-region-scan-end, 0.0414493 secs]
327090.905: [GC concurrent-mark-start]
327131.401: [GC concurrent-mark-end, 40.4957335 secs]
327131.403: [GC remark, 0.1556699 secs]
327131.561: [GC cleanup 15646M->15646M(20480M), 0.0457996 secs]
327257.740: [GC pause (G1 Evacuation Pause) (young) 18351M->15027M(20480M), 0.0952877 secs]
327434.854: [GC pause (G1 Evacuation Pause) (young) 18291M->14967M(20480M), 0.1163799 secs]
327632.782: [GC pause (G1 Evacuation Pause) (young) (initial-mark) 18343M->14991M(20480M), 0.1071442 secs]
327632.889: [GC concurrent-root-region-scan-start]
327632.954: [GC concurrent-root-region-scan-end, 0.0648407 secs]
327632.954: [GC concurrent-mark-start]
327674.403: [GC concurrent-mark-end, 41.4492940 secs]
327674.405: [GC remark, 0.1513813 secs]
327674.558: [GC cleanup 15855M->15855M(20480M), 0.0487462 secs]
327820.262: [GC pause (G1 Evacuation Pause) (young) 18335M->14967M(20480M), 0.1026599 secs]
328007.464: [GC pause (G1 Evacuation Pause) (young) 18351M->14975M(20480M), 0.0807039 secs]
328204.853: [GC pause (G1 Evacuation Pause) (young) (initial-mark) 18351M->14979M(20480M), 0.1089870 secs]
328204.962: [GC concurrent-root-region-scan-start]
328205.058: [GC concurrent-root-region-scan-end, 0.0962245 secs]
328205.058: [GC concurrent-mark-start]
328246.519: [GC concurrent-mark-end, 41.4610279 secs]
328246.521: [GC remark, 0.1499639 secs]
328246.673: [GC cleanup 15909M->15909M(20480M), 0.0557597 secs]
328382.156: [GC pause (G1 Evacuation Pause) (young) 18339M->14967M(20480M), 0.1037167 secs]
328569.565: [GC pause (G1 Evacuation Pause) (young) 18359M->14967M(20480M), 0.0835475 secs]
328767.000: [GC pause (G1 Evacuation Pause) (young) (initial-mark) 18359M->14971M(20480M), 0.0866019 secs]
328767.087: [GC concurrent-root-region-scan-start]
328767.135: [GC concurrent-root-region-scan-end, 0.0484463 secs]
328767.135: [GC concurrent-mark-start]
328807.858: [GC concurrent-mark-end, 40.7229350 secs]
328807.860: [GC remark, 0.1444776 secs]
328808.006: [GC cleanup 15646M->15646M(20480M), 0.0461845 secs]
328943.976: [GC pause (G1 Evacuation Pause) (young) 18347M->14971M(20480M), 0.0838476 secs]
329131.006: [GC pause (G1 Evacuation Pause) (young) 18347M->14967M(20480M), 0.0833758 secs]
329338.706: [GC pause (G1 Evacuation Pause) (young) (initial-mark) 18359M->14971M(20480M), 0.1053187 secs]
329338.811: [GC concurrent-root-region-scan-start]
329338.923: [GC concurrent-root-region-scan-end, 0.1118379 secs]
329338.923: [GC concurrent-mark-start]
329378.778: [GC concurrent-mark-end, 39.8546624 secs]
329378.779: [GC remark, 0.1480532 secs]
329378.932: [GC cleanup 15673M->15673M(20480M), 0.0476516 secs]
329515.485: [GC pause (G1 Evacuation Pause) (young) 18347M->14976M(20480M), 0.1146672 secs]
329702.465: [GC pause (G1 Evacuation Pause) (young) 18352M->14980M(20480M), 0.0835891 secs]
329899.706: [GC pause (G1 Evacuation Pause) (young) (initial-mark) 18340M->14972M(20480M), 0.1051174 secs]
329899.813: [GC concurrent-root-region-scan-start]
329899.863: [GC concurrent-root-region-scan-end, 0.0506676 secs]
329899.863: [GC concurrent-mark-start]
329940.209: [GC concurrent-mark-end, 40.3450997 secs]
329940.210: [GC remark, 0.1509383 secs]
329940.363: [GC cleanup 15664M->15664M(20480M), 0.0450470 secs]
330076.534: [GC pause (G1 Evacuation Pause) (young) 18348M->14972M(20480M), 0.0815717 secs]
330273.875: [GC pause (G1 Evacuation Pause) (young) 18348M->14972M(20480M), 0.0849965 secs]
330460.845: [GC pause (G1 Evacuation Pause) (young) (initial-mark) 18348M->14976M(20480M), 0.0875871 secs]
330460.933: [GC concurrent-root-region-scan-start]
330460.976: [GC concurrent-root-region-scan-end, 0.0429890 secs]
330460.976: [GC concurrent-mark-start]
330501.136: [GC concurrent-mark-end, 40.1598447 secs]
330501.138: [GC remark, 0.1455825 secs]
330501.285: [GC cleanup 15525M->15525M(20480M), 0.0436068 secs]
330647.773: [GC pause (G1 Evacuation Pause) (young) 18352M->14972M(20480M), 0.0815128 secs]
330818.692: [GC pause (G1 Evacuation Pause) (young) 18348M->15024M(20480M), 0.0894793 secs]
330896.809: [GC pause (G1 Humongous Allocation) (young) (initial-mark) 16650M->14972M(20480M), 0.0534627 secs]
330896.863: [GC concurrent-root-region-scan-start]
330896.902: [GC concurrent-root-region-scan-end, 0.0387976 secs]
330896.902: [GC concurrent-mark-start]
330939.546: [GC concurrent-mark-end, 42.6442215 secs]
330939.548: [GC remark, 0.1477526 secs]
330939.697: [GC cleanup 18140M->18140M(20480M), 0.0435947 secs]
331022.564: [GC pause (G1 Evacuation Pause) (young)-- 19500M->17638M(20480M), 0.8799468 secs]
331085.767: [GC pause (G1 Evacuation Pause) (young) 18662M->17660M(20480M), 0.0687795 secs]
331147.921: [GC pause (G1 Evacuation Pause) (young) (initial-mark) 18660M->17656M(20480M), 0.0397260 secs]
331147.961: [GC concurrent-root-region-scan-start]
331148.004: [GC concurrent-root-region-scan-end, 0.0429262 secs]
331148.004: [GC concurrent-mark-start]
331188.347: [GC concurrent-mark-end, 40.3433923 secs]
331188.349: [GC remark, 0.1880645 secs]
331188.539: [GC cleanup 18301M->17445M(20480M), 0.0456353 secs]
331188.585: [GC concurrent-cleanup-start]
331188.585: [GC concurrent-cleanup-end, 0.0003813 secs]
331200.619: [GC pause (G1 Evacuation Pause) (young) 17800M->16817M(20480M), 0.0549585 secs]
331252.326: [GC pause (G1 Evacuation Pause) (mixed) 17801M->15854M(20480M), 0.0412486 secs]
331397.871: [GC pause (G1 Evacuation Pause) (young) 18318M->15862M(20480M), 0.0677996 secs]
331497.226: [GC pause (G1 Humongous Allocation) (young) (initial-mark) 17842M->15858M(20480M), 0.0588128 secs]
331497.285: [GC concurrent-root-region-scan-start]
331497.322: [GC concurrent-root-region-scan-end, 0.0364360 secs]
331497.322: [GC concurrent-mark-start]
331507.255: [GC pause (G1 Humongous Allocation) (young)-- 19372M->19558M(20480M), 2.1040504 secs]
331509.362: [Full GC (Allocation Failure)  19558M->17596M(20480M), 43.6231624 secs]
331552.986: [GC concurrent-mark-abort]
331553.004: [GC pause (G1 Humongous Allocation) (young) (initial-mark) 17636M->17644M(20480M), 0.0242126 secs]
331553.028: [GC concurrent-root-region-scan-start]
331553.036: [GC concurrent-root-region-scan-end, 0.0078424 secs]
331553.036: [GC concurrent-mark-start]
331560.925: [GC pause (G1 Humongous Allocation) (young)-- 19314M->19420M(20480M), 1.0987577 secs]
331562.332: [GC pause (G1 Humongous Allocation) (young)-- 19472M->19500M(20480M), 0.6125615 secs]
331562.947: [Full GC (Allocation Failure)  19500M->18691M(20480M), 42.2734069 secs]
331605.224: [GC concurrent-mark-abort]
331647.013: [GC pause (G1 Evacuation Pause) (young)-- 19539M->19539M(20480M), 0.3246849 secs]
331647.340: [GC pause (G1 Evacuation Pause) (young) (initial-mark) 19539M->19539M(20480M), 0.0232917 secs]
331647.363: [GC concurrent-root-region-scan-start]
331647.363: [GC concurrent-root-region-scan-end, 0.0003030 secs]
331647.363: [GC concurrent-mark-start]
331647.367: [Full GC (Allocation Failure)  19539M->15362M(20480M), 43.0045146 secs]
331690.372: [GC concurrent-mark-abort]
331794.327: [GC pause (G1 Evacuation Pause) (young) 17114M->15379M(20480M), 0.0830422 secs]
331877.681: [GC pause (G1 Evacuation Pause) (young) (initial-mark) 17147M->15402M(20480M), 0.0560447 secs]
331877.737: [GC concurrent-root-region-scan-start]
331877.768: [GC concurrent-root-region-scan-end, 0.0303811 secs]
331877.768: [GC concurrent-mark-start]
331917.950: [GC concurrent-mark-end, 40.1825805 secs]
331917.952: [GC remark, 0.1499125 secs]
331918.104: [GC cleanup 16038M->15526M(20480M), 0.0432764 secs]
331918.148: [GC concurrent-cleanup-start]
331918.148: [GC concurrent-cleanup-end, 0.0002702 secs]
332012.738: [GC pause (G1 Evacuation Pause) (young) 17202M->14898M(20480M), 0.0652927 secs]
332168.834: [GC pause (G1 Evacuation Pause) (young) 17946M->14906M(20480M), 0.0761579 secs]
332355.677: [GC pause (G1 Evacuation Pause) (young) (initial-mark) 18050M->14906M(20480M), 0.0985343 secs]
332355.776: [GC concurrent-root-region-scan-start]
332355.817: [GC concurrent-root-region-scan-end, 0.0417681 secs]
332355.817: [GC concurrent-mark-start]
332395.429: [GC concurrent-mark-end, 39.6113652 secs]
332395.443: [GC remark, 0.2265523 secs]
332395.674: [GC cleanup 15488M->15488M(20480M), 0.1243147 secs]
332532.260: [GC pause (G1 Evacuation Pause) (young) 18122M->14898M(20480M), 0.0779779 secs]
332709.122: [GC pause (G1 Evacuation Pause) (young) 18170M->14898M(20480M), 0.0788824 secs]
332907.084: [GC pause (G1 Evacuation Pause) (young) (initial-mark) 18218M->14902M(20480M), 0.0846805 secs]
332907.168: [GC concurrent-root-region-scan-start]
332907.212: [GC concurrent-root-region-scan-end, 0.0435287 secs]
332907.212: [GC concurrent-mark-start]
332947.197: [GC concurrent-mark-end, 39.9852899 secs]
332947.199: [GC remark, 0.1434468 secs]
332947.344: [GC cleanup 15552M->15552M(20480M), 0.0425733 secs]
333084.235: [GC pause (G1 Evacuation Pause) (young) 18254M->14894M(20480M), 0.0836699 secs]
333281.470: [GC pause (G1 Evacuation Pause) (young) 18278M->14902M(20480M), 0.0877498 secs]
333468.820: [GC pause (G1 Evacuation Pause) (young) (initial-mark) 18302M->14898M(20480M), 0.0833594 secs]
333468.904: [GC concurrent-root-region-scan-start]
333468.943: [GC concurrent-root-region-scan-end, 0.0388182 secs]
333468.943: [GC concurrent-mark-start]
333508.860: [GC concurrent-mark-end, 39.9170689 secs]
333508.862: [GC remark, 0.1501879 secs]
333509.014: [GC cleanup 15539M->15539M(20480M), 0.0439985 secs]
333645.905: [GC pause (G1 Evacuation Pause) (young) 18314M->14894M(20480M), 0.0809879 secs]
333853.287: [GC pause (G1 Evacuation Pause) (young) 18326M->14902M(20480M), 0.0831951 secs]
334040.635: [GC pause (G1 Evacuation Pause) (young) (initial-mark) 18342M->14902M(20480M), 0.0896321 secs]
334040.725: [GC concurrent-root-region-scan-start]
334040.765: [GC concurrent-root-region-scan-end, 0.0406239 secs]
334040.765: [GC concurrent-mark-start]
334080.457: [GC concurrent-mark-end, 39.6916881 secs]
334080.459: [GC remark, 0.1498424 secs]
334080.610: [GC cleanup 15487M->15487M(20480M), 0.0449070 secs]
334246.934: [GC pause (G1 Evacuation Pause) (young) 18350M->14918M(20480M), 0.1012749 secs]
334406.691: [GC pause (G1 Evacuation Pause) (young) 18350M->14946M(20480M), 0.0824681 secs]
334570.939: [GC pause (G1 Evacuation Pause) (young) (initial-mark) 18322M->14898M(20480M), 0.0840433 secs]
334571.023: [GC concurrent-root-region-scan-start]
334571.062: [GC concurrent-root-region-scan-end, 0.0385542 secs]
334571.062: [GC concurrent-mark-start]
334610.768: [GC concurrent-mark-end, 39.7062203 secs]
334610.771: [GC remark, 0.1445574 secs]
334610.917: [GC cleanup 15441M->15441M(20480M), 0.0438726 secs]
334778.529: [GC pause (G1 Evacuation Pause) (young) 18346M->14906M(20480M), 0.0856492 secs]
334965.600: [GC pause (G1 Evacuation Pause) (young) 18354M->14898M(20480M), 0.0943709 secs]
335152.778: [GC pause (G1 Evacuation Pause) (young) (initial-mark) 18362M->14906M(20480M), 0.0834993 secs]
335152.862: [GC concurrent-root-region-scan-start]
335152.931: [GC concurrent-root-region-scan-end, 0.0694265 secs]
335152.931: [GC concurrent-mark-start]
335192.781: [GC concurrent-mark-end, 39.8504331 secs]
335192.783: [GC remark, 0.1387538 secs]
335192.923: [GC cleanup 15451M->15451M(20480M), 0.0422733 secs]
335360.345: [GC pause (G1 Evacuation Pause) (young) 18362M->14914M(20480M), 0.0884655 secs]
335547.600: [GC pause (G1 Evacuation Pause) (young) 18354M->14898M(20480M), 0.0793633 secs]
335734.596: [GC pause (G1 Evacuation Pause) (young) (initial-mark) 18370M->14902M(20480M), 0.0980246 secs]
335734.694: [GC concurrent-root-region-scan-start]
335734.789: [GC concurrent-root-region-scan-end, 0.0942880 secs]
335734.789: [GC concurrent-mark-start]
335774.924: [GC concurrent-mark-end, 40.1356518 secs]
335774.926: [GC remark, 0.2069022 secs]
335775.135: [GC cleanup 15568M->15568M(20480M), 0.1222057 secs]
335932.461: [GC pause (G1 Evacuation Pause) (young) 18358M->14902M(20480M), 0.0847180 secs]
336119.640: [GC pause (G1 Evacuation Pause) (young) 18358M->14910M(20480M), 0.0914802 secs]
336316.797: [GC pause (G1 Evacuation Pause) (young) (initial-mark) 18350M->14898M(20480M), 0.0907042 secs]
336316.888: [GC concurrent-root-region-scan-start]
336316.933: [GC concurrent-root-region-scan-end, 0.0450168 secs]
336316.933: [GC concurrent-mark-start]
336356.631: [GC concurrent-mark-end, 39.6977061 secs]
336356.633: [GC remark, 0.1456528 secs]
336356.780: [GC cleanup 15579M->15579M(20480M), 0.0518220 secs]
336524.567: [GC pause (G1 Evacuation Pause) (young) 18370M->14902M(20480M), 0.0930737 secs]
336701.602: [GC pause (G1 Evacuation Pause) (young) 18358M->14906M(20480M), 0.0833900 secs]
336898.779: [GC pause (G1 Evacuation Pause) (young) (initial-mark) 18362M->14898M(20480M), 0.0877259 secs]
336898.867: [GC concurrent-root-region-scan-start]
336898.909: [GC concurrent-root-region-scan-end, 0.0427124 secs]
336898.909: [GC concurrent-mark-start]
336939.662: [GC concurrent-mark-end, 40.7524343 secs]
336939.664: [GC remark, 0.1501039 secs]
336939.816: [GC cleanup 15646M->15646M(20480M), 0.0462395 secs]
337096.172: [GC pause (G1 Evacuation Pause) (young) 18370M->14906M(20480M), 0.0974868 secs]
337283.213: [GC pause (G1 Evacuation Pause) (young) 18362M->14898M(20480M), 0.0845266 secs]
337482.808: [GC pause (G1 Evacuation Pause) (young) (initial-mark) 18370M->14906M(20480M), 0.0897841 secs]
337482.898: [GC concurrent-root-region-scan-start]
337482.938: [GC concurrent-root-region-scan-end, 0.0404068 secs]
337482.938: [GC concurrent-mark-start]
337523.346: [GC concurrent-mark-end, 40.4072857 secs]
337523.348: [GC remark, 0.1522062 secs]
337523.502: [GC cleanup 15794M->15794M(20480M), 0.0444403 secs]
337678.350: [GC pause (G1 Evacuation Pause) (young) 18362M->14903M(20480M), 0.0809097 secs]
337865.370: [GC pause (G1 Evacuation Pause) (young) 18359M->14903M(20480M), 0.1194964 secs]
338031.815: [GC pause (G1 Evacuation Pause) (young) (initial-mark) 18359M->14983M(20480M), 0.0894893 secs]
338031.904: [GC concurrent-root-region-scan-start]
338031.945: [GC concurrent-root-region-scan-end, 0.0403604 secs]
338031.945: [GC concurrent-mark-start]
338072.253: [GC concurrent-mark-end, 40.3077197 secs]
338072.254: [GC remark, 0.1451794 secs]
338072.401: [GC cleanup 15614M->15614M(20480M), 0.0432139 secs]
338156.416: [GC pause (G1 Evacuation Pause) (young)-- 19511M->19354M(20480M), 0.8810683 secs]
338167.670: [GC pause (G1 Evacuation Pause) (young)-- 19522M->19522M(20480M), 0.0899753 secs]
338167.762: [GC pause (G1 Evacuation Pause) (young) (initial-mark) 19522M->19522M(20480M), 0.0210233 secs]
338167.783: [GC concurrent-root-region-scan-start]
338167.783: [GC concurrent-root-region-scan-end, 0.0003444 secs]
338167.783: [GC concurrent-mark-start]
338167.787: [Full GC (Allocation Failure)  19522M->16037M(20480M), 43.1795730 secs]
338210.968: [GC concurrent-mark-abort]
338314.715: [GC pause (G1 Evacuation Pause) (young) 17813M->16050M(20480M), 0.0805896 secs]
338416.195: [GC pause (G1 Evacuation Pause) (young) (initial-mark) 17818M->16071M(20480M), 0.0620107 secs]
338416.258: [GC concurrent-root-region-scan-start]
338416.285: [GC concurrent-root-region-scan-end, 0.0270111 secs]
338416.285: [GC concurrent-mark-start]
338458.715: [GC concurrent-mark-end, 42.4299155 secs]
338458.716: [GC remark, 0.1537098 secs]
338458.872: [GC cleanup 17021M->15917M(20480M), 0.0473764 secs]
338458.920: [GC concurrent-cleanup-start]
338458.921: [GC concurrent-cleanup-end, 0.0006726 secs]
338501.886: [GC pause (G1 Evacuation Pause) (young) 16703M->14981M(20480M), 0.0519188 secs]
338691.516: [GC pause (G1 Evacuation Pause) (young) 18293M->14993M(20480M), 0.0813824 secs]
338697.079: [GC pause (G1 Humongous Allocation) (young) (initial-mark) 15189M->14981M(20480M), 0.0293502 secs]
338697.108: [GC concurrent-root-region-scan-start]
338697.132: [GC concurrent-root-region-scan-end, 0.0239548 secs]
338697.132: [GC concurrent-mark-start]
338710.893: [GC pause (G1 Humongous Allocation) (young)-- 19575M->19629M(20480M), 7.2271490 secs]
338718.122: [Full GC (Allocation Failure)  19629M->18324M(20480M), 43.4752942 secs]
338761.598: [GC concurrent-mark-abort]
338761.624: [GC pause (G1 Humongous Allocation) (young) (initial-mark) 18368M->18376M(20480M), 0.0245589 secs]
338761.649: [GC concurrent-root-region-scan-start]
338761.656: [GC concurrent-root-region-scan-end, 0.0069061 secs]
338761.656: [GC concurrent-mark-start]
338782.689: [GC pause (G1 Evacuation Pause) (young)-- 19496M->19492M(20480M), 1.2380704 secs]
338783.942: [GC pause (G1 Evacuation Pause) (young)-- 19500M->19500M(20480M), 0.0581538 secs]
338784.002: [GC pause (G1 Evacuation Pause) (young) 19500M->19500M(20480M), 0.0209638 secs]
338784.025: [Full GC (Allocation Failure)  19500M->16111M(20480M), 44.2776159 secs]
338828.303: [GC concurrent-mark-abort]
338932.055: [GC pause (G1 Evacuation Pause) (young) 17839M->16123M(20480M), 0.0551495 secs]
339030.571: [GC pause (G1 Evacuation Pause) (young) (initial-mark) 17891M->16148M(20480M), 0.0619834 secs]
339030.633: [GC concurrent-root-region-scan-start]
339030.667: [GC concurrent-root-region-scan-end, 0.0334542 secs]
339030.667: [GC concurrent-mark-start]
339071.244: [GC concurrent-mark-end, 40.5773786 secs]
339071.246: [GC remark, 0.1484416 secs]
339071.396: [GC cleanup 17087M->15929M(20480M), 0.0431101 secs]
339071.439: [GC concurrent-cleanup-start]
339071.440: [GC concurrent-cleanup-end, 0.0007503 secs]
339119.773: [GC pause (G1 Evacuation Pause) (young) 16774M->14997M(20480M), 0.0583010 secs]
339296.119: [GC pause (G1 Evacuation Pause) (young) 18117M->15005M(20480M), 0.0757087 secs]
339472.920: [GC pause (G1 Evacuation Pause) (young) (initial-mark) 18173M->15001M(20480M), 0.0817762 secs]
339473.002: [GC concurrent-root-region-scan-start]
339473.040: [GC concurrent-root-region-scan-end, 0.0382934 secs]
339473.040: [GC concurrent-mark-start]
339513.012: [GC concurrent-mark-end, 39.9716202 secs]
339513.014: [GC remark, 0.1511894 secs]
339513.167: [GC cleanup 15654M->15646M(20480M), 0.0441179 secs]
339513.211: [GC concurrent-cleanup-start]
339513.211: [GC concurrent-cleanup-end, 0.0000143 secs]
339639.939: [GC pause (G1 Evacuation Pause) (young) 18209M->15001M(20480M), 0.0901404 secs]
339836.612: [GC pause (G1 Evacuation Pause) (young) 18241M->14997M(20480M), 0.0847761 secs]
340013.325: [GC pause (G1 Evacuation Pause) (young) (initial-mark) 18269M->14997M(20480M), 0.0763588 secs]
340013.401: [GC concurrent-root-region-scan-start]
340013.444: [GC concurrent-root-region-scan-end, 0.0427469 secs]
340013.444: [GC concurrent-mark-start]
340053.138: [GC concurrent-mark-end, 39.6937256 secs]
340053.140: [GC remark, 0.1507260 secs]
340053.292: [GC cleanup 15597M->15597M(20480M), 0.0451325 secs]
340210.541: [GC pause (G1 Evacuation Pause) (young) 18293M->15013M(20480M), 0.1057208 secs]
340387.293: [GC pause (G1 Evacuation Pause) (young) 18309M->14989M(20480M), 0.0780101 secs]
340563.840: [GC pause (G1 Evacuation Pause) (young) (initial-mark) 18317M->14997M(20480M), 0.0868277 secs]
340563.927: [GC concurrent-root-region-scan-start]
340563.966: [GC concurrent-root-region-scan-end, 0.0395952 secs]
340563.966: [GC concurrent-mark-start]
340603.787: [GC concurrent-mark-end, 39.8210724 secs]
340603.789: [GC remark, 0.1481879 secs]
340603.939: [GC cleanup 15649M->15649M(20480M), 0.0428988 secs]
340761.211: [GC pause (G1 Evacuation Pause) (young) 18317M->15001M(20480M), 0.0892744 secs]
340938.031: [GC pause (G1 Evacuation Pause) (young) 18337M->14993M(20480M), 0.0832741 secs]
341124.840: [GC pause (G1 Evacuation Pause) (young) (initial-mark) 18337M->14993M(20480M), 0.1254242 secs]
341124.969: [GC concurrent-root-region-scan-start]
341125.010: [GC concurrent-root-region-scan-end, 0.0403851 secs]
341125.010: [GC concurrent-mark-start]
341165.616: [GC concurrent-mark-end, 40.6058672 secs]
341165.618: [GC remark, 0.2000169 secs]
341165.819: [GC cleanup 15636M->15636M(20480M), 0.0680895 secs]
341322.527: [GC pause (G1 Evacuation Pause) (young) 18345M->14997M(20480M), 0.0938227 secs]
341499.444: [GC pause (G1 Evacuation Pause) (young) 18341M->14993M(20480M), 0.0812887 secs]
341665.795: [GC pause (G1 Evacuation Pause) (young) (initial-mark) 18345M->15053M(20480M), 0.1813576 secs]
341665.977: [GC concurrent-root-region-scan-start]
341666.017: [GC concurrent-root-region-scan-end, 0.0397962 secs]
341666.017: [GC concurrent-mark-start]
341707.990: [GC concurrent-mark-end, 41.9734220 secs]
341707.992: [GC remark, 0.1561381 secs]
341708.150: [GC cleanup 16009M->15945M(20480M), 0.0453858 secs]
341708.196: [GC concurrent-cleanup-start]
341708.196: [GC concurrent-cleanup-end, 0.0000582 secs]
341843.513: [GC pause (G1 Evacuation Pause) (young) 18213M->14937M(20480M), 0.1160354 secs]
342033.313: [GC pause (G1 Evacuation Pause) (young) 18345M->14949M(20480M), 0.1351950 secs]
342220.027: [GC pause (G1 Evacuation Pause) (young) (initial-mark) 18333M->14929M(20480M), 0.0992957 secs]
342220.127: [GC concurrent-root-region-scan-start]
342220.171: [GC concurrent-root-region-scan-end, 0.0436827 secs]
342220.171: [GC concurrent-mark-start]
342263.000: [GC concurrent-mark-end, 42.8292111 secs]
342263.001: [GC remark, 0.1502692 secs]
342263.154: [GC cleanup 15662M->15662M(20480M), 0.0465025 secs]
342417.756: [GC pause (G1 Evacuation Pause) (young) 18361M->14933M(20480M), 0.0860613 secs]
342615.694: [GC pause (G1 Evacuation Pause) (young) 18349M->14945M(20480M), 0.1881536 secs]
342802.907: [GC pause (G1 Evacuation Pause) (young) (initial-mark) 18345M->14933M(20480M), 0.0882343 secs]
342802.995: [GC concurrent-root-region-scan-start]
342803.040: [GC concurrent-root-region-scan-end, 0.0447056 secs]
342803.040: [GC concurrent-mark-start]
342845.112: [GC concurrent-mark-end, 42.0720280 secs]
342845.114: [GC remark, 0.1892441 secs]
342845.315: [GC cleanup 15753M->15753M(20480M), 0.0974774 secs]
342979.970: [GC pause (G1 Evacuation Pause) (young) 18349M->14937M(20480M), 0.0851307 secs]
343187.630: [GC pause (G1 Evacuation Pause) (young) 18353M->14933M(20480M), 0.0964221 secs]
343364.778: [GC pause (G1 Evacuation Pause) (young) (initial-mark) 18349M->14933M(20480M), 0.1738549 secs]
343364.956: [GC concurrent-root-region-scan-start]
343365.004: [GC concurrent-root-region-scan-end, 0.0478561 secs]
343365.004: [GC concurrent-mark-start]
343404.677: [GC concurrent-mark-end, 39.6729373 secs]
343404.679: [GC remark, 0.1852169 secs]
343404.866: [GC cleanup 15482M->15482M(20480M), 0.0869804 secs]
343561.925: [GC pause (G1 Evacuation Pause) (young) 18349M->14938M(20480M), 0.0895988 secs]
343759.696: [GC pause (G1 Evacuation Pause) (young) 18354M->14938M(20480M), 0.0859289 secs]
343946.651: [GC pause (G1 Evacuation Pause) (young) (initial-mark) 18354M->14930M(20480M), 0.0845396 secs]
343946.736: [GC concurrent-root-region-scan-start]
343946.782: [GC concurrent-root-region-scan-end, 0.0468279 secs]
343946.782: [GC concurrent-mark-start]
343987.518: [GC concurrent-mark-end, 40.7358982 secs]
343987.520: [GC remark, 0.1475796 secs]
343987.669: [GC cleanup 15613M->15613M(20480M), 0.0485724 secs]
344128.107: [GC pause (G1 Evacuation Pause) (young) 18362M->14954M(20480M), 0.1558053 secs]
344331.158: [GC pause (G1 Evacuation Pause) (young) 18338M->14934M(20480M), 0.0878850 secs]
344508.180: [GC pause (G1 Evacuation Pause) (young) (initial-mark) 18350M->14926M(20480M), 0.0833677 secs]
344508.264: [GC concurrent-root-region-scan-start]
344508.308: [GC concurrent-root-region-scan-end, 0.0446602 secs]
344508.308: [GC concurrent-mark-start]
344548.890: [GC concurrent-mark-end, 40.5815748 secs]
344548.892: [GC remark, 0.2024403 secs]
344549.096: [GC cleanup 15508M->15508M(20480M), 0.0575584 secs]
344705.604: [GC pause (G1 Evacuation Pause) (young) 18358M->14938M(20480M), 0.1918214 secs]
344903.188: [GC pause (G1 Evacuation Pause) (young) 18354M->14938M(20480M), 0.0844307 secs]
345080.374: [GC pause (G1 Evacuation Pause) (young) (initial-mark) 18354M->14930M(20480M), 0.0851070 secs]
345080.459: [GC concurrent-root-region-scan-start]
345080.503: [GC concurrent-root-region-scan-end, 0.0435863 secs]
345080.503: [GC concurrent-mark-start]
345121.162: [GC concurrent-mark-end, 40.6592558 secs]
345121.164: [GC remark, 0.1539286 secs]
345121.320: [GC cleanup 15457M->15457M(20480M), 0.0429687 secs]
345256.897: [GC pause (G1 Evacuation Pause) (young) 18362M->14998M(20480M), 0.1058729 secs]
345296.901: [GC pause (G1 Humongous Allocation) (young) (initial-mark) 15887M->14934M(20480M), 0.0496495 secs]
345296.951: [GC concurrent-root-region-scan-start]
345296.983: [GC concurrent-root-region-scan-end, 0.0329024 secs]
345296.983: [GC concurrent-mark-start]
345338.311: [GC concurrent-mark-end, 41.3272550 secs]
345338.312: [GC remark, 0.1435002 secs]
345338.458: [GC cleanup 17889M->17889M(20480M), 0.0427629 secs]
345423.702: [GC pause (G1 Evacuation Pause) (young)-- 19502M->17969M(20480M), 0.8851179 secs]
345487.021: [GC pause (G1 Evacuation Pause) (young) 18993M->17990M(20480M), 0.0505939 secs]
345549.218: [GC pause (G1 Evacuation Pause) (young) (initial-mark) 18990M->17980M(20480M), 0.0390727 secs]
345549.257: [GC concurrent-root-region-scan-start]
345549.290: [GC concurrent-root-region-scan-end, 0.0329898 secs]
345549.290: [GC concurrent-mark-start]
345589.792: [GC concurrent-mark-end, 40.5010998 secs]
345589.793: [GC remark, 0.1962266 secs]
345589.991: [GC cleanup 18591M->17823M(20480M), 0.0448988 secs]
345590.036: [GC concurrent-cleanup-start]
345590.037: [GC concurrent-cleanup-end, 0.0007104 secs]
345611.430: [GC pause (G1 Evacuation Pause) (young) 18220M->17228M(20480M), 0.0468731 secs]
345653.122: [GC pause (G1 Evacuation Pause) (mixed) 18220M->15857M(20480M), 0.0421127 secs]
345798.772: [GC pause (G1 Evacuation Pause) (young) 18369M->15861M(20480M), 0.0701746 secs]
345897.130: [GC pause (G1 Humongous Allocation) (young) (initial-mark) 17751M->15861M(20480M), 0.0680184 secs]
345897.198: [GC concurrent-root-region-scan-start]
345897.256: [GC concurrent-root-region-scan-end, 0.0581094 secs]
345897.256: [GC concurrent-mark-start]
345910.527: [GC pause (G1 Humongous Allocation) (young)-- 19596M->19712M(20480M), 3.7591511 secs]
345914.288: [Full GC (Allocation Failure)  19712M->17769M(20480M), 47.5668592 secs]
345961.856: [GC concurrent-mark-abort]
345961.877: [GC pause (G1 Humongous Allocation) (young) (initial-mark) 17809M->17821M(20480M), 0.0237070 secs]
345961.901: [GC concurrent-root-region-scan-start]
345961.911: [GC concurrent-root-region-scan-end, 0.0102400 secs]
345961.911: [GC concurrent-mark-start]
345972.550: [GC pause (G1 Evacuation Pause) (young)-- 19493M->19489M(20480M), 2.6934219 secs]
345975.263: [GC pause (G1 Evacuation Pause) (young)-- 19497M->19497M(20480M), 0.1810112 secs]
345975.450: [GC pause (G1 Evacuation Pause) (young) 19497M->19497M(20480M), 0.0444787 secs]
345975.497: [GC pause (G1 Evacuation Pause) (young) 19497M->19497M(20480M), 0.0255583 secs]
345975.524: [Full GC (Allocation Failure)  19497M->16594M(20480M), 42.8304636 secs]
346018.355: [GC concurrent-mark-abort]
346090.902: [GC pause (G1 Evacuation Pause) (young) 17738M->16606M(20480M), 0.0448199 secs]
346153.466: [GC pause (G1 Evacuation Pause) (young) (initial-mark) 17782M->16615M(20480M), 0.0409320 secs]
346153.507: [GC concurrent-root-region-scan-start]
346153.527: [GC concurrent-root-region-scan-end, 0.0196672 secs]
346153.527: [GC concurrent-mark-start]
346193.017: [GC concurrent-mark-end, 39.4901083 secs]
346193.019: [GC remark, 0.1465104 secs]
346193.167: [GC cleanup 17192M->15880M(20480M), 0.0419221 secs]
346193.209: [GC concurrent-cleanup-start]
346193.210: [GC concurrent-cleanup-end, 0.0007843 secs]
346226.088: [GC pause (G1 Evacuation Pause) (young) 16511M->15328M(20480M), 0.0547524 secs]
346361.491: [GC pause (G1 Evacuation Pause) (young) 18016M->15334M(20480M), 0.0878555 secs]
346507.805: [GC pause (G1 Evacuation Pause) (young) (initial-mark) 18070M->15370M(20480M), 0.0859258 secs]
346507.891: [GC concurrent-root-region-scan-start]
346507.946: [GC concurrent-root-region-scan-end, 0.0546019 secs]
346507.946: [GC concurrent-mark-start]
346548.818: [GC concurrent-mark-end, 40.8720649 secs]
346548.820: [GC remark, 0.2039025 secs]
346549.026: [GC cleanup 16154M->16154M(20480M), 0.0669367 secs]
346663.555: [GC pause (G1 Evacuation Pause) (young) 18106M->15334M(20480M), 0.0741904 secs]
346829.018: [GC pause (G1 Evacuation Pause) (young) 18142M->15350M(20480M), 0.0860639 secs]
346984.931: [GC pause (G1 Evacuation Pause) (young) (initial-mark) 18174M->15330M(20480M), 0.0939566 secs]
346985.025: [GC concurrent-root-region-scan-start]
346985.061: [GC concurrent-root-region-scan-end, 0.0360298 secs]
346985.061: [GC concurrent-mark-start]
347024.762: [GC concurrent-mark-end, 39.7002267 secs]
347024.763: [GC remark, 0.2043184 secs]
347024.970: [GC cleanup 15991M->15991M(20480M), 0.0860834 secs]
347140.952: [GC pause (G1 Evacuation Pause) (young) 18202M->15330M(20480M), 0.0799145 secs]
347307.351: [GC pause (G1 Evacuation Pause) (young) 18226M->15334M(20480M), 0.0747073 secs]
347463.218: [GC pause (G1 Evacuation Pause) (young) (initial-mark) 18238M->15334M(20480M), 0.0752255 secs]
347463.293: [GC concurrent-root-region-scan-start]
347463.333: [GC concurrent-root-region-scan-end, 0.0394280 secs]
347463.333: [GC concurrent-mark-start]
347503.409: [GC concurrent-mark-end, 40.0766883 secs]
347503.411: [GC remark, 0.1476919 secs]
347503.560: [GC cleanup 15919M->15919M(20480M), 0.0426060 secs]
347639.724: [GC pause (G1 Evacuation Pause) (young) 18246M->15330M(20480M), 0.0786566 secs]
347795.572: [GC pause (G1 Evacuation Pause) (young) 18258M->15334M(20480M), 0.1443095 secs]
347962.393: [GC pause (G1 Evacuation Pause) (young) (initial-mark) 18262M->15334M(20480M), 0.0887396 secs]
347962.482: [GC concurrent-root-region-scan-start]
347962.527: [GC concurrent-root-region-scan-end, 0.0447417 secs]
347962.527: [GC concurrent-mark-start]
348003.100: [GC concurrent-mark-end, 40.5724988 secs]
348003.102: [GC remark, 0.1545761 secs]
348003.258: [GC cleanup 15950M->15950M(20480M), 0.0466944 secs]
348118.636: [GC pause (G1 Evacuation Pause) (young) 18270M->15334M(20480M), 0.0808103 secs]
348291.770: [GC pause (G1 Evacuation Pause) (young) 18270M->15335M(20480M), 0.0772148 secs]
348451.144: [GC pause (G1 Evacuation Pause) (young) (initial-mark) 18263M->15339M(20480M), 0.0770575 secs]
348451.221: [GC concurrent-root-region-scan-start]
348451.258: [GC concurrent-root-region-scan-end, 0.0374071 secs]
348451.258: [GC concurrent-mark-start]
348491.427: [GC concurrent-mark-end, 40.1687569 secs]
348491.429: [GC remark, 0.1435523 secs]
348491.574: [GC cleanup 15923M->15571M(20480M), 0.0443966 secs]
348491.619: [GC concurrent-cleanup-start]
348491.619: [GC concurrent-cleanup-end, 0.0002285 secs]
348627.794: [GC pause (G1 Evacuation Pause) (young) 17915M->14991M(20480M), 0.0990575 secs]
348794.171: [GC pause (G1 Evacuation Pause) (young) 18343M->15007M(20480M), 0.0836460 secs]
348949.856: [GC pause (G1 Evacuation Pause) (young) (initial-mark) 18327M->14984M(20480M), 0.0759912 secs]
348949.932: [GC concurrent-root-region-scan-start]
348949.978: [GC concurrent-root-region-scan-end, 0.0458002 secs]
348949.978: [GC concurrent-mark-start]
348989.565: [GC concurrent-mark-end, 39.5872586 secs]
348989.567: [GC remark, 0.1527074 secs]
348989.722: [GC cleanup 15675M->15675M(20480M), 0.0595908 secs]
349147.374: [GC pause (G1 Evacuation Pause) (young) 18352M->14980M(20480M), 0.0859580 secs]
349324.359: [GC pause (G1 Evacuation Pause) (young) 18364M->14976M(20480M), 0.1022158 secs]
349511.392: [GC pause (G1 Evacuation Pause) (young) (initial-mark) 18360M->14984M(20480M), 0.1071876 secs]
349511.499: [GC concurrent-root-region-scan-start]
349511.545: [GC concurrent-root-region-scan-end, 0.0450683 secs]
349511.545: [GC concurrent-mark-start]
349551.141: [GC concurrent-mark-end, 39.5960128 secs]
349551.142: [GC remark, 0.1495590 secs]
349551.294: [GC cleanup 15534M->15534M(20480M), 0.0437873 secs]
349708.802: [GC pause (G1 Evacuation Pause) (young) 18352M->14988M(20480M), 0.0873575 secs]
349895.895: [GC pause (G1 Evacuation Pause) (young) 18356M->14984M(20480M), 0.1269450 secs]
350092.140: [GC pause (G1 Evacuation Pause) (young) (initial-mark) 18352M->14988M(20480M), 0.0933464 secs]
350092.233: [GC concurrent-root-region-scan-start]
350092.422: [GC concurrent-root-region-scan-end, 0.1890222 secs]
350092.423: [GC concurrent-mark-start]
350138.351: [GC concurrent-mark-end, 45.9284757 secs]
350138.353: [GC remark, 0.1852079 secs]
350138.540: [GC cleanup 16093M->16093M(20480M), 0.0723160 secs]
350271.106: [GC pause (G1 Evacuation Pause) (young) 18356M->14984M(20480M), 0.0985232 secs]
350463.603: [GC pause (G1 Evacuation Pause) (young) 18352M->14988M(20480M), 0.1099879 secs]
350656.312: [GC pause (G1 Evacuation Pause) (young) (initial-mark) 18356M->14984M(20480M), 0.0942437 secs]
350656.407: [GC concurrent-root-region-scan-start]
350656.450: [GC concurrent-root-region-scan-end, 0.0434180 secs]
350656.450: [GC concurrent-mark-start]
350697.943: [GC concurrent-mark-end, 41.4931897 secs]
350697.946: [GC remark, 0.1537599 secs]
350698.102: [GC cleanup 15864M->15864M(20480M), 0.0438740 secs]
350843.759: [GC pause (G1 Evacuation Pause) (young) 18352M->14980M(20480M), 0.0828198 secs]
351032.612: [GC pause (G1 Evacuation Pause) (young) 18364M->15000M(20480M), 0.1043876 secs]
351219.021: [GC pause (G1 Evacuation Pause) (young) (initial-mark) 18336M->14984M(20480M), 0.0923223 secs]
351219.114: [GC concurrent-root-region-scan-start]
351219.208: [GC concurrent-root-region-scan-end, 0.0946663 secs]
351219.208: [GC concurrent-mark-start]
351261.366: [GC concurrent-mark-end, 42.1579660 secs]
351261.368: [GC remark, 0.1535574 secs]
351261.523: [GC cleanup 15744M->15744M(20480M), 0.0481219 secs]
351406.783: [GC pause (G1 Evacuation Pause) (young) 18352M->14980M(20480M), 0.0877859 secs]
351604.157: [GC pause (G1 Evacuation Pause) (young) 18364M->14992M(20480M), 0.0963041 secs]
351781.112: [GC pause (G1 Evacuation Pause) (young) (initial-mark) 18344M->14980M(20480M), 0.0882837 secs]
351781.200: [GC concurrent-root-region-scan-start]
351781.243: [GC concurrent-root-region-scan-end, 0.0430658 secs]
351781.243: [GC concurrent-mark-start]
351823.261: [GC concurrent-mark-end, 42.0174264 secs]
351823.262: [GC remark, 0.1535677 secs]
351823.418: [GC cleanup 15773M->15773M(20480M), 0.0475307 secs]
351968.249: [GC pause (G1 Evacuation Pause) (young) 18364M->14985M(20480M), 0.0808726 secs]
352165.765: [GC pause (G1 Evacuation Pause) (young) 18353M->14985M(20480M), 0.1260132 secs]
352353.235: [GC pause (G1 Evacuation Pause) (young) (initial-mark) 18353M->14989M(20480M), 0.0949199 secs]
352353.330: [GC concurrent-root-region-scan-start]
352353.376: [GC concurrent-root-region-scan-end, 0.0457528 secs]
352353.376: [GC concurrent-mark-start]
352396.981: [GC concurrent-mark-end, 43.6050185 secs]
352396.982: [GC remark, 0.1593343 secs]
352397.144: [GC cleanup 16090M->16090M(20480M), 0.0578901 secs]
352498.807: [GC pause (G1 Evacuation Pause) (young) 18661M->15325M(20480M), 0.0712216 secs]
352498.880: [GC pause (G1 Humongous Allocation) (young) (initial-mark) 15328M->15325M(20480M), 0.0405912 secs]
352498.921: [GC concurrent-root-region-scan-start]
352498.971: [GC concurrent-root-region-scan-end, 0.0499304 secs]
352498.971: [GC concurrent-mark-start]
352543.356: [GC concurrent-mark-end, 44.3841716 secs]
352543.357: [GC remark, 0.1506435 secs]
352543.510: [GC cleanup 18077M->18077M(20480M), 0.0435545 secs]
352614.513: [GC pause (G1 Evacuation Pause) (young) 19277M->15005M(20480M), 0.0701385 secs]
352791.117: [GC pause (G1 Evacuation Pause) (young) 18053M->14997M(20480M), 0.0820374 secs]
352967.384: [GC pause (G1 Evacuation Pause) (young) (initial-mark) 18133M->14989M(20480M), 0.0844273 secs]
352967.468: [GC concurrent-root-region-scan-start]
352967.512: [GC concurrent-root-region-scan-end, 0.0437082 secs]
352967.512: [GC concurrent-mark-start]
353008.828: [GC concurrent-mark-end, 41.3165206 secs]
353008.830: [GC remark, 0.1567440 secs]
353008.995: [GC cleanup 15669M->15669M(20480M), 0.0490681 secs]
353104.025: [GC pause (G1 Humongous Allocation) (young)-- 19943M->19906M(20480M), 3.3107287 secs]
353107.400: [GC pause (G1 Humongous Allocation) (young) (initial-mark)-- 19951M->19991M(20480M), 0.2384184 secs]
353107.638: [GC concurrent-root-region-scan-start]
353107.641: [GC pause (G1 Humongous Allocation) (young)353107.671: [GC concurrent-root-region-scan-end, 0.0322708 secs]
353107.671: [GC concurrent-mark-start]
-- 19996M->19996M(20480M), 0.3621449 secs]
353108.005: [GC pause (G1 Evacuation Pause) (young) 19996M->19996M(20480M), 0.0252616 secs]
353108.032: [GC pause (G1 Evacuation Pause) (young) 19996M->19996M(20480M), 0.0122655 secs]
353108.045: [Full GC (Allocation Failure)  19996M->16814M(20480M), 48.1645710 secs]
353156.217: [GC concurrent-mark-abort]
353156.385: [GC pause (G1 Humongous Allocation) (young) (initial-mark) 16914M->16860M(20480M), 0.0977928 secs]
353156.484: [GC concurrent-root-region-scan-start]
353156.499: [GC concurrent-root-region-scan-end, 0.0150002 secs]
353156.499: [GC concurrent-mark-start]
353166.724: [GC pause (G1 Humongous Allocation) (young)-- 19479M->19511M(20480M), 4.3520118 secs]
353171.081: [Full GC (Allocation Failure)  19511M->17316M(20480M), 42.6451710 secs]
353213.727: [GC concurrent-mark-abort]
353265.958: [GC pause (G1 Evacuation Pause) (young) 18372M->17379M(20480M), 0.0469404 secs]
353328.022: [GC pause (G1 Evacuation Pause) (young) (initial-mark) 18371M->17380M(20480M), 0.0410487 secs]
353328.064: [GC concurrent-root-region-scan-start]
353328.082: [GC concurrent-root-region-scan-end, 0.0185165 secs]
353328.082: [GC concurrent-mark-start]
353367.756: [GC concurrent-mark-end, 39.6737784 secs]
353367.758: [GC remark, 0.1456443 secs]
353367.905: [GC cleanup 18096M->16016M(20480M), 0.0433430 secs]
353367.949: [GC concurrent-cleanup-start]
353367.950: [GC concurrent-cleanup-end, 0.0012815 secs]
353380.233: [GC pause (G1 Evacuation Pause) (young) 16292M->15264M(20480M), 0.0396914 secs]
353463.184: [GC pause (G1 Evacuation Pause) (young) 16872M->15288M(20480M), 0.0568315 secs]
353577.580: [GC pause (G1 Evacuation Pause) (young) (initial-mark) 17208M->15288M(20480M), 0.0649805 secs]
353577.645: [GC concurrent-root-region-scan-start]
353577.684: [GC concurrent-root-region-scan-end, 0.0388553 secs]
353577.684: [GC concurrent-mark-start]
353616.970: [GC concurrent-mark-end, 39.2861942 secs]
353616.972: [GC remark, 0.1635923 secs]
353617.138: [GC cleanup 15993M->15993M(20480M), 0.0454262 secs]
353702.375: [GC pause (G1 Evacuation Pause) (young) 17664M->15316M(20480M), 0.0765023 secs]
353847.887: [GC pause (G1 Evacuation Pause) (young) 17956M->15292M(20480M), 0.0760216 secs]
354004.187: [GC pause (G1 Evacuation Pause) (young) (initial-mark) 18020M->15300M(20480M), 0.0935205 secs]
354004.281: [GC concurrent-root-region-scan-start]
354004.329: [GC concurrent-root-region-scan-end, 0.0482745 secs]
354004.329: [GC concurrent-mark-start]
354048.804: [GC concurrent-mark-end, 44.4747635 secs]
354048.805: [GC remark, 0.1570572 secs]
354048.964: [GC cleanup 16331M->16331M(20480M), 0.0467533 secs]
354150.266: [GC pause (G1 Evacuation Pause) (young) 18076M->15296M(20480M), 0.0808252 secs]
354306.523: [GC pause (G1 Evacuation Pause) (young) 18120M->15292M(20480M), 0.0976183 secs]
354483.386: [GC pause (G1 Evacuation Pause) (young) (initial-mark) 18164M->15292M(20480M), 0.0927129 secs]
354483.479: [GC concurrent-root-region-scan-start]
354483.522: [GC concurrent-root-region-scan-end, 0.0435807 secs]
354483.522: [GC concurrent-mark-start]
354524.535: [GC concurrent-mark-end, 41.0130393 secs]
354524.537: [GC remark, 0.1499232 secs]
354524.689: [GC cleanup 16020M->16020M(20480M), 0.0704369 secs]
354640.073: [GC pause (G1 Evacuation Pause) (young) 18196M->15308M(20480M), 0.0996973 secs]
354806.445: [GC pause (G1 Evacuation Pause) (young) 18212M->15288M(20480M), 0.1300096 secs]
354962.597: [GC pause (G1 Evacuation Pause) (young) (initial-mark) 18232M->15296M(20480M), 0.0849060 secs]
354962.682: [GC concurrent-root-region-scan-start]
354962.776: [GC concurrent-root-region-scan-end, 0.0939665 secs]
354962.776: [GC concurrent-mark-start]
355004.241: [GC concurrent-mark-end, 41.4641735 secs]
355004.242: [GC remark, 0.1494549 secs]
355004.393: [GC cleanup 15978M->15978M(20480M), 0.0461420 secs]
355129.715: [GC pause (G1 Evacuation Pause) (young) 18240M->15288M(20480M), 0.0873376 secs]
355295.959: [GC pause (G1 Evacuation Pause) (young) 18256M->15291M(20480M), 0.0870920 secs]
355463.172: [GC pause (G1 Evacuation Pause) (young) (initial-mark) 18267M->15294M(20480M), 0.0922330 secs]
355463.264: [GC concurrent-root-region-scan-start]
355463.304: [GC concurrent-root-region-scan-end, 0.0398184 secs]
355463.304: [GC concurrent-mark-start]
355503.964: [GC concurrent-mark-end, 40.6605102 secs]
355503.966: [GC remark, 0.1522328 secs]
355504.121: [GC cleanup 16027M->15771M(20480M), 0.0457419 secs]
355504.168: [GC concurrent-cleanup-start]
355504.168: [GC concurrent-cleanup-end, 0.0001489 secs]
355629.759: [GC pause (G1 Evacuation Pause) (young) 18014M->15043M(20480M), 0.0829654 secs]
355817.686: [GC pause (G1 Evacuation Pause) (young) 18339M->15059M(20480M), 0.1001515 secs]
355994.320: [GC pause (G1 Evacuation Pause) (young) (initial-mark) 18331M->15063M(20480M), 0.0964405 secs]
355994.417: [GC concurrent-root-region-scan-start]
355994.464: [GC concurrent-root-region-scan-end, 0.0476278 secs]
355994.464: [GC concurrent-mark-start]
356036.645: [GC concurrent-mark-end, 42.1809010 secs]
356036.647: [GC remark, 0.1688453 secs]
356036.818: [GC cleanup 16343M->16343M(20480M), 0.1094402 secs]
356140.548: [GC pause (G1 Evacuation Pause) (young) 18335M->15040M(20480M), 0.0802379 secs]
356338.385: [GC pause (G1 Evacuation Pause) (young) 18344M->15044M(20480M), 0.0913517 secs]
356515.517: [GC pause (G1 Evacuation Pause) (young) (initial-mark) 18348M->15040M(20480M), 0.1591962 secs]
356515.677: [GC concurrent-root-region-scan-start]
356515.731: [GC concurrent-root-region-scan-end, 0.0541978 secs]
356515.731: [GC concurrent-mark-start]
356557.008: [GC concurrent-mark-end, 41.2766646 secs]
356557.009: [GC remark, 0.1589636 secs]
356557.170: [GC cleanup 15699M->15699M(20480M), 0.0488022 secs]
356694.925: [GC pause (G1 Evacuation Pause) (young) 18352M->15036M(20480M), 0.0986975 secs]
356890.760: [GC pause (G1 Evacuation Pause) (young) 18356M->15048M(20480M), 0.0891140 secs]
357068.251: [GC pause (G1 Evacuation Pause) (young) (initial-mark) 18352M->15036M(20480M), 0.0877884 secs]
357068.339: [GC concurrent-root-region-scan-start]
357068.428: [GC concurrent-root-region-scan-end, 0.0885189 secs]
357068.428: [GC concurrent-mark-start]
357109.429: [GC concurrent-mark-end, 41.0013825 secs]
357109.431: [GC remark, 0.1476637 secs]
357109.580: [GC cleanup 15601M->15601M(20480M), 0.0459764 secs]
357266.030: [GC pause (G1 Evacuation Pause) (young) 18356M->15052M(20480M), 0.0891835 secs]
357443.158: [GC pause (G1 Evacuation Pause) (young) 18340M->15036M(20480M), 0.0839669 secs]
357631.140: [GC pause (G1 Evacuation Pause) (young) (initial-mark) 18356M->15064M(20480M), 0.1069127 secs]
357631.247: [GC concurrent-root-region-scan-start]
357631.308: [GC concurrent-root-region-scan-end, 0.0612394 secs]
357631.308: [GC concurrent-mark-start]
357673.856: [GC concurrent-mark-end, 42.5486060 secs]
357673.858: [GC remark, 0.1502620 secs]
357674.010: [GC cleanup 15993M->15993M(20480M), 0.0461317 secs]
357818.590: [GC pause (G1 Evacuation Pause) (young) 18336M->15044M(20480M), 0.0835758 secs]
358005.886: [GC pause (G1 Evacuation Pause) (young) 18348M->15044M(20480M), 0.1107190 secs]
358193.521: [GC pause (G1 Evacuation Pause) (young) (initial-mark) 18348M->15048M(20480M), 0.0891404 secs]
358193.610: [GC concurrent-root-region-scan-start]
358193.654: [GC concurrent-root-region-scan-end, 0.0438223 secs]
358193.654: [GC concurrent-mark-start]
358238.179: [GC concurrent-mark-end, 44.5250940 secs]
358238.182: [GC remark, 0.3268297 secs]
358238.510: [GC cleanup 15944M->15944M(20480M), 0.1140878 secs]
358371.012: [GC pause (G1 Evacuation Pause) (young) 18352M->15036M(20480M), 0.0829415 secs]
358548.093: [GC pause (G1 Evacuation Pause) (young) 18356M->15040M(20480M), 0.1071179 secs]
358745.359: [GC pause (G1 Evacuation Pause) (young) (initial-mark) 18360M->15044M(20480M), 0.1230742 secs]
358745.482: [GC concurrent-root-region-scan-start]
358745.554: [GC concurrent-root-region-scan-end, 0.0717275 secs]
358745.554: [GC concurrent-mark-start]
358787.049: [GC concurrent-mark-end, 41.4958799 secs]
358787.052: [GC remark, 0.1572682 secs]
358787.211: [GC cleanup 15744M->15744M(20480M), 0.0484803 secs]
358922.377: [GC pause (G1 Evacuation Pause) (young) 18348M->15040M(20480M), 0.0822903 secs]
359109.300: [GC pause (G1 Evacuation Pause) (young) 18360M->15044M(20480M), 0.0872981 secs]
359296.866: [GC pause (G1 Evacuation Pause) (young) (initial-mark) 18348M->15048M(20480M), 0.0934259 secs]
359296.959: [GC concurrent-root-region-scan-start]
359297.010: [GC concurrent-root-region-scan-end, 0.0507991 secs]
359297.010: [GC concurrent-mark-start]
359337.746: [GC concurrent-mark-end, 40.7358853 secs]
359337.748: [GC remark, 0.1522052 secs]
359337.902: [GC cleanup 15580M->15580M(20480M), 0.0454239 secs]
359483.660: [GC pause (G1 Evacuation Pause) (young) 18352M->15040M(20480M), 0.0841635 secs]
359639.613: [GC pause (G1 Evacuation Pause) (young) 18360M->15132M(20480M), 0.1120919 secs]
359697.112: [GC pause (G1 Humongous Allocation) (young) (initial-mark) 16341M->15052M(20480M), 0.0547793 secs]
359697.167: [GC concurrent-root-region-scan-start]
359697.205: [GC concurrent-root-region-scan-end, 0.0378234 secs]
359697.205: [GC concurrent-mark-start]
359739.086: [GC concurrent-mark-end, 41.8812513 secs]
359739.088: [GC remark, 0.1452709 secs]
359739.235: [GC cleanup 18005M->18005M(20480M), 0.0455739 secs]
359827.004: [GC pause (G1 Evacuation Pause) (young)-- 19500M->17596M(20480M), 0.8429637 secs]
359890.209: [GC pause (G1 Evacuation Pause) (young) 18620M->17619M(20480M), 0.0467394 secs]
359952.502: [GC pause (G1 Evacuation Pause) (young) (initial-mark) 18619M->17614M(20480M), 0.0490342 secs]
359952.551: [GC concurrent-root-region-scan-start]
359952.566: [GC concurrent-root-region-scan-end, 0.0150740 secs]
359952.566: [GC concurrent-mark-start]
359992.782: [GC concurrent-mark-end, 40.2154996 secs]
359992.783: [GC remark, 0.1877902 secs]
359992.973: [GC cleanup 18297M->17905M(20480M), 0.0439252 secs]
359993.018: [GC concurrent-cleanup-start]
359993.018: [GC concurrent-cleanup-end, 0.0002308 secs]
360004.609: [GC pause (G1 Evacuation Pause) (young) 18222M->17235M(20480M), 0.0471414 secs]
360046.210: [GC pause (G1 Evacuation Pause) (mixed) 18227M->15860M(20480M), 0.0412681 secs]
360191.693: [GC pause (G1 Evacuation Pause) (young) 18364M->15856M(20480M), 0.0707851 secs]
360297.099: [GC pause (G1 Humongous Allocation) (young) (initial-mark) 17837M->15860M(20480M), 0.0651825 secs]
360297.164: [GC concurrent-root-region-scan-start]
360297.211: [GC concurrent-root-region-scan-end, 0.0471959 secs]
360297.211: [GC concurrent-mark-start]
360306.480: [GC pause (G1 Humongous Allocation) (young)-- 19544M->19732M(20480M), 4.7744912 secs]
360311.268: [Full GC (Allocation Failure)  19733M->17735M(20480M), 43.1953957 secs]
360354.464: [GC concurrent-mark-abort]
360354.635: [GC pause (G1 Humongous Allocation) (young) (initial-mark) 17853M->17799M(20480M), 0.0331504 secs]
360354.668: [GC concurrent-root-region-scan-start]
360354.699: [GC concurrent-root-region-scan-end, 0.0307378 secs]
360354.699: [GC concurrent-mark-start]
360369.910: [GC pause (G1 Evacuation Pause) (young)-- 19487M->19487M(20480M), 2.6231813 secs]
360372.535: [Full GC (Allocation Failure)  19487M->16729M(20480M), 42.5260579 secs]
360415.073: [GC concurrent-mark-abort]
360467.391: [GC pause (G1 Evacuation Pause) (young) 17753M->16751M(20480M), 0.0402634 secs]
360529.552: [GC pause (G1 Evacuation Pause) (young) (initial-mark) 17751M->16756M(20480M), 0.0425211 secs]
360529.594: [GC concurrent-root-region-scan-start]
360529.609: [GC concurrent-root-region-scan-end, 0.0143978 secs]
360529.609: [GC concurrent-mark-start]
360569.054: [GC concurrent-mark-end, 39.4451236 secs]
360569.056: [GC remark, 0.1487027 secs]
360569.207: [GC cleanup 17425M->15825M(20480M), 0.0422252 secs]
360569.249: [GC concurrent-cleanup-start]
360569.250: [GC concurrent-cleanup-end, 0.0009763 secs]
360581.799: [GC pause (G1 Evacuation Pause) (young) 16148M->15152M(20480M), 0.0368124 secs]
360727.113: [GC pause (G1 Evacuation Pause) (young) 17832M->15183M(20480M), 0.0930504 secs]
360883.177: [GC pause (G1 Evacuation Pause) (young) (initial-mark) 17935M->15185M(20480M), 0.0808939 secs]
360883.259: [GC concurrent-root-region-scan-start]
360883.345: [GC concurrent-root-region-scan-end, 0.0865407 secs]
360883.345: [GC concurrent-mark-start]
360924.928: [GC concurrent-mark-end, 41.5827868 secs]
360924.930: [GC remark, 0.2119470 secs]
360925.143: [GC cleanup 16221M->16221M(20480M), 0.1379811 secs]
361029.632: [GC pause (G1 Evacuation Pause) (young) 18017M->15177M(20480M), 0.1191567 secs]
361205.546: [GC pause (G1 Evacuation Pause) (young) 18073M->15193M(20480M), 0.1465860 secs]
361361.477: [GC pause (G1 Evacuation Pause) (young) (initial-mark) 18129M->15185M(20480M), 0.0777083 secs]
361361.554: [GC concurrent-root-region-scan-start]
361361.604: [GC concurrent-root-region-scan-end, 0.0494263 secs]
361361.604: [GC concurrent-mark-start]
361401.273: [GC concurrent-mark-end, 39.6693361 secs]
361401.275: [GC remark, 0.1444699 secs]
361401.422: [GC cleanup 15864M->15864M(20480M), 0.0435408 secs]
361527.601: [GC pause (G1 Evacuation Pause) (young) 18169M->15173M(20480M), 0.0755442 secs]
361704.475: [GC pause (G1 Evacuation Pause) (young) 18197M->15181M(20480M), 0.0864930 secs]
361860.660: [GC pause (G1 Evacuation Pause) (young) (initial-mark) 18229M->15177M(20480M), 0.1008115 secs]
361860.761: [GC concurrent-root-region-scan-start]
361860.850: [GC concurrent-root-region-scan-end, 0.0887403 secs]
361860.850: [GC concurrent-mark-start]
361900.593: [GC concurrent-mark-end, 39.7433587 secs]
361900.595: [GC remark, 0.1485302 secs]
361900.745: [GC cleanup 15735M->15735M(20480M), 0.0455151 secs]
362047.701: [GC pause (G1 Evacuation Pause) (young) 18249M->15185M(20480M), 0.0853963 secs]
362213.823: [GC pause (G1 Evacuation Pause) (young) 18265M->15177M(20480M), 0.0776719 secs]
362390.898: [GC pause (G1 Evacuation Pause) (young) (initial-mark) 18273M->15177M(20480M), 0.0864697 secs]
362390.985: [GC concurrent-root-region-scan-start]
362391.029: [GC concurrent-root-region-scan-end, 0.0440928 secs]
362391.029: [GC concurrent-mark-start]
362430.940: [GC concurrent-mark-end, 39.9118016 secs]
362430.942: [GC remark, 0.1592885 secs]
362431.104: [GC cleanup 15861M->15861M(20480M), 0.0475857 secs]
362557.226: [GC pause (G1 Evacuation Pause) (young) 18289M->15189M(20480M), 0.0800391 secs]
362723.719: [GC pause (G1 Evacuation Pause) (young) 18293M->15183M(20480M), 0.0779338 secs]
362910.697: [GC pause (G1 Evacuation Pause) (young) (initial-mark) 18295M->15179M(20480M), 0.0879155 secs]
362910.785: [GC concurrent-root-region-scan-start]
362910.824: [GC concurrent-root-region-scan-end, 0.0391103 secs]
362910.824: [GC concurrent-mark-start]
362950.524: [GC concurrent-mark-end, 39.7004518 secs]
362950.526: [GC remark, 0.1431262 secs]
362950.671: [GC cleanup 15767M->15575M(20480M), 0.0440311 secs]
362950.715: [GC concurrent-cleanup-start]
362950.715: [GC concurrent-cleanup-end, 0.0001442 secs]
363076.998: [GC pause (G1 Evacuation Pause) (young) 18115M->14987M(20480M), 0.0792482 secs]
363243.046: [GC pause (G1 Evacuation Pause) (young) 18355M->15071M(20480M), 0.0826831 secs]
363409.702: [GC pause (G1 Evacuation Pause) (young) (initial-mark) 18271M->14983M(20480M), 0.0834608 secs]
363409.786: [GC concurrent-root-region-scan-start]
363409.826: [GC concurrent-root-region-scan-end, 0.0398889 secs]
363409.826: [GC concurrent-mark-start]
363449.222: [GC concurrent-mark-end, 39.3966208 secs]
363449.224: [GC remark, 0.1455221 secs]
363449.371: [GC cleanup 15553M->15553M(20480M), 0.0423694 secs]
363607.195: [GC pause (G1 Evacuation Pause) (young) 18335M->15003M(20480M), 0.0897791 secs]
363784.029: [GC pause (G1 Evacuation Pause) (young) 18347M->14984M(20480M), 0.0817951 secs]
363971.139: [GC pause (G1 Evacuation Pause) (young) (initial-mark) 18352M->14996M(20480M), 0.0845438 secs]
363971.224: [GC concurrent-root-region-scan-start]
363971.264: [GC concurrent-root-region-scan-end, 0.0394220 secs]
363971.264: [GC concurrent-mark-start]
364010.965: [GC concurrent-mark-end, 39.7015257 secs]
364010.968: [GC remark, 0.1442363 secs]
364011.114: [GC cleanup 15557M->15557M(20480M), 0.0425922 secs]
364168.645: [GC pause (G1 Evacuation Pause) (young) 18356M->14992M(20480M), 0.0984446 secs]
364355.617: [GC pause (G1 Evacuation Pause) (young) 18352M->14992M(20480M), 0.1115101 secs]
364532.580: [GC pause (G1 Evacuation Pause) (young) (initial-mark) 18352M->14992M(20480M), 0.0835907 secs]
364532.663: [GC concurrent-root-region-scan-start]
364532.701: [GC concurrent-root-region-scan-end, 0.0381577 secs]
364532.701: [GC concurrent-mark-start]
364571.779: [GC concurrent-mark-end, 39.0778943 secs]
364571.781: [GC remark, 0.1456923 secs]
364571.929: [GC cleanup 15580M->15580M(20480M), 0.0433605 secs]
364730.193: [GC pause (G1 Evacuation Pause) (young) 18352M->14996M(20480M), 0.0912124 secs]
364916.928: [GC pause (G1 Evacuation Pause) (young) 18356M->14988M(20480M), 0.0853145 secs]
365104.121: [GC pause (G1 Evacuation Pause) (young) (initial-mark) 18364M->14996M(20480M), 0.0997565 secs]
365104.221: [GC concurrent-root-region-scan-start]
365104.278: [GC concurrent-root-region-scan-end, 0.0568742 secs]
365104.278: [GC concurrent-mark-start]
365144.325: [GC concurrent-mark-end, 40.0476193 secs]
365144.327: [GC remark, 0.1447682 secs]
365144.474: [GC cleanup 15700M->15700M(20480M), 0.0434281 secs]
365301.721: [GC pause (G1 Evacuation Pause) (young) 18356M->14992M(20480M), 0.0861546 secs]
365478.515: [GC pause (G1 Evacuation Pause) (young) 18352M->14988M(20480M), 0.0872205 secs]
365676.192: [GC pause (G1 Evacuation Pause) (young) (initial-mark) 18364M->14992M(20480M), 0.1114771 secs]
365676.304: [GC concurrent-root-region-scan-start]
365676.380: [GC concurrent-root-region-scan-end, 0.0756887 secs]
365676.380: [GC concurrent-mark-start]
365718.770: [GC concurrent-mark-end, 42.3905452 secs]
365718.772: [GC remark, 0.1600377 secs]
365718.934: [GC cleanup 15998M->15998M(20480M), 0.0492097 secs]
365853.390: [GC pause (G1 Evacuation Pause) (young) 18352M->14988M(20480M), 0.0860627 secs]
366040.988: [GC pause (G1 Evacuation Pause) (young) 18364M->14992M(20480M), 0.1025159 secs]
366238.375: [GC pause (G1 Evacuation Pause) (young) (initial-mark) 18352M->14996M(20480M), 0.1063998 secs]
366238.481: [GC concurrent-root-region-scan-start]
366238.538: [GC concurrent-root-region-scan-end, 0.0566850 secs]
366238.538: [GC concurrent-mark-start]
366279.430: [GC concurrent-mark-end, 40.8926939 secs]
366279.432: [GC remark, 0.1645393 secs]
366279.599: [GC cleanup 15646M->15646M(20480M), 0.0467897 secs]
366426.000: [GC pause (G1 Evacuation Pause) (young) 18356M->15000M(20480M), 0.0841990 secs]
366620.168: [GC pause (G1 Evacuation Pause) (young) 18344M->15000M(20480M), 0.0977046 secs]
366790.400: [GC pause (G1 Evacuation Pause) (young) (initial-mark) 18344M->15012M(20480M), 0.0849308 secs]
366790.485: [GC concurrent-root-region-scan-start]
366790.556: [GC concurrent-root-region-scan-end, 0.0711585 secs]
366790.556: [GC concurrent-mark-start]
366832.133: [GC concurrent-mark-end, 41.5764271 secs]
366832.135: [GC remark, 0.1512193 secs]
366832.290: [GC cleanup 16101M->16101M(20480M), 0.0463922 secs]
366908.015: [GC pause (G1 Humongous Allocation) (young)-- 19592M->19381M(20480M), 1.0541542 secs]
366909.114: [GC pause (G1 Humongous Allocation) (young) (initial-mark) 19404M->19402M(20480M), 0.0545728 secs]
366909.169: [GC concurrent-root-region-scan-start]
366909.180: [GC concurrent-root-region-scan-end, 0.0115823 secs]
366909.180: [GC concurrent-mark-start]
366909.380: [GC pause (G1 Humongous Allocation) (young) 19459M->19457M(20480M), 0.0302208 secs]
366909.532: [GC pause (G1 Humongous Allocation) (young) 19480M->19474M(20480M), 0.0345218 secs]
366909.569: [Full GC (Allocation Failure)  19474M->16702M(20480M), 44.7475702 secs]
366954.317: [GC concurrent-mark-abort]
366955.427: [GC pause (G1 Humongous Allocation) (young) (initial-mark) 16931M->16754M(20480M), 0.0806229 secs]
366955.508: [GC concurrent-root-region-scan-start]
366955.517: [GC concurrent-root-region-scan-end, 0.0091416 secs]
366955.517: [GC concurrent-mark-start]
366996.546: [GC concurrent-mark-end, 41.0285418 secs]
366996.548: [GC remark, 0.1573427 secs]
366996.707: [GC cleanup 17646M->17646M(20480M), 0.0448002 secs]
367016.906: [GC pause (G1 Evacuation Pause) (young) 17866M->16882M(20480M), 0.0511891 secs]
367069.289: [GC pause (G1 Evacuation Pause) (young) 17866M->16786M(20480M), 0.0426712 secs]
367131.498: [GC pause (G1 Evacuation Pause) (young) (initial-mark) 17770M->16762M(20480M), 0.0419168 secs]
367131.540: [GC concurrent-root-region-scan-start]
367131.560: [GC concurrent-root-region-scan-end, 0.0202437 secs]
367131.560: [GC concurrent-mark-start]
367171.838: [GC concurrent-mark-end, 40.2776527 secs]
367171.840: [GC remark, 0.1669780 secs]
367172.009: [GC cleanup 17426M->15994M(20480M), 0.0442947 secs]
367172.054: [GC concurrent-cleanup-start]
367172.055: [GC concurrent-cleanup-end, 0.0009263 secs]
367183.732: [GC pause (G1 Evacuation Pause) (young) 16322M->15334M(20480M), 0.0400942 secs]
367325.607: [GC pause (G1 Evacuation Pause) (young) 17934M->15358M(20480M), 0.0926641 secs]
367475.659: [GC pause (G1 Evacuation Pause) (young) (initial-mark) 17990M->15354M(20480M), 0.1133473 secs]
367475.773: [GC concurrent-root-region-scan-start]
367475.814: [GC concurrent-root-region-scan-end, 0.0419177 secs]
367475.815: [GC concurrent-mark-start]
367506.103: [GC pause (G1 Humongous Allocation) (young)-- 19198M->19078M(20480M), 2.2883832 secs]
367509.606: [GC pause (G1 Humongous Allocation) (young)-- 19531M->19595M(20480M), 1.8242327 secs]
367511.433: [Full GC (Allocation Failure)  19595M->17768M(20480M), 43.5292455 secs]
367554.963: [GC concurrent-mark-abort]
367555.038: [GC pause (G1 Humongous Allocation) (young) (initial-mark) 17807M->17816M(20480M), 0.0884925 secs]
367555.132: [GC concurrent-root-region-scan-start]
367555.139: [GC concurrent-root-region-scan-end, 0.0071648 secs]
367555.139: [GC concurrent-mark-start]
367560.534: [GC pause (G1 Humongous Allocation) (young) 19204M->18997M(20480M), 0.1170862 secs]
367586.639: [GC pause (G1 Evacuation Pause) (young)-- 19501M->19504M(20480M), 1.0083207 secs]
367587.650: [GC pause (G1 Evacuation Pause) (young) 19504M->19504M(20480M), 0.0580972 secs]
367587.710: [Full GC (Allocation Failure)  19504M->16522M(20480M), 43.8419361 secs]
367631.553: [GC concurrent-mark-abort]
367683.766: [GC pause (G1 Evacuation Pause) (young) 17546M->16543M(20480M), 0.0423151 secs]
367746.137: [GC pause (G1 Evacuation Pause) (young) (initial-mark) 17543M->16538M(20480M), 0.0424492 secs]
367746.180: [GC concurrent-root-region-scan-start]
367746.195: [GC concurrent-root-region-scan-end, 0.0155888 secs]
367746.195: [GC concurrent-mark-start]
367786.749: [GC concurrent-mark-end, 40.5536537 secs]
367786.751: [GC remark, 0.1515335 secs]
367786.904: [GC cleanup 17180M->15612M(20480M), 0.0440603 secs]
367786.949: [GC concurrent-cleanup-start]
367786.950: [GC concurrent-cleanup-end, 0.0009126 secs]
367808.935: [GC pause (G1 Evacuation Pause) (young) 16154M->14978M(20480M), 0.0426998 secs]
367912.874: [GC pause (G1 Evacuation Pause) (young) 16970M->14994M(20480M), 0.0586828 secs]
368058.741: [GC pause (G1 Evacuation Pause) (young) (initial-mark) 17546M->15002M(20480M), 0.0821973 secs]
368058.823: [GC concurrent-root-region-scan-start]
368058.867: [GC concurrent-root-region-scan-end, 0.0438859 secs]
368058.867: [GC concurrent-mark-start]
368099.279: [GC concurrent-mark-end, 40.4120716 secs]
368099.281: [GC remark, 0.1898976 secs]
368099.473: [GC cleanup 15752M->15752M(20480M), 0.0702022 secs]
368224.998: [GC pause (G1 Evacuation Pause) (young) 18010M->15002M(20480M), 0.1146152 secs]
368401.960: [GC pause (G1 Evacuation Pause) (young) 18106M->15018M(20480M), 0.0845452 secs]
368568.546: [GC pause (G1 Evacuation Pause) (young) (initial-mark) 18154M->15006M(20480M), 0.0803918 secs]
368568.627: [GC concurrent-root-region-scan-start]
368568.665: [GC concurrent-root-region-scan-end, 0.0379816 secs]
368568.665: [GC concurrent-mark-start]
368609.425: [GC concurrent-mark-end, 40.7607393 secs]
368609.427: [GC remark, 0.1504311 secs]
368609.579: [GC cleanup 15596M->15596M(20480M), 0.0445784 secs]
368745.278: [GC pause (G1 Evacuation Pause) (young) 18198M->15002M(20480M), 0.0963877 secs]
368932.571: [GC pause (G1 Evacuation Pause) (young) 18234M->15002M(20480M), 0.0907336 secs]
369119.426: [GC pause (G1 Evacuation Pause) (young) (initial-mark) 18266M->14998M(20480M), 0.1218702 secs]
369119.548: [GC concurrent-root-region-scan-start]
369119.620: [GC concurrent-root-region-scan-end, 0.0716181 secs]
369119.620: [GC concurrent-mark-start]
369161.498: [GC concurrent-mark-end, 41.8783801 secs]
369161.500: [GC remark, 0.1467607 secs]
369161.648: [GC cleanup 15790M->15790M(20480M), 0.0428901 secs]
369296.871: [GC pause (G1 Evacuation Pause) (young) 18278M->15006M(20480M), 0.0992800 secs]
369484.605: [GC pause (G1 Evacuation Pause) (young) 18302M->15006M(20480M), 0.0957818 secs]
369661.555: [GC pause (G1 Evacuation Pause) (young) (initial-mark) 18310M->15006M(20480M), 0.0949970 secs]
369661.650: [GC concurrent-root-region-scan-start]
369661.693: [GC concurrent-root-region-scan-end, 0.0435553 secs]
369661.693: [GC concurrent-mark-start]
369705.041: [GC concurrent-mark-end, 43.3472378 secs]
369705.043: [GC remark, 0.2234449 secs]
369705.271: [GC cleanup 15814M->15814M(20480M), 0.1294834 secs]
369859.238: [GC pause (G1 Evacuation Pause) (young) 18318M->15010M(20480M), 0.0845572 secs]
370036.210: [GC pause (G1 Evacuation Pause) (young) 18338M->15003M(20480M), 0.1001528 secs]
370267.983: [Full GC (System.gc())  18136M->14784M(20480M), 48.4929534 secs]
370371.433: [Full GC (System.gc())  15227M->14703M(20480M), 45.6882101 secs]
370472.025: [Full GC (System.gc())  15229M->14673M(20480M), 47.0295825 secs]
